OpenJDK 64-Bit Server VM (25.452-b09) for linux-amd64 JRE (1.8.0_452-b09), built on Apr 16 2025 08:32:01 by "builduser" with gcc 14.2.1 20250207
Memory: 4k page, physical 16301152k(732984k free), swap 4194300k(2113140k free)
CommandLine flags: -XX:InitialHeapSize=31457280 -XX:MaxHeapSize=31457280 -XX:+PrintCommandLineFlags -XX:+PrintGC -XX:+PrintGCApplicationStoppedTime -XX:+PrintGCDateStamps -XX:+PrintGCDetails -XX:+PrintGCTimeStamps -XX:+PrintHeapAtGC -XX:+PrintTenuringDistribution -XX:+UseCompressedClassPointers -XX:+UseCompressedOops -XX:+UseParallelGC 
2025-06-20T08:00:35.816+0300: 0.127: Total time for which application threads were stopped: 0.0000880 seconds, Stopping threads took: 0.0000160 seconds
2025-06-20T08:00:35.818+0300: 0.128: Total time for which application threads were stopped: 0.0000580 seconds, Stopping threads took: 0.0000136 seconds
{Heap before GC invocations=1 (full 0):
 PSYoungGen      total 9216K, used 8192K [0x00000000ff600000, 0x0000000100000000, 0x0000000100000000)
  eden space 8192K, 100% used [0x00000000ff600000,0x00000000ffe00000,0x00000000ffe00000)
  from space 1024K, 0% used [0x00000000fff00000,0x00000000fff00000,0x0000000100000000)
  to   space 1024K, 0% used [0x00000000ffe00000,0x00000000ffe00000,0x00000000fff00000)
 ParOldGen       total 20480K, used 0K [0x00000000fe200000, 0x00000000ff600000, 0x00000000ff600000)
  object space 20480K, 0% used [0x00000000fe200000,0x00000000fe200000,0x00000000ff600000)
 Metaspace       used 5248K, capacity 5926K, committed 6016K, reserved 1056768K
  class space    used 567K, capacity 593K, committed 640K, reserved 1048576K
2025-06-20T08:00:35.821+0300: 0.132: [GC (Allocation Failure) 
Desired survivor size 1048576 bytes, new threshold 7 (max 15)
[PSYoungGen: 8192K->1021K(9216K)] 8192K->1441K(29696K), 0.0027460 secs] [Times: user=0.00 sys=0.00, real=0.00 secs] 
Heap after GC invocations=1 (full 0):
 PSYoungGen      total 9216K, used 1021K [0x00000000ff600000, 0x0000000100000000, 0x0000000100000000)
  eden space 8192K, 0% used [0x00000000ff600000,0x00000000ff600000,0x00000000ffe00000)
  from space 1024K, 99% used [0x00000000ffe00000,0x00000000ffeff650,0x00000000fff00000)
  to   space 1024K, 0% used [0x00000000fff00000,0x00000000fff00000,0x0000000100000000)
 ParOldGen       total 20480K, used 419K [0x00000000fe200000, 0x00000000ff600000, 0x00000000ff600000)
  object space 20480K, 2% used [0x00000000fe200000,0x00000000fe268f68,0x00000000ff600000)
 Metaspace       used 5248K, capacity 5926K, committed 6016K, reserved 1056768K
  class space    used 567K, capacity 593K, committed 640K, reserved 1048576K
}
2025-06-20T08:00:35.824+0300: 0.135: Total time for which application threads were stopped: 0.0029049 seconds, Stopping threads took: 0.0000244 seconds
2025-06-20T08:00:35.885+0300: 0.195: Total time for which application threads were stopped: 0.0000919 seconds, Stopping threads took: 0.0000153 seconds
{Heap before GC invocations=2 (full 0):
 PSYoungGen      total 9216K, used 9213K [0x00000000ff600000, 0x0000000100000000, 0x0000000100000000)
  eden space 8192K, 100% used [0x00000000ff600000,0x00000000ffe00000,0x00000000ffe00000)
  from space 1024K, 99% used [0x00000000ffe00000,0x00000000ffeff650,0x00000000fff00000)
  to   space 1024K, 0% used [0x00000000fff00000,0x00000000fff00000,0x0000000100000000)
 ParOldGen       total 20480K, used 419K [0x00000000fe200000, 0x00000000ff600000, 0x00000000ff600000)
  object space 20480K, 2% used [0x00000000fe200000,0x00000000fe268f68,0x00000000ff600000)
 Metaspace       used 7139K, capacity 7472K, committed 7680K, reserved 1056768K
  class space    used 932K, capacity 958K, committed 1024K, reserved 1048576K
2025-06-20T08:00:35.916+0300: 0.227: [GC (Allocation Failure) 
Desired survivor size 1048576 bytes, new threshold 7 (max 15)
[PSYoungGen: 9213K->1008K(9216K)] 9633K->2297K(29696K), 0.0017708 secs] [Times: user=0.01 sys=0.00, real=0.01 secs] 
Heap after GC invocations=2 (full 0):
 PSYoungGen      total 9216K, used 1008K [0x00000000ff600000, 0x0000000100000000, 0x0000000100000000)
  eden space 8192K, 0% used [0x00000000ff600000,0x00000000ff600000,0x00000000ffe00000)
  from space 1024K, 98% used [0x00000000fff00000,0x00000000ffffc010,0x0000000100000000)
  to   space 1024K, 0% used [0x00000000ffe00000,0x00000000ffe00000,0x00000000fff00000)
 ParOldGen       total 20480K, used 1289K [0x00000000fe200000, 0x00000000ff600000, 0x00000000ff600000)
  object space 20480K, 6% used [0x00000000fe200000,0x00000000fe342588,0x00000000ff600000)
 Metaspace       used 7139K, capacity 7472K, committed 7680K, reserved 1056768K
  class space    used 932K, capacity 958K, committed 1024K, reserved 1048576K
}
2025-06-20T08:00:35.918+0300: 0.229: Total time for which application threads were stopped: 0.0018878 seconds, Stopping threads took: 0.0000158 seconds
{Heap before GC invocations=3 (full 0):
 PSYoungGen      total 9216K, used 9200K [0x00000000ff600000, 0x0000000100000000, 0x0000000100000000)
  eden space 8192K, 100% used [0x00000000ff600000,0x00000000ffe00000,0x00000000ffe00000)
  from space 1024K, 98% used [0x00000000fff00000,0x00000000ffffc010,0x0000000100000000)
  to   space 1024K, 0% used [0x00000000ffe00000,0x00000000ffe00000,0x00000000fff00000)
 ParOldGen       total 20480K, used 1289K [0x00000000fe200000, 0x00000000ff600000, 0x00000000ff600000)
  object space 20480K, 6% used [0x00000000fe200000,0x00000000fe342588,0x00000000ff600000)
 Metaspace       used 7526K, capacity 7848K, committed 8064K, reserved 1056768K
  class space    used 984K, capacity 1034K, committed 1152K, reserved 1048576K
2025-06-20T08:00:35.983+0300: 0.293: [GC (Allocation Failure) 
Desired survivor size 1048576 bytes, new threshold 7 (max 15)
[PSYoungGen: 9200K->1008K(9216K)] 10489K->2423K(29696K), 0.0033961 secs] [Times: user=0.01 sys=0.00, real=0.00 secs] 
Heap after GC invocations=3 (full 0):
 PSYoungGen      total 9216K, used 1008K [0x00000000ff600000, 0x0000000100000000, 0x0000000100000000)
  eden space 8192K, 0% used [0x00000000ff600000,0x00000000ff600000,0x00000000ffe00000)
  from space 1024K, 98% used [0x00000000ffe00000,0x00000000ffefc010,0x00000000fff00000)
  to   space 1024K, 0% used [0x00000000fff00000,0x00000000fff00000,0x0000000100000000)
 ParOldGen       total 20480K, used 1415K [0x00000000fe200000, 0x00000000ff600000, 0x00000000ff600000)
  object space 20480K, 6% used [0x00000000fe200000,0x00000000fe361e38,0x00000000ff600000)
 Metaspace       used 7526K, capacity 7848K, committed 8064K, reserved 1056768K
  class space    used 984K, capacity 1034K, committed 1152K, reserved 1048576K
}
2025-06-20T08:00:35.986+0300: 0.297: Total time for which application threads were stopped: 0.0035184 seconds, Stopping threads took: 0.0000154 seconds
{Heap before GC invocations=4 (full 0):
 PSYoungGen      total 9216K, used 9200K [0x00000000ff600000, 0x0000000100000000, 0x0000000100000000)
  eden space 8192K, 100% used [0x00000000ff600000,0x00000000ffe00000,0x00000000ffe00000)
  from space 1024K, 98% used [0x00000000ffe00000,0x00000000ffefc010,0x00000000fff00000)
  to   space 1024K, 0% used [0x00000000fff00000,0x00000000fff00000,0x0000000100000000)
 ParOldGen       total 20480K, used 1415K [0x00000000fe200000, 0x00000000ff600000, 0x00000000ff600000)
  object space 20480K, 6% used [0x00000000fe200000,0x00000000fe361e38,0x00000000ff600000)
 Metaspace       used 7807K, capacity 8190K, committed 8320K, reserved 1056768K
  class space    used 1022K, capacity 1084K, committed 1152K, reserved 1048576K
2025-06-20T08:00:36.043+0300: 0.354: [GC (Allocation Failure) 
Desired survivor size 1048576 bytes, new threshold 7 (max 15)
[PSYoungGen: 9200K->1008K(9216K)] 10615K->2495K(29696K), 0.0039224 secs] [Times: user=0.00 sys=0.00, real=0.01 secs] 
Heap after GC invocations=4 (full 0):
 PSYoungGen      total 9216K, used 1008K [0x00000000ff600000, 0x0000000100000000, 0x0000000100000000)
  eden space 8192K, 0% used [0x00000000ff600000,0x00000000ff600000,0x00000000ffe00000)
  from space 1024K, 98% used [0x00000000fff00000,0x00000000ffffc010,0x0000000100000000)
  to   space 1024K, 0% used [0x00000000ffe00000,0x00000000ffe00000,0x00000000fff00000)
 ParOldGen       total 20480K, used 1487K [0x00000000fe200000, 0x00000000ff600000, 0x00000000ff600000)
  object space 20480K, 7% used [0x00000000fe200000,0x00000000fe373e38,0x00000000ff600000)
 Metaspace       used 7807K, capacity 8190K, committed 8320K, reserved 1056768K
  class space    used 1022K, capacity 1084K, committed 1152K, reserved 1048576K
}
2025-06-20T08:00:36.047+0300: 0.358: Total time for which application threads were stopped: 0.0040525 seconds, Stopping threads took: 0.0000199 seconds
{Heap before GC invocations=5 (full 0):
 PSYoungGen      total 9216K, used 9200K [0x00000000ff600000, 0x0000000100000000, 0x0000000100000000)
  eden space 8192K, 100% used [0x00000000ff600000,0x00000000ffe00000,0x00000000ffe00000)
  from space 1024K, 98% used [0x00000000fff00000,0x00000000ffffc010,0x0000000100000000)
  to   space 1024K, 0% used [0x00000000ffe00000,0x00000000ffe00000,0x00000000fff00000)
 ParOldGen       total 20480K, used 1487K [0x00000000fe200000, 0x00000000ff600000, 0x00000000ff600000)
  object space 20480K, 7% used [0x00000000fe200000,0x00000000fe373e38,0x00000000ff600000)
 Metaspace       used 7960K, capacity 8404K, committed 8576K, reserved 1056768K
  class space    used 1060K, capacity 1134K, committed 1152K, reserved 1048576K
2025-06-20T08:00:36.092+0300: 0.403: [GC (Allocation Failure) 
Desired survivor size 2097152 bytes, new threshold 6 (max 15)
[PSYoungGen: 9200K->976K(9216K)] 10687K->2463K(29696K), 0.0047320 secs] [Times: user=0.01 sys=0.00, real=0.00 secs] 
Heap after GC invocations=5 (full 0):
 PSYoungGen      total 9216K, used 976K [0x00000000ff600000, 0x0000000100000000, 0x0000000100000000)
  eden space 8192K, 0% used [0x00000000ff600000,0x00000000ff600000,0x00000000ffe00000)
  from space 1024K, 95% used [0x00000000ffe00000,0x00000000ffef4010,0x00000000fff00000)
  to   space 1024K, 0% used [0x00000000fff00000,0x00000000fff00000,0x0000000100000000)
 ParOldGen       total 20480K, used 1487K [0x00000000fe200000, 0x00000000ff600000, 0x00000000ff600000)
  object space 20480K, 7% used [0x00000000fe200000,0x00000000fe373e38,0x00000000ff600000)
 Metaspace       used 7960K, capacity 8404K, committed 8576K, reserved 1056768K
  class space    used 1060K, capacity 1134K, committed 1152K, reserved 1048576K
}
2025-06-20T08:00:36.097+0300: 0.407: Total time for which application threads were stopped: 0.0048629 seconds, Stopping threads took: 0.0000179 seconds
{Heap before GC invocations=6 (full 0):
 PSYoungGen      total 9216K, used 9168K [0x00000000ff600000, 0x0000000100000000, 0x0000000100000000)
  eden space 8192K, 100% used [0x00000000ff600000,0x00000000ffe00000,0x00000000ffe00000)
  from space 1024K, 95% used [0x00000000ffe00000,0x00000000ffef4010,0x00000000fff00000)
  to   space 1024K, 0% used [0x00000000fff00000,0x00000000fff00000,0x0000000100000000)
 ParOldGen       total 20480K, used 1487K [0x00000000fe200000, 0x00000000ff600000, 0x00000000ff600000)
  object space 20480K, 7% used [0x00000000fe200000,0x00000000fe373e38,0x00000000ff600000)
 Metaspace       used 8142K, capacity 8560K, committed 8704K, reserved 1056768K
  class space    used 1099K, capacity 1186K, committed 1280K, reserved 1048576K
2025-06-20T08:00:36.164+0300: 0.474: [GC (Allocation Failure) 
Desired survivor size 2097152 bytes, new threshold 5 (max 15)
[PSYoungGen: 9168K->992K(7168K)] 10655K->2535K(27648K), 0.0047548 secs] [Times: user=0.01 sys=0.00, real=0.01 secs] 
Heap after GC invocations=6 (full 0):
 PSYoungGen      total 7168K, used 992K [0x00000000ff600000, 0x0000000100000000, 0x0000000100000000)
  eden space 6144K, 0% used [0x00000000ff600000,0x00000000ff600000,0x00000000ffc00000)
  from space 1024K, 96% used [0x00000000fff00000,0x00000000ffff8020,0x0000000100000000)
  to   space 2048K, 0% used [0x00000000ffc00000,0x00000000ffc00000,0x00000000ffe00000)
 ParOldGen       total 20480K, used 1543K [0x00000000fe200000, 0x00000000ff600000, 0x00000000ff600000)
  object space 20480K, 7% used [0x00000000fe200000,0x00000000fe381e58,0x00000000ff600000)
 Metaspace       used 8142K, capacity 8560K, committed 8704K, reserved 1056768K
  class space    used 1099K, capacity 1186K, committed 1280K, reserved 1048576K
}
2025-06-20T08:00:36.168+0300: 0.479: Total time for which application threads were stopped: 0.0048875 seconds, Stopping threads took: 0.0000294 seconds
{Heap before GC invocations=7 (full 0):
 PSYoungGen      total 7168K, used 7136K [0x00000000ff600000, 0x0000000100000000, 0x0000000100000000)
  eden space 6144K, 100% used [0x00000000ff600000,0x00000000ffc00000,0x00000000ffc00000)
  from space 1024K, 96% used [0x00000000fff00000,0x00000000ffff8020,0x0000000100000000)
  to   space 2048K, 0% used [0x00000000ffc00000,0x00000000ffc00000,0x00000000ffe00000)
 ParOldGen       total 20480K, used 1543K [0x00000000fe200000, 0x00000000ff600000, 0x00000000ff600000)
  object space 20480K, 7% used [0x00000000fe200000,0x00000000fe381e58,0x00000000ff600000)
 Metaspace       used 8232K, capacity 8738K, committed 8960K, reserved 1056768K
  class space    used 1128K, capacity 1224K, committed 1280K, reserved 1048576K
2025-06-20T08:00:36.206+0300: 0.517: [GC (Allocation Failure) 
Desired survivor size 2621440 bytes, new threshold 4 (max 15)
[PSYoungGen: 7136K->256K(6656K)] 8679K->2563K(27136K), 0.0049833 secs] [Times: user=0.01 sys=0.00, real=0.01 secs] 
Heap after GC invocations=7 (full 0):
 PSYoungGen      total 6656K, used 256K [0x00000000ff600000, 0x0000000100000000, 0x0000000100000000)
  eden space 6144K, 0% used [0x00000000ff600000,0x00000000ff600000,0x00000000ffc00000)
  from space 512K, 50% used [0x00000000ffc00000,0x00000000ffc40000,0x00000000ffc80000)
  to   space 2560K, 0% used [0x00000000ffd80000,0x00000000ffd80000,0x0000000100000000)
 ParOldGen       total 20480K, used 2307K [0x00000000fe200000, 0x00000000ff600000, 0x00000000ff600000)
  object space 20480K, 11% used [0x00000000fe200000,0x00000000fe440ea8,0x00000000ff600000)
 Metaspace       used 8232K, capacity 8738K, committed 8960K, reserved 1056768K
  class space    used 1128K, capacity 1224K, committed 1280K, reserved 1048576K
}
2025-06-20T08:00:36.211+0300: 0.522: Total time for which application threads were stopped: 0.0051095 seconds, Stopping threads took: 0.0000231 seconds
{Heap before GC invocations=8 (full 0):
 PSYoungGen      total 6656K, used 6400K [0x00000000ff600000, 0x0000000100000000, 0x0000000100000000)
  eden space 6144K, 100% used [0x00000000ff600000,0x00000000ffc00000,0x00000000ffc00000)
  from space 512K, 50% used [0x00000000ffc00000,0x00000000ffc40000,0x00000000ffc80000)
  to   space 2560K, 0% used [0x00000000ffd80000,0x00000000ffd80000,0x0000000100000000)
 ParOldGen       total 20480K, used 2307K [0x00000000fe200000, 0x00000000ff600000, 0x00000000ff600000)
  object space 20480K, 11% used [0x00000000fe200000,0x00000000fe440ea8,0x00000000ff600000)
 Metaspace       used 8332K, capacity 8852K, committed 8960K, reserved 1056768K
  class space    used 1157K, capacity 1262K, committed 1280K, reserved 1048576K
2025-06-20T08:00:36.244+0300: 0.554: [GC (Allocation Failure) 
Desired survivor size 2621440 bytes, new threshold 3 (max 15)
[PSYoungGen: 6400K->256K(7680K)] 8707K->2667K(28160K), 0.0012872 secs] [Times: user=0.01 sys=0.00, real=0.00 secs] 
Heap after GC invocations=8 (full 0):
 PSYoungGen      total 7680K, used 256K [0x00000000ff600000, 0x0000000100000000, 0x0000000100000000)
  eden space 5120K, 0% used [0x00000000ff600000,0x00000000ff600000,0x00000000ffb00000)
  from space 2560K, 10% used [0x00000000ffd80000,0x00000000ffdc0000,0x0000000100000000)
  to   space 2560K, 0% used [0x00000000ffb00000,0x00000000ffb00000,0x00000000ffd80000)
 ParOldGen       total 20480K, used 2411K [0x00000000fe200000, 0x00000000ff600000, 0x00000000ff600000)
  object space 20480K, 11% used [0x00000000fe200000,0x00000000fe45aea8,0x00000000ff600000)
 Metaspace       used 8332K, capacity 8852K, committed 8960K, reserved 1056768K
  class space    used 1157K, capacity 1262K, committed 1280K, reserved 1048576K
}
2025-06-20T08:00:36.245+0300: 0.556: Total time for which application threads were stopped: 0.0014284 seconds, Stopping threads took: 0.0000198 seconds
{Heap before GC invocations=9 (full 0):
 PSYoungGen      total 7680K, used 5376K [0x00000000ff600000, 0x0000000100000000, 0x0000000100000000)
  eden space 5120K, 100% used [0x00000000ff600000,0x00000000ffb00000,0x00000000ffb00000)
  from space 2560K, 10% used [0x00000000ffd80000,0x00000000ffdc0000,0x0000000100000000)
  to   space 2560K, 0% used [0x00000000ffb00000,0x00000000ffb00000,0x00000000ffd80000)
 ParOldGen       total 20480K, used 2411K [0x00000000fe200000, 0x00000000ff600000, 0x00000000ff600000)
  object space 20480K, 11% used [0x00000000fe200000,0x00000000fe45aea8,0x00000000ff600000)
 Metaspace       used 8399K, capacity 8948K, committed 9088K, reserved 1056768K
  class space    used 1181K, capacity 1294K, committed 1408K, reserved 1048576K
2025-06-20T08:00:36.272+0300: 0.582: [GC (Allocation Failure) 
Desired survivor size 2621440 bytes, new threshold 2 (max 15)
[PSYoungGen: 5376K->160K(7680K)] 7787K->2651K(28160K), 0.0028627 secs] [Times: user=0.01 sys=0.00, real=0.00 secs] 
Heap after GC invocations=9 (full 0):
 PSYoungGen      total 7680K, used 160K [0x00000000ff600000, 0x0000000100000000, 0x0000000100000000)
  eden space 5120K, 0% used [0x00000000ff600000,0x00000000ff600000,0x00000000ffb00000)
  from space 2560K, 6% used [0x00000000ffb00000,0x00000000ffb28000,0x00000000ffd80000)
  to   space 2560K, 0% used [0x00000000ffd80000,0x00000000ffd80000,0x0000000100000000)
 ParOldGen       total 20480K, used 2491K [0x00000000fe200000, 0x00000000ff600000, 0x00000000ff600000)
  object space 20480K, 12% used [0x00000000fe200000,0x00000000fe46eea8,0x00000000ff600000)
 Metaspace       used 8399K, capacity 8948K, committed 9088K, reserved 1056768K
  class space    used 1181K, capacity 1294K, committed 1408K, reserved 1048576K
}
2025-06-20T08:00:36.275+0300: 0.585: Total time for which application threads were stopped: 0.0029659 seconds, Stopping threads took: 0.0000168 seconds
{Heap before GC invocations=10 (full 0):
 PSYoungGen      total 7680K, used 5280K [0x00000000ff600000, 0x0000000100000000, 0x0000000100000000)
  eden space 5120K, 100% used [0x00000000ff600000,0x00000000ffb00000,0x00000000ffb00000)
  from space 2560K, 6% used [0x00000000ffb00000,0x00000000ffb28000,0x00000000ffd80000)
  to   space 2560K, 0% used [0x00000000ffd80000,0x00000000ffd80000,0x0000000100000000)
 ParOldGen       total 20480K, used 2491K [0x00000000fe200000, 0x00000000ff600000, 0x00000000ff600000)
  object space 20480K, 12% used [0x00000000fe200000,0x00000000fe46eea8,0x00000000ff600000)
 Metaspace       used 8473K, capacity 9044K, committed 9344K, reserved 1056768K
  class space    used 1205K, capacity 1326K, committed 1408K, reserved 1048576K
2025-06-20T08:00:36.300+0300: 0.610: [GC (Allocation Failure) 
Desired survivor size 2621440 bytes, new threshold 1 (max 15)
[PSYoungGen: 5280K->208K(7680K)] 7771K->2771K(28160K), 0.0011324 secs] [Times: user=0.01 sys=0.00, real=0.00 secs] 
Heap after GC invocations=10 (full 0):
 PSYoungGen      total 7680K, used 208K [0x00000000ff600000, 0x0000000100000000, 0x0000000100000000)
  eden space 5120K, 0% used [0x00000000ff600000,0x00000000ff600000,0x00000000ffb00000)
  from space 2560K, 8% used [0x00000000ffd80000,0x00000000ffdb4010,0x0000000100000000)
  to   space 2560K, 0% used [0x00000000ffb00000,0x00000000ffb00000,0x00000000ffd80000)
 ParOldGen       total 20480K, used 2563K [0x00000000fe200000, 0x00000000ff600000, 0x00000000ff600000)
  object space 20480K, 12% used [0x00000000fe200000,0x00000000fe480ea8,0x00000000ff600000)
 Metaspace       used 8473K, capacity 9044K, committed 9344K, reserved 1056768K
  class space    used 1205K, capacity 1326K, committed 1408K, reserved 1048576K
}
2025-06-20T08:00:36.301+0300: 0.612: Total time for which application threads were stopped: 0.0013369 seconds, Stopping threads took: 0.0000359 seconds
{Heap before GC invocations=11 (full 0):
 PSYoungGen      total 7680K, used 5328K [0x00000000ff600000, 0x0000000100000000, 0x0000000100000000)
  eden space 5120K, 100% used [0x00000000ff600000,0x00000000ffb00000,0x00000000ffb00000)
  from space 2560K, 8% used [0x00000000ffd80000,0x00000000ffdb4010,0x0000000100000000)
  to   space 2560K, 0% used [0x00000000ffb00000,0x00000000ffb00000,0x00000000ffd80000)
 ParOldGen       total 20480K, used 2563K [0x00000000fe200000, 0x00000000ff600000, 0x00000000ff600000)
  object space 20480K, 12% used [0x00000000fe200000,0x00000000fe480ea8,0x00000000ff600000)
 Metaspace       used 8557K, capacity 9140K, committed 9344K, reserved 1056768K
  class space    used 1232K, capacity 1358K, committed 1408K, reserved 1048576K
2025-06-20T08:00:36.330+0300: 0.641: [GC (Allocation Failure) 
Desired survivor size 2621440 bytes, new threshold 1 (max 15)
[PSYoungGen: 5328K->144K(7680K)] 7891K->2755K(28160K), 0.0045830 secs] [Times: user=0.01 sys=0.00, real=0.00 secs] 
Heap after GC invocations=11 (full 0):
 PSYoungGen      total 7680K, used 144K [0x00000000ff600000, 0x0000000100000000, 0x0000000100000000)
  eden space 5120K, 0% used [0x00000000ff600000,0x00000000ff600000,0x00000000ffb00000)
  from space 2560K, 5% used [0x00000000ffb00000,0x00000000ffb24010,0x00000000ffd80000)
  to   space 2560K, 0% used [0x00000000ffd80000,0x00000000ffd80000,0x0000000100000000)
 ParOldGen       total 20480K, used 2611K [0x00000000fe200000, 0x00000000ff600000, 0x00000000ff600000)
  object space 20480K, 12% used [0x00000000fe200000,0x00000000fe48cea8,0x00000000ff600000)
 Metaspace       used 8557K, capacity 9140K, committed 9344K, reserved 1056768K
  class space    used 1232K, capacity 1358K, committed 1408K, reserved 1048576K
}
2025-06-20T08:00:36.335+0300: 0.646: Total time for which application threads were stopped: 0.0047162 seconds, Stopping threads took: 0.0000277 seconds
{Heap before GC invocations=12 (full 0):
 PSYoungGen      total 7680K, used 5264K [0x00000000ff600000, 0x0000000100000000, 0x0000000100000000)
  eden space 5120K, 100% used [0x00000000ff600000,0x00000000ffb00000,0x00000000ffb00000)
  from space 2560K, 5% used [0x00000000ffb00000,0x00000000ffb24010,0x00000000ffd80000)
  to   space 2560K, 0% used [0x00000000ffd80000,0x00000000ffd80000,0x0000000100000000)
 ParOldGen       total 20480K, used 2611K [0x00000000fe200000, 0x00000000ff600000, 0x00000000ff600000)
  object space 20480K, 12% used [0x00000000fe200000,0x00000000fe48cea8,0x00000000ff600000)
 Metaspace       used 8629K, capacity 9242K, committed 9344K, reserved 1056768K
  class space    used 1257K, capacity 1392K, committed 1408K, reserved 1048576K
2025-06-20T08:00:36.361+0300: 0.672: [GC (Allocation Failure) 
Desired survivor size 2621440 bytes, new threshold 1 (max 15)
[PSYoungGen: 5264K->128K(7680K)] 7875K->2779K(28160K), 0.0011095 secs] [Times: user=0.00 sys=0.00, real=0.00 secs] 
Heap after GC invocations=12 (full 0):
 PSYoungGen      total 7680K, used 128K [0x00000000ff600000, 0x0000000100000000, 0x0000000100000000)
  eden space 5120K, 0% used [0x00000000ff600000,0x00000000ff600000,0x00000000ffb00000)
  from space 2560K, 5% used [0x00000000ffd80000,0x00000000ffda0000,0x0000000100000000)
  to   space 2560K, 0% used [0x00000000ffb00000,0x00000000ffb00000,0x00000000ffd80000)
 ParOldGen       total 20480K, used 2651K [0x00000000fe200000, 0x00000000ff600000, 0x00000000ff600000)
  object space 20480K, 12% used [0x00000000fe200000,0x00000000fe496ea8,0x00000000ff600000)
 Metaspace       used 8629K, capacity 9242K, committed 9344K, reserved 1056768K
  class space    used 1257K, capacity 1392K, committed 1408K, reserved 1048576K
}
2025-06-20T08:00:36.362+0300: 0.673: Total time for which application threads were stopped: 0.0012176 seconds, Stopping threads took: 0.0000209 seconds
{Heap before GC invocations=13 (full 0):
 PSYoungGen      total 7680K, used 5248K [0x00000000ff600000, 0x0000000100000000, 0x0000000100000000)
  eden space 5120K, 100% used [0x00000000ff600000,0x00000000ffb00000,0x00000000ffb00000)
  from space 2560K, 5% used [0x00000000ffd80000,0x00000000ffda0000,0x0000000100000000)
  to   space 2560K, 0% used [0x00000000ffb00000,0x00000000ffb00000,0x00000000ffd80000)
 ParOldGen       total 20480K, used 2651K [0x00000000fe200000, 0x00000000ff600000, 0x00000000ff600000)
  object space 20480K, 12% used [0x00000000fe200000,0x00000000fe496ea8,0x00000000ff600000)
 Metaspace       used 8694K, capacity 9338K, committed 9472K, reserved 1056768K
  class space    used 1282K, capacity 1424K, committed 1536K, reserved 1048576K
2025-06-20T08:00:36.387+0300: 0.698: [GC (Allocation Failure) 
Desired survivor size 2621440 bytes, new threshold 1 (max 15)
[PSYoungGen: 5248K->144K(7680K)] 7899K->2827K(28160K), 0.0026230 secs] [Times: user=0.01 sys=0.00, real=0.00 secs] 
Heap after GC invocations=13 (full 0):
 PSYoungGen      total 7680K, used 144K [0x00000000ff600000, 0x0000000100000000, 0x0000000100000000)
  eden space 5120K, 0% used [0x00000000ff600000,0x00000000ff600000,0x00000000ffb00000)
  from space 2560K, 5% used [0x00000000ffb00000,0x00000000ffb24010,0x00000000ffd80000)
  to   space 2560K, 0% used [0x00000000ffd80000,0x00000000ffd80000,0x0000000100000000)
 ParOldGen       total 20480K, used 2683K [0x00000000fe200000, 0x00000000ff600000, 0x00000000ff600000)
  object space 20480K, 13% used [0x00000000fe200000,0x00000000fe49eea8,0x00000000ff600000)
 Metaspace       used 8694K, capacity 9338K, committed 9472K, reserved 1056768K
  class space    used 1282K, capacity 1424K, committed 1536K, reserved 1048576K
}
2025-06-20T08:00:36.390+0300: 0.701: Total time for which application threads were stopped: 0.0027201 seconds, Stopping threads took: 0.0000153 seconds
{Heap before GC invocations=14 (full 0):
 PSYoungGen      total 7680K, used 5264K [0x00000000ff600000, 0x0000000100000000, 0x0000000100000000)
  eden space 5120K, 100% used [0x00000000ff600000,0x00000000ffb00000,0x00000000ffb00000)
  from space 2560K, 5% used [0x00000000ffb00000,0x00000000ffb24010,0x00000000ffd80000)
  to   space 2560K, 0% used [0x00000000ffd80000,0x00000000ffd80000,0x0000000100000000)
 ParOldGen       total 20480K, used 2683K [0x00000000fe200000, 0x00000000ff600000, 0x00000000ff600000)
  object space 20480K, 13% used [0x00000000fe200000,0x00000000fe49eea8,0x00000000ff600000)
 Metaspace       used 8764K, capacity 9440K, committed 9728K, reserved 1056768K
  class space    used 1307K, capacity 1458K, committed 1536K, reserved 1048576K
2025-06-20T08:00:36.411+0300: 0.722: [GC (Allocation Failure) 
Desired survivor size 2097152 bytes, new threshold 1 (max 15)
[PSYoungGen: 5264K->240K(6656K)] 7947K->2963K(27136K), 0.0015956 secs] [Times: user=0.01 sys=0.00, real=0.00 secs] 
Heap after GC invocations=14 (full 0):
 PSYoungGen      total 6656K, used 240K [0x00000000ff600000, 0x00000000fff00000, 0x0000000100000000)
  eden space 5120K, 0% used [0x00000000ff600000,0x00000000ff600000,0x00000000ffb00000)
  from space 1536K, 15% used [0x00000000ffd80000,0x00000000ffdbc010,0x00000000fff00000)
  to   space 2048K, 0% used [0x00000000ffb00000,0x00000000ffb00000,0x00000000ffd00000)
 ParOldGen       total 20480K, used 2723K [0x00000000fe200000, 0x00000000ff600000, 0x00000000ff600000)
  object space 20480K, 13% used [0x00000000fe200000,0x00000000fe4a8ea8,0x00000000ff600000)
 Metaspace       used 8764K, capacity 9440K, committed 9728K, reserved 1056768K
  class space    used 1307K, capacity 1458K, committed 1536K, reserved 1048576K
}
2025-06-20T08:00:36.413+0300: 0.723: Total time for which application threads were stopped: 0.0016890 seconds, Stopping threads took: 0.0000165 seconds
{Heap before GC invocations=15 (full 0):
 PSYoungGen      total 6656K, used 5360K [0x00000000ff600000, 0x00000000fff00000, 0x0000000100000000)
  eden space 5120K, 100% used [0x00000000ff600000,0x00000000ffb00000,0x00000000ffb00000)
  from space 1536K, 15% used [0x00000000ffd80000,0x00000000ffdbc010,0x00000000fff00000)
  to   space 2048K, 0% used [0x00000000ffb00000,0x00000000ffb00000,0x00000000ffd00000)
 ParOldGen       total 20480K, used 2723K [0x00000000fe200000, 0x00000000ff600000, 0x00000000ff600000)
  object space 20480K, 13% used [0x00000000fe200000,0x00000000fe4a8ea8,0x00000000ff600000)
 Metaspace       used 8895K, capacity 9600K, committed 9728K, reserved 1056768K
  class space    used 1331K, capacity 1490K, committed 1536K, reserved 1048576K
2025-06-20T08:00:36.432+0300: 0.743: [GC (Allocation Failure) 
Desired survivor size 2097152 bytes, new threshold 1 (max 15)
[PSYoungGen: 5360K->96K(7168K)] 8083K->2851K(27648K), 0.0014389 secs] [Times: user=0.01 sys=0.00, real=0.00 secs] 
Heap after GC invocations=15 (full 0):
 PSYoungGen      total 7168K, used 96K [0x00000000ff600000, 0x0000000100000000, 0x0000000100000000)
  eden space 5120K, 0% used [0x00000000ff600000,0x00000000ff600000,0x00000000ffb00000)
  from space 2048K, 4% used [0x00000000ffb00000,0x00000000ffb18000,0x00000000ffd00000)
  to   space 2048K, 0% used [0x00000000ffe00000,0x00000000ffe00000,0x0000000100000000)
 ParOldGen       total 20480K, used 2755K [0x00000000fe200000, 0x00000000ff600000, 0x00000000ff600000)
  object space 20480K, 13% used [0x00000000fe200000,0x00000000fe4b0ea8,0x00000000ff600000)
 Metaspace       used 8895K, capacity 9600K, committed 9728K, reserved 1056768K
  class space    used 1331K, capacity 1490K, committed 1536K, reserved 1048576K
}
2025-06-20T08:00:36.433+0300: 0.744: Total time for which application threads were stopped: 0.0015474 seconds, Stopping threads took: 0.0000165 seconds
{Heap before GC invocations=16 (full 0):
 PSYoungGen      total 7168K, used 5216K [0x00000000ff600000, 0x0000000100000000, 0x0000000100000000)
  eden space 5120K, 100% used [0x00000000ff600000,0x00000000ffb00000,0x00000000ffb00000)
  from space 2048K, 4% used [0x00000000ffb00000,0x00000000ffb18000,0x00000000ffd00000)
  to   space 2048K, 0% used [0x00000000ffe00000,0x00000000ffe00000,0x0000000100000000)
 ParOldGen       total 20480K, used 2755K [0x00000000fe200000, 0x00000000ff600000, 0x00000000ff600000)
  object space 20480K, 13% used [0x00000000fe200000,0x00000000fe4b0ea8,0x00000000ff600000)
 Metaspace       used 8964K, capacity 9696K, committed 9728K, reserved 1056768K
  class space    used 1355K, capacity 1522K, committed 1536K, reserved 1048576K
2025-06-20T08:00:36.450+0300: 0.761: [GC (Allocation Failure) 
Desired survivor size 2097152 bytes, new threshold 1 (max 15)
[PSYoungGen: 5216K->176K(8192K)] 7971K->2971K(28672K), 0.0014269 secs] [Times: user=0.00 sys=0.00, real=0.00 secs] 
Heap after GC invocations=16 (full 0):
 PSYoungGen      total 8192K, used 176K [0x00000000ff600000, 0x0000000100000000, 0x0000000100000000)
  eden space 6144K, 0% used [0x00000000ff600000,0x00000000ff600000,0x00000000ffc00000)
  from space 2048K, 8% used [0x00000000ffe00000,0x00000000ffe2c010,0x0000000100000000)
  to   space 2048K, 0% used [0x00000000ffc00000,0x00000000ffc00000,0x00000000ffe00000)
 ParOldGen       total 20480K, used 2795K [0x00000000fe200000, 0x00000000ff600000, 0x00000000ff600000)
  object space 20480K, 13% used [0x00000000fe200000,0x00000000fe4baea8,0x00000000ff600000)
 Metaspace       used 8964K, capacity 9696K, committed 9728K, reserved 1056768K
  class space    used 1355K, capacity 1522K, committed 1536K, reserved 1048576K
}
2025-06-20T08:00:36.451+0300: 0.762: Total time for which application threads were stopped: 0.0015259 seconds, Stopping threads took: 0.0000322 seconds
{Heap before GC invocations=17 (full 0):
 PSYoungGen      total 8192K, used 6320K [0x00000000ff600000, 0x0000000100000000, 0x0000000100000000)
  eden space 6144K, 100% used [0x00000000ff600000,0x00000000ffc00000,0x00000000ffc00000)
  from space 2048K, 8% used [0x00000000ffe00000,0x00000000ffe2c010,0x0000000100000000)
  to   space 2048K, 0% used [0x00000000ffc00000,0x00000000ffc00000,0x00000000ffe00000)
 ParOldGen       total 20480K, used 2795K [0x00000000fe200000, 0x00000000ff600000, 0x00000000ff600000)
  object space 20480K, 13% used [0x00000000fe200000,0x00000000fe4baea8,0x00000000ff600000)
 Metaspace       used 9050K, capacity 9880K, committed 10112K, reserved 1058816K
  class space    used 1386K, capacity 1562K, committed 1664K, reserved 1048576K
2025-06-20T08:00:36.470+0300: 0.781: [GC (Allocation Failure) 
Desired survivor size 2097152 bytes, new threshold 1 (max 15)
[PSYoungGen: 6320K->128K(8192K)] 9115K->2979K(28672K), 0.0004829 secs] [Times: user=0.00 sys=0.00, real=0.00 secs] 
Heap after GC invocations=17 (full 0):
 PSYoungGen      total 8192K, used 128K [0x00000000ff600000, 0x0000000100000000, 0x0000000100000000)
  eden space 6144K, 0% used [0x00000000ff600000,0x00000000ff600000,0x00000000ffc00000)
  from space 2048K, 6% used [0x00000000ffc00000,0x00000000ffc20000,0x00000000ffe00000)
  to   space 2048K, 0% used [0x00000000ffe00000,0x00000000ffe00000,0x0000000100000000)
 ParOldGen       total 20480K, used 2851K [0x00000000fe200000, 0x00000000ff600000, 0x00000000ff600000)
  object space 20480K, 13% used [0x00000000fe200000,0x00000000fe4c8ea8,0x00000000ff600000)
 Metaspace       used 9050K, capacity 9880K, committed 10112K, reserved 1058816K
  class space    used 1386K, capacity 1562K, committed 1664K, reserved 1048576K
}
2025-06-20T08:00:36.471+0300: 0.781: Total time for which application threads were stopped: 0.0005613 seconds, Stopping threads took: 0.0000186 seconds
{Heap before GC invocations=18 (full 0):
 PSYoungGen      total 8192K, used 6272K [0x00000000ff600000, 0x0000000100000000, 0x0000000100000000)
  eden space 6144K, 100% used [0x00000000ff600000,0x00000000ffc00000,0x00000000ffc00000)
  from space 2048K, 6% used [0x00000000ffc00000,0x00000000ffc20000,0x00000000ffe00000)
  to   space 2048K, 0% used [0x00000000ffe00000,0x00000000ffe00000,0x0000000100000000)
 ParOldGen       total 20480K, used 2851K [0x00000000fe200000, 0x00000000ff600000, 0x00000000ff600000)
  object space 20480K, 13% used [0x00000000fe200000,0x00000000fe4c8ea8,0x00000000ff600000)
 Metaspace       used 9131K, capacity 10000K, committed 10112K, reserved 1058816K
  class space    used 1416K, capacity 1602K, committed 1664K, reserved 1048576K
2025-06-20T08:00:36.490+0300: 0.800: [GC (Allocation Failure) 
Desired survivor size 2097152 bytes, new threshold 1 (max 15)
[PSYoungGen: 6272K->160K(8192K)] 9123K->3059K(28672K), 0.0008133 secs] [Times: user=0.00 sys=0.00, real=0.00 secs] 
Heap after GC invocations=18 (full 0):
 PSYoungGen      total 8192K, used 160K [0x00000000ff600000, 0x0000000100000000, 0x0000000100000000)
  eden space 6144K, 0% used [0x00000000ff600000,0x00000000ff600000,0x00000000ffc00000)
  from space 2048K, 7% used [0x00000000ffe00000,0x00000000ffe28000,0x0000000100000000)
  to   space 2048K, 0% used [0x00000000ffc00000,0x00000000ffc00000,0x00000000ffe00000)
 ParOldGen       total 20480K, used 2899K [0x00000000fe200000, 0x00000000ff600000, 0x00000000ff600000)
  object space 20480K, 14% used [0x00000000fe200000,0x00000000fe4d4ea8,0x00000000ff600000)
 Metaspace       used 9131K, capacity 10000K, committed 10112K, reserved 1058816K
  class space    used 1416K, capacity 1602K, committed 1664K, reserved 1048576K
}
2025-06-20T08:00:36.490+0300: 0.801: Total time for which application threads were stopped: 0.0009004 seconds, Stopping threads took: 0.0000159 seconds
{Heap before GC invocations=19 (full 0):
 PSYoungGen      total 8192K, used 6304K [0x00000000ff600000, 0x0000000100000000, 0x0000000100000000)
  eden space 6144K, 100% used [0x00000000ff600000,0x00000000ffc00000,0x00000000ffc00000)
  from space 2048K, 7% used [0x00000000ffe00000,0x00000000ffe28000,0x0000000100000000)
  to   space 2048K, 0% used [0x00000000ffc00000,0x00000000ffc00000,0x00000000ffe00000)
 ParOldGen       total 20480K, used 2899K [0x00000000fe200000, 0x00000000ff600000, 0x00000000ff600000)
  object space 20480K, 14% used [0x00000000fe200000,0x00000000fe4d4ea8,0x00000000ff600000)
 Metaspace       used 9206K, capacity 10120K, committed 10368K, reserved 1058816K
  class space    used 1446K, capacity 1642K, committed 1664K, reserved 1048576K
2025-06-20T08:00:36.509+0300: 0.819: [GC (Allocation Failure) 
Desired survivor size 2097152 bytes, new threshold 1 (max 15)
[PSYoungGen: 6304K->128K(8192K)] 9203K->3067K(28672K), 0.0010163 secs] [Times: user=0.00 sys=0.00, real=0.00 secs] 
Heap after GC invocations=19 (full 0):
 PSYoungGen      total 8192K, used 128K [0x00000000ff600000, 0x0000000100000000, 0x0000000100000000)
  eden space 6144K, 0% used [0x00000000ff600000,0x00000000ff600000,0x00000000ffc00000)
  from space 2048K, 6% used [0x00000000ffc00000,0x00000000ffc20000,0x00000000ffe00000)
  to   space 2048K, 0% used [0x00000000ffe00000,0x00000000ffe00000,0x0000000100000000)
 ParOldGen       total 20480K, used 2939K [0x00000000fe200000, 0x00000000ff600000, 0x00000000ff600000)
  object space 20480K, 14% used [0x00000000fe200000,0x00000000fe4deea8,0x00000000ff600000)
 Metaspace       used 9206K, capacity 10120K, committed 10368K, reserved 1058816K
  class space    used 1446K, capacity 1642K, committed 1664K, reserved 1048576K
}
2025-06-20T08:00:36.510+0300: 0.820: Total time for which application threads were stopped: 0.0010994 seconds, Stopping threads took: 0.0000162 seconds
{Heap before GC invocations=20 (full 0):
 PSYoungGen      total 8192K, used 6272K [0x00000000ff600000, 0x0000000100000000, 0x0000000100000000)
  eden space 6144K, 100% used [0x00000000ff600000,0x00000000ffc00000,0x00000000ffc00000)
  from space 2048K, 6% used [0x00000000ffc00000,0x00000000ffc20000,0x00000000ffe00000)
  to   space 2048K, 0% used [0x00000000ffe00000,0x00000000ffe00000,0x0000000100000000)
 ParOldGen       total 20480K, used 2939K [0x00000000fe200000, 0x00000000ff600000, 0x00000000ff600000)
  object space 20480K, 14% used [0x00000000fe200000,0x00000000fe4deea8,0x00000000ff600000)
 Metaspace       used 9312K, capacity 10240K, committed 10496K, reserved 1058816K
  class space    used 1476K, capacity 1682K, committed 1792K, reserved 1048576K
2025-06-20T08:00:36.528+0300: 0.838: [GC (Allocation Failure) 
Desired survivor size 2097152 bytes, new threshold 1 (max 15)
[PSYoungGen: 6272K->160K(8192K)] 9211K->3147K(28672K), 0.0009073 secs] [Times: user=0.01 sys=0.00, real=0.00 secs] 
Heap after GC invocations=20 (full 0):
 PSYoungGen      total 8192K, used 160K [0x00000000ff600000, 0x0000000100000000, 0x0000000100000000)
  eden space 6144K, 0% used [0x00000000ff600000,0x00000000ff600000,0x00000000ffc00000)
  from space 2048K, 7% used [0x00000000ffe00000,0x00000000ffe28000,0x0000000100000000)
  to   space 2048K, 0% used [0x00000000ffc00000,0x00000000ffc00000,0x00000000ffe00000)
 ParOldGen       total 20480K, used 2987K [0x00000000fe200000, 0x00000000ff600000, 0x00000000ff600000)
  object space 20480K, 14% used [0x00000000fe200000,0x00000000fe4eaea8,0x00000000ff600000)
 Metaspace       used 9312K, capacity 10240K, committed 10496K, reserved 1058816K
  class space    used 1476K, capacity 1682K, committed 1792K, reserved 1048576K
}
2025-06-20T08:00:36.529+0300: 0.839: Total time for which application threads were stopped: 0.0009888 seconds, Stopping threads took: 0.0000152 seconds
{Heap before GC invocations=21 (full 0):
 PSYoungGen      total 8192K, used 6304K [0x00000000ff600000, 0x0000000100000000, 0x0000000100000000)
  eden space 6144K, 100% used [0x00000000ff600000,0x00000000ffc00000,0x00000000ffc00000)
  from space 2048K, 7% used [0x00000000ffe00000,0x00000000ffe28000,0x0000000100000000)
  to   space 2048K, 0% used [0x00000000ffc00000,0x00000000ffc00000,0x00000000ffe00000)
 ParOldGen       total 20480K, used 2987K [0x00000000fe200000, 0x00000000ff600000, 0x00000000ff600000)
  object space 20480K, 14% used [0x00000000fe200000,0x00000000fe4eaea8,0x00000000ff600000)
 Metaspace       used 9385K, capacity 10360K, committed 10496K, reserved 1058816K
  class space    used 1506K, capacity 1722K, committed 1792K, reserved 1048576K
2025-06-20T08:00:36.547+0300: 0.857: [GC (Allocation Failure) 
Desired survivor size 1572864 bytes, new threshold 1 (max 15)
[PSYoungGen: 6304K->160K(6656K)] 9291K->3195K(27136K), 0.0010761 secs] [Times: user=0.00 sys=0.00, real=0.01 secs] 
Heap after GC invocations=21 (full 0):
 PSYoungGen      total 6656K, used 160K [0x00000000ff600000, 0x00000000fff00000, 0x0000000100000000)
  eden space 6144K, 0% used [0x00000000ff600000,0x00000000ff600000,0x00000000ffc00000)
  from space 512K, 31% used [0x00000000ffc00000,0x00000000ffc28000,0x00000000ffc80000)
  to   space 1536K, 0% used [0x00000000ffd80000,0x00000000ffd80000,0x00000000fff00000)
 ParOldGen       total 20480K, used 3035K [0x00000000fe200000, 0x00000000ff600000, 0x00000000ff600000)
  object space 20480K, 14% used [0x00000000fe200000,0x00000000fe4f6ea8,0x00000000ff600000)
 Metaspace       used 9385K, capacity 10360K, committed 10496K, reserved 1058816K
  class space    used 1506K, capacity 1722K, committed 1792K, reserved 1048576K
}
2025-06-20T08:00:36.548+0300: 0.858: Total time for which application threads were stopped: 0.0011573 seconds, Stopping threads took: 0.0000170 seconds
{Heap before GC invocations=22 (full 0):
 PSYoungGen      total 6656K, used 6304K [0x00000000ff600000, 0x00000000fff00000, 0x0000000100000000)
  eden space 6144K, 100% used [0x00000000ff600000,0x00000000ffc00000,0x00000000ffc00000)
  from space 512K, 31% used [0x00000000ffc00000,0x00000000ffc28000,0x00000000ffc80000)
  to   space 1536K, 0% used [0x00000000ffd80000,0x00000000ffd80000,0x00000000fff00000)
 ParOldGen       total 20480K, used 3035K [0x00000000fe200000, 0x00000000ff600000, 0x00000000ff600000)
  object space 20480K, 14% used [0x00000000fe200000,0x00000000fe4f6ea8,0x00000000ff600000)
 Metaspace       used 9476K, capacity 10484K, committed 10752K, reserved 1058816K
  class space    used 1536K, capacity 1762K, committed 1792K, reserved 1048576K
2025-06-20T08:00:36.567+0300: 0.878: [GC (Allocation Failure) 
Desired survivor size 1572864 bytes, new threshold 1 (max 15)
[PSYoungGen: 6304K->160K(7680K)] 9339K->3235K(28160K), 0.0015045 secs] [Times: user=0.01 sys=0.00, real=0.00 secs] 
Heap after GC invocations=22 (full 0):
 PSYoungGen      total 7680K, used 160K [0x00000000ff600000, 0x0000000100000000, 0x0000000100000000)
  eden space 6144K, 0% used [0x00000000ff600000,0x00000000ff600000,0x00000000ffc00000)
  from space 1536K, 10% used [0x00000000ffd80000,0x00000000ffda8000,0x00000000fff00000)
  to   space 1536K, 0% used [0x00000000ffc00000,0x00000000ffc00000,0x00000000ffd80000)
 ParOldGen       total 20480K, used 3075K [0x00000000fe200000, 0x00000000ff600000, 0x00000000ff600000)
  object space 20480K, 15% used [0x00000000fe200000,0x00000000fe500ea8,0x00000000ff600000)
 Metaspace       used 9476K, capacity 10484K, committed 10752K, reserved 1058816K
  class space    used 1536K, capacity 1762K, committed 1792K, reserved 1048576K
}
2025-06-20T08:00:36.569+0300: 0.880: Total time for which application threads were stopped: 0.0015977 seconds, Stopping threads took: 0.0000175 seconds
{Heap before GC invocations=23 (full 0):
 PSYoungGen      total 7680K, used 6304K [0x00000000ff600000, 0x0000000100000000, 0x0000000100000000)
  eden space 6144K, 100% used [0x00000000ff600000,0x00000000ffc00000,0x00000000ffc00000)
  from space 1536K, 10% used [0x00000000ffd80000,0x00000000ffda8000,0x00000000fff00000)
  to   space 1536K, 0% used [0x00000000ffc00000,0x00000000ffc00000,0x00000000ffd80000)
 ParOldGen       total 20480K, used 3075K [0x00000000fe200000, 0x00000000ff600000, 0x00000000ff600000)
  object space 20480K, 15% used [0x00000000fe200000,0x00000000fe500ea8,0x00000000ff600000)
 Metaspace       used 9564K, capacity 10604K, committed 10880K, reserved 1058816K
  class space    used 1567K, capacity 1802K, committed 1920K, reserved 1048576K
2025-06-20T08:00:36.588+0300: 0.899: [GC (Allocation Failure) 
Desired survivor size 1572864 bytes, new threshold 1 (max 15)
[PSYoungGen: 6304K->160K(7680K)] 9379K->3275K(28160K), 0.0009033 secs] [Times: user=0.01 sys=0.00, real=0.00 secs] 
Heap after GC invocations=23 (full 0):
 PSYoungGen      total 7680K, used 160K [0x00000000ff600000, 0x0000000100000000, 0x0000000100000000)
  eden space 6144K, 0% used [0x00000000ff600000,0x00000000ff600000,0x00000000ffc00000)
  from space 1536K, 10% used [0x00000000ffc00000,0x00000000ffc28000,0x00000000ffd80000)
  to   space 1536K, 0% used [0x00000000ffe80000,0x00000000ffe80000,0x0000000100000000)
 ParOldGen       total 20480K, used 3115K [0x00000000fe200000, 0x00000000ff600000, 0x00000000ff600000)
  object space 20480K, 15% used [0x00000000fe200000,0x00000000fe50aea8,0x00000000ff600000)
 Metaspace       used 9564K, capacity 10604K, committed 10880K, reserved 1058816K
  class space    used 1567K, capacity 1802K, committed 1920K, reserved 1048576K
}
2025-06-20T08:00:36.589+0300: 0.900: Total time for which application threads were stopped: 0.0009822 seconds, Stopping threads took: 0.0000188 seconds
{Heap before GC invocations=24 (full 0):
 PSYoungGen      total 7680K, used 6304K [0x00000000ff600000, 0x0000000100000000, 0x0000000100000000)
  eden space 6144K, 100% used [0x00000000ff600000,0x00000000ffc00000,0x00000000ffc00000)
  from space 1536K, 10% used [0x00000000ffc00000,0x00000000ffc28000,0x00000000ffd80000)
  to   space 1536K, 0% used [0x00000000ffe80000,0x00000000ffe80000,0x0000000100000000)
 ParOldGen       total 20480K, used 3115K [0x00000000fe200000, 0x00000000ff600000, 0x00000000ff600000)
  object space 20480K, 15% used [0x00000000fe200000,0x00000000fe50aea8,0x00000000ff600000)
 Metaspace       used 9640K, capacity 10788K, committed 10880K, reserved 1058816K
  class space    used 1597K, capacity 1842K, committed 1920K, reserved 1048576K
2025-06-20T08:00:36.608+0300: 0.919: [GC (Allocation Failure) 
Desired survivor size 1572864 bytes, new threshold 1 (max 15)
[PSYoungGen: 6304K->160K(8704K)] 9419K->3323K(29184K), 0.0016856 secs] [Times: user=0.00 sys=0.00, real=0.00 secs] 
Heap after GC invocations=24 (full 0):
 PSYoungGen      total 8704K, used 160K [0x00000000ff600000, 0x0000000100000000, 0x0000000100000000)
  eden space 7168K, 0% used [0x00000000ff600000,0x00000000ff600000,0x00000000ffd00000)
  from space 1536K, 10% used [0x00000000ffe80000,0x00000000ffea8000,0x0000000100000000)
  to   space 1536K, 0% used [0x00000000ffd00000,0x00000000ffd00000,0x00000000ffe80000)
 ParOldGen       total 20480K, used 3163K [0x00000000fe200000, 0x00000000ff600000, 0x00000000ff600000)
  object space 20480K, 15% used [0x00000000fe200000,0x00000000fe516ea8,0x00000000ff600000)
 Metaspace       used 9640K, capacity 10788K, committed 10880K, reserved 1058816K
  class space    used 1597K, capacity 1842K, committed 1920K, reserved 1048576K
}
2025-06-20T08:00:36.610+0300: 0.921: Total time for which application threads were stopped: 0.0017896 seconds, Stopping threads took: 0.0000188 seconds
{Heap before GC invocations=25 (full 0):
 PSYoungGen      total 8704K, used 7328K [0x00000000ff600000, 0x0000000100000000, 0x0000000100000000)
  eden space 7168K, 100% used [0x00000000ff600000,0x00000000ffd00000,0x00000000ffd00000)
  from space 1536K, 10% used [0x00000000ffe80000,0x00000000ffea8000,0x0000000100000000)
  to   space 1536K, 0% used [0x00000000ffd00000,0x00000000ffd00000,0x00000000ffe80000)
 ParOldGen       total 20480K, used 3163K [0x00000000fe200000, 0x00000000ff600000, 0x00000000ff600000)
  object space 20480K, 15% used [0x00000000fe200000,0x00000000fe516ea8,0x00000000ff600000)
 Metaspace       used 9735K, capacity 10926K, committed 11136K, reserved 1058816K
  class space    used 1631K, capacity 1888K, committed 1920K, reserved 1048576K
2025-06-20T08:00:36.632+0300: 0.942: [GC (Allocation Failure) 
Desired survivor size 1572864 bytes, new threshold 1 (max 15)
[PSYoungGen: 7328K->160K(8704K)] 10491K->3363K(29184K), 0.0019808 secs] [Times: user=0.01 sys=0.00, real=0.00 secs] 
Heap after GC invocations=25 (full 0):
 PSYoungGen      total 8704K, used 160K [0x00000000ff600000, 0x0000000100000000, 0x0000000100000000)
  eden space 7168K, 0% used [0x00000000ff600000,0x00000000ff600000,0x00000000ffd00000)
  from space 1536K, 10% used [0x00000000ffd00000,0x00000000ffd28000,0x00000000ffe80000)
  to   space 1536K, 0% used [0x00000000ffe80000,0x00000000ffe80000,0x0000000100000000)
 ParOldGen       total 20480K, used 3203K [0x00000000fe200000, 0x00000000ff600000, 0x00000000ff600000)
  object space 20480K, 15% used [0x00000000fe200000,0x00000000fe520ea8,0x00000000ff600000)
 Metaspace       used 9735K, capacity 10926K, committed 11136K, reserved 1058816K
  class space    used 1631K, capacity 1888K, committed 1920K, reserved 1048576K
}
2025-06-20T08:00:36.634+0300: 0.944: Total time for which application threads were stopped: 0.0020736 seconds, Stopping threads took: 0.0000180 seconds
{Heap before GC invocations=26 (full 0):
 PSYoungGen      total 8704K, used 7328K [0x00000000ff600000, 0x0000000100000000, 0x0000000100000000)
  eden space 7168K, 100% used [0x00000000ff600000,0x00000000ffd00000,0x00000000ffd00000)
  from space 1536K, 10% used [0x00000000ffd00000,0x00000000ffd28000,0x00000000ffe80000)
  to   space 1536K, 0% used [0x00000000ffe80000,0x00000000ffe80000,0x0000000100000000)
 ParOldGen       total 20480K, used 3203K [0x00000000fe200000, 0x00000000ff600000, 0x00000000ff600000)
  object space 20480K, 15% used [0x00000000fe200000,0x00000000fe520ea8,0x00000000ff600000)
 Metaspace       used 9820K, capacity 11064K, committed 11264K, reserved 1058816K
  class space    used 1666K, capacity 1934K, committed 2048K, reserved 1048576K
2025-06-20T08:00:36.654+0300: 0.965: [GC (Allocation Failure) 
Desired survivor size 1572864 bytes, new threshold 1 (max 15)
[PSYoungGen: 7328K->240K(8704K)] 10531K->3507K(29184K), 0.0010168 secs] [Times: user=0.00 sys=0.00, real=0.00 secs] 
Heap after GC invocations=26 (full 0):
 PSYoungGen      total 8704K, used 240K [0x00000000ff600000, 0x0000000100000000, 0x0000000100000000)
  eden space 7168K, 0% used [0x00000000ff600000,0x00000000ff600000,0x00000000ffd00000)
  from space 1536K, 15% used [0x00000000ffe80000,0x00000000ffebc010,0x0000000100000000)
  to   space 1536K, 0% used [0x00000000ffd00000,0x00000000ffd00000,0x00000000ffe80000)
 ParOldGen       total 20480K, used 3267K [0x00000000fe200000, 0x00000000ff600000, 0x00000000ff600000)
  object space 20480K, 15% used [0x00000000fe200000,0x00000000fe530ea8,0x00000000ff600000)
 Metaspace       used 9820K, capacity 11064K, committed 11264K, reserved 1058816K
  class space    used 1666K, capacity 1934K, committed 2048K, reserved 1048576K
}
2025-06-20T08:00:36.655+0300: 0.966: Total time for which application threads were stopped: 0.0010994 seconds, Stopping threads took: 0.0000194 seconds
{Heap before GC invocations=27 (full 0):
 PSYoungGen      total 8704K, used 7408K [0x00000000ff600000, 0x0000000100000000, 0x0000000100000000)
  eden space 7168K, 100% used [0x00000000ff600000,0x00000000ffd00000,0x00000000ffd00000)
  from space 1536K, 15% used [0x00000000ffe80000,0x00000000ffebc010,0x0000000100000000)
  to   space 1536K, 0% used [0x00000000ffd00000,0x00000000ffd00000,0x00000000ffe80000)
 ParOldGen       total 20480K, used 3267K [0x00000000fe200000, 0x00000000ff600000, 0x00000000ff600000)
  object space 20480K, 15% used [0x00000000fe200000,0x00000000fe530ea8,0x00000000ff600000)
 Metaspace       used 9909K, capacity 11208K, committed 11520K, reserved 1058816K
  class space    used 1702K, capacity 1982K, committed 2048K, reserved 1048576K
2025-06-20T08:00:36.674+0300: 0.984: [GC (Allocation Failure) 
Desired survivor size 1572864 bytes, new threshold 1 (max 15)
[PSYoungGen: 7408K->240K(8704K)] 10675K->3555K(29184K), 0.0010615 secs] [Times: user=0.01 sys=0.00, real=0.00 secs] 
Heap after GC invocations=27 (full 0):
 PSYoungGen      total 8704K, used 240K [0x00000000ff600000, 0x0000000100000000, 0x0000000100000000)
  eden space 7168K, 0% used [0x00000000ff600000,0x00000000ff600000,0x00000000ffd00000)
  from space 1536K, 15% used [0x00000000ffd00000,0x00000000ffd3c010,0x00000000ffe80000)
  to   space 1536K, 0% used [0x00000000ffe80000,0x00000000ffe80000,0x0000000100000000)
 ParOldGen       total 20480K, used 3315K [0x00000000fe200000, 0x00000000ff600000, 0x00000000ff600000)
  object space 20480K, 16% used [0x00000000fe200000,0x00000000fe53cea8,0x00000000ff600000)
 Metaspace       used 9909K, capacity 11208K, committed 11520K, reserved 1058816K
  class space    used 1702K, capacity 1982K, committed 2048K, reserved 1048576K
}
2025-06-20T08:00:36.675+0300: 0.985: Total time for which application threads were stopped: 0.0011380 seconds, Stopping threads took: 0.0000144 seconds
{Heap before GC invocations=28 (full 0):
 PSYoungGen      total 8704K, used 7408K [0x00000000ff600000, 0x0000000100000000, 0x0000000100000000)
  eden space 7168K, 100% used [0x00000000ff600000,0x00000000ffd00000,0x00000000ffd00000)
  from space 1536K, 15% used [0x00000000ffd00000,0x00000000ffd3c010,0x00000000ffe80000)
  to   space 1536K, 0% used [0x00000000ffe80000,0x00000000ffe80000,0x0000000100000000)
 ParOldGen       total 20480K, used 3315K [0x00000000fe200000, 0x00000000ff600000, 0x00000000ff600000)
  object space 20480K, 16% used [0x00000000fe200000,0x00000000fe53cea8,0x00000000ff600000)
 Metaspace       used 10229K, capacity 11614K, committed 11776K, reserved 1058816K
  class space    used 1737K, capacity 2028K, committed 2048K, reserved 1048576K
2025-06-20T08:00:36.696+0300: 1.006: [GC (Allocation Failure) 
Desired survivor size 1048576 bytes, new threshold 1 (max 15)
[PSYoungGen: 7408K->192K(7680K)] 10723K->3563K(28160K), 0.0011502 secs] [Times: user=0.00 sys=0.00, real=0.00 secs] 
Heap after GC invocations=28 (full 0):
 PSYoungGen      total 7680K, used 192K [0x00000000ff600000, 0x00000000fff00000, 0x0000000100000000)
  eden space 7168K, 0% used [0x00000000ff600000,0x00000000ff600000,0x00000000ffd00000)
  from space 512K, 37% used [0x00000000ffe80000,0x00000000ffeb0000,0x00000000fff00000)
  to   space 1024K, 0% used [0x00000000ffd00000,0x00000000ffd00000,0x00000000ffe00000)
 ParOldGen       total 20480K, used 3371K [0x00000000fe200000, 0x00000000ff600000, 0x00000000ff600000)
  object space 20480K, 16% used [0x00000000fe200000,0x00000000fe54aea8,0x00000000ff600000)
 Metaspace       used 10229K, capacity 11614K, committed 11776K, reserved 1058816K
  class space    used 1737K, capacity 2028K, committed 2048K, reserved 1048576K
}
2025-06-20T08:00:36.697+0300: 1.007: Total time for which application threads were stopped: 0.0012573 seconds, Stopping threads took: 0.0000465 seconds
{Heap before GC invocations=29 (full 0):
 PSYoungGen      total 7680K, used 7360K [0x00000000ff600000, 0x00000000fff00000, 0x0000000100000000)
  eden space 7168K, 100% used [0x00000000ff600000,0x00000000ffd00000,0x00000000ffd00000)
  from space 512K, 37% used [0x00000000ffe80000,0x00000000ffeb0000,0x00000000fff00000)
  to   space 1024K, 0% used [0x00000000ffd00000,0x00000000ffd00000,0x00000000ffe00000)
 ParOldGen       total 20480K, used 3371K [0x00000000fe200000, 0x00000000ff600000, 0x00000000ff600000)
  object space 20480K, 16% used [0x00000000fe200000,0x00000000fe54aea8,0x00000000ff600000)
 Metaspace       used 10318K, capacity 11752K, committed 11904K, reserved 1058816K
  class space    used 1772K, capacity 2074K, committed 2176K, reserved 1048576K
2025-06-20T08:00:36.718+0300: 1.029: [GC (Allocation Failure) 
Desired survivor size 1048576 bytes, new threshold 1 (max 15)
[PSYoungGen: 7360K->176K(8192K)] 10731K->3595K(28672K), 0.0019438 secs] [Times: user=0.01 sys=0.00, real=0.00 secs] 
Heap after GC invocations=29 (full 0):
 PSYoungGen      total 8192K, used 176K [0x00000000ff600000, 0x0000000100000000, 0x0000000100000000)
  eden space 7168K, 0% used [0x00000000ff600000,0x00000000ff600000,0x00000000ffd00000)
  from space 1024K, 17% used [0x00000000ffd00000,0x00000000ffd2c010,0x00000000ffe00000)
  to   space 1024K, 0% used [0x00000000fff00000,0x00000000fff00000,0x0000000100000000)
 ParOldGen       total 20480K, used 3419K [0x00000000fe200000, 0x00000000ff600000, 0x00000000ff600000)
  object space 20480K, 16% used [0x00000000fe200000,0x00000000fe556ea8,0x00000000ff600000)
 Metaspace       used 10318K, capacity 11752K, committed 11904K, reserved 1058816K
  class space    used 1772K, capacity 2074K, committed 2176K, reserved 1048576K
}
2025-06-20T08:00:36.720+0300: 1.031: Total time for which application threads were stopped: 0.0020550 seconds, Stopping threads took: 0.0000205 seconds
{Heap before GC invocations=30 (full 0):
 PSYoungGen      total 8192K, used 7336K [0x00000000ff600000, 0x0000000100000000, 0x0000000100000000)
  eden space 7168K, 99% used [0x00000000ff600000,0x00000000ffcfe1b8,0x00000000ffd00000)
  from space 1024K, 17% used [0x00000000ffd00000,0x00000000ffd2c010,0x00000000ffe00000)
  to   space 1024K, 0% used [0x00000000fff00000,0x00000000fff00000,0x0000000100000000)
 ParOldGen       total 20480K, used 3419K [0x00000000fe200000, 0x00000000ff600000, 0x00000000ff600000)
  object space 20480K, 16% used [0x00000000fe200000,0x00000000fe556ea8,0x00000000ff600000)
 Metaspace       used 10403K, capacity 11890K, committed 12160K, reserved 1058816K
  class space    used 1806K, capacity 2120K, committed 2176K, reserved 1048576K
2025-06-20T08:00:36.744+0300: 1.055: [GC (Allocation Failure) 
Desired survivor size 1048576 bytes, new threshold 1 (max 15)
[PSYoungGen: 7336K->128K(9216K)] 10756K->3587K(29696K), 0.0019304 secs] [Times: user=0.00 sys=0.00, real=0.00 secs] 
Heap after GC invocations=30 (full 0):
 PSYoungGen      total 9216K, used 128K [0x00000000ff600000, 0x0000000100000000, 0x0000000100000000)
  eden space 8192K, 0% used [0x00000000ff600000,0x00000000ff600000,0x00000000ffe00000)
  from space 1024K, 12% used [0x00000000fff00000,0x00000000fff20000,0x0000000100000000)
  to   space 1024K, 0% used [0x00000000ffe00000,0x00000000ffe00000,0x00000000fff00000)
 ParOldGen       total 20480K, used 3459K [0x00000000fe200000, 0x00000000ff600000, 0x00000000ff600000)
  object space 20480K, 16% used [0x00000000fe200000,0x00000000fe560ea8,0x00000000ff600000)
 Metaspace       used 10403K, capacity 11890K, committed 12160K, reserved 1058816K
  class space    used 1806K, capacity 2120K, committed 2176K, reserved 1048576K
}
2025-06-20T08:00:36.746+0300: 1.057: Total time for which application threads were stopped: 0.0020346 seconds, Stopping threads took: 0.0000191 seconds
{Heap before GC invocations=31 (full 0):
 PSYoungGen      total 9216K, used 8320K [0x00000000ff600000, 0x0000000100000000, 0x0000000100000000)
  eden space 8192K, 100% used [0x00000000ff600000,0x00000000ffe00000,0x00000000ffe00000)
  from space 1024K, 12% used [0x00000000fff00000,0x00000000fff20000,0x0000000100000000)
  to   space 1024K, 0% used [0x00000000ffe00000,0x00000000ffe00000,0x00000000fff00000)
 ParOldGen       total 20480K, used 3459K [0x00000000fe200000, 0x00000000ff600000, 0x00000000ff600000)
  object space 20480K, 16% used [0x00000000fe200000,0x00000000fe560ea8,0x00000000ff600000)
 Metaspace       used 10507K, capacity 12052K, committed 12160K, reserved 1058816K
  class space    used 1847K, capacity 2174K, committed 2176K, reserved 1048576K
2025-06-20T08:00:36.772+0300: 1.083: [GC (Allocation Failure) 
Desired survivor size 1048576 bytes, new threshold 1 (max 15)
[PSYoungGen: 8320K->128K(9216K)] 11779K->3635K(29696K), 0.0015573 secs] [Times: user=0.00 sys=0.00, real=0.00 secs] 
Heap after GC invocations=31 (full 0):
 PSYoungGen      total 9216K, used 128K [0x00000000ff600000, 0x0000000100000000, 0x0000000100000000)
  eden space 8192K, 0% used [0x00000000ff600000,0x00000000ff600000,0x00000000ffe00000)
  from space 1024K, 12% used [0x00000000ffe00000,0x00000000ffe20000,0x00000000fff00000)
  to   space 1024K, 0% used [0x00000000fff00000,0x00000000fff00000,0x0000000100000000)
 ParOldGen       total 20480K, used 3507K [0x00000000fe200000, 0x00000000ff600000, 0x00000000ff600000)
  object space 20480K, 17% used [0x00000000fe200000,0x00000000fe56cea8,0x00000000ff600000)
 Metaspace       used 10507K, capacity 12052K, committed 12160K, reserved 1058816K
  class space    used 1847K, capacity 2174K, committed 2176K, reserved 1048576K
}
2025-06-20T08:00:36.774+0300: 1.085: Total time for which application threads were stopped: 0.0016554 seconds, Stopping threads took: 0.0000223 seconds
{Heap before GC invocations=32 (full 0):
 PSYoungGen      total 9216K, used 8320K [0x00000000ff600000, 0x0000000100000000, 0x0000000100000000)
  eden space 8192K, 100% used [0x00000000ff600000,0x00000000ffe00000,0x00000000ffe00000)
  from space 1024K, 12% used [0x00000000ffe00000,0x00000000ffe20000,0x00000000fff00000)
  to   space 1024K, 0% used [0x00000000fff00000,0x00000000fff00000,0x0000000100000000)
 ParOldGen       total 20480K, used 3507K [0x00000000fe200000, 0x00000000ff600000, 0x00000000ff600000)
  object space 20480K, 17% used [0x00000000fe200000,0x00000000fe56cea8,0x00000000ff600000)
 Metaspace       used 10603K, capacity 12208K, committed 12288K, reserved 1058816K
  class space    used 1886K, capacity 2226K, committed 2304K, reserved 1048576K
2025-06-20T08:00:36.798+0300: 1.109: [GC (Allocation Failure) 
Desired survivor size 1048576 bytes, new threshold 1 (max 15)
[PSYoungGen: 8320K->224K(9216K)] 11827K->3787K(29696K), 0.0010379 secs] [Times: user=0.00 sys=0.00, real=0.00 secs] 
Heap after GC invocations=32 (full 0):
 PSYoungGen      total 9216K, used 224K [0x00000000ff600000, 0x0000000100000000, 0x0000000100000000)
  eden space 8192K, 0% used [0x00000000ff600000,0x00000000ff600000,0x00000000ffe00000)
  from space 1024K, 21% used [0x00000000fff00000,0x00000000fff38000,0x0000000100000000)
  to   space 1024K, 0% used [0x00000000ffe00000,0x00000000ffe00000,0x00000000fff00000)
 ParOldGen       total 20480K, used 3563K [0x00000000fe200000, 0x00000000ff600000, 0x00000000ff600000)
  object space 20480K, 17% used [0x00000000fe200000,0x00000000fe57aea8,0x00000000ff600000)
 Metaspace       used 10603K, capacity 12208K, committed 12288K, reserved 1058816K
  class space    used 1886K, capacity 2226K, committed 2304K, reserved 1048576K
}
2025-06-20T08:00:36.799+0300: 1.110: Total time for which application threads were stopped: 0.0011284 seconds, Stopping threads took: 0.0000176 seconds
{Heap before GC invocations=33 (full 0):
 PSYoungGen      total 9216K, used 8416K [0x00000000ff600000, 0x0000000100000000, 0x0000000100000000)
  eden space 8192K, 100% used [0x00000000ff600000,0x00000000ffe00000,0x00000000ffe00000)
  from space 1024K, 21% used [0x00000000fff00000,0x00000000fff38000,0x0000000100000000)
  to   space 1024K, 0% used [0x00000000ffe00000,0x00000000ffe00000,0x00000000fff00000)
 ParOldGen       total 20480K, used 3563K [0x00000000fe200000, 0x00000000ff600000, 0x00000000ff600000)
  object space 20480K, 17% used [0x00000000fe200000,0x00000000fe57aea8,0x00000000ff600000)
 Metaspace       used 10704K, capacity 12370K, committed 12544K, reserved 1058816K
  class space    used 1927K, capacity 2280K, committed 2304K, reserved 1048576K
2025-06-20T08:00:36.824+0300: 1.135: [GC (Allocation Failure) 
Desired survivor size 1048576 bytes, new threshold 1 (max 15)
[PSYoungGen: 8416K->160K(9216K)] 11979K->3779K(29696K), 0.0010659 secs] [Times: user=0.01 sys=0.00, real=0.00 secs] 
Heap after GC invocations=33 (full 0):
 PSYoungGen      total 9216K, used 160K [0x00000000ff600000, 0x0000000100000000, 0x0000000100000000)
  eden space 8192K, 0% used [0x00000000ff600000,0x00000000ff600000,0x00000000ffe00000)
  from space 1024K, 15% used [0x00000000ffe00000,0x00000000ffe28000,0x00000000fff00000)
  to   space 1024K, 0% used [0x00000000fff00000,0x00000000fff00000,0x0000000100000000)
 ParOldGen       total 20480K, used 3619K [0x00000000fe200000, 0x00000000ff600000, 0x00000000ff600000)
  object space 20480K, 17% used [0x00000000fe200000,0x00000000fe588ea8,0x00000000ff600000)
 Metaspace       used 10704K, capacity 12370K, committed 12544K, reserved 1058816K
  class space    used 1927K, capacity 2280K, committed 2304K, reserved 1048576K
}
2025-06-20T08:00:36.825+0300: 1.136: Total time for which application threads were stopped: 0.0011781 seconds, Stopping threads took: 0.0000209 seconds
2025-06-20T08:00:36.830+0300: 1.141: Total time for which application threads were stopped: 0.0002157 seconds, Stopping threads took: 0.0000192 seconds
2025-06-20T08:00:36.830+0300: 1.141: Total time for which application threads were stopped: 0.0002262 seconds, Stopping threads took: 0.0000660 seconds
{Heap before GC invocations=34 (full 0):
 PSYoungGen      total 9216K, used 8352K [0x00000000ff600000, 0x0000000100000000, 0x0000000100000000)
  eden space 8192K, 100% used [0x00000000ff600000,0x00000000ffe00000,0x00000000ffe00000)
  from space 1024K, 15% used [0x00000000ffe00000,0x00000000ffe28000,0x00000000fff00000)
  to   space 1024K, 0% used [0x00000000fff00000,0x00000000fff00000,0x0000000100000000)
 ParOldGen       total 20480K, used 3619K [0x00000000fe200000, 0x00000000ff600000, 0x00000000ff600000)
  object space 20480K, 17% used [0x00000000fe200000,0x00000000fe588ea8,0x00000000ff600000)
 Metaspace       used 11043K, capacity 12744K, committed 12928K, reserved 1060864K
  class space    used 1994K, capacity 2362K, committed 2432K, reserved 1048576K
2025-06-20T08:00:36.849+0300: 1.160: [GC (Allocation Failure) 
Desired survivor size 1048576 bytes, new threshold 1 (max 15)
[PSYoungGen: 8352K->272K(9216K)] 11971K->3939K(29696K), 0.0014648 secs] [Times: user=0.00 sys=0.00, real=0.00 secs] 
Heap after GC invocations=34 (full 0):
 PSYoungGen      total 9216K, used 272K [0x00000000ff600000, 0x0000000100000000, 0x0000000100000000)
  eden space 8192K, 0% used [0x00000000ff600000,0x00000000ff600000,0x00000000ffe00000)
  from space 1024K, 26% used [0x00000000fff00000,0x00000000fff44010,0x0000000100000000)
  to   space 1024K, 0% used [0x00000000ffe00000,0x00000000ffe00000,0x00000000fff00000)
 ParOldGen       total 20480K, used 3667K [0x00000000fe200000, 0x00000000ff600000, 0x00000000ff600000)
  object space 20480K, 17% used [0x00000000fe200000,0x00000000fe594ea8,0x00000000ff600000)
 Metaspace       used 11043K, capacity 12744K, committed 12928K, reserved 1060864K
  class space    used 1994K, capacity 2362K, committed 2432K, reserved 1048576K
}
2025-06-20T08:00:36.851+0300: 1.161: Total time for which application threads were stopped: 0.0015665 seconds, Stopping threads took: 0.0000185 seconds
{Heap before GC invocations=35 (full 0):
 PSYoungGen      total 9216K, used 8464K [0x00000000ff600000, 0x0000000100000000, 0x0000000100000000)
  eden space 8192K, 100% used [0x00000000ff600000,0x00000000ffe00000,0x00000000ffe00000)
  from space 1024K, 26% used [0x00000000fff00000,0x00000000fff44010,0x0000000100000000)
  to   space 1024K, 0% used [0x00000000ffe00000,0x00000000ffe00000,0x00000000fff00000)
 ParOldGen       total 20480K, used 3667K [0x00000000fe200000, 0x00000000ff600000, 0x00000000ff600000)
  object space 20480K, 17% used [0x00000000fe200000,0x00000000fe594ea8,0x00000000ff600000)
 Metaspace       used 11142K, capacity 12906K, committed 12928K, reserved 1060864K
  class space    used 2035K, capacity 2416K, committed 2432K, reserved 1048576K
2025-06-20T08:00:36.874+0300: 1.185: [GC (Allocation Failure) 
Desired survivor size 1048576 bytes, new threshold 1 (max 15)
[PSYoungGen: 8464K->128K(9216K)] 12131K->3988K(29696K), 0.0020042 secs] [Times: user=0.01 sys=0.00, real=0.00 secs] 
Heap after GC invocations=35 (full 0):
 PSYoungGen      total 9216K, used 128K [0x00000000ff600000, 0x0000000100000000, 0x0000000100000000)
  eden space 8192K, 0% used [0x00000000ff600000,0x00000000ff600000,0x00000000ffe00000)
  from space 1024K, 12% used [0x00000000ffe00000,0x00000000ffe20000,0x00000000fff00000)
  to   space 1024K, 0% used [0x00000000fff00000,0x00000000fff00000,0x0000000100000000)
 ParOldGen       total 20480K, used 3860K [0x00000000fe200000, 0x00000000ff600000, 0x00000000ff600000)
  object space 20480K, 18% used [0x00000000fe200000,0x00000000fe5c5230,0x00000000ff600000)
 Metaspace       used 11142K, capacity 12906K, committed 12928K, reserved 1060864K
  class space    used 2035K, capacity 2416K, committed 2432K, reserved 1048576K
}
2025-06-20T08:00:36.876+0300: 1.187: Total time for which application threads were stopped: 0.0020967 seconds, Stopping threads took: 0.0000156 seconds
{Heap before GC invocations=36 (full 0):
 PSYoungGen      total 9216K, used 8320K [0x00000000ff600000, 0x0000000100000000, 0x0000000100000000)
  eden space 8192K, 100% used [0x00000000ff600000,0x00000000ffe00000,0x00000000ffe00000)
  from space 1024K, 12% used [0x00000000ffe00000,0x00000000ffe20000,0x00000000fff00000)
  to   space 1024K, 0% used [0x00000000fff00000,0x00000000fff00000,0x0000000100000000)
 ParOldGen       total 20480K, used 3860K [0x00000000fe200000, 0x00000000ff600000, 0x00000000ff600000)
  object space 20480K, 18% used [0x00000000fe200000,0x00000000fe5c5230,0x00000000ff600000)
 Metaspace       used 11242K, capacity 13068K, committed 13312K, reserved 1060864K
  class space    used 2075K, capacity 2470K, committed 2560K, reserved 1048576K
2025-06-20T08:00:36.899+0300: 1.210: [GC (Allocation Failure) 
Desired survivor size 1048576 bytes, new threshold 1 (max 15)
[PSYoungGen: 8320K->192K(9216K)] 12180K->4100K(29696K), 0.0015395 secs] [Times: user=0.01 sys=0.00, real=0.00 secs] 
Heap after GC invocations=36 (full 0):
 PSYoungGen      total 9216K, used 192K [0x00000000ff600000, 0x0000000100000000, 0x0000000100000000)
  eden space 8192K, 0% used [0x00000000ff600000,0x00000000ff600000,0x00000000ffe00000)
  from space 1024K, 18% used [0x00000000fff00000,0x00000000fff30000,0x0000000100000000)
  to   space 1024K, 0% used [0x00000000ffe00000,0x00000000ffe00000,0x00000000fff00000)
 ParOldGen       total 20480K, used 3908K [0x00000000fe200000, 0x00000000ff600000, 0x00000000ff600000)
  object space 20480K, 19% used [0x00000000fe200000,0x00000000fe5d1230,0x00000000ff600000)
 Metaspace       used 11242K, capacity 13068K, committed 13312K, reserved 1060864K
  class space    used 2075K, capacity 2470K, committed 2560K, reserved 1048576K
}
2025-06-20T08:00:36.901+0300: 1.211: Total time for which application threads were stopped: 0.0016409 seconds, Stopping threads took: 0.0000164 seconds
{Heap before GC invocations=37 (full 0):
 PSYoungGen      total 9216K, used 8376K [0x00000000ff600000, 0x0000000100000000, 0x0000000100000000)
  eden space 8192K, 99% used [0x00000000ff600000,0x00000000ffdfe260,0x00000000ffe00000)
  from space 1024K, 18% used [0x00000000fff00000,0x00000000fff30000,0x0000000100000000)
  to   space 1024K, 0% used [0x00000000ffe00000,0x00000000ffe00000,0x00000000fff00000)
 ParOldGen       total 20480K, used 3908K [0x00000000fe200000, 0x00000000ff600000, 0x00000000ff600000)
  object space 20480K, 19% used [0x00000000fe200000,0x00000000fe5d1230,0x00000000ff600000)
 Metaspace       used 11338K, capacity 13224K, committed 13312K, reserved 1060864K
  class space    used 2114K, capacity 2522K, committed 2560K, reserved 1048576K
2025-06-20T08:00:36.923+0300: 1.234: [GC (Allocation Failure) 
Desired survivor size 1048576 bytes, new threshold 1 (max 15)
[PSYoungGen: 8376K->128K(9216K)] 12285K->4084K(29696K), 0.0016435 secs] [Times: user=0.01 sys=0.00, real=0.00 secs] 
Heap after GC invocations=37 (full 0):
 PSYoungGen      total 9216K, used 128K [0x00000000ff600000, 0x0000000100000000, 0x0000000100000000)
  eden space 8192K, 0% used [0x00000000ff600000,0x00000000ff600000,0x00000000ffe00000)
  from space 1024K, 12% used [0x00000000ffe00000,0x00000000ffe20000,0x00000000fff00000)
  to   space 1024K, 0% used [0x00000000fff00000,0x00000000fff00000,0x0000000100000000)
 ParOldGen       total 20480K, used 3956K [0x00000000fe200000, 0x00000000ff600000, 0x00000000ff600000)
  object space 20480K, 19% used [0x00000000fe200000,0x00000000fe5dd230,0x00000000ff600000)
 Metaspace       used 11338K, capacity 13224K, committed 13312K, reserved 1060864K
  class space    used 2114K, capacity 2522K, committed 2560K, reserved 1048576K
}
2025-06-20T08:00:36.925+0300: 1.236: Total time for which application threads were stopped: 0.0017413 seconds, Stopping threads took: 0.0000182 seconds
{Heap before GC invocations=38 (full 0):
 PSYoungGen      total 9216K, used 8320K [0x00000000ff600000, 0x0000000100000000, 0x0000000100000000)
  eden space 8192K, 100% used [0x00000000ff600000,0x00000000ffe00000,0x00000000ffe00000)
  from space 1024K, 12% used [0x00000000ffe00000,0x00000000ffe20000,0x00000000fff00000)
  to   space 1024K, 0% used [0x00000000fff00000,0x00000000fff00000,0x0000000100000000)
 ParOldGen       total 20480K, used 3956K [0x00000000fe200000, 0x00000000ff600000, 0x00000000ff600000)
  object space 20480K, 19% used [0x00000000fe200000,0x00000000fe5dd230,0x00000000ff600000)
 Metaspace       used 11440K, capacity 13386K, committed 13696K, reserved 1060864K
  class space    used 2155K, capacity 2576K, committed 2688K, reserved 1048576K
2025-06-20T08:00:36.950+0300: 1.260: [GC (Allocation Failure) 
Desired survivor size 1048576 bytes, new threshold 1 (max 15)
[PSYoungGen: 8320K->192K(9216K)] 12276K->4196K(29696K), 0.0013551 secs] [Times: user=0.01 sys=0.00, real=0.00 secs] 
Heap after GC invocations=38 (full 0):
 PSYoungGen      total 9216K, used 192K [0x00000000ff600000, 0x0000000100000000, 0x0000000100000000)
  eden space 8192K, 0% used [0x00000000ff600000,0x00000000ff600000,0x00000000ffe00000)
  from space 1024K, 18% used [0x00000000fff00000,0x00000000fff30000,0x0000000100000000)
  to   space 1024K, 0% used [0x00000000ffe00000,0x00000000ffe00000,0x00000000fff00000)
 ParOldGen       total 20480K, used 4004K [0x00000000fe200000, 0x00000000ff600000, 0x00000000ff600000)
  object space 20480K, 19% used [0x00000000fe200000,0x00000000fe5e9230,0x00000000ff600000)
 Metaspace       used 11440K, capacity 13386K, committed 13696K, reserved 1060864K
  class space    used 2155K, capacity 2576K, committed 2688K, reserved 1048576K
}
2025-06-20T08:00:36.951+0300: 1.262: Total time for which application threads were stopped: 0.0014552 seconds, Stopping threads took: 0.0000179 seconds
{Heap before GC invocations=39 (full 0):
 PSYoungGen      total 9216K, used 8384K [0x00000000ff600000, 0x0000000100000000, 0x0000000100000000)
  eden space 8192K, 100% used [0x00000000ff600000,0x00000000ffe00000,0x00000000ffe00000)
  from space 1024K, 18% used [0x00000000fff00000,0x00000000fff30000,0x0000000100000000)
  to   space 1024K, 0% used [0x00000000ffe00000,0x00000000ffe00000,0x00000000fff00000)
 ParOldGen       total 20480K, used 4004K [0x00000000fe200000, 0x00000000ff600000, 0x00000000ff600000)
  object space 20480K, 19% used [0x00000000fe200000,0x00000000fe5e9230,0x00000000ff600000)
 Metaspace       used 11536K, capacity 13542K, committed 13696K, reserved 1060864K
  class space    used 2194K, capacity 2628K, committed 2688K, reserved 1048576K
2025-06-20T08:00:36.974+0300: 1.284: [GC (Allocation Failure) 
Desired survivor size 1048576 bytes, new threshold 1 (max 15)
[PSYoungGen: 8384K->208K(9216K)] 12388K->4260K(29696K), 0.0011794 secs] [Times: user=0.01 sys=0.00, real=0.00 secs] 
Heap after GC invocations=39 (full 0):
 PSYoungGen      total 9216K, used 208K [0x00000000ff600000, 0x0000000100000000, 0x0000000100000000)
  eden space 8192K, 0% used [0x00000000ff600000,0x00000000ff600000,0x00000000ffe00000)
  from space 1024K, 20% used [0x00000000ffe00000,0x00000000ffe34010,0x00000000fff00000)
  to   space 1024K, 0% used [0x00000000fff00000,0x00000000fff00000,0x0000000100000000)
 ParOldGen       total 20480K, used 4052K [0x00000000fe200000, 0x00000000ff600000, 0x00000000ff600000)
  object space 20480K, 19% used [0x00000000fe200000,0x00000000fe5f5230,0x00000000ff600000)
 Metaspace       used 11536K, capacity 13542K, committed 13696K, reserved 1060864K
  class space    used 2194K, capacity 2628K, committed 2688K, reserved 1048576K
}
2025-06-20T08:00:36.975+0300: 1.286: Total time for which application threads were stopped: 0.0012933 seconds, Stopping threads took: 0.0000191 seconds
{Heap before GC invocations=40 (full 0):
 PSYoungGen      total 9216K, used 8400K [0x00000000ff600000, 0x0000000100000000, 0x0000000100000000)
  eden space 8192K, 100% used [0x00000000ff600000,0x00000000ffe00000,0x00000000ffe00000)
  from space 1024K, 20% used [0x00000000ffe00000,0x00000000ffe34010,0x00000000fff00000)
  to   space 1024K, 0% used [0x00000000fff00000,0x00000000fff00000,0x0000000100000000)
 ParOldGen       total 20480K, used 4052K [0x00000000fe200000, 0x00000000ff600000, 0x00000000ff600000)
  object space 20480K, 19% used [0x00000000fe200000,0x00000000fe5f5230,0x00000000ff600000)
 Metaspace       used 11636K, capacity 13704K, committed 13952K, reserved 1060864K
  class space    used 2235K, capacity 2682K, committed 2688K, reserved 1048576K
2025-06-20T08:00:37.000+0300: 1.310: [GC (Allocation Failure) 
Desired survivor size 1048576 bytes, new threshold 1 (max 15)
[PSYoungGen: 8400K->128K(9216K)] 12452K->4228K(29696K), 0.0009441 secs] [Times: user=0.00 sys=0.00, real=0.00 secs] 
Heap after GC invocations=40 (full 0):
 PSYoungGen      total 9216K, used 128K [0x00000000ff600000, 0x0000000100000000, 0x0000000100000000)
  eden space 8192K, 0% used [0x00000000ff600000,0x00000000ff600000,0x00000000ffe00000)
  from space 1024K, 12% used [0x00000000fff00000,0x00000000fff20000,0x0000000100000000)
  to   space 1024K, 0% used [0x00000000ffe00000,0x00000000ffe00000,0x00000000fff00000)
 ParOldGen       total 20480K, used 4100K [0x00000000fe200000, 0x00000000ff600000, 0x00000000ff600000)
  object space 20480K, 20% used [0x00000000fe200000,0x00000000fe601230,0x00000000ff600000)
 Metaspace       used 11636K, capacity 13704K, committed 13952K, reserved 1060864K
  class space    used 2235K, capacity 2682K, committed 2688K, reserved 1048576K
}
2025-06-20T08:00:37.001+0300: 1.311: Total time for which application threads were stopped: 0.0010340 seconds, Stopping threads took: 0.0000178 seconds
{Heap before GC invocations=41 (full 0):
 PSYoungGen      total 9216K, used 8320K [0x00000000ff600000, 0x0000000100000000, 0x0000000100000000)
  eden space 8192K, 100% used [0x00000000ff600000,0x00000000ffe00000,0x00000000ffe00000)
  from space 1024K, 12% used [0x00000000fff00000,0x00000000fff20000,0x0000000100000000)
  to   space 1024K, 0% used [0x00000000ffe00000,0x00000000ffe00000,0x00000000fff00000)
 ParOldGen       total 20480K, used 4100K [0x00000000fe200000, 0x00000000ff600000, 0x00000000ff600000)
  object space 20480K, 20% used [0x00000000fe200000,0x00000000fe601230,0x00000000ff600000)
 Metaspace       used 11735K, capacity 13866K, committed 14080K, reserved 1060864K
  class space    used 2276K, capacity 2736K, committed 2816K, reserved 1048576K
2025-06-20T08:00:37.024+0300: 1.334: [GC (Allocation Failure) 
Desired survivor size 524288 bytes, new threshold 1 (max 15)
[PSYoungGen: 8320K->144K(9216K)] 12420K->4289K(29696K), 0.0016362 secs] [Times: user=0.01 sys=0.01, real=0.00 secs] 
Heap after GC invocations=41 (full 0):
 PSYoungGen      total 9216K, used 144K [0x00000000ff600000, 0x00000000fff80000, 0x0000000100000000)
  eden space 8192K, 0% used [0x00000000ff600000,0x00000000ff600000,0x00000000ffe00000)
  from space 1024K, 14% used [0x00000000ffe00000,0x00000000ffe24010,0x00000000fff00000)
  to   space 512K, 0% used [0x00000000fff00000,0x00000000fff00000,0x00000000fff80000)
 ParOldGen       total 20480K, used 4145K [0x00000000fe200000, 0x00000000ff600000, 0x00000000ff600000)
  object space 20480K, 20% used [0x00000000fe200000,0x00000000fe60c588,0x00000000ff600000)
 Metaspace       used 11735K, capacity 13866K, committed 14080K, reserved 1060864K
  class space    used 2276K, capacity 2736K, committed 2816K, reserved 1048576K
}
2025-06-20T08:00:37.026+0300: 1.336: Total time for which application threads were stopped: 0.0017477 seconds, Stopping threads took: 0.0000222 seconds
{Heap before GC invocations=42 (full 0):
 PSYoungGen      total 9216K, used 8336K [0x00000000ff600000, 0x00000000fff80000, 0x0000000100000000)
  eden space 8192K, 100% used [0x00000000ff600000,0x00000000ffe00000,0x00000000ffe00000)
  from space 1024K, 14% used [0x00000000ffe00000,0x00000000ffe24010,0x00000000fff00000)
  to   space 512K, 0% used [0x00000000fff00000,0x00000000fff00000,0x00000000fff80000)
 ParOldGen       total 20480K, used 4145K [0x00000000fe200000, 0x00000000ff600000, 0x00000000ff600000)
  object space 20480K, 20% used [0x00000000fe200000,0x00000000fe60c588,0x00000000ff600000)
 Metaspace       used 11831K, capacity 14022K, committed 14080K, reserved 1060864K
  class space    used 2315K, capacity 2788K, committed 2816K, reserved 1048576K
2025-06-20T08:00:37.050+0300: 1.360: [GC (Allocation Failure) 
Desired survivor size 524288 bytes, new threshold 1 (max 15)
[PSYoungGen: 8336K->240K(9216K)] 12481K->4433K(29696K), 0.0020007 secs] [Times: user=0.01 sys=0.00, real=0.00 secs] 
Heap after GC invocations=42 (full 0):
 PSYoungGen      total 9216K, used 240K [0x00000000ff600000, 0x00000000fff80000, 0x0000000100000000)
  eden space 8704K, 0% used [0x00000000ff600000,0x00000000ff600000,0x00000000ffe80000)
  from space 512K, 46% used [0x00000000fff00000,0x00000000fff3c010,0x00000000fff80000)
  to   space 512K, 0% used [0x00000000ffe80000,0x00000000ffe80000,0x00000000fff00000)
 ParOldGen       total 20480K, used 4193K [0x00000000fe200000, 0x00000000ff600000, 0x00000000ff600000)
  object space 20480K, 20% used [0x00000000fe200000,0x00000000fe618588,0x00000000ff600000)
 Metaspace       used 11831K, capacity 14022K, committed 14080K, reserved 1060864K
  class space    used 2315K, capacity 2788K, committed 2816K, reserved 1048576K
}
2025-06-20T08:00:37.052+0300: 1.362: Total time for which application threads were stopped: 0.0021060 seconds, Stopping threads took: 0.0000189 seconds
{Heap before GC invocations=43 (full 0):
 PSYoungGen      total 9216K, used 8944K [0x00000000ff600000, 0x00000000fff80000, 0x0000000100000000)
  eden space 8704K, 100% used [0x00000000ff600000,0x00000000ffe80000,0x00000000ffe80000)
  from space 512K, 46% used [0x00000000fff00000,0x00000000fff3c010,0x00000000fff80000)
  to   space 512K, 0% used [0x00000000ffe80000,0x00000000ffe80000,0x00000000fff00000)
 ParOldGen       total 20480K, used 4193K [0x00000000fe200000, 0x00000000ff600000, 0x00000000ff600000)
  object space 20480K, 20% used [0x00000000fe200000,0x00000000fe618588,0x00000000ff600000)
 Metaspace       used 11947K, capacity 14196K, committed 14464K, reserved 1060864K
  class space    used 2359K, capacity 2846K, committed 2944K, reserved 1048576K
2025-06-20T08:00:37.079+0300: 1.390: [GC (Allocation Failure) 
Desired survivor size 524288 bytes, new threshold 1 (max 15)
[PSYoungGen: 8944K->160K(9216K)] 13137K->4409K(29696K), 0.0014842 secs] [Times: user=0.01 sys=0.00, real=0.00 secs] 
Heap after GC invocations=43 (full 0):
 PSYoungGen      total 9216K, used 160K [0x00000000ff600000, 0x0000000100000000, 0x0000000100000000)
  eden space 8704K, 0% used [0x00000000ff600000,0x00000000ff600000,0x00000000ffe80000)
  from space 512K, 31% used [0x00000000ffe80000,0x00000000ffea8000,0x00000000fff00000)
  to   space 512K, 0% used [0x00000000fff80000,0x00000000fff80000,0x0000000100000000)
 ParOldGen       total 20480K, used 4249K [0x00000000fe200000, 0x00000000ff600000, 0x00000000ff600000)
  object space 20480K, 20% used [0x00000000fe200000,0x00000000fe626588,0x00000000ff600000)
 Metaspace       used 11947K, capacity 14196K, committed 14464K, reserved 1060864K
  class space    used 2359K, capacity 2846K, committed 2944K, reserved 1048576K
}
2025-06-20T08:00:37.081+0300: 1.391: Total time for which application threads were stopped: 0.0015969 seconds, Stopping threads took: 0.0000213 seconds
{Heap before GC invocations=44 (full 0):
 PSYoungGen      total 9216K, used 8864K [0x00000000ff600000, 0x0000000100000000, 0x0000000100000000)
  eden space 8704K, 100% used [0x00000000ff600000,0x00000000ffe80000,0x00000000ffe80000)
  from space 512K, 31% used [0x00000000ffe80000,0x00000000ffea8000,0x00000000fff00000)
  to   space 512K, 0% used [0x00000000fff80000,0x00000000fff80000,0x0000000100000000)
 ParOldGen       total 20480K, used 4249K [0x00000000fe200000, 0x00000000ff600000, 0x00000000ff600000)
  object space 20480K, 20% used [0x00000000fe200000,0x00000000fe626588,0x00000000ff600000)
 Metaspace       used 12054K, capacity 14370K, committed 14464K, reserved 1060864K
  class space    used 2402K, capacity 2904K, committed 2944K, reserved 1048576K
2025-06-20T08:00:37.104+0300: 1.415: [GC (Allocation Failure) 
Desired survivor size 524288 bytes, new threshold 1 (max 15)
[PSYoungGen: 8864K->96K(9728K)] 13113K->4393K(30208K), 0.0016845 secs] [Times: user=0.01 sys=0.00, real=0.00 secs] 
Heap after GC invocations=44 (full 0):
 PSYoungGen      total 9728K, used 96K [0x00000000ff600000, 0x0000000100000000, 0x0000000100000000)
  eden space 9216K, 0% used [0x00000000ff600000,0x00000000ff600000,0x00000000fff00000)
  from space 512K, 18% used [0x00000000fff80000,0x00000000fff98000,0x0000000100000000)
  to   space 512K, 0% used [0x00000000fff00000,0x00000000fff00000,0x00000000fff80000)
 ParOldGen       total 20480K, used 4297K [0x00000000fe200000, 0x00000000ff600000, 0x00000000ff600000)
  object space 20480K, 20% used [0x00000000fe200000,0x00000000fe632588,0x00000000ff600000)
 Metaspace       used 12054K, capacity 14370K, committed 14464K, reserved 1060864K
  class space    used 2402K, capacity 2904K, committed 2944K, reserved 1048576K
}
2025-06-20T08:00:37.106+0300: 1.417: Total time for which application threads were stopped: 0.0017836 seconds, Stopping threads took: 0.0000204 seconds
{Heap before GC invocations=45 (full 0):
 PSYoungGen      total 9728K, used 9312K [0x00000000ff600000, 0x0000000100000000, 0x0000000100000000)
  eden space 9216K, 100% used [0x00000000ff600000,0x00000000fff00000,0x00000000fff00000)
  from space 512K, 18% used [0x00000000fff80000,0x00000000fff98000,0x0000000100000000)
  to   space 512K, 0% used [0x00000000fff00000,0x00000000fff00000,0x00000000fff80000)
 ParOldGen       total 20480K, used 4297K [0x00000000fe200000, 0x00000000ff600000, 0x00000000ff600000)
  object space 20480K, 20% used [0x00000000fe200000,0x00000000fe632588,0x00000000ff600000)
 Metaspace       used 12165K, capacity 14550K, committed 14848K, reserved 1060864K
  class space    used 2448K, capacity 2964K, committed 3072K, reserved 1048576K
2025-06-20T08:00:37.134+0300: 1.445: [GC (Allocation Failure) 
Desired survivor size 524288 bytes, new threshold 1 (max 15)
[PSYoungGen: 9312K->192K(9728K)] 13609K->4545K(30208K), 0.0010918 secs] [Times: user=0.01 sys=0.00, real=0.00 secs] 
Heap after GC invocations=45 (full 0):
 PSYoungGen      total 9728K, used 192K [0x00000000ff600000, 0x0000000100000000, 0x0000000100000000)
  eden space 9216K, 0% used [0x00000000ff600000,0x00000000ff600000,0x00000000fff00000)
  from space 512K, 37% used [0x00000000fff00000,0x00000000fff30000,0x00000000fff80000)
  to   space 512K, 0% used [0x00000000fff80000,0x00000000fff80000,0x0000000100000000)
 ParOldGen       total 20480K, used 4353K [0x00000000fe200000, 0x00000000ff600000, 0x00000000ff600000)
  object space 20480K, 21% used [0x00000000fe200000,0x00000000fe640588,0x00000000ff600000)
 Metaspace       used 12165K, capacity 14550K, committed 14848K, reserved 1060864K
  class space    used 2448K, capacity 2964K, committed 3072K, reserved 1048576K
}
2025-06-20T08:00:37.135+0300: 1.446: Total time for which application threads were stopped: 0.0011928 seconds, Stopping threads took: 0.0000182 seconds
{Heap before GC invocations=46 (full 0):
 PSYoungGen      total 9728K, used 9408K [0x00000000ff600000, 0x0000000100000000, 0x0000000100000000)
  eden space 9216K, 100% used [0x00000000ff600000,0x00000000fff00000,0x00000000fff00000)
  from space 512K, 37% used [0x00000000fff00000,0x00000000fff30000,0x00000000fff80000)
  to   space 512K, 0% used [0x00000000fff80000,0x00000000fff80000,0x0000000100000000)
 ParOldGen       total 20480K, used 4353K [0x00000000fe200000, 0x00000000ff600000, 0x00000000ff600000)
  object space 20480K, 21% used [0x00000000fe200000,0x00000000fe640588,0x00000000ff600000)
 Metaspace       used 12279K, capacity 14736K, committed 14848K, reserved 1060864K
  class space    used 2494K, capacity 3026K, committed 3072K, reserved 1048576K
2025-06-20T08:00:37.163+0300: 1.474: [GC (Allocation Failure) 
Desired survivor size 524288 bytes, new threshold 1 (max 15)
[PSYoungGen: 9408K->192K(9728K)] 13761K->4601K(30208K), 0.0010593 secs] [Times: user=0.00 sys=0.00, real=0.00 secs] 
Heap after GC invocations=46 (full 0):
 PSYoungGen      total 9728K, used 192K [0x00000000ff600000, 0x0000000100000000, 0x0000000100000000)
  eden space 9216K, 0% used [0x00000000ff600000,0x00000000ff600000,0x00000000fff00000)
  from space 512K, 37% used [0x00000000fff80000,0x00000000fffb0000,0x0000000100000000)
  to   space 512K, 0% used [0x00000000fff00000,0x00000000fff00000,0x00000000fff80000)
 ParOldGen       total 20480K, used 4409K [0x00000000fe200000, 0x00000000ff600000, 0x00000000ff600000)
  object space 20480K, 21% used [0x00000000fe200000,0x00000000fe64e588,0x00000000ff600000)
 Metaspace       used 12279K, capacity 14736K, committed 14848K, reserved 1060864K
  class space    used 2494K, capacity 3026K, committed 3072K, reserved 1048576K
}
2025-06-20T08:00:37.165+0300: 1.475: Total time for which application threads were stopped: 0.0011458 seconds, Stopping threads took: 0.0000177 seconds
{Heap before GC invocations=47 (full 0):
 PSYoungGen      total 9728K, used 9408K [0x00000000ff600000, 0x0000000100000000, 0x0000000100000000)
  eden space 9216K, 100% used [0x00000000ff600000,0x00000000fff00000,0x00000000fff00000)
  from space 512K, 37% used [0x00000000fff80000,0x00000000fffb0000,0x0000000100000000)
  to   space 512K, 0% used [0x00000000fff00000,0x00000000fff00000,0x00000000fff80000)
 ParOldGen       total 20480K, used 4409K [0x00000000fe200000, 0x00000000ff600000, 0x00000000ff600000)
  object space 20480K, 21% used [0x00000000fe200000,0x00000000fe64e588,0x00000000ff600000)
 Metaspace       used 12410K, capacity 14922K, committed 15232K, reserved 1060864K
  class space    used 2541K, capacity 3088K, committed 3200K, reserved 1048576K
2025-06-20T08:00:37.191+0300: 1.502: [GC (Allocation Failure) 
Desired survivor size 524288 bytes, new threshold 1 (max 15)
[PSYoungGen: 9408K->192K(9728K)] 13817K->4649K(30208K), 0.0015391 secs] [Times: user=0.01 sys=0.00, real=0.00 secs] 
Heap after GC invocations=47 (full 0):
 PSYoungGen      total 9728K, used 192K [0x00000000ff600000, 0x0000000100000000, 0x0000000100000000)
  eden space 9216K, 0% used [0x00000000ff600000,0x00000000ff600000,0x00000000fff00000)
  from space 512K, 37% used [0x00000000fff00000,0x00000000fff30000,0x00000000fff80000)
  to   space 512K, 0% used [0x00000000fff80000,0x00000000fff80000,0x0000000100000000)
 ParOldGen       total 20480K, used 4457K [0x00000000fe200000, 0x00000000ff600000, 0x00000000ff600000)
  object space 20480K, 21% used [0x00000000fe200000,0x00000000fe65a588,0x00000000ff600000)
 Metaspace       used 12410K, capacity 14922K, committed 15232K, reserved 1060864K
  class space    used 2541K, capacity 3088K, committed 3200K, reserved 1048576K
}
2025-06-20T08:00:37.193+0300: 1.503: Total time for which application threads were stopped: 0.0016402 seconds, Stopping threads took: 0.0000192 seconds
{Heap before GC invocations=48 (full 0):
 PSYoungGen      total 9728K, used 9408K [0x00000000ff600000, 0x0000000100000000, 0x0000000100000000)
  eden space 9216K, 100% used [0x00000000ff600000,0x00000000fff00000,0x00000000fff00000)
  from space 512K, 37% used [0x00000000fff00000,0x00000000fff30000,0x00000000fff80000)
  to   space 512K, 0% used [0x00000000fff80000,0x00000000fff80000,0x0000000100000000)
 ParOldGen       total 20480K, used 4457K [0x00000000fe200000, 0x00000000ff600000, 0x00000000ff600000)
  object space 20480K, 21% used [0x00000000fe200000,0x00000000fe65a588,0x00000000ff600000)
 Metaspace       used 12521K, capacity 15102K, committed 15232K, reserved 1060864K
  class space    used 2586K, capacity 3148K, committed 3200K, reserved 1048576K
2025-06-20T08:00:37.218+0300: 1.529: [GC (Allocation Failure) 
Desired survivor size 524288 bytes, new threshold 1 (max 15)
[PSYoungGen: 9408K->128K(9728K)] 13865K->4641K(30208K), 0.0017212 secs] [Times: user=0.00 sys=0.00, real=0.00 secs] 
Heap after GC invocations=48 (full 0):
 PSYoungGen      total 9728K, used 128K [0x00000000ff600000, 0x0000000100000000, 0x0000000100000000)
  eden space 9216K, 0% used [0x00000000ff600000,0x00000000ff600000,0x00000000fff00000)
  from space 512K, 25% used [0x00000000fff80000,0x00000000fffa0000,0x0000000100000000)
  to   space 512K, 0% used [0x00000000fff00000,0x00000000fff00000,0x00000000fff80000)
 ParOldGen       total 20480K, used 4513K [0x00000000fe200000, 0x00000000ff600000, 0x00000000ff600000)
  object space 20480K, 22% used [0x00000000fe200000,0x00000000fe668588,0x00000000ff600000)
 Metaspace       used 12521K, capacity 15102K, committed 15232K, reserved 1060864K
  class space    used 2586K, capacity 3148K, committed 3200K, reserved 1048576K
}
2025-06-20T08:00:37.220+0300: 1.530: Total time for which application threads were stopped: 0.0018146 seconds, Stopping threads took: 0.0000199 seconds
{Heap before GC invocations=49 (full 0):
 PSYoungGen      total 9728K, used 9344K [0x00000000ff600000, 0x0000000100000000, 0x0000000100000000)
  eden space 9216K, 100% used [0x00000000ff600000,0x00000000fff00000,0x00000000fff00000)
  from space 512K, 25% used [0x00000000fff80000,0x00000000fffa0000,0x0000000100000000)
  to   space 512K, 0% used [0x00000000fff00000,0x00000000fff00000,0x00000000fff80000)
 ParOldGen       total 20480K, used 4513K [0x00000000fe200000, 0x00000000ff600000, 0x00000000ff600000)
  object space 20480K, 22% used [0x00000000fe200000,0x00000000fe668588,0x00000000ff600000)
 Metaspace       used 12635K, capacity 15288K, committed 15616K, reserved 1060864K
  class space    used 2633K, capacity 3210K, committed 3328K, reserved 1048576K
2025-06-20T08:00:37.244+0300: 1.555: [GC (Allocation Failure) 
Desired survivor size 524288 bytes, new threshold 1 (max 15)
[PSYoungGen: 9344K->192K(9728K)] 13857K->4761K(30208K), 0.0015502 secs] [Times: user=0.00 sys=0.00, real=0.00 secs] 
Heap after GC invocations=49 (full 0):
 PSYoungGen      total 9728K, used 192K [0x00000000ff600000, 0x0000000100000000, 0x0000000100000000)
  eden space 9216K, 0% used [0x00000000ff600000,0x00000000ff600000,0x00000000fff00000)
  from space 512K, 37% used [0x00000000fff00000,0x00000000fff30000,0x00000000fff80000)
  to   space 512K, 0% used [0x00000000fff80000,0x00000000fff80000,0x0000000100000000)
 ParOldGen       total 20480K, used 4569K [0x00000000fe200000, 0x00000000ff600000, 0x00000000ff600000)
  object space 20480K, 22% used [0x00000000fe200000,0x00000000fe676588,0x00000000ff600000)
 Metaspace       used 12635K, capacity 15288K, committed 15616K, reserved 1060864K
  class space    used 2633K, capacity 3210K, committed 3328K, reserved 1048576K
}
2025-06-20T08:00:37.246+0300: 1.557: Total time for which application threads were stopped: 0.0016550 seconds, Stopping threads took: 0.0000196 seconds
{Heap before GC invocations=50 (full 0):
 PSYoungGen      total 9728K, used 9408K [0x00000000ff600000, 0x0000000100000000, 0x0000000100000000)
  eden space 9216K, 100% used [0x00000000ff600000,0x00000000fff00000,0x00000000fff00000)
  from space 512K, 37% used [0x00000000fff00000,0x00000000fff30000,0x00000000fff80000)
  to   space 512K, 0% used [0x00000000fff80000,0x00000000fff80000,0x0000000100000000)
 ParOldGen       total 20480K, used 4569K [0x00000000fe200000, 0x00000000ff600000, 0x00000000ff600000)
  object space 20480K, 22% used [0x00000000fe200000,0x00000000fe676588,0x00000000ff600000)
 Metaspace       used 12745K, capacity 15468K, committed 15616K, reserved 1060864K
  class space    used 2678K, capacity 3270K, committed 3328K, reserved 1048576K
2025-06-20T08:00:37.270+0300: 1.581: [GC (Allocation Failure) 
Desired survivor size 524288 bytes, new threshold 1 (max 15)
[PSYoungGen: 9408K->192K(9728K)] 13977K->4817K(30208K), 0.0011555 secs] [Times: user=0.00 sys=0.00, real=0.00 secs] 
Heap after GC invocations=50 (full 0):
 PSYoungGen      total 9728K, used 192K [0x00000000ff600000, 0x0000000100000000, 0x0000000100000000)
  eden space 9216K, 0% used [0x00000000ff600000,0x00000000ff600000,0x00000000fff00000)
  from space 512K, 37% used [0x00000000fff80000,0x00000000fffb0000,0x0000000100000000)
  to   space 512K, 0% used [0x00000000fff00000,0x00000000fff00000,0x00000000fff80000)
 ParOldGen       total 20480K, used 4625K [0x00000000fe200000, 0x00000000ff600000, 0x00000000ff600000)
  object space 20480K, 22% used [0x00000000fe200000,0x00000000fe684588,0x00000000ff600000)
 Metaspace       used 12745K, capacity 15468K, committed 15616K, reserved 1060864K
  class space    used 2678K, capacity 3270K, committed 3328K, reserved 1048576K
}
2025-06-20T08:00:37.271+0300: 1.582: Total time for which application threads were stopped: 0.0012556 seconds, Stopping threads took: 0.0000222 seconds
{Heap before GC invocations=51 (full 0):
 PSYoungGen      total 9728K, used 9408K [0x00000000ff600000, 0x0000000100000000, 0x0000000100000000)
  eden space 9216K, 100% used [0x00000000ff600000,0x00000000fff00000,0x00000000fff00000)
  from space 512K, 37% used [0x00000000fff80000,0x00000000fffb0000,0x0000000100000000)
  to   space 512K, 0% used [0x00000000fff00000,0x00000000fff00000,0x00000000fff80000)
 ParOldGen       total 20480K, used 4625K [0x00000000fe200000, 0x00000000ff600000, 0x00000000ff600000)
  object space 20480K, 22% used [0x00000000fe200000,0x00000000fe684588,0x00000000ff600000)
 Metaspace       used 12871K, capacity 15718K, committed 16000K, reserved 1062912K
  class space    used 2726K, capacity 3332K, committed 3456K, reserved 1048576K
2025-06-20T08:00:37.298+0300: 1.609: [GC (Allocation Failure) 
Desired survivor size 524288 bytes, new threshold 1 (max 15)
[PSYoungGen: 9408K->160K(9728K)] 14033K->4841K(30208K), 0.0010876 secs] [Times: user=0.01 sys=0.00, real=0.00 secs] 
Heap after GC invocations=51 (full 0):
 PSYoungGen      total 9728K, used 160K [0x00000000ff600000, 0x0000000100000000, 0x0000000100000000)
  eden space 9216K, 0% used [0x00000000ff600000,0x00000000ff600000,0x00000000fff00000)
  from space 512K, 31% used [0x00000000fff00000,0x00000000fff28000,0x00000000fff80000)
  to   space 512K, 0% used [0x00000000fff80000,0x00000000fff80000,0x0000000100000000)
 ParOldGen       total 20480K, used 4681K [0x00000000fe200000, 0x00000000ff600000, 0x00000000ff600000)
  object space 20480K, 22% used [0x00000000fe200000,0x00000000fe692588,0x00000000ff600000)
 Metaspace       used 12871K, capacity 15718K, committed 16000K, reserved 1062912K
  class space    used 2726K, capacity 3332K, committed 3456K, reserved 1048576K
}
2025-06-20T08:00:37.299+0300: 1.610: Total time for which application threads were stopped: 0.0011843 seconds, Stopping threads took: 0.0000191 seconds
{Heap before GC invocations=52 (full 0):
 PSYoungGen      total 9728K, used 9376K [0x00000000ff600000, 0x0000000100000000, 0x0000000100000000)
  eden space 9216K, 100% used [0x00000000ff600000,0x00000000fff00000,0x00000000fff00000)
  from space 512K, 31% used [0x00000000fff00000,0x00000000fff28000,0x00000000fff80000)
  to   space 512K, 0% used [0x00000000fff80000,0x00000000fff80000,0x0000000100000000)
 ParOldGen       total 20480K, used 4681K [0x00000000fe200000, 0x00000000ff600000, 0x00000000ff600000)
  object space 20480K, 22% used [0x00000000fe200000,0x00000000fe692588,0x00000000ff600000)
 Metaspace       used 12985K, capacity 15904K, committed 16000K, reserved 1062912K
  class space    used 2772K, capacity 3394K, committed 3456K, reserved 1048576K
2025-06-20T08:00:37.325+0300: 1.635: [GC (Allocation Failure) 
Desired survivor size 524288 bytes, new threshold 1 (max 15)
[PSYoungGen: 9376K->128K(9728K)] 14057K->4865K(30208K), 0.0017168 secs] [Times: user=0.01 sys=0.00, real=0.00 secs] 
Heap after GC invocations=52 (full 0):
 PSYoungGen      total 9728K, used 128K [0x00000000ff600000, 0x0000000100000000, 0x0000000100000000)
  eden space 9216K, 0% used [0x00000000ff600000,0x00000000ff600000,0x00000000fff00000)
  from space 512K, 25% used [0x00000000fff80000,0x00000000fffa0000,0x0000000100000000)
  to   space 512K, 0% used [0x00000000fff00000,0x00000000fff00000,0x00000000fff80000)
 ParOldGen       total 20480K, used 4737K [0x00000000fe200000, 0x00000000ff600000, 0x00000000ff600000)
  object space 20480K, 23% used [0x00000000fe200000,0x00000000fe6a0588,0x00000000ff600000)
 Metaspace       used 12985K, capacity 15904K, committed 16000K, reserved 1062912K
  class space    used 2772K, capacity 3394K, committed 3456K, reserved 1048576K
}
2025-06-20T08:00:37.326+0300: 1.637: Total time for which application threads were stopped: 0.0018852 seconds, Stopping threads took: 0.0000228 seconds
{Heap before GC invocations=53 (full 0):
 PSYoungGen      total 9728K, used 9344K [0x00000000ff600000, 0x0000000100000000, 0x0000000100000000)
  eden space 9216K, 100% used [0x00000000ff600000,0x00000000fff00000,0x00000000fff00000)
  from space 512K, 25% used [0x00000000fff80000,0x00000000fffa0000,0x0000000100000000)
  to   space 512K, 0% used [0x00000000fff00000,0x00000000fff00000,0x00000000fff80000)
 ParOldGen       total 20480K, used 4737K [0x00000000fe200000, 0x00000000ff600000, 0x00000000ff600000)
  object space 20480K, 23% used [0x00000000fe200000,0x00000000fe6a0588,0x00000000ff600000)
 Metaspace       used 13100K, capacity 16090K, committed 16256K, reserved 1062912K
  class space    used 2819K, capacity 3456K, committed 3456K, reserved 1048576K
2025-06-20T08:00:37.352+0300: 1.663: [GC (Allocation Failure) 
Desired survivor size 524288 bytes, new threshold 1 (max 15)
[PSYoungGen: 9344K->192K(9728K)] 14081K->4993K(30208K), 0.0010550 secs] [Times: user=0.00 sys=0.00, real=0.00 secs] 
Heap after GC invocations=53 (full 0):
 PSYoungGen      total 9728K, used 192K [0x00000000ff600000, 0x0000000100000000, 0x0000000100000000)
  eden space 9216K, 0% used [0x00000000ff600000,0x00000000ff600000,0x00000000fff00000)
  from space 512K, 37% used [0x00000000fff00000,0x00000000fff30000,0x00000000fff80000)
  to   space 512K, 0% used [0x00000000fff80000,0x00000000fff80000,0x0000000100000000)
 ParOldGen       total 20480K, used 4801K [0x00000000fe200000, 0x00000000ff600000, 0x00000000ff600000)
  object space 20480K, 23% used [0x00000000fe200000,0x00000000fe6b0588,0x00000000ff600000)
 Metaspace       used 13100K, capacity 16090K, committed 16256K, reserved 1062912K
  class space    used 2819K, capacity 3456K, committed 3456K, reserved 1048576K
}
2025-06-20T08:00:37.353+0300: 1.664: Total time for which application threads were stopped: 0.0011484 seconds, Stopping threads took: 0.0000178 seconds
{Heap before GC invocations=54 (full 0):
 PSYoungGen      total 9728K, used 9407K [0x00000000ff600000, 0x0000000100000000, 0x0000000100000000)
  eden space 9216K, 99% used [0x00000000ff600000,0x00000000ffefffd0,0x00000000fff00000)
  from space 512K, 37% used [0x00000000fff00000,0x00000000fff30000,0x00000000fff80000)
  to   space 512K, 0% used [0x00000000fff80000,0x00000000fff80000,0x0000000100000000)
 ParOldGen       total 20480K, used 4801K [0x00000000fe200000, 0x00000000ff600000, 0x00000000ff600000)
  object space 20480K, 23% used [0x00000000fe200000,0x00000000fe6b0588,0x00000000ff600000)
 Metaspace       used 13214K, capacity 16276K, committed 16384K, reserved 1062912K
  class space    used 2866K, capacity 3518K, committed 3584K, reserved 1048576K
2025-06-20T08:00:37.377+0300: 1.687: [GC (Allocation Failure) 
Desired survivor size 524288 bytes, new threshold 1 (max 15)
[PSYoungGen: 9407K->160K(9728K)] 14209K->5017K(30208K), 0.0011429 secs] [Times: user=0.00 sys=0.00, real=0.01 secs] 
Heap after GC invocations=54 (full 0):
 PSYoungGen      total 9728K, used 160K [0x00000000ff600000, 0x0000000100000000, 0x0000000100000000)
  eden space 9216K, 0% used [0x00000000ff600000,0x00000000ff600000,0x00000000fff00000)
  from space 512K, 31% used [0x00000000fff80000,0x00000000fffa8000,0x0000000100000000)
  to   space 512K, 0% used [0x00000000fff00000,0x00000000fff00000,0x00000000fff80000)
 ParOldGen       total 20480K, used 4857K [0x00000000fe200000, 0x00000000ff600000, 0x00000000ff600000)
  object space 20480K, 23% used [0x00000000fe200000,0x00000000fe6be588,0x00000000ff600000)
 Metaspace       used 13214K, capacity 16276K, committed 16384K, reserved 1062912K
  class space    used 2866K, capacity 3518K, committed 3584K, reserved 1048576K
}
2025-06-20T08:00:37.378+0300: 1.688: Total time for which application threads were stopped: 0.0012333 seconds, Stopping threads took: 0.0000153 seconds
{Heap before GC invocations=55 (full 0):
 PSYoungGen      total 9728K, used 9376K [0x00000000ff600000, 0x0000000100000000, 0x0000000100000000)
  eden space 9216K, 100% used [0x00000000ff600000,0x00000000fff00000,0x00000000fff00000)
  from space 512K, 31% used [0x00000000fff80000,0x00000000fffa8000,0x0000000100000000)
  to   space 512K, 0% used [0x00000000fff00000,0x00000000fff00000,0x00000000fff80000)
 ParOldGen       total 20480K, used 4857K [0x00000000fe200000, 0x00000000ff600000, 0x00000000ff600000)
  object space 20480K, 23% used [0x00000000fe200000,0x00000000fe6be588,0x00000000ff600000)
 Metaspace       used 13330K, capacity 16462K, committed 16640K, reserved 1062912K
  class space    used 2913K, capacity 3580K, committed 3584K, reserved 1048576K
2025-06-20T08:00:37.402+0300: 1.713: [GC (Allocation Failure) 
Desired survivor size 524288 bytes, new threshold 1 (max 15)
[PSYoungGen: 9376K->176K(9728K)] 14233K->5096K(30208K), 0.0011039 secs] [Times: user=0.01 sys=0.00, real=0.00 secs] 
Heap after GC invocations=55 (full 0):
 PSYoungGen      total 9728K, used 176K [0x00000000ff600000, 0x0000000100000000, 0x0000000100000000)
  eden space 9216K, 0% used [0x00000000ff600000,0x00000000ff600000,0x00000000fff00000)
  from space 512K, 34% used [0x00000000fff00000,0x00000000fff2c010,0x00000000fff80000)
  to   space 512K, 0% used [0x00000000fff80000,0x00000000fff80000,0x0000000100000000)
 ParOldGen       total 20480K, used 4920K [0x00000000fe200000, 0x00000000ff600000, 0x00000000ff600000)
  object space 20480K, 24% used [0x00000000fe200000,0x00000000fe6ce288,0x00000000ff600000)
 Metaspace       used 13330K, capacity 16462K, committed 16640K, reserved 1062912K
  class space    used 2913K, capacity 3580K, committed 3584K, reserved 1048576K
}
2025-06-20T08:00:37.403+0300: 1.714: Total time for which application threads were stopped: 0.0011915 seconds, Stopping threads took: 0.0000163 seconds
{Heap before GC invocations=56 (full 0):
 PSYoungGen      total 9728K, used 9392K [0x00000000ff600000, 0x0000000100000000, 0x0000000100000000)
  eden space 9216K, 100% used [0x00000000ff600000,0x00000000fff00000,0x00000000fff00000)
  from space 512K, 34% used [0x00000000fff00000,0x00000000fff2c010,0x00000000fff80000)
  to   space 512K, 0% used [0x00000000fff80000,0x00000000fff80000,0x0000000100000000)
 ParOldGen       total 20480K, used 4920K [0x00000000fe200000, 0x00000000ff600000, 0x00000000ff600000)
  object space 20480K, 24% used [0x00000000fe200000,0x00000000fe6ce288,0x00000000ff600000)
 Metaspace       used 13444K, capacity 16648K, committed 16768K, reserved 1062912K
  class space    used 2959K, capacity 3642K, committed 3712K, reserved 1048576K
2025-06-20T08:00:37.425+0300: 1.736: [GC (Allocation Failure) 
Desired survivor size 524288 bytes, new threshold 1 (max 15)
[PSYoungGen: 9392K->176K(9728K)] 14312K->5152K(30208K), 0.0011503 secs] [Times: user=0.00 sys=0.00, real=0.00 secs] 
Heap after GC invocations=56 (full 0):
 PSYoungGen      total 9728K, used 176K [0x00000000ff600000, 0x0000000100000000, 0x0000000100000000)
  eden space 9216K, 0% used [0x00000000ff600000,0x00000000ff600000,0x00000000fff00000)
  from space 512K, 34% used [0x00000000fff80000,0x00000000fffac010,0x0000000100000000)
  to   space 512K, 0% used [0x00000000fff00000,0x00000000fff00000,0x00000000fff80000)
 ParOldGen       total 20480K, used 4976K [0x00000000fe200000, 0x00000000ff600000, 0x00000000ff600000)
  object space 20480K, 24% used [0x00000000fe200000,0x00000000fe6dc288,0x00000000ff600000)
 Metaspace       used 13444K, capacity 16648K, committed 16768K, reserved 1062912K
  class space    used 2959K, capacity 3642K, committed 3712K, reserved 1048576K
}
2025-06-20T08:00:37.427+0300: 1.737: Total time for which application threads were stopped: 0.0012343 seconds, Stopping threads took: 0.0000165 seconds
{Heap before GC invocations=57 (full 0):
 PSYoungGen      total 9728K, used 9392K [0x00000000ff600000, 0x0000000100000000, 0x0000000100000000)
  eden space 9216K, 100% used [0x00000000ff600000,0x00000000fff00000,0x00000000fff00000)
  from space 512K, 34% used [0x00000000fff80000,0x00000000fffac010,0x0000000100000000)
  to   space 512K, 0% used [0x00000000fff00000,0x00000000fff00000,0x00000000fff80000)
 ParOldGen       total 20480K, used 4976K [0x00000000fe200000, 0x00000000ff600000, 0x00000000ff600000)
  object space 20480K, 24% used [0x00000000fe200000,0x00000000fe6dc288,0x00000000ff600000)
 Metaspace       used 13558K, capacity 16834K, committed 17024K, reserved 1062912K
  class space    used 3006K, capacity 3704K, committed 3712K, reserved 1048576K
2025-06-20T08:00:37.449+0300: 1.760: [GC (Allocation Failure) 
Desired survivor size 524288 bytes, new threshold 1 (max 15)
[PSYoungGen: 9392K->224K(9728K)] 14368K->5248K(30208K), 0.0011607 secs] [Times: user=0.00 sys=0.00, real=0.00 secs] 
Heap after GC invocations=57 (full 0):
 PSYoungGen      total 9728K, used 224K [0x00000000ff600000, 0x0000000100000000, 0x0000000100000000)
  eden space 9216K, 0% used [0x00000000ff600000,0x00000000ff600000,0x00000000fff00000)
  from space 512K, 43% used [0x00000000fff00000,0x00000000fff38000,0x00000000fff80000)
  to   space 512K, 0% used [0x00000000fff80000,0x00000000fff80000,0x0000000100000000)
 ParOldGen       total 20480K, used 5024K [0x00000000fe200000, 0x00000000ff600000, 0x00000000ff600000)
  object space 20480K, 24% used [0x00000000fe200000,0x00000000fe6e8288,0x00000000ff600000)
 Metaspace       used 13558K, capacity 16834K, committed 17024K, reserved 1062912K
  class space    used 3006K, capacity 3704K, committed 3712K, reserved 1048576K
}
2025-06-20T08:00:37.450+0300: 1.761: Total time for which application threads were stopped: 0.0012580 seconds, Stopping threads took: 0.0000154 seconds
{Heap before GC invocations=58 (full 0):
 PSYoungGen      total 9728K, used 9440K [0x00000000ff600000, 0x0000000100000000, 0x0000000100000000)
  eden space 9216K, 100% used [0x00000000ff600000,0x00000000fff00000,0x00000000fff00000)
  from space 512K, 43% used [0x00000000fff00000,0x00000000fff38000,0x00000000fff80000)
  to   space 512K, 0% used [0x00000000fff80000,0x00000000fff80000,0x0000000100000000)
 ParOldGen       total 20480K, used 5024K [0x00000000fe200000, 0x00000000ff600000, 0x00000000ff600000)
  object space 20480K, 24% used [0x00000000fe200000,0x00000000fe6e8288,0x00000000ff600000)
 Metaspace       used 13673K, capacity 17020K, committed 17152K, reserved 1062912K
  class space    used 3053K, capacity 3766K, committed 3840K, reserved 1048576K
2025-06-20T08:00:37.472+0300: 1.783: [GC (Allocation Failure) 
Desired survivor size 524288 bytes, new threshold 1 (max 15)
[PSYoungGen: 9440K->256K(9728K)] 14464K->5336K(30208K), 0.0010920 secs] [Times: user=0.01 sys=0.00, real=0.00 secs] 
Heap after GC invocations=58 (full 0):
 PSYoungGen      total 9728K, used 256K [0x00000000ff600000, 0x0000000100000000, 0x0000000100000000)
  eden space 9216K, 0% used [0x00000000ff600000,0x00000000ff600000,0x00000000fff00000)
  from space 512K, 50% used [0x00000000fff80000,0x00000000fffc0000,0x0000000100000000)
  to   space 512K, 0% used [0x00000000fff00000,0x00000000fff00000,0x00000000fff80000)
 ParOldGen       total 20480K, used 5080K [0x00000000fe200000, 0x00000000ff600000, 0x00000000ff600000)
  object space 20480K, 24% used [0x00000000fe200000,0x00000000fe6f6288,0x00000000ff600000)
 Metaspace       used 13673K, capacity 17020K, committed 17152K, reserved 1062912K
  class space    used 3053K, capacity 3766K, committed 3840K, reserved 1048576K
}
2025-06-20T08:00:37.473+0300: 1.784: Total time for which application threads were stopped: 0.0011800 seconds, Stopping threads took: 0.0000200 seconds
{Heap before GC invocations=59 (full 0):
 PSYoungGen      total 9728K, used 9472K [0x00000000ff600000, 0x0000000100000000, 0x0000000100000000)
  eden space 9216K, 100% used [0x00000000ff600000,0x00000000fff00000,0x00000000fff00000)
  from space 512K, 50% used [0x00000000fff80000,0x00000000fffc0000,0x0000000100000000)
  to   space 512K, 0% used [0x00000000fff00000,0x00000000fff00000,0x00000000fff80000)
 ParOldGen       total 20480K, used 5080K [0x00000000fe200000, 0x00000000ff600000, 0x00000000ff600000)
  object space 20480K, 24% used [0x00000000fe200000,0x00000000fe6f6288,0x00000000ff600000)
 Metaspace       used 13791K, capacity 17212K, committed 17408K, reserved 1062912K
  class space    used 3101K, capacity 3830K, committed 3840K, reserved 1048576K
2025-06-20T08:00:37.496+0300: 1.806: [GC (Allocation Failure) 
Desired survivor size 524288 bytes, new threshold 1 (max 15)
[PSYoungGen: 9472K->176K(9728K)] 14552K->5312K(30208K), 0.0016959 secs] [Times: user=0.01 sys=0.00, real=0.01 secs] 
Heap after GC invocations=59 (full 0):
 PSYoungGen      total 9728K, used 176K [0x00000000ff600000, 0x0000000100000000, 0x0000000100000000)
  eden space 9216K, 0% used [0x00000000ff600000,0x00000000ff600000,0x00000000fff00000)
  from space 512K, 34% used [0x00000000fff00000,0x00000000fff2c010,0x00000000fff80000)
  to   space 512K, 0% used [0x00000000fff80000,0x00000000fff80000,0x0000000100000000)
 ParOldGen       total 20480K, used 5136K [0x00000000fe200000, 0x00000000ff600000, 0x00000000ff600000)
  object space 20480K, 25% used [0x00000000fe200000,0x00000000fe704288,0x00000000ff600000)
 Metaspace       used 13791K, capacity 17212K, committed 17408K, reserved 1062912K
  class space    used 3101K, capacity 3830K, committed 3840K, reserved 1048576K
}
2025-06-20T08:00:37.498+0300: 1.808: Total time for which application threads were stopped: 0.0017940 seconds, Stopping threads took: 0.0000154 seconds
{Heap before GC invocations=60 (full 0):
 PSYoungGen      total 9728K, used 9392K [0x00000000ff600000, 0x0000000100000000, 0x0000000100000000)
  eden space 9216K, 100% used [0x00000000ff600000,0x00000000fff00000,0x00000000fff00000)
  from space 512K, 34% used [0x00000000fff00000,0x00000000fff2c010,0x00000000fff80000)
  to   space 512K, 0% used [0x00000000fff80000,0x00000000fff80000,0x0000000100000000)
 ParOldGen       total 20480K, used 5136K [0x00000000fe200000, 0x00000000ff600000, 0x00000000ff600000)
  object space 20480K, 25% used [0x00000000fe200000,0x00000000fe704288,0x00000000ff600000)
 Metaspace       used 13906K, capacity 17398K, committed 17536K, reserved 1062912K
  class space    used 3148K, capacity 3892K, committed 3968K, reserved 1048576K
2025-06-20T08:00:37.524+0300: 1.834: [GC (Allocation Failure) 
Desired survivor size 524288 bytes, new threshold 1 (max 15)
[PSYoungGen: 9392K->208K(9728K)] 14528K->5400K(30208K), 0.0015126 secs] [Times: user=0.01 sys=0.01, real=0.00 secs] 
Heap after GC invocations=60 (full 0):
 PSYoungGen      total 9728K, used 208K [0x00000000ff600000, 0x0000000100000000, 0x0000000100000000)
  eden space 9216K, 0% used [0x00000000ff600000,0x00000000ff600000,0x00000000fff00000)
  from space 512K, 40% used [0x00000000fff80000,0x00000000fffb4010,0x0000000100000000)
  to   space 512K, 0% used [0x00000000fff00000,0x00000000fff00000,0x00000000fff80000)
 ParOldGen       total 20480K, used 5192K [0x00000000fe200000, 0x00000000ff600000, 0x00000000ff600000)
  object space 20480K, 25% used [0x00000000fe200000,0x00000000fe712288,0x00000000ff600000)
 Metaspace       used 13906K, capacity 17398K, committed 17536K, reserved 1062912K
  class space    used 3148K, capacity 3892K, committed 3968K, reserved 1048576K
}
2025-06-20T08:00:37.525+0300: 1.836: Total time for which application threads were stopped: 0.0016822 seconds, Stopping threads took: 0.0000692 seconds
{Heap before GC invocations=61 (full 0):
 PSYoungGen      total 9728K, used 9424K [0x00000000ff600000, 0x0000000100000000, 0x0000000100000000)
  eden space 9216K, 100% used [0x00000000ff600000,0x00000000fff00000,0x00000000fff00000)
  from space 512K, 40% used [0x00000000fff80000,0x00000000fffb4010,0x0000000100000000)
  to   space 512K, 0% used [0x00000000fff00000,0x00000000fff00000,0x00000000fff80000)
 ParOldGen       total 20480K, used 5192K [0x00000000fe200000, 0x00000000ff600000, 0x00000000ff600000)
  object space 20480K, 25% used [0x00000000fe200000,0x00000000fe712288,0x00000000ff600000)
 Metaspace       used 14020K, capacity 17584K, committed 17792K, reserved 1062912K
  class space    used 3195K, capacity 3954K, committed 3968K, reserved 1048576K
2025-06-20T08:00:37.551+0300: 1.861: [GC (Allocation Failure) 
Desired survivor size 524288 bytes, new threshold 1 (max 15)
[PSYoungGen: 9424K->176K(9728K)] 14616K->5424K(30208K), 0.0015522 secs] [Times: user=0.00 sys=0.00, real=0.00 secs] 
Heap after GC invocations=61 (full 0):
 PSYoungGen      total 9728K, used 176K [0x00000000ff600000, 0x0000000100000000, 0x0000000100000000)
  eden space 9216K, 0% used [0x00000000ff600000,0x00000000ff600000,0x00000000fff00000)
  from space 512K, 34% used [0x00000000fff00000,0x00000000fff2c010,0x00000000fff80000)
  to   space 512K, 0% used [0x00000000fff80000,0x00000000fff80000,0x0000000100000000)
 ParOldGen       total 20480K, used 5248K [0x00000000fe200000, 0x00000000ff600000, 0x00000000ff600000)
  object space 20480K, 25% used [0x00000000fe200000,0x00000000fe720288,0x00000000ff600000)
 Metaspace       used 14020K, capacity 17584K, committed 17792K, reserved 1062912K
  class space    used 3195K, capacity 3954K, committed 3968K, reserved 1048576K
}
2025-06-20T08:00:37.552+0300: 1.863: Total time for which application threads were stopped: 0.0016598 seconds, Stopping threads took: 0.0000187 seconds
{Heap before GC invocations=62 (full 0):
 PSYoungGen      total 9728K, used 9392K [0x00000000ff600000, 0x0000000100000000, 0x0000000100000000)
  eden space 9216K, 100% used [0x00000000ff600000,0x00000000fff00000,0x00000000fff00000)
  from space 512K, 34% used [0x00000000fff00000,0x00000000fff2c010,0x00000000fff80000)
  to   space 512K, 0% used [0x00000000fff80000,0x00000000fff80000,0x0000000100000000)
 ParOldGen       total 20480K, used 5248K [0x00000000fe200000, 0x00000000ff600000, 0x00000000ff600000)
  object space 20480K, 25% used [0x00000000fe200000,0x00000000fe720288,0x00000000ff600000)
 Metaspace       used 14134K, capacity 17770K, committed 17920K, reserved 1062912K
  class space    used 3241K, capacity 4016K, committed 4096K, reserved 1048576K
2025-06-20T08:00:37.577+0300: 1.888: [GC (Allocation Failure) 
Desired survivor size 524288 bytes, new threshold 1 (max 15)
[PSYoungGen: 9392K->176K(9728K)] 14640K->5480K(30208K), 0.0017797 secs] [Times: user=0.01 sys=0.00, real=0.00 secs] 
Heap after GC invocations=62 (full 0):
 PSYoungGen      total 9728K, used 176K [0x00000000ff600000, 0x0000000100000000, 0x0000000100000000)
  eden space 9216K, 0% used [0x00000000ff600000,0x00000000ff600000,0x00000000fff00000)
  from space 512K, 34% used [0x00000000fff80000,0x00000000fffac010,0x0000000100000000)
  to   space 512K, 0% used [0x00000000fff00000,0x00000000fff00000,0x00000000fff80000)
 ParOldGen       total 20480K, used 5304K [0x00000000fe200000, 0x00000000ff600000, 0x00000000ff600000)
  object space 20480K, 25% used [0x00000000fe200000,0x00000000fe72e288,0x00000000ff600000)
 Metaspace       used 14134K, capacity 17770K, committed 17920K, reserved 1062912K
  class space    used 3241K, capacity 4016K, committed 4096K, reserved 1048576K
}
2025-06-20T08:00:37.579+0300: 1.890: Total time for which application threads were stopped: 0.0018797 seconds, Stopping threads took: 0.0000147 seconds
{Heap before GC invocations=63 (full 0):
 PSYoungGen      total 9728K, used 9392K [0x00000000ff600000, 0x0000000100000000, 0x0000000100000000)
  eden space 9216K, 100% used [0x00000000ff600000,0x00000000fff00000,0x00000000fff00000)
  from space 512K, 34% used [0x00000000fff80000,0x00000000fffac010,0x0000000100000000)
  to   space 512K, 0% used [0x00000000fff00000,0x00000000fff00000,0x00000000fff80000)
 ParOldGen       total 20480K, used 5304K [0x00000000fe200000, 0x00000000ff600000, 0x00000000ff600000)
  object space 20480K, 25% used [0x00000000fe200000,0x00000000fe72e288,0x00000000ff600000)
 Metaspace       used 14251K, capacity 17956K, committed 18176K, reserved 1062912K
  class space    used 3288K, capacity 4078K, committed 4096K, reserved 1048576K
2025-06-20T08:00:37.606+0300: 1.916: [GC (Allocation Failure) 
Desired survivor size 524288 bytes, new threshold 1 (max 15)
[PSYoungGen: 9392K->128K(9728K)] 14696K->5480K(30208K), 0.0014384 secs] [Times: user=0.01 sys=0.00, real=0.01 secs] 
Heap after GC invocations=63 (full 0):
 PSYoungGen      total 9728K, used 128K [0x00000000ff600000, 0x0000000100000000, 0x0000000100000000)
  eden space 9216K, 0% used [0x00000000ff600000,0x00000000ff600000,0x00000000fff00000)
  from space 512K, 25% used [0x00000000fff00000,0x00000000fff20000,0x00000000fff80000)
  to   space 512K, 0% used [0x00000000fff80000,0x00000000fff80000,0x0000000100000000)
 ParOldGen       total 20480K, used 5352K [0x00000000fe200000, 0x00000000ff600000, 0x00000000ff600000)
  object space 20480K, 26% used [0x00000000fe200000,0x00000000fe73a288,0x00000000ff600000)
 Metaspace       used 14251K, capacity 17956K, committed 18176K, reserved 1062912K
  class space    used 3288K, capacity 4078K, committed 4096K, reserved 1048576K
}
2025-06-20T08:00:37.607+0300: 1.918: Total time for which application threads were stopped: 0.0019653 seconds, Stopping threads took: 0.0000363 seconds
{Heap before GC invocations=64 (full 0):
 PSYoungGen      total 9728K, used 9344K [0x00000000ff600000, 0x0000000100000000, 0x0000000100000000)
  eden space 9216K, 100% used [0x00000000ff600000,0x00000000fff00000,0x00000000fff00000)
  from space 512K, 25% used [0x00000000fff00000,0x00000000fff20000,0x00000000fff80000)
  to   space 512K, 0% used [0x00000000fff80000,0x00000000fff80000,0x0000000100000000)
 ParOldGen       total 20480K, used 5352K [0x00000000fe200000, 0x00000000ff600000, 0x00000000ff600000)
  object space 20480K, 26% used [0x00000000fe200000,0x00000000fe73a288,0x00000000ff600000)
 Metaspace       used 14389K, capacity 18142K, committed 18304K, reserved 1062912K
  class space    used 3335K, capacity 4140K, committed 4224K, reserved 1048576K
2025-06-20T08:00:37.640+0300: 1.950: [GC (Allocation Failure) 
Desired survivor size 524288 bytes, new threshold 1 (max 15)
[PSYoungGen: 9344K->96K(9728K)] 14696K->5496K(30208K), 0.0020911 secs] [Times: user=0.00 sys=0.00, real=0.00 secs] 
Heap after GC invocations=64 (full 0):
 PSYoungGen      total 9728K, used 96K [0x00000000ff600000, 0x0000000100000000, 0x0000000100000000)
  eden space 9216K, 0% used [0x00000000ff600000,0x00000000ff600000,0x00000000fff00000)
  from space 512K, 18% used [0x00000000fff80000,0x00000000fff98000,0x0000000100000000)
  to   space 512K, 0% used [0x00000000fff00000,0x00000000fff00000,0x00000000fff80000)
 ParOldGen       total 20480K, used 5400K [0x00000000fe200000, 0x00000000ff600000, 0x00000000ff600000)
  object space 20480K, 26% used [0x00000000fe200000,0x00000000fe746288,0x00000000ff600000)
 Metaspace       used 14389K, capacity 18142K, committed 18304K, reserved 1062912K
  class space    used 3335K, capacity 4140K, committed 4224K, reserved 1048576K
}
2025-06-20T08:00:37.642+0300: 1.953: Total time for which application threads were stopped: 0.0022333 seconds, Stopping threads took: 0.0000235 seconds
{Heap before GC invocations=65 (full 0):
 PSYoungGen      total 9728K, used 9312K [0x00000000ff600000, 0x0000000100000000, 0x0000000100000000)
  eden space 9216K, 100% used [0x00000000ff600000,0x00000000fff00000,0x00000000fff00000)
  from space 512K, 18% used [0x00000000fff80000,0x00000000fff98000,0x0000000100000000)
  to   space 512K, 0% used [0x00000000fff00000,0x00000000fff00000,0x00000000fff80000)
 ParOldGen       total 20480K, used 5400K [0x00000000fe200000, 0x00000000ff600000, 0x00000000ff600000)
  object space 20480K, 26% used [0x00000000fe200000,0x00000000fe746288,0x00000000ff600000)
 Metaspace       used 14503K, capacity 18328K, committed 18560K, reserved 1062912K
  class space    used 3381K, capacity 4202K, committed 4224K, reserved 1048576K
2025-06-20T08:00:37.666+0300: 1.976: [GC (Allocation Failure) 
Desired survivor size 524288 bytes, new threshold 1 (max 15)
[PSYoungGen: 9312K->128K(9728K)] 14712K->5576K(30208K), 0.0016978 secs] [Times: user=0.00 sys=0.00, real=0.01 secs] 
Heap after GC invocations=65 (full 0):
 PSYoungGen      total 9728K, used 128K [0x00000000ff600000, 0x0000000100000000, 0x0000000100000000)
  eden space 9216K, 0% used [0x00000000ff600000,0x00000000ff600000,0x00000000fff00000)
  from space 512K, 25% used [0x00000000fff00000,0x00000000fff20000,0x00000000fff80000)
  to   space 512K, 0% used [0x00000000fff80000,0x00000000fff80000,0x0000000100000000)
 ParOldGen       total 20480K, used 5448K [0x00000000fe200000, 0x00000000ff600000, 0x00000000ff600000)
  object space 20480K, 26% used [0x00000000fe200000,0x00000000fe752288,0x00000000ff600000)
 Metaspace       used 14503K, capacity 18328K, committed 18560K, reserved 1062912K
  class space    used 3381K, capacity 4202K, committed 4224K, reserved 1048576K
}
2025-06-20T08:00:37.667+0300: 1.978: Total time for which application threads were stopped: 0.0017899 seconds, Stopping threads took: 0.0000180 seconds
{Heap before GC invocations=66 (full 0):
 PSYoungGen      total 9728K, used 9342K [0x00000000ff600000, 0x0000000100000000, 0x0000000100000000)
  eden space 9216K, 99% used [0x00000000ff600000,0x00000000ffeff830,0x00000000fff00000)
  from space 512K, 25% used [0x00000000fff00000,0x00000000fff20000,0x00000000fff80000)
  to   space 512K, 0% used [0x00000000fff80000,0x00000000fff80000,0x0000000100000000)
 ParOldGen       total 20480K, used 5448K [0x00000000fe200000, 0x00000000ff600000, 0x00000000ff600000)
  object space 20480K, 26% used [0x00000000fe200000,0x00000000fe752288,0x00000000ff600000)
 Metaspace       used 14617K, capacity 18514K, committed 18688K, reserved 1062912K
  class space    used 3428K, capacity 4264K, committed 4352K, reserved 1048576K
2025-06-20T08:00:37.691+0300: 2.002: [GC (Allocation Failure) 
Desired survivor size 524288 bytes, new threshold 1 (max 15)
[PSYoungGen: 9342K->128K(9728K)] 14790K->5624K(30208K), 0.0019976 secs] [Times: user=0.01 sys=0.00, real=0.00 secs] 
Heap after GC invocations=66 (full 0):
 PSYoungGen      total 9728K, used 128K [0x00000000ff600000, 0x0000000100000000, 0x0000000100000000)
  eden space 9216K, 0% used [0x00000000ff600000,0x00000000ff600000,0x00000000fff00000)
  from space 512K, 25% used [0x00000000fff80000,0x00000000fffa0000,0x0000000100000000)
  to   space 512K, 0% used [0x00000000fff00000,0x00000000fff00000,0x00000000fff80000)
 ParOldGen       total 20480K, used 5496K [0x00000000fe200000, 0x00000000ff600000, 0x00000000ff600000)
  object space 20480K, 26% used [0x00000000fe200000,0x00000000fe75e288,0x00000000ff600000)
 Metaspace       used 14617K, capacity 18514K, committed 18688K, reserved 1062912K
  class space    used 3428K, capacity 4264K, committed 4352K, reserved 1048576K
}
2025-06-20T08:00:37.693+0300: 2.004: Total time for which application threads were stopped: 0.0021043 seconds, Stopping threads took: 0.0000205 seconds
{Heap before GC invocations=67 (full 0):
 PSYoungGen      total 9728K, used 9344K [0x00000000ff600000, 0x0000000100000000, 0x0000000100000000)
  eden space 9216K, 100% used [0x00000000ff600000,0x00000000fff00000,0x00000000fff00000)
  from space 512K, 25% used [0x00000000fff80000,0x00000000fffa0000,0x0000000100000000)
  to   space 512K, 0% used [0x00000000fff00000,0x00000000fff00000,0x00000000fff80000)
 ParOldGen       total 20480K, used 5496K [0x00000000fe200000, 0x00000000ff600000, 0x00000000ff600000)
  object space 20480K, 26% used [0x00000000fe200000,0x00000000fe75e288,0x00000000ff600000)
 Metaspace       used 14732K, capacity 18700K, committed 18944K, reserved 1064960K
  class space    used 3475K, capacity 4326K, committed 4352K, reserved 1048576K
2025-06-20T08:00:37.716+0300: 2.027: [GC (Allocation Failure) 
Desired survivor size 524288 bytes, new threshold 1 (max 15)
[PSYoungGen: 9344K->144K(9728K)] 14840K->5696K(30208K), 0.0014993 secs] [Times: user=0.01 sys=0.00, real=0.01 secs] 
Heap after GC invocations=67 (full 0):
 PSYoungGen      total 9728K, used 144K [0x00000000ff600000, 0x0000000100000000, 0x0000000100000000)
  eden space 9216K, 0% used [0x00000000ff600000,0x00000000ff600000,0x00000000fff00000)
  from space 512K, 28% used [0x00000000fff00000,0x00000000fff24010,0x00000000fff80000)
  to   space 512K, 0% used [0x00000000fff80000,0x00000000fff80000,0x0000000100000000)
 ParOldGen       total 20480K, used 5552K [0x00000000fe200000, 0x00000000ff600000, 0x00000000ff600000)
  object space 20480K, 27% used [0x00000000fe200000,0x00000000fe76c288,0x00000000ff600000)
 Metaspace       used 14732K, capacity 18700K, committed 18944K, reserved 1064960K
  class space    used 3475K, capacity 4326K, committed 4352K, reserved 1048576K
}
2025-06-20T08:00:37.718+0300: 2.028: Total time for which application threads were stopped: 0.0015973 seconds, Stopping threads took: 0.0000174 seconds
{Heap before GC invocations=68 (full 0):
 PSYoungGen      total 9728K, used 9360K [0x00000000ff600000, 0x0000000100000000, 0x0000000100000000)
  eden space 9216K, 100% used [0x00000000ff600000,0x00000000fff00000,0x00000000fff00000)
  from space 512K, 28% used [0x00000000fff00000,0x00000000fff24010,0x00000000fff80000)
  to   space 512K, 0% used [0x00000000fff80000,0x00000000fff80000,0x0000000100000000)
 ParOldGen       total 20480K, used 5552K [0x00000000fe200000, 0x00000000ff600000, 0x00000000ff600000)
  object space 20480K, 27% used [0x00000000fe200000,0x00000000fe76c288,0x00000000ff600000)
 Metaspace       used 14851K, capacity 18886K, committed 19072K, reserved 1064960K
  class space    used 3522K, capacity 4388K, committed 4480K, reserved 1048576K
2025-06-20T08:00:37.744+0300: 2.055: [GC (Allocation Failure) 
Desired survivor size 524288 bytes, new threshold 1 (max 15)
[PSYoungGen: 9360K->160K(9728K)] 14912K->5760K(30208K), 0.0017972 secs] [Times: user=0.01 sys=0.00, real=0.00 secs] 
Heap after GC invocations=68 (full 0):
 PSYoungGen      total 9728K, used 160K [0x00000000ff600000, 0x0000000100000000, 0x0000000100000000)
  eden space 9216K, 0% used [0x00000000ff600000,0x00000000ff600000,0x00000000fff00000)
  from space 512K, 31% used [0x00000000fff80000,0x00000000fffa8000,0x0000000100000000)
  to   space 512K, 0% used [0x00000000fff00000,0x00000000fff00000,0x00000000fff80000)
 ParOldGen       total 20480K, used 5600K [0x00000000fe200000, 0x00000000ff600000, 0x00000000ff600000)
  object space 20480K, 27% used [0x00000000fe200000,0x00000000fe778288,0x00000000ff600000)
 Metaspace       used 14851K, capacity 18886K, committed 19072K, reserved 1064960K
  class space    used 3522K, capacity 4388K, committed 4480K, reserved 1048576K
}
2025-06-20T08:00:37.746+0300: 2.057: Total time for which application threads were stopped: 0.0019110 seconds, Stopping threads took: 0.0000233 seconds
{Heap before GC invocations=69 (full 0):
 PSYoungGen      total 9728K, used 9376K [0x00000000ff600000, 0x0000000100000000, 0x0000000100000000)
  eden space 9216K, 100% used [0x00000000ff600000,0x00000000fff00000,0x00000000fff00000)
  from space 512K, 31% used [0x00000000fff80000,0x00000000fffa8000,0x0000000100000000)
  to   space 512K, 0% used [0x00000000fff00000,0x00000000fff00000,0x00000000fff80000)
 ParOldGen       total 20480K, used 5600K [0x00000000fe200000, 0x00000000ff600000, 0x00000000ff600000)
  object space 20480K, 27% used [0x00000000fe200000,0x00000000fe778288,0x00000000ff600000)
 Metaspace       used 14966K, capacity 19072K, committed 19328K, reserved 1064960K
  class space    used 3568K, capacity 4450K, committed 4480K, reserved 1048576K
2025-06-20T08:00:37.770+0300: 2.080: [GC (Allocation Failure) 
Desired survivor size 524288 bytes, new threshold 1 (max 15)
[PSYoungGen: 9376K->176K(9728K)] 14976K->5832K(30208K), 0.0015575 secs] [Times: user=0.00 sys=0.00, real=0.00 secs] 
Heap after GC invocations=69 (full 0):
 PSYoungGen      total 9728K, used 176K [0x00000000ff600000, 0x0000000100000000, 0x0000000100000000)
  eden space 9216K, 0% used [0x00000000ff600000,0x00000000ff600000,0x00000000fff00000)
  from space 512K, 34% used [0x00000000fff00000,0x00000000fff2c010,0x00000000fff80000)
  to   space 512K, 0% used [0x00000000fff80000,0x00000000fff80000,0x0000000100000000)
 ParOldGen       total 20480K, used 5656K [0x00000000fe200000, 0x00000000ff600000, 0x00000000ff600000)
  object space 20480K, 27% used [0x00000000fe200000,0x00000000fe786288,0x00000000ff600000)
 Metaspace       used 14966K, capacity 19072K, committed 19328K, reserved 1064960K
  class space    used 3568K, capacity 4450K, committed 4480K, reserved 1048576K
}
2025-06-20T08:00:37.771+0300: 2.082: Total time for which application threads were stopped: 0.0016664 seconds, Stopping threads took: 0.0000234 seconds
{Heap before GC invocations=70 (full 0):
 PSYoungGen      total 9728K, used 9392K [0x00000000ff600000, 0x0000000100000000, 0x0000000100000000)
  eden space 9216K, 100% used [0x00000000ff600000,0x00000000fff00000,0x00000000fff00000)
  from space 512K, 34% used [0x00000000fff00000,0x00000000fff2c010,0x00000000fff80000)
  to   space 512K, 0% used [0x00000000fff80000,0x00000000fff80000,0x0000000100000000)
 ParOldGen       total 20480K, used 5656K [0x00000000fe200000, 0x00000000ff600000, 0x00000000ff600000)
  object space 20480K, 27% used [0x00000000fe200000,0x00000000fe786288,0x00000000ff600000)
 Metaspace       used 15080K, capacity 19258K, committed 19456K, reserved 1064960K
  class space    used 3615K, capacity 4512K, committed 4608K, reserved 1048576K
2025-06-20T08:00:37.794+0300: 2.105: [GC (Allocation Failure) 
Desired survivor size 524288 bytes, new threshold 1 (max 15)
[PSYoungGen: 9392K->192K(9728K)] 15048K->5904K(30208K), 0.0059183 secs] [Times: user=0.02 sys=0.00, real=0.01 secs] 
Heap after GC invocations=70 (full 0):
 PSYoungGen      total 9728K, used 192K [0x00000000ff600000, 0x0000000100000000, 0x0000000100000000)
  eden space 9216K, 0% used [0x00000000ff600000,0x00000000ff600000,0x00000000fff00000)
  from space 512K, 37% used [0x00000000fff80000,0x00000000fffb0000,0x0000000100000000)
  to   space 512K, 0% used [0x00000000fff00000,0x00000000fff00000,0x00000000fff80000)
 ParOldGen       total 20480K, used 5712K [0x00000000fe200000, 0x00000000ff600000, 0x00000000ff600000)
  object space 20480K, 27% used [0x00000000fe200000,0x00000000fe794288,0x00000000ff600000)
 Metaspace       used 15080K, capacity 19258K, committed 19456K, reserved 1064960K
  class space    used 3615K, capacity 4512K, committed 4608K, reserved 1048576K
}
2025-06-20T08:00:37.800+0300: 2.111: Total time for which application threads were stopped: 0.0060350 seconds, Stopping threads took: 0.0000196 seconds
{Heap before GC invocations=71 (full 0):
 PSYoungGen      total 9728K, used 9408K [0x00000000ff600000, 0x0000000100000000, 0x0000000100000000)
  eden space 9216K, 100% used [0x00000000ff600000,0x00000000fff00000,0x00000000fff00000)
  from space 512K, 37% used [0x00000000fff80000,0x00000000fffb0000,0x0000000100000000)
  to   space 512K, 0% used [0x00000000fff00000,0x00000000fff00000,0x00000000fff80000)
 ParOldGen       total 20480K, used 5712K [0x00000000fe200000, 0x00000000ff600000, 0x00000000ff600000)
  object space 20480K, 27% used [0x00000000fe200000,0x00000000fe794288,0x00000000ff600000)
 Metaspace       used 15198K, capacity 19450K, committed 19712K, reserved 1064960K
  class space    used 3663K, capacity 4576K, committed 4608K, reserved 1048576K
2025-06-20T08:00:37.828+0300: 2.138: [GC (Allocation Failure) 
Desired survivor size 524288 bytes, new threshold 1 (max 15)
[PSYoungGen: 9408K->160K(9728K)] 15120K->5928K(30208K), 0.0019895 secs] [Times: user=0.00 sys=0.00, real=0.00 secs] 
Heap after GC invocations=71 (full 0):
 PSYoungGen      total 9728K, used 160K [0x00000000ff600000, 0x0000000100000000, 0x0000000100000000)
  eden space 9216K, 0% used [0x00000000ff600000,0x00000000ff600000,0x00000000fff00000)
  from space 512K, 31% used [0x00000000fff00000,0x00000000fff28000,0x00000000fff80000)
  to   space 512K, 0% used [0x00000000fff80000,0x00000000fff80000,0x0000000100000000)
 ParOldGen       total 20480K, used 5768K [0x00000000fe200000, 0x00000000ff600000, 0x00000000ff600000)
  object space 20480K, 28% used [0x00000000fe200000,0x00000000fe7a2288,0x00000000ff600000)
 Metaspace       used 15198K, capacity 19450K, committed 19712K, reserved 1064960K
  class space    used 3663K, capacity 4576K, committed 4608K, reserved 1048576K
}
2025-06-20T08:00:37.830+0300: 2.140: Total time for which application threads were stopped: 0.0020993 seconds, Stopping threads took: 0.0000162 seconds
{Heap before GC invocations=72 (full 0):
 PSYoungGen      total 9728K, used 9376K [0x00000000ff600000, 0x0000000100000000, 0x0000000100000000)
  eden space 9216K, 100% used [0x00000000ff600000,0x00000000fff00000,0x00000000fff00000)
  from space 512K, 31% used [0x00000000fff00000,0x00000000fff28000,0x00000000fff80000)
  to   space 512K, 0% used [0x00000000fff80000,0x00000000fff80000,0x0000000100000000)
 ParOldGen       total 20480K, used 5768K [0x00000000fe200000, 0x00000000ff600000, 0x00000000ff600000)
  object space 20480K, 28% used [0x00000000fe200000,0x00000000fe7a2288,0x00000000ff600000)
 Metaspace       used 15312K, capacity 19636K, committed 19840K, reserved 1064960K
  class space    used 3710K, capacity 4638K, committed 4736K, reserved 1048576K
2025-06-20T08:00:37.854+0300: 2.164: [GC (Allocation Failure) 
Desired survivor size 524288 bytes, new threshold 1 (max 15)
[PSYoungGen: 9376K->192K(9728K)] 15144K->6016K(30208K), 0.0021912 secs] [Times: user=0.00 sys=0.00, real=0.00 secs] 
Heap after GC invocations=72 (full 0):
 PSYoungGen      total 9728K, used 192K [0x00000000ff600000, 0x0000000100000000, 0x0000000100000000)
  eden space 9216K, 0% used [0x00000000ff600000,0x00000000ff600000,0x00000000fff00000)
  from space 512K, 37% used [0x00000000fff80000,0x00000000fffb0000,0x0000000100000000)
  to   space 512K, 0% used [0x00000000fff00000,0x00000000fff00000,0x00000000fff80000)
 ParOldGen       total 20480K, used 5824K [0x00000000fe200000, 0x00000000ff600000, 0x00000000ff600000)
  object space 20480K, 28% used [0x00000000fe200000,0x00000000fe7b0288,0x00000000ff600000)
 Metaspace       used 15312K, capacity 19636K, committed 19840K, reserved 1064960K
  class space    used 3710K, capacity 4638K, committed 4736K, reserved 1048576K
}
2025-06-20T08:00:37.856+0300: 2.167: Total time for which application threads were stopped: 0.0022953 seconds, Stopping threads took: 0.0000151 seconds
{Heap before GC invocations=73 (full 0):
 PSYoungGen      total 9728K, used 9408K [0x00000000ff600000, 0x0000000100000000, 0x0000000100000000)
  eden space 9216K, 100% used [0x00000000ff600000,0x00000000fff00000,0x00000000fff00000)
  from space 512K, 37% used [0x00000000fff80000,0x00000000fffb0000,0x0000000100000000)
  to   space 512K, 0% used [0x00000000fff00000,0x00000000fff00000,0x00000000fff80000)
 ParOldGen       total 20480K, used 5824K [0x00000000fe200000, 0x00000000ff600000, 0x00000000ff600000)
  object space 20480K, 28% used [0x00000000fe200000,0x00000000fe7b0288,0x00000000ff600000)
 Metaspace       used 15427K, capacity 19822K, committed 20096K, reserved 1064960K
  class space    used 3757K, capacity 4700K, committed 4736K, reserved 1048576K
2025-06-20T08:00:37.875+0300: 2.186: [GC (Allocation Failure) 
Desired survivor size 524288 bytes, new threshold 1 (max 15)
[PSYoungGen: 9408K->224K(9728K)] 15232K->6104K(30208K), 0.0011736 secs] [Times: user=0.00 sys=0.00, real=0.00 secs] 
Heap after GC invocations=73 (full 0):
 PSYoungGen      total 9728K, used 224K [0x00000000ff600000, 0x0000000100000000, 0x0000000100000000)
  eden space 9216K, 0% used [0x00000000ff600000,0x00000000ff600000,0x00000000fff00000)
  from space 512K, 43% used [0x00000000fff00000,0x00000000fff38000,0x00000000fff80000)
  to   space 512K, 0% used [0x00000000fff80000,0x00000000fff80000,0x0000000100000000)
 ParOldGen       total 20480K, used 5880K [0x00000000fe200000, 0x00000000ff600000, 0x00000000ff600000)
  object space 20480K, 28% used [0x00000000fe200000,0x00000000fe7be288,0x00000000ff600000)
 Metaspace       used 15427K, capacity 19822K, committed 20096K, reserved 1064960K
  class space    used 3757K, capacity 4700K, committed 4736K, reserved 1048576K
}
2025-06-20T08:00:37.876+0300: 2.187: Total time for which application threads were stopped: 0.0012525 seconds, Stopping threads took: 0.0000132 seconds
{Heap before GC invocations=74 (full 0):
 PSYoungGen      total 9728K, used 9440K [0x00000000ff600000, 0x0000000100000000, 0x0000000100000000)
  eden space 9216K, 100% used [0x00000000ff600000,0x00000000fff00000,0x00000000fff00000)
  from space 512K, 43% used [0x00000000fff00000,0x00000000fff38000,0x00000000fff80000)
  to   space 512K, 0% used [0x00000000fff80000,0x00000000fff80000,0x0000000100000000)
 ParOldGen       total 20480K, used 5880K [0x00000000fe200000, 0x00000000ff600000, 0x00000000ff600000)
  object space 20480K, 28% used [0x00000000fe200000,0x00000000fe7be288,0x00000000ff600000)
 Metaspace       used 15541K, capacity 20008K, committed 20224K, reserved 1064960K
  class space    used 3804K, capacity 4762K, committed 4864K, reserved 1048576K
2025-06-20T08:00:37.893+0300: 2.204: [GC (Allocation Failure) 
Desired survivor size 524288 bytes, new threshold 1 (max 15)
[PSYoungGen: 9440K->192K(9728K)] 15320K->6120K(30208K), 0.0009668 secs] [Times: user=0.01 sys=0.00, real=0.00 secs] 
Heap after GC invocations=74 (full 0):
 PSYoungGen      total 9728K, used 192K [0x00000000ff600000, 0x0000000100000000, 0x0000000100000000)
  eden space 9216K, 0% used [0x00000000ff600000,0x00000000ff600000,0x00000000fff00000)
  from space 512K, 37% used [0x00000000fff80000,0x00000000fffb0000,0x0000000100000000)
  to   space 512K, 0% used [0x00000000fff00000,0x00000000fff00000,0x00000000fff80000)
 ParOldGen       total 20480K, used 5928K [0x00000000fe200000, 0x00000000ff600000, 0x00000000ff600000)
  object space 20480K, 28% used [0x00000000fe200000,0x00000000fe7ca288,0x00000000ff600000)
 Metaspace       used 15541K, capacity 20008K, committed 20224K, reserved 1064960K
  class space    used 3804K, capacity 4762K, committed 4864K, reserved 1048576K
}
2025-06-20T08:00:37.894+0300: 2.205: Total time for which application threads were stopped: 0.0010498 seconds, Stopping threads took: 0.0000175 seconds
{Heap before GC invocations=75 (full 0):
 PSYoungGen      total 9728K, used 9408K [0x00000000ff600000, 0x0000000100000000, 0x0000000100000000)
  eden space 9216K, 100% used [0x00000000ff600000,0x00000000fff00000,0x00000000fff00000)
  from space 512K, 37% used [0x00000000fff80000,0x00000000fffb0000,0x0000000100000000)
  to   space 512K, 0% used [0x00000000fff00000,0x00000000fff00000,0x00000000fff80000)
 ParOldGen       total 20480K, used 5928K [0x00000000fe200000, 0x00000000ff600000, 0x00000000ff600000)
  object space 20480K, 28% used [0x00000000fe200000,0x00000000fe7ca288,0x00000000ff600000)
 Metaspace       used 15655K, capacity 20194K, committed 20480K, reserved 1064960K
  class space    used 3850K, capacity 4824K, committed 4864K, reserved 1048576K
2025-06-20T08:00:37.912+0300: 2.222: [GC (Allocation Failure) 
Desired survivor size 524288 bytes, new threshold 1 (max 15)
[PSYoungGen: 9408K->160K(9728K)] 15336K->6155K(30208K), 0.0011396 secs] [Times: user=0.00 sys=0.00, real=0.00 secs] 
Heap after GC invocations=75 (full 0):
 PSYoungGen      total 9728K, used 160K [0x00000000ff600000, 0x0000000100000000, 0x0000000100000000)
  eden space 9216K, 0% used [0x00000000ff600000,0x00000000ff600000,0x00000000fff00000)
  from space 512K, 31% used [0x00000000fff00000,0x00000000fff28000,0x00000000fff80000)
  to   space 512K, 0% used [0x00000000fff80000,0x00000000fff80000,0x0000000100000000)
 ParOldGen       total 20480K, used 5995K [0x00000000fe200000, 0x00000000ff600000, 0x00000000ff600000)
  object space 20480K, 29% used [0x00000000fe200000,0x00000000fe7dadf8,0x00000000ff600000)
 Metaspace       used 15655K, capacity 20194K, committed 20480K, reserved 1064960K
  class space    used 3850K, capacity 4824K, committed 4864K, reserved 1048576K
}
2025-06-20T08:00:37.913+0300: 2.224: Total time for which application threads were stopped: 0.0012268 seconds, Stopping threads took: 0.0000170 seconds
{Heap before GC invocations=76 (full 0):
 PSYoungGen      total 9728K, used 9376K [0x00000000ff600000, 0x0000000100000000, 0x0000000100000000)
  eden space 9216K, 100% used [0x00000000ff600000,0x00000000fff00000,0x00000000fff00000)
  from space 512K, 31% used [0x00000000fff00000,0x00000000fff28000,0x00000000fff80000)
  to   space 512K, 0% used [0x00000000fff80000,0x00000000fff80000,0x0000000100000000)
 ParOldGen       total 20480K, used 5995K [0x00000000fe200000, 0x00000000ff600000, 0x00000000ff600000)
  object space 20480K, 29% used [0x00000000fe200000,0x00000000fe7dadf8,0x00000000ff600000)
 Metaspace       used 15770K, capacity 20380K, committed 20608K, reserved 1064960K
  class space    used 3897K, capacity 4886K, committed 4992K, reserved 1048576K
2025-06-20T08:00:37.934+0300: 2.244: [GC (Allocation Failure) 
Desired survivor size 524288 bytes, new threshold 1 (max 15)
[PSYoungGen: 9376K->128K(9728K)] 15371K->6187K(30208K), 0.0017818 secs] [Times: user=0.01 sys=0.00, real=0.00 secs] 
Heap after GC invocations=76 (full 0):
 PSYoungGen      total 9728K, used 128K [0x00000000ff600000, 0x0000000100000000, 0x0000000100000000)
  eden space 9216K, 0% used [0x00000000ff600000,0x00000000ff600000,0x00000000fff00000)
  from space 512K, 25% used [0x00000000fff80000,0x00000000fffa0000,0x0000000100000000)
  to   space 512K, 0% used [0x00000000fff00000,0x00000000fff00000,0x00000000fff80000)
 ParOldGen       total 20480K, used 6059K [0x00000000fe200000, 0x00000000ff600000, 0x00000000ff600000)
  object space 20480K, 29% used [0x00000000fe200000,0x00000000fe7eadf8,0x00000000ff600000)
 Metaspace       used 15770K, capacity 20380K, committed 20608K, reserved 1064960K
  class space    used 3897K, capacity 4886K, committed 4992K, reserved 1048576K
}
2025-06-20T08:00:37.935+0300: 2.246: Total time for which application threads were stopped: 0.0018831 seconds, Stopping threads took: 0.0000244 seconds
{Heap before GC invocations=77 (full 0):
 PSYoungGen      total 9728K, used 9344K [0x00000000ff600000, 0x0000000100000000, 0x0000000100000000)
  eden space 9216K, 100% used [0x00000000ff600000,0x00000000fff00000,0x00000000fff00000)
  from space 512K, 25% used [0x00000000fff80000,0x00000000fffa0000,0x0000000100000000)
  to   space 512K, 0% used [0x00000000fff00000,0x00000000fff00000,0x00000000fff80000)
 ParOldGen       total 20480K, used 6059K [0x00000000fe200000, 0x00000000ff600000, 0x00000000ff600000)
  object space 20480K, 29% used [0x00000000fe200000,0x00000000fe7eadf8,0x00000000ff600000)
 Metaspace       used 15884K, capacity 20566K, committed 20864K, reserved 1064960K
  class space    used 3944K, capacity 4948K, committed 4992K, reserved 1048576K
2025-06-20T08:00:37.960+0300: 2.271: [GC (Allocation Failure) 
Desired survivor size 524288 bytes, new threshold 1 (max 15)
[PSYoungGen: 9344K->160K(9728K)] 15403K->6275K(30208K), 0.0014080 secs] [Times: user=0.01 sys=0.00, real=0.00 secs] 
Heap after GC invocations=77 (full 0):
 PSYoungGen      total 9728K, used 160K [0x00000000ff600000, 0x0000000100000000, 0x0000000100000000)
  eden space 9216K, 0% used [0x00000000ff600000,0x00000000ff600000,0x00000000fff00000)
  from space 512K, 31% used [0x00000000fff00000,0x00000000fff28000,0x00000000fff80000)
  to   space 512K, 0% used [0x00000000fff80000,0x00000000fff80000,0x0000000100000000)
 ParOldGen       total 20480K, used 6115K [0x00000000fe200000, 0x00000000ff600000, 0x00000000ff600000)
  object space 20480K, 29% used [0x00000000fe200000,0x00000000fe7f8df8,0x00000000ff600000)
 Metaspace       used 15884K, capacity 20566K, committed 20864K, reserved 1064960K
  class space    used 3944K, capacity 4948K, committed 4992K, reserved 1048576K
}
2025-06-20T08:00:37.962+0300: 2.272: Total time for which application threads were stopped: 0.0014967 seconds, Stopping threads took: 0.0000183 seconds
{Heap before GC invocations=78 (full 0):
 PSYoungGen      total 9728K, used 9376K [0x00000000ff600000, 0x0000000100000000, 0x0000000100000000)
  eden space 9216K, 100% used [0x00000000ff600000,0x00000000fff00000,0x00000000fff00000)
  from space 512K, 31% used [0x00000000fff00000,0x00000000fff28000,0x00000000fff80000)
  to   space 512K, 0% used [0x00000000fff80000,0x00000000fff80000,0x0000000100000000)
 ParOldGen       total 20480K, used 6115K [0x00000000fe200000, 0x00000000ff600000, 0x00000000ff600000)
  object space 20480K, 29% used [0x00000000fe200000,0x00000000fe7f8df8,0x00000000ff600000)
 Metaspace       used 15998K, capacity 20752K, committed 20992K, reserved 1064960K
  class space    used 3991K, capacity 5010K, committed 5120K, reserved 1048576K
2025-06-20T08:00:37.982+0300: 2.292: [GC (Allocation Failure) 
Desired survivor size 524288 bytes, new threshold 1 (max 15)
[PSYoungGen: 9376K->160K(9728K)] 15491K->6331K(30208K), 0.0015010 secs] [Times: user=0.00 sys=0.00, real=0.00 secs] 
Heap after GC invocations=78 (full 0):
 PSYoungGen      total 9728K, used 160K [0x00000000ff600000, 0x0000000100000000, 0x0000000100000000)
  eden space 9216K, 0% used [0x00000000ff600000,0x00000000ff600000,0x00000000fff00000)
  from space 512K, 31% used [0x00000000fff80000,0x00000000fffa8000,0x0000000100000000)
  to   space 512K, 0% used [0x00000000fff00000,0x00000000fff00000,0x00000000fff80000)
 ParOldGen       total 20480K, used 6171K [0x00000000fe200000, 0x00000000ff600000, 0x00000000ff600000)
  object space 20480K, 30% used [0x00000000fe200000,0x00000000fe806df8,0x00000000ff600000)
 Metaspace       used 15998K, capacity 20752K, committed 20992K, reserved 1064960K
  class space    used 3991K, capacity 5010K, committed 5120K, reserved 1048576K
}
2025-06-20T08:00:37.983+0300: 2.294: Total time for which application threads were stopped: 0.0016033 seconds, Stopping threads took: 0.0000189 seconds
{Heap before GC invocations=79 (full 0):
 PSYoungGen      total 9728K, used 9376K [0x00000000ff600000, 0x0000000100000000, 0x0000000100000000)
  eden space 9216K, 100% used [0x00000000ff600000,0x00000000fff00000,0x00000000fff00000)
  from space 512K, 31% used [0x00000000fff80000,0x00000000fffa8000,0x0000000100000000)
  to   space 512K, 0% used [0x00000000fff00000,0x00000000fff00000,0x00000000fff80000)
 ParOldGen       total 20480K, used 6171K [0x00000000fe200000, 0x00000000ff600000, 0x00000000ff600000)
  object space 20480K, 30% used [0x00000000fe200000,0x00000000fe806df8,0x00000000ff600000)
 Metaspace       used 16112K, capacity 20938K, committed 20992K, reserved 1064960K
  class space    used 4037K, capacity 5072K, committed 5120K, reserved 1048576K
2025-06-20T08:00:38.005+0300: 2.315: [GC (Allocation Failure) 
Desired survivor size 524288 bytes, new threshold 1 (max 15)
[PSYoungGen: 9376K->208K(9728K)] 15547K->6435K(30208K), 0.0010228 secs] [Times: user=0.00 sys=0.00, real=0.00 secs] 
Heap after GC invocations=79 (full 0):
 PSYoungGen      total 9728K, used 208K [0x00000000ff600000, 0x0000000100000000, 0x0000000100000000)
  eden space 9216K, 0% used [0x00000000ff600000,0x00000000ff600000,0x00000000fff00000)
  from space 512K, 40% used [0x00000000fff00000,0x00000000fff34010,0x00000000fff80000)
  to   space 512K, 0% used [0x00000000fff80000,0x00000000fff80000,0x0000000100000000)
 ParOldGen       total 20480K, used 6227K [0x00000000fe200000, 0x00000000ff600000, 0x00000000ff600000)
  object space 20480K, 30% used [0x00000000fe200000,0x00000000fe814df8,0x00000000ff600000)
 Metaspace       used 16112K, capacity 20938K, committed 20992K, reserved 1064960K
  class space    used 4037K, capacity 5072K, committed 5120K, reserved 1048576K
}
2025-06-20T08:00:38.006+0300: 2.317: Total time for which application threads were stopped: 0.0011143 seconds, Stopping threads took: 0.0000174 seconds
{Heap before GC invocations=80 (full 0):
 PSYoungGen      total 9728K, used 9424K [0x00000000ff600000, 0x0000000100000000, 0x0000000100000000)
  eden space 9216K, 100% used [0x00000000ff600000,0x00000000fff00000,0x00000000fff00000)
  from space 512K, 40% used [0x00000000fff00000,0x00000000fff34010,0x00000000fff80000)
  to   space 512K, 0% used [0x00000000fff80000,0x00000000fff80000,0x0000000100000000)
 ParOldGen       total 20480K, used 6227K [0x00000000fe200000, 0x00000000ff600000, 0x00000000ff600000)
  object space 20480K, 30% used [0x00000000fe200000,0x00000000fe814df8,0x00000000ff600000)
 Metaspace       used 16227K, capacity 21124K, committed 21296K, reserved 1064960K
  class space    used 4084K, capacity 5134K, committed 5168K, reserved 1048576K
2025-06-20T08:00:38.025+0300: 2.336: [GC (Allocation Failure) 
Desired survivor size 524288 bytes, new threshold 1 (max 15)
[PSYoungGen: 9424K->192K(9728K)] 15651K->6483K(30208K), 0.0011141 secs] [Times: user=0.01 sys=0.00, real=0.00 secs] 
Heap after GC invocations=80 (full 0):
 PSYoungGen      total 9728K, used 192K [0x00000000ff600000, 0x0000000100000000, 0x0000000100000000)
  eden space 9216K, 0% used [0x00000000ff600000,0x00000000ff600000,0x00000000fff00000)
  from space 512K, 37% used [0x00000000fff80000,0x00000000fffb0000,0x0000000100000000)
  to   space 512K, 0% used [0x00000000fff00000,0x00000000fff00000,0x00000000fff80000)
 ParOldGen       total 20480K, used 6291K [0x00000000fe200000, 0x00000000ff600000, 0x00000000ff600000)
  object space 20480K, 30% used [0x00000000fe200000,0x00000000fe824df8,0x00000000ff600000)
 Metaspace       used 16227K, capacity 21124K, committed 21296K, reserved 1064960K
  class space    used 4084K, capacity 5134K, committed 5168K, reserved 1048576K
}
2025-06-20T08:00:38.026+0300: 2.337: Total time for which application threads were stopped: 0.0012113 seconds, Stopping threads took: 0.0000185 seconds
{Heap before GC invocations=81 (full 0):
 PSYoungGen      total 9728K, used 5405K [0x00000000ff600000, 0x0000000100000000, 0x0000000100000000)
  eden space 9216K, 56% used [0x00000000ff600000,0x00000000ffb176d8,0x00000000fff00000)
  from space 512K, 37% used [0x00000000fff80000,0x00000000fffb0000,0x0000000100000000)
  to   space 512K, 0% used [0x00000000fff00000,0x00000000fff00000,0x00000000fff80000)
 ParOldGen       total 20480K, used 6291K [0x00000000fe200000, 0x00000000ff600000, 0x00000000ff600000)
  object space 20480K, 30% used [0x00000000fe200000,0x00000000fe824df8,0x00000000ff600000)
 Metaspace       used 16291K, capacity 21230K, committed 21296K, reserved 1064960K
  class space    used 4110K, capacity 5168K, committed 5168K, reserved 1048576K
2025-06-20T08:00:38.037+0300: 2.348: [GC (Metadata GC Threshold) 
Desired survivor size 524288 bytes, new threshold 1 (max 15)
[PSYoungGen: 5405K->144K(9728K)] 11697K->6483K(30208K), 0.0009571 secs] [Times: user=0.00 sys=0.00, real=0.00 secs] 
Heap after GC invocations=81 (full 0):
 PSYoungGen      total 9728K, used 144K [0x00000000ff600000, 0x0000000100000000, 0x0000000100000000)
  eden space 9216K, 0% used [0x00000000ff600000,0x00000000ff600000,0x00000000fff00000)
  from space 512K, 28% used [0x00000000fff00000,0x00000000fff24010,0x00000000fff80000)
  to   space 512K, 0% used [0x00000000fff80000,0x00000000fff80000,0x0000000100000000)
 ParOldGen       total 20480K, used 6339K [0x00000000fe200000, 0x00000000ff600000, 0x00000000ff600000)
  object space 20480K, 30% used [0x00000000fe200000,0x00000000fe830df8,0x00000000ff600000)
 Metaspace       used 16291K, capacity 21230K, committed 21296K, reserved 1064960K
  class space    used 4110K, capacity 5168K, committed 5168K, reserved 1048576K
}
{Heap before GC invocations=82 (full 1):
 PSYoungGen      total 9728K, used 144K [0x00000000ff600000, 0x0000000100000000, 0x0000000100000000)
  eden space 9216K, 0% used [0x00000000ff600000,0x00000000ff600000,0x00000000fff00000)
  from space 512K, 28% used [0x00000000fff00000,0x00000000fff24010,0x00000000fff80000)
  to   space 512K, 0% used [0x00000000fff80000,0x00000000fff80000,0x0000000100000000)
 ParOldGen       total 20480K, used 6339K [0x00000000fe200000, 0x00000000ff600000, 0x00000000ff600000)
  object space 20480K, 30% used [0x00000000fe200000,0x00000000fe830df8,0x00000000ff600000)
 Metaspace       used 16291K, capacity 21230K, committed 21296K, reserved 1064960K
  class space    used 4110K, capacity 5168K, committed 5168K, reserved 1048576K
2025-06-20T08:00:38.038+0300: 2.349: [Full GC (Metadata GC Threshold) [PSYoungGen: 144K->0K(9728K)] [ParOldGen: 6339K->1913K(11264K)] 6483K->1913K(20992K), [Metaspace: 16291K->8618K(1064960K)], 0.0131771 secs] [Times: user=0.03 sys=0.00, real=0.01 secs] 
Heap after GC invocations=82 (full 1):
 PSYoungGen      total 9728K, used 0K [0x00000000ff600000, 0x0000000100000000, 0x0000000100000000)
  eden space 9216K, 0% used [0x00000000ff600000,0x00000000ff600000,0x00000000fff00000)
  from space 512K, 0% used [0x00000000fff00000,0x00000000fff00000,0x00000000fff80000)
  to   space 512K, 0% used [0x00000000fff80000,0x00000000fff80000,0x0000000100000000)
 ParOldGen       total 11264K, used 1913K [0x00000000fe200000, 0x00000000fed00000, 0x00000000ff600000)
  object space 11264K, 16% used [0x00000000fe200000,0x00000000fe3de618,0x00000000fed00000)
 Metaspace       used 8618K, capacity 8744K, committed 21296K, reserved 1064960K
  class space    used 972K, capacity 1006K, committed 5168K, reserved 1048576K
}
2025-06-20T08:00:38.051+0300: 2.362: Total time for which application threads were stopped: 0.0142779 seconds, Stopping threads took: 0.0000202 seconds
{Heap before GC invocations=83 (full 1):
 PSYoungGen      total 9728K, used 9216K [0x00000000ff600000, 0x0000000100000000, 0x0000000100000000)
  eden space 9216K, 100% used [0x00000000ff600000,0x00000000fff00000,0x00000000fff00000)
  from space 512K, 0% used [0x00000000fff00000,0x00000000fff00000,0x00000000fff80000)
  to   space 512K, 0% used [0x00000000fff80000,0x00000000fff80000,0x0000000100000000)
 ParOldGen       total 11264K, used 1913K [0x00000000fe200000, 0x00000000fed00000, 0x00000000ff600000)
  object space 11264K, 16% used [0x00000000fe200000,0x00000000fe3de618,0x00000000fed00000)
 Metaspace       used 8734K, capacity 8932K, committed 21296K, reserved 1064960K
  class space    used 1020K, capacity 1070K, committed 5168K, reserved 1048576K
2025-06-20T08:00:38.069+0300: 2.380: [GC (Allocation Failure) 
Desired survivor size 524288 bytes, new threshold 1 (max 15)
[PSYoungGen: 9216K->224K(9728K)] 11129K->2137K(20992K), 0.0010662 secs] [Times: user=0.00 sys=0.00, real=0.00 secs] 
Heap after GC invocations=83 (full 1):
 PSYoungGen      total 9728K, used 224K [0x00000000ff600000, 0x0000000100000000, 0x0000000100000000)
  eden space 9216K, 0% used [0x00000000ff600000,0x00000000ff600000,0x00000000fff00000)
  from space 512K, 43% used [0x00000000fff80000,0x00000000fffb8000,0x0000000100000000)
  to   space 512K, 0% used [0x00000000fff00000,0x00000000fff00000,0x00000000fff80000)
 ParOldGen       total 11264K, used 1913K [0x00000000fe200000, 0x00000000fed00000, 0x00000000ff600000)
  object space 11264K, 16% used [0x00000000fe200000,0x00000000fe3de618,0x00000000fed00000)
 Metaspace       used 8734K, capacity 8932K, committed 21296K, reserved 1064960K
  class space    used 1020K, capacity 1070K, committed 5168K, reserved 1048576K
}
2025-06-20T08:00:38.071+0300: 2.381: Total time for which application threads were stopped: 0.0011664 seconds, Stopping threads took: 0.0000174 seconds
{Heap before GC invocations=84 (full 1):
 PSYoungGen      total 9728K, used 9440K [0x00000000ff600000, 0x0000000100000000, 0x0000000100000000)
  eden space 9216K, 100% used [0x00000000ff600000,0x00000000fff00000,0x00000000fff00000)
  from space 512K, 43% used [0x00000000fff80000,0x00000000fffb8000,0x0000000100000000)
  to   space 512K, 0% used [0x00000000fff00000,0x00000000fff00000,0x00000000fff80000)
 ParOldGen       total 11264K, used 1913K [0x00000000fe200000, 0x00000000fed00000, 0x00000000ff600000)
  object space 11264K, 16% used [0x00000000fe200000,0x00000000fe3de618,0x00000000fed00000)
 Metaspace       used 8848K, capacity 9118K, committed 21296K, reserved 1064960K
  class space    used 1067K, capacity 1132K, committed 5168K, reserved 1048576K
2025-06-20T08:00:38.087+0300: 2.398: [GC (Allocation Failure) 
Desired survivor size 524288 bytes, new threshold 1 (max 15)
[PSYoungGen: 9440K->160K(9728K)] 11353K->2121K(20992K), 0.0010423 secs] [Times: user=0.00 sys=0.00, real=0.00 secs] 
Heap after GC invocations=84 (full 1):
 PSYoungGen      total 9728K, used 160K [0x00000000ff600000, 0x0000000100000000, 0x0000000100000000)
  eden space 9216K, 0% used [0x00000000ff600000,0x00000000ff600000,0x00000000fff00000)
  from space 512K, 31% used [0x00000000fff00000,0x00000000fff28000,0x00000000fff80000)
  to   space 512K, 0% used [0x00000000fff80000,0x00000000fff80000,0x0000000100000000)
 ParOldGen       total 11264K, used 1961K [0x00000000fe200000, 0x00000000fed00000, 0x00000000ff600000)
  object space 11264K, 17% used [0x00000000fe200000,0x00000000fe3ea618,0x00000000fed00000)
 Metaspace       used 8848K, capacity 9118K, committed 21296K, reserved 1064960K
  class space    used 1067K, capacity 1132K, committed 5168K, reserved 1048576K
}
2025-06-20T08:00:38.088+0300: 2.399: Total time for which application threads were stopped: 0.0011421 seconds, Stopping threads took: 0.0000178 seconds
{Heap before GC invocations=85 (full 1):
 PSYoungGen      total 9728K, used 9376K [0x00000000ff600000, 0x0000000100000000, 0x0000000100000000)
  eden space 9216K, 100% used [0x00000000ff600000,0x00000000fff00000,0x00000000fff00000)
  from space 512K, 31% used [0x00000000fff00000,0x00000000fff28000,0x00000000fff80000)
  to   space 512K, 0% used [0x00000000fff80000,0x00000000fff80000,0x0000000100000000)
 ParOldGen       total 11264K, used 1961K [0x00000000fe200000, 0x00000000fed00000, 0x00000000ff600000)
  object space 11264K, 17% used [0x00000000fe200000,0x00000000fe3ea618,0x00000000fed00000)
 Metaspace       used 8962K, capacity 9304K, committed 21296K, reserved 1064960K
  class space    used 1114K, capacity 1194K, committed 5168K, reserved 1048576K
2025-06-20T08:00:38.105+0300: 2.415: [GC (Allocation Failure) 
Desired survivor size 524288 bytes, new threshold 1 (max 15)
[PSYoungGen: 9376K->128K(9728K)] 11337K->2153K(20992K), 0.0013718 secs] [Times: user=0.01 sys=0.00, real=0.00 secs] 
Heap after GC invocations=85 (full 1):
 PSYoungGen      total 9728K, used 128K [0x00000000ff600000, 0x0000000100000000, 0x0000000100000000)
  eden space 9216K, 0% used [0x00000000ff600000,0x00000000ff600000,0x00000000fff00000)
  from space 512K, 25% used [0x00000000fff80000,0x00000000fffa0000,0x0000000100000000)
  to   space 512K, 0% used [0x00000000fff00000,0x00000000fff00000,0x00000000fff80000)
 ParOldGen       total 11264K, used 2025K [0x00000000fe200000, 0x00000000fed00000, 0x00000000ff600000)
  object space 11264K, 17% used [0x00000000fe200000,0x00000000fe3fa618,0x00000000fed00000)
 Metaspace       used 8962K, capacity 9304K, committed 21296K, reserved 1064960K
  class space    used 1114K, capacity 1194K, committed 5168K, reserved 1048576K
}
2025-06-20T08:00:38.106+0300: 2.417: Total time for which application threads were stopped: 0.0014594 seconds, Stopping threads took: 0.0000187 seconds
{Heap before GC invocations=86 (full 1):
 PSYoungGen      total 9728K, used 9344K [0x00000000ff600000, 0x0000000100000000, 0x0000000100000000)
  eden space 9216K, 100% used [0x00000000ff600000,0x00000000fff00000,0x00000000fff00000)
  from space 512K, 25% used [0x00000000fff80000,0x00000000fffa0000,0x0000000100000000)
  to   space 512K, 0% used [0x00000000fff00000,0x00000000fff00000,0x00000000fff80000)
 ParOldGen       total 11264K, used 2025K [0x00000000fe200000, 0x00000000fed00000, 0x00000000ff600000)
  object space 11264K, 17% used [0x00000000fe200000,0x00000000fe3fa618,0x00000000fed00000)
 Metaspace       used 9077K, capacity 9490K, committed 21296K, reserved 1064960K
  class space    used 1160K, capacity 1256K, committed 5168K, reserved 1048576K
2025-06-20T08:00:38.125+0300: 2.435: [GC (Allocation Failure) 
Desired survivor size 524288 bytes, new threshold 1 (max 15)
[PSYoungGen: 9344K->128K(9728K)] 11369K->2209K(20992K), 0.0014825 secs] [Times: user=0.01 sys=0.00, real=0.00 secs] 
Heap after GC invocations=86 (full 1):
 PSYoungGen      total 9728K, used 128K [0x00000000ff600000, 0x0000000100000000, 0x0000000100000000)
  eden space 9216K, 0% used [0x00000000ff600000,0x00000000ff600000,0x00000000fff00000)
  from space 512K, 25% used [0x00000000fff00000,0x00000000fff20000,0x00000000fff80000)
  to   space 512K, 0% used [0x00000000fff80000,0x00000000fff80000,0x0000000100000000)
 ParOldGen       total 11264K, used 2081K [0x00000000fe200000, 0x00000000fed00000, 0x00000000ff600000)
  object space 11264K, 18% used [0x00000000fe200000,0x00000000fe408618,0x00000000fed00000)
 Metaspace       used 9077K, capacity 9490K, committed 21296K, reserved 1064960K
  class space    used 1160K, capacity 1256K, committed 5168K, reserved 1048576K
}
2025-06-20T08:00:38.126+0300: 2.437: Total time for which application threads were stopped: 0.0015687 seconds, Stopping threads took: 0.0000200 seconds
{Heap before GC invocations=87 (full 1):
 PSYoungGen      total 9728K, used 9344K [0x00000000ff600000, 0x0000000100000000, 0x0000000100000000)
  eden space 9216K, 100% used [0x00000000ff600000,0x00000000fff00000,0x00000000fff00000)
  from space 512K, 25% used [0x00000000fff00000,0x00000000fff20000,0x00000000fff80000)
  to   space 512K, 0% used [0x00000000fff80000,0x00000000fff80000,0x0000000100000000)
 ParOldGen       total 11264K, used 2081K [0x00000000fe200000, 0x00000000fed00000, 0x00000000ff600000)
  object space 11264K, 18% used [0x00000000fe200000,0x00000000fe408618,0x00000000fed00000)
 Metaspace       used 9191K, capacity 9676K, committed 21296K, reserved 1064960K
  class space    used 1207K, capacity 1318K, committed 5168K, reserved 1048576K
2025-06-20T08:00:38.145+0300: 2.456: [GC (Allocation Failure) 
Desired survivor size 524288 bytes, new threshold 1 (max 15)
[PSYoungGen: 9344K->96K(9728K)] 11425K->2225K(20992K), 0.0041576 secs] [Times: user=0.01 sys=0.00, real=0.01 secs] 
Heap after GC invocations=87 (full 1):
 PSYoungGen      total 9728K, used 96K [0x00000000ff600000, 0x0000000100000000, 0x0000000100000000)
  eden space 9216K, 0% used [0x00000000ff600000,0x00000000ff600000,0x00000000fff00000)
  from space 512K, 18% used [0x00000000fff80000,0x00000000fff98000,0x0000000100000000)
  to   space 512K, 0% used [0x00000000fff00000,0x00000000fff00000,0x00000000fff80000)
 ParOldGen       total 11264K, used 2129K [0x00000000fe200000, 0x00000000fed00000, 0x00000000ff600000)
  object space 11264K, 18% used [0x00000000fe200000,0x00000000fe414618,0x00000000fed00000)
 Metaspace       used 9191K, capacity 9676K, committed 21296K, reserved 1064960K
  class space    used 1207K, capacity 1318K, committed 5168K, reserved 1048576K
}
2025-06-20T08:00:38.150+0300: 2.460: Total time for which application threads were stopped: 0.0042645 seconds, Stopping threads took: 0.0000218 seconds
{Heap before GC invocations=88 (full 1):
 PSYoungGen      total 9728K, used 9312K [0x00000000ff600000, 0x0000000100000000, 0x0000000100000000)
  eden space 9216K, 100% used [0x00000000ff600000,0x00000000fff00000,0x00000000fff00000)
  from space 512K, 18% used [0x00000000fff80000,0x00000000fff98000,0x0000000100000000)
  to   space 512K, 0% used [0x00000000fff00000,0x00000000fff00000,0x00000000fff80000)
 ParOldGen       total 11264K, used 2129K [0x00000000fe200000, 0x00000000fed00000, 0x00000000ff600000)
  object space 11264K, 18% used [0x00000000fe200000,0x00000000fe414618,0x00000000fed00000)
 Metaspace       used 9305K, capacity 9862K, committed 21296K, reserved 1064960K
  class space    used 1254K, capacity 1380K, committed 5168K, reserved 1048576K
2025-06-20T08:00:38.173+0300: 2.483: [GC (Allocation Failure) 
Desired survivor size 524288 bytes, new threshold 1 (max 15)
[PSYoungGen: 9312K->160K(9728K)] 11441K->2345K(20992K), 0.0019282 secs] [Times: user=0.01 sys=0.00, real=0.00 secs] 
Heap after GC invocations=88 (full 1):
 PSYoungGen      total 9728K, used 160K [0x00000000ff600000, 0x0000000100000000, 0x0000000100000000)
  eden space 9216K, 0% used [0x00000000ff600000,0x00000000ff600000,0x00000000fff00000)
  from space 512K, 31% used [0x00000000fff00000,0x00000000fff28000,0x00000000fff80000)
  to   space 512K, 0% used [0x00000000fff80000,0x00000000fff80000,0x0000000100000000)
 ParOldGen       total 11264K, used 2185K [0x00000000fe200000, 0x00000000fed00000, 0x00000000ff600000)
  object space 11264K, 19% used [0x00000000fe200000,0x00000000fe422618,0x00000000fed00000)
 Metaspace       used 9305K, capacity 9862K, committed 21296K, reserved 1064960K
  class space    used 1254K, capacity 1380K, committed 5168K, reserved 1048576K
}
2025-06-20T08:00:38.175+0300: 2.485: Total time for which application threads were stopped: 0.0020373 seconds, Stopping threads took: 0.0000213 seconds
{Heap before GC invocations=89 (full 1):
 PSYoungGen      total 9728K, used 9376K [0x00000000ff600000, 0x0000000100000000, 0x0000000100000000)
  eden space 9216K, 100% used [0x00000000ff600000,0x00000000fff00000,0x00000000fff00000)
  from space 512K, 31% used [0x00000000fff00000,0x00000000fff28000,0x00000000fff80000)
  to   space 512K, 0% used [0x00000000fff80000,0x00000000fff80000,0x0000000100000000)
 ParOldGen       total 11264K, used 2185K [0x00000000fe200000, 0x00000000fed00000, 0x00000000ff600000)
  object space 11264K, 19% used [0x00000000fe200000,0x00000000fe422618,0x00000000fed00000)
 Metaspace       used 9420K, capacity 10048K, committed 21296K, reserved 1064960K
  class space    used 1301K, capacity 1442K, committed 5168K, reserved 1048576K
2025-06-20T08:00:38.197+0300: 2.508: [GC (Allocation Failure) 
Desired survivor size 524288 bytes, new threshold 1 (max 15)
[PSYoungGen: 9376K->144K(9728K)] 11561K->2377K(20992K), 0.0017434 secs] [Times: user=0.01 sys=0.00, real=0.00 secs] 
Heap after GC invocations=89 (full 1):
 PSYoungGen      total 9728K, used 144K [0x00000000ff600000, 0x0000000100000000, 0x0000000100000000)
  eden space 9216K, 0% used [0x00000000ff600000,0x00000000ff600000,0x00000000fff00000)
  from space 512K, 28% used [0x00000000fff80000,0x00000000fffa4010,0x0000000100000000)
  to   space 512K, 0% used [0x00000000fff00000,0x00000000fff00000,0x00000000fff80000)
 ParOldGen       total 11264K, used 2233K [0x00000000fe200000, 0x00000000fed00000, 0x00000000ff600000)
  object space 11264K, 19% used [0x00000000fe200000,0x00000000fe42e618,0x00000000fed00000)
 Metaspace       used 9420K, capacity 10048K, committed 21296K, reserved 1064960K
  class space    used 1301K, capacity 1442K, committed 5168K, reserved 1048576K
}
2025-06-20T08:00:38.199+0300: 2.510: Total time for which application threads were stopped: 0.0018544 seconds, Stopping threads took: 0.0000232 seconds
{Heap before GC invocations=90 (full 1):
 PSYoungGen      total 9728K, used 9360K [0x00000000ff600000, 0x0000000100000000, 0x0000000100000000)
  eden space 9216K, 100% used [0x00000000ff600000,0x00000000fff00000,0x00000000fff00000)
  from space 512K, 28% used [0x00000000fff80000,0x00000000fffa4010,0x0000000100000000)
  to   space 512K, 0% used [0x00000000fff00000,0x00000000fff00000,0x00000000fff80000)
 ParOldGen       total 11264K, used 2233K [0x00000000fe200000, 0x00000000fed00000, 0x00000000ff600000)
  object space 11264K, 19% used [0x00000000fe200000,0x00000000fe42e618,0x00000000fed00000)
 Metaspace       used 9534K, capacity 10234K, committed 21296K, reserved 1064960K
  class space    used 1347K, capacity 1504K, committed 5168K, reserved 1048576K
2025-06-20T08:00:38.220+0300: 2.531: [GC (Allocation Failure) 
Desired survivor size 524288 bytes, new threshold 1 (max 15)
[PSYoungGen: 9360K->176K(9728K)] 11593K->2457K(20992K), 0.0019687 secs] [Times: user=0.00 sys=0.00, real=0.00 secs] 
Heap after GC invocations=90 (full 1):
 PSYoungGen      total 9728K, used 176K [0x00000000ff600000, 0x0000000100000000, 0x0000000100000000)
  eden space 9216K, 0% used [0x00000000ff600000,0x00000000ff600000,0x00000000fff00000)
  from space 512K, 34% used [0x00000000fff00000,0x00000000fff2c010,0x00000000fff80000)
  to   space 512K, 0% used [0x00000000fff80000,0x00000000fff80000,0x0000000100000000)
 ParOldGen       total 11264K, used 2281K [0x00000000fe200000, 0x00000000fed00000, 0x00000000ff600000)
  object space 11264K, 20% used [0x00000000fe200000,0x00000000fe43a618,0x00000000fed00000)
 Metaspace       used 9534K, capacity 10234K, committed 21296K, reserved 1064960K
  class space    used 1347K, capacity 1504K, committed 5168K, reserved 1048576K
}
2025-06-20T08:00:38.222+0300: 2.533: Total time for which application threads were stopped: 0.0020701 seconds, Stopping threads took: 0.0000185 seconds
{Heap before GC invocations=91 (full 1):
 PSYoungGen      total 9728K, used 9392K [0x00000000ff600000, 0x0000000100000000, 0x0000000100000000)
  eden space 9216K, 100% used [0x00000000ff600000,0x00000000fff00000,0x00000000fff00000)
  from space 512K, 34% used [0x00000000fff00000,0x00000000fff2c010,0x00000000fff80000)
  to   space 512K, 0% used [0x00000000fff80000,0x00000000fff80000,0x0000000100000000)
 ParOldGen       total 11264K, used 2281K [0x00000000fe200000, 0x00000000fed00000, 0x00000000ff600000)
  object space 11264K, 20% used [0x00000000fe200000,0x00000000fe43a618,0x00000000fed00000)
 Metaspace       used 9648K, capacity 10420K, committed 21296K, reserved 1064960K
  class space    used 1394K, capacity 1566K, committed 5168K, reserved 1048576K
2025-06-20T08:00:38.245+0300: 2.555: [GC (Allocation Failure) 
Desired survivor size 524288 bytes, new threshold 1 (max 15)
[PSYoungGen: 9392K->208K(9728K)] 11673K->2537K(20992K), 0.0022782 secs] [Times: user=0.01 sys=0.00, real=0.00 secs] 
Heap after GC invocations=91 (full 1):
 PSYoungGen      total 9728K, used 208K [0x00000000ff600000, 0x0000000100000000, 0x0000000100000000)
  eden space 9216K, 0% used [0x00000000ff600000,0x00000000ff600000,0x00000000fff00000)
  from space 512K, 40% used [0x00000000fff80000,0x00000000fffb4010,0x0000000100000000)
  to   space 512K, 0% used [0x00000000fff00000,0x00000000fff00000,0x00000000fff80000)
 ParOldGen       total 11264K, used 2329K [0x00000000fe200000, 0x00000000fed00000, 0x00000000ff600000)
  object space 11264K, 20% used [0x00000000fe200000,0x00000000fe446618,0x00000000fed00000)
 Metaspace       used 9648K, capacity 10420K, committed 21296K, reserved 1064960K
  class space    used 1394K, capacity 1566K, committed 5168K, reserved 1048576K
}
2025-06-20T08:00:38.247+0300: 2.558: Total time for which application threads were stopped: 0.0023909 seconds, Stopping threads took: 0.0000197 seconds
{Heap before GC invocations=92 (full 1):
 PSYoungGen      total 9728K, used 9422K [0x00000000ff600000, 0x0000000100000000, 0x0000000100000000)
  eden space 9216K, 99% used [0x00000000ff600000,0x00000000ffeffb10,0x00000000fff00000)
  from space 512K, 40% used [0x00000000fff80000,0x00000000fffb4010,0x0000000100000000)
  to   space 512K, 0% used [0x00000000fff00000,0x00000000fff00000,0x00000000fff80000)
 ParOldGen       total 11264K, used 2329K [0x00000000fe200000, 0x00000000fed00000, 0x00000000ff600000)
  object space 11264K, 20% used [0x00000000fe200000,0x00000000fe446618,0x00000000fed00000)
 Metaspace       used 9763K, capacity 10606K, committed 21296K, reserved 1064960K
  class space    used 1441K, capacity 1628K, committed 5168K, reserved 1048576K
2025-06-20T08:00:38.271+0300: 2.581: [GC (Allocation Failure) 
Desired survivor size 524288 bytes, new threshold 1 (max 15)
[PSYoungGen: 9422K->160K(9728K)] 11752K->2537K(20992K), 0.0028616 secs] [Times: user=0.01 sys=0.00, real=0.00 secs] 
Heap after GC invocations=92 (full 1):
 PSYoungGen      total 9728K, used 160K [0x00000000ff600000, 0x0000000100000000, 0x0000000100000000)
  eden space 9216K, 0% used [0x00000000ff600000,0x00000000ff600000,0x00000000fff00000)
  from space 512K, 31% used [0x00000000fff00000,0x00000000fff28000,0x00000000fff80000)
  to   space 512K, 0% used [0x00000000fff80000,0x00000000fff80000,0x0000000100000000)
 ParOldGen       total 11264K, used 2377K [0x00000000fe200000, 0x00000000fed00000, 0x00000000ff600000)
  object space 11264K, 21% used [0x00000000fe200000,0x00000000fe452618,0x00000000fed00000)
 Metaspace       used 9763K, capacity 10606K, committed 21296K, reserved 1064960K
  class space    used 1441K, capacity 1628K, committed 5168K, reserved 1048576K
}
2025-06-20T08:00:38.273+0300: 2.584: Total time for which application threads were stopped: 0.0029992 seconds, Stopping threads took: 0.0000361 seconds
{Heap before GC invocations=93 (full 1):
 PSYoungGen      total 9728K, used 9376K [0x00000000ff600000, 0x0000000100000000, 0x0000000100000000)
  eden space 9216K, 100% used [0x00000000ff600000,0x00000000fff00000,0x00000000fff00000)
  from space 512K, 31% used [0x00000000fff00000,0x00000000fff28000,0x00000000fff80000)
  to   space 512K, 0% used [0x00000000fff80000,0x00000000fff80000,0x0000000100000000)
 ParOldGen       total 11264K, used 2377K [0x00000000fe200000, 0x00000000fed00000, 0x00000000ff600000)
  object space 11264K, 21% used [0x00000000fe200000,0x00000000fe452618,0x00000000fed00000)
 Metaspace       used 9877K, capacity 10792K, committed 21296K, reserved 1064960K
  class space    used 1488K, capacity 1690K, committed 5168K, reserved 1048576K
2025-06-20T08:00:38.296+0300: 2.606: [GC (Allocation Failure) 
Desired survivor size 524288 bytes, new threshold 1 (max 15)
[PSYoungGen: 9376K->160K(9728K)] 11753K->2593K(20992K), 0.0015792 secs] [Times: user=0.01 sys=0.00, real=0.01 secs] 
Heap after GC invocations=93 (full 1):
 PSYoungGen      total 9728K, used 160K [0x00000000ff600000, 0x0000000100000000, 0x0000000100000000)
  eden space 9216K, 0% used [0x00000000ff600000,0x00000000ff600000,0x00000000fff00000)
  from space 512K, 31% used [0x00000000fff80000,0x00000000fffa8000,0x0000000100000000)
  to   space 512K, 0% used [0x00000000fff00000,0x00000000fff00000,0x00000000fff80000)
 ParOldGen       total 11264K, used 2433K [0x00000000fe200000, 0x00000000fed00000, 0x00000000ff600000)
  object space 11264K, 21% used [0x00000000fe200000,0x00000000fe460618,0x00000000fed00000)
 Metaspace       used 9877K, capacity 10792K, committed 21296K, reserved 1064960K
  class space    used 1488K, capacity 1690K, committed 5168K, reserved 1048576K
}
2025-06-20T08:00:38.297+0300: 2.608: Total time for which application threads were stopped: 0.0016808 seconds, Stopping threads took: 0.0000219 seconds
{Heap before GC invocations=94 (full 1):
 PSYoungGen      total 9728K, used 9376K [0x00000000ff600000, 0x0000000100000000, 0x0000000100000000)
  eden space 9216K, 100% used [0x00000000ff600000,0x00000000fff00000,0x00000000fff00000)
  from space 512K, 31% used [0x00000000fff80000,0x00000000fffa8000,0x0000000100000000)
  to   space 512K, 0% used [0x00000000fff00000,0x00000000fff00000,0x00000000fff80000)
 ParOldGen       total 11264K, used 2433K [0x00000000fe200000, 0x00000000fed00000, 0x00000000ff600000)
  object space 11264K, 21% used [0x00000000fe200000,0x00000000fe460618,0x00000000fed00000)
 Metaspace       used 9991K, capacity 10978K, committed 21296K, reserved 1064960K
  class space    used 1534K, capacity 1752K, committed 5168K, reserved 1048576K
2025-06-20T08:00:38.317+0300: 2.628: [GC (Allocation Failure) 
Desired survivor size 524288 bytes, new threshold 1 (max 15)
[PSYoungGen: 9376K->192K(9728K)] 11809K->2681K(20992K), 0.0017646 secs] [Times: user=0.00 sys=0.00, real=0.00 secs] 
Heap after GC invocations=94 (full 1):
 PSYoungGen      total 9728K, used 192K [0x00000000ff600000, 0x0000000100000000, 0x0000000100000000)
  eden space 9216K, 0% used [0x00000000ff600000,0x00000000ff600000,0x00000000fff00000)
  from space 512K, 37% used [0x00000000fff00000,0x00000000fff30000,0x00000000fff80000)
  to   space 512K, 0% used [0x00000000fff80000,0x00000000fff80000,0x0000000100000000)
 ParOldGen       total 11264K, used 2489K [0x00000000fe200000, 0x00000000fed00000, 0x00000000ff600000)
  object space 11264K, 22% used [0x00000000fe200000,0x00000000fe46e618,0x00000000fed00000)
 Metaspace       used 9991K, capacity 10978K, committed 21296K, reserved 1064960K
  class space    used 1534K, capacity 1752K, committed 5168K, reserved 1048576K
}
2025-06-20T08:00:38.319+0300: 2.630: Total time for which application threads were stopped: 0.0018663 seconds, Stopping threads took: 0.0000208 seconds
{Heap before GC invocations=95 (full 1):
 PSYoungGen      total 9728K, used 9408K [0x00000000ff600000, 0x0000000100000000, 0x0000000100000000)
  eden space 9216K, 100% used [0x00000000ff600000,0x00000000fff00000,0x00000000fff00000)
  from space 512K, 37% used [0x00000000fff00000,0x00000000fff30000,0x00000000fff80000)
  to   space 512K, 0% used [0x00000000fff80000,0x00000000fff80000,0x0000000100000000)
 ParOldGen       total 11264K, used 2489K [0x00000000fe200000, 0x00000000fed00000, 0x00000000ff600000)
  object space 11264K, 22% used [0x00000000fe200000,0x00000000fe46e618,0x00000000fed00000)
 Metaspace       used 10106K, capacity 11164K, committed 21296K, reserved 1064960K
  class space    used 1581K, capacity 1814K, committed 5168K, reserved 1048576K
2025-06-20T08:00:38.339+0300: 2.649: [GC (Allocation Failure) 
Desired survivor size 524288 bytes, new threshold 1 (max 15)
[PSYoungGen: 9408K->160K(9728K)] 11897K->2705K(20992K), 0.0027033 secs] [Times: user=0.01 sys=0.00, real=0.00 secs] 
Heap after GC invocations=95 (full 1):
 PSYoungGen      total 9728K, used 160K [0x00000000ff600000, 0x0000000100000000, 0x0000000100000000)
  eden space 9216K, 0% used [0x00000000ff600000,0x00000000ff600000,0x00000000fff00000)
  from space 512K, 31% used [0x00000000fff80000,0x00000000fffa8000,0x0000000100000000)
  to   space 512K, 0% used [0x00000000fff00000,0x00000000fff00000,0x00000000fff80000)
 ParOldGen       total 11264K, used 2545K [0x00000000fe200000, 0x00000000fed00000, 0x00000000ff600000)
  object space 11264K, 22% used [0x00000000fe200000,0x00000000fe47c618,0x00000000fed00000)
 Metaspace       used 10106K, capacity 11164K, committed 21296K, reserved 1064960K
  class space    used 1581K, capacity 1814K, committed 5168K, reserved 1048576K
}
2025-06-20T08:00:38.341+0300: 2.652: Total time for which application threads were stopped: 0.0028071 seconds, Stopping threads took: 0.0000185 seconds
{Heap before GC invocations=96 (full 1):
 PSYoungGen      total 9728K, used 9376K [0x00000000ff600000, 0x0000000100000000, 0x0000000100000000)
  eden space 9216K, 100% used [0x00000000ff600000,0x00000000fff00000,0x00000000fff00000)
  from space 512K, 31% used [0x00000000fff80000,0x00000000fffa8000,0x0000000100000000)
  to   space 512K, 0% used [0x00000000fff00000,0x00000000fff00000,0x00000000fff80000)
 ParOldGen       total 11264K, used 2545K [0x00000000fe200000, 0x00000000fed00000, 0x00000000ff600000)
  object space 11264K, 22% used [0x00000000fe200000,0x00000000fe47c618,0x00000000fed00000)
 Metaspace       used 10220K, capacity 11350K, committed 21296K, reserved 1064960K
  class space    used 1628K, capacity 1876K, committed 5168K, reserved 1048576K
2025-06-20T08:00:38.361+0300: 2.672: [GC (Allocation Failure) 
Desired survivor size 524288 bytes, new threshold 1 (max 15)
[PSYoungGen: 9376K->224K(9728K)] 11921K->2825K(20992K), 0.0019530 secs] [Times: user=0.01 sys=0.00, real=0.00 secs] 
Heap after GC invocations=96 (full 1):
 PSYoungGen      total 9728K, used 224K [0x00000000ff600000, 0x0000000100000000, 0x0000000100000000)
  eden space 9216K, 0% used [0x00000000ff600000,0x00000000ff600000,0x00000000fff00000)
  from space 512K, 43% used [0x00000000fff00000,0x00000000fff38000,0x00000000fff80000)
  to   space 512K, 0% used [0x00000000fff80000,0x00000000fff80000,0x0000000100000000)
 ParOldGen       total 11264K, used 2601K [0x00000000fe200000, 0x00000000fed00000, 0x00000000ff600000)
  object space 11264K, 23% used [0x00000000fe200000,0x00000000fe48a618,0x00000000fed00000)
 Metaspace       used 10220K, capacity 11350K, committed 21296K, reserved 1064960K
  class space    used 1628K, capacity 1876K, committed 5168K, reserved 1048576K
}
2025-06-20T08:00:38.363+0300: 2.674: Total time for which application threads were stopped: 0.0020464 seconds, Stopping threads took: 0.0000188 seconds
{Heap before GC invocations=97 (full 1):
 PSYoungGen      total 9728K, used 9440K [0x00000000ff600000, 0x0000000100000000, 0x0000000100000000)
  eden space 9216K, 100% used [0x00000000ff600000,0x00000000fff00000,0x00000000fff00000)
  from space 512K, 43% used [0x00000000fff00000,0x00000000fff38000,0x00000000fff80000)
  to   space 512K, 0% used [0x00000000fff80000,0x00000000fff80000,0x0000000100000000)
 ParOldGen       total 11264K, used 2601K [0x00000000fe200000, 0x00000000fed00000, 0x00000000ff600000)
  object space 11264K, 23% used [0x00000000fe200000,0x00000000fe48a618,0x00000000fed00000)
 Metaspace       used 10334K, capacity 11536K, committed 21296K, reserved 1064960K
  class space    used 1675K, capacity 1938K, committed 5168K, reserved 1048576K
2025-06-20T08:00:38.383+0300: 2.693: [GC (Allocation Failure) 
Desired survivor size 524288 bytes, new threshold 1 (max 15)
[PSYoungGen: 9440K->192K(9728K)] 12041K->2857K(20992K), 0.0017986 secs] [Times: user=0.00 sys=0.00, real=0.00 secs] 
Heap after GC invocations=97 (full 1):
 PSYoungGen      total 9728K, used 192K [0x00000000ff600000, 0x0000000100000000, 0x0000000100000000)
  eden space 9216K, 0% used [0x00000000ff600000,0x00000000ff600000,0x00000000fff00000)
  from space 512K, 37% used [0x00000000fff80000,0x00000000fffb0000,0x0000000100000000)
  to   space 512K, 0% used [0x00000000fff00000,0x00000000fff00000,0x00000000fff80000)
 ParOldGen       total 11264K, used 2665K [0x00000000fe200000, 0x00000000fed00000, 0x00000000ff600000)
  object space 11264K, 23% used [0x00000000fe200000,0x00000000fe49a618,0x00000000fed00000)
 Metaspace       used 10334K, capacity 11536K, committed 21296K, reserved 1064960K
  class space    used 1675K, capacity 1938K, committed 5168K, reserved 1048576K
}
2025-06-20T08:00:38.384+0300: 2.695: Total time for which application threads were stopped: 0.0019063 seconds, Stopping threads took: 0.0000180 seconds
{Heap before GC invocations=98 (full 1):
 PSYoungGen      total 9728K, used 9408K [0x00000000ff600000, 0x0000000100000000, 0x0000000100000000)
  eden space 9216K, 100% used [0x00000000ff600000,0x00000000fff00000,0x00000000fff00000)
  from space 512K, 37% used [0x00000000fff80000,0x00000000fffb0000,0x0000000100000000)
  to   space 512K, 0% used [0x00000000fff00000,0x00000000fff00000,0x00000000fff80000)
 ParOldGen       total 11264K, used 2665K [0x00000000fe200000, 0x00000000fed00000, 0x00000000ff600000)
  object space 11264K, 23% used [0x00000000fe200000,0x00000000fe49a618,0x00000000fed00000)
 Metaspace       used 10448K, capacity 11722K, committed 21296K, reserved 1064960K
  class space    used 1721K, capacity 2000K, committed 5168K, reserved 1048576K
2025-06-20T08:00:38.407+0300: 2.717: [GC (Allocation Failure) 
Desired survivor size 524288 bytes, new threshold 1 (max 15)
[PSYoungGen: 9408K->224K(9728K)] 12073K->2945K(20992K), 0.0010567 secs] [Times: user=0.00 sys=0.00, real=0.01 secs] 
Heap after GC invocations=98 (full 1):
 PSYoungGen      total 9728K, used 224K [0x00000000ff600000, 0x0000000100000000, 0x0000000100000000)
  eden space 9216K, 0% used [0x00000000ff600000,0x00000000ff600000,0x00000000fff00000)
  from space 512K, 43% used [0x00000000fff00000,0x00000000fff38000,0x00000000fff80000)
  to   space 512K, 0% used [0x00000000fff80000,0x00000000fff80000,0x0000000100000000)
 ParOldGen       total 11264K, used 2721K [0x00000000fe200000, 0x00000000fed00000, 0x00000000ff600000)
  object space 11264K, 24% used [0x00000000fe200000,0x00000000fe4a8618,0x00000000fed00000)
 Metaspace       used 10448K, capacity 11722K, committed 21296K, reserved 1064960K
  class space    used 1721K, capacity 2000K, committed 5168K, reserved 1048576K
}
2025-06-20T08:00:38.408+0300: 2.718: Total time for which application threads were stopped: 0.0011610 seconds, Stopping threads took: 0.0000216 seconds
{Heap before GC invocations=99 (full 1):
 PSYoungGen      total 9728K, used 9440K [0x00000000ff600000, 0x0000000100000000, 0x0000000100000000)
  eden space 9216K, 100% used [0x00000000ff600000,0x00000000fff00000,0x00000000fff00000)
  from space 512K, 43% used [0x00000000fff00000,0x00000000fff38000,0x00000000fff80000)
  to   space 512K, 0% used [0x00000000fff80000,0x00000000fff80000,0x0000000100000000)
 ParOldGen       total 11264K, used 2721K [0x00000000fe200000, 0x00000000fed00000, 0x00000000ff600000)
  object space 11264K, 24% used [0x00000000fe200000,0x00000000fe4a8618,0x00000000fed00000)
 Metaspace       used 10567K, capacity 11914K, committed 21296K, reserved 1064960K
  class space    used 1770K, capacity 2064K, committed 5168K, reserved 1048576K
2025-06-20T08:00:38.430+0300: 2.741: [GC (Allocation Failure) 
Desired survivor size 524288 bytes, new threshold 1 (max 15)
[PSYoungGen: 9440K->176K(9728K)] 12161K->2953K(20992K), 0.0020857 secs] [Times: user=0.01 sys=0.00, real=0.00 secs] 
Heap after GC invocations=99 (full 1):
 PSYoungGen      total 9728K, used 176K [0x00000000ff600000, 0x0000000100000000, 0x0000000100000000)
  eden space 9216K, 0% used [0x00000000ff600000,0x00000000ff600000,0x00000000fff00000)
  from space 512K, 34% used [0x00000000fff80000,0x00000000fffac010,0x0000000100000000)
  to   space 512K, 0% used [0x00000000fff00000,0x00000000fff00000,0x00000000fff80000)
 ParOldGen       total 11264K, used 2777K [0x00000000fe200000, 0x00000000fed00000, 0x00000000ff600000)
  object space 11264K, 24% used [0x00000000fe200000,0x00000000fe4b6618,0x00000000fed00000)
 Metaspace       used 10567K, capacity 11914K, committed 21296K, reserved 1064960K
  class space    used 1770K, capacity 2064K, committed 5168K, reserved 1048576K
}
2025-06-20T08:00:38.432+0300: 2.743: Total time for which application threads were stopped: 0.0021845 seconds, Stopping threads took: 0.0000189 seconds
{Heap before GC invocations=100 (full 1):
 PSYoungGen      total 9728K, used 9392K [0x00000000ff600000, 0x0000000100000000, 0x0000000100000000)
  eden space 9216K, 100% used [0x00000000ff600000,0x00000000fff00000,0x00000000fff00000)
  from space 512K, 34% used [0x00000000fff80000,0x00000000fffac010,0x0000000100000000)
  to   space 512K, 0% used [0x00000000fff00000,0x00000000fff00000,0x00000000fff80000)
 ParOldGen       total 11264K, used 2777K [0x00000000fe200000, 0x00000000fed00000, 0x00000000ff600000)
  object space 11264K, 24% used [0x00000000fe200000,0x00000000fe4b6618,0x00000000fed00000)
 Metaspace       used 10681K, capacity 12100K, committed 21296K, reserved 1064960K
  class space    used 1817K, capacity 2126K, committed 5168K, reserved 1048576K
2025-06-20T08:00:38.454+0300: 2.765: [GC (Allocation Failure) 
Desired survivor size 524288 bytes, new threshold 1 (max 15)
[PSYoungGen: 9392K->192K(9728K)] 12169K->3033K(20992K), 0.0015854 secs] [Times: user=0.01 sys=0.00, real=0.00 secs] 
Heap after GC invocations=100 (full 1):
 PSYoungGen      total 9728K, used 192K [0x00000000ff600000, 0x0000000100000000, 0x0000000100000000)
  eden space 9216K, 0% used [0x00000000ff600000,0x00000000ff600000,0x00000000fff00000)
  from space 512K, 37% used [0x00000000fff00000,0x00000000fff30000,0x00000000fff80000)
  to   space 512K, 0% used [0x00000000fff80000,0x00000000fff80000,0x0000000100000000)
 ParOldGen       total 11264K, used 2841K [0x00000000fe200000, 0x00000000fed00000, 0x00000000ff600000)
  object space 11264K, 25% used [0x00000000fe200000,0x00000000fe4c6618,0x00000000fed00000)
 Metaspace       used 10681K, capacity 12100K, committed 21296K, reserved 1064960K
  class space    used 1817K, capacity 2126K, committed 5168K, reserved 1048576K
}
2025-06-20T08:00:38.456+0300: 2.766: Total time for which application threads were stopped: 0.0017043 seconds, Stopping threads took: 0.0000187 seconds
{Heap before GC invocations=101 (full 1):
 PSYoungGen      total 9728K, used 9408K [0x00000000ff600000, 0x0000000100000000, 0x0000000100000000)
  eden space 9216K, 100% used [0x00000000ff600000,0x00000000fff00000,0x00000000fff00000)
  from space 512K, 37% used [0x00000000fff00000,0x00000000fff30000,0x00000000fff80000)
  to   space 512K, 0% used [0x00000000fff80000,0x00000000fff80000,0x0000000100000000)
 ParOldGen       total 11264K, used 2841K [0x00000000fe200000, 0x00000000fed00000, 0x00000000ff600000)
  object space 11264K, 25% used [0x00000000fe200000,0x00000000fe4c6618,0x00000000fed00000)
 Metaspace       used 10796K, capacity 12286K, committed 21296K, reserved 1064960K
  class space    used 1864K, capacity 2188K, committed 5168K, reserved 1048576K
2025-06-20T08:00:38.476+0300: 2.787: [GC (Allocation Failure) 
Desired survivor size 524288 bytes, new threshold 1 (max 15)
[PSYoungGen: 9408K->176K(9728K)] 12249K->3065K(20992K), 0.0031350 secs] [Times: user=0.01 sys=0.00, real=0.01 secs] 
Heap after GC invocations=101 (full 1):
 PSYoungGen      total 9728K, used 176K [0x00000000ff600000, 0x0000000100000000, 0x0000000100000000)
  eden space 9216K, 0% used [0x00000000ff600000,0x00000000ff600000,0x00000000fff00000)
  from space 512K, 34% used [0x00000000fff80000,0x00000000fffac010,0x0000000100000000)
  to   space 512K, 0% used [0x00000000fff00000,0x00000000fff00000,0x00000000fff80000)
 ParOldGen       total 11264K, used 2889K [0x00000000fe200000, 0x00000000fed00000, 0x00000000ff600000)
  object space 11264K, 25% used [0x00000000fe200000,0x00000000fe4d2618,0x00000000fed00000)
 Metaspace       used 10796K, capacity 12286K, committed 21296K, reserved 1064960K
  class space    used 1864K, capacity 2188K, committed 5168K, reserved 1048576K
}
2025-06-20T08:00:38.480+0300: 2.790: Total time for which application threads were stopped: 0.0032459 seconds, Stopping threads took: 0.0000189 seconds
{Heap before GC invocations=102 (full 1):
 PSYoungGen      total 9728K, used 9392K [0x00000000ff600000, 0x0000000100000000, 0x0000000100000000)
  eden space 9216K, 100% used [0x00000000ff600000,0x00000000fff00000,0x00000000fff00000)
  from space 512K, 34% used [0x00000000fff80000,0x00000000fffac010,0x0000000100000000)
  to   space 512K, 0% used [0x00000000fff00000,0x00000000fff00000,0x00000000fff80000)
 ParOldGen       total 11264K, used 2889K [0x00000000fe200000, 0x00000000fed00000, 0x00000000ff600000)
  object space 11264K, 25% used [0x00000000fe200000,0x00000000fe4d2618,0x00000000fed00000)
 Metaspace       used 10910K, capacity 12472K, committed 21296K, reserved 1064960K
  class space    used 1910K, capacity 2250K, committed 5168K, reserved 1048576K
2025-06-20T08:00:38.501+0300: 2.812: [GC (Allocation Failure) 
Desired survivor size 524288 bytes, new threshold 1 (max 15)
[PSYoungGen: 9392K->160K(9728K)] 12281K->3105K(20992K), 0.0012483 secs] [Times: user=0.00 sys=0.00, real=0.00 secs] 
Heap after GC invocations=102 (full 1):
 PSYoungGen      total 9728K, used 160K [0x00000000ff600000, 0x0000000100000000, 0x0000000100000000)
  eden space 9216K, 0% used [0x00000000ff600000,0x00000000ff600000,0x00000000fff00000)
  from space 512K, 31% used [0x00000000fff00000,0x00000000fff28000,0x00000000fff80000)
  to   space 512K, 0% used [0x00000000fff80000,0x00000000fff80000,0x0000000100000000)
 ParOldGen       total 11264K, used 2945K [0x00000000fe200000, 0x00000000fed00000, 0x00000000ff600000)
  object space 11264K, 26% used [0x00000000fe200000,0x00000000fe4e0618,0x00000000fed00000)
 Metaspace       used 10910K, capacity 12472K, committed 21296K, reserved 1064960K
  class space    used 1910K, capacity 2250K, committed 5168K, reserved 1048576K
}
2025-06-20T08:00:38.502+0300: 2.813: Total time for which application threads were stopped: 0.0013730 seconds, Stopping threads took: 0.0000198 seconds
{Heap before GC invocations=103 (full 1):
 PSYoungGen      total 9728K, used 9376K [0x00000000ff600000, 0x0000000100000000, 0x0000000100000000)
  eden space 9216K, 100% used [0x00000000ff600000,0x00000000fff00000,0x00000000fff00000)
  from space 512K, 31% used [0x00000000fff00000,0x00000000fff28000,0x00000000fff80000)
  to   space 512K, 0% used [0x00000000fff80000,0x00000000fff80000,0x0000000100000000)
 ParOldGen       total 11264K, used 2945K [0x00000000fe200000, 0x00000000fed00000, 0x00000000ff600000)
  object space 11264K, 26% used [0x00000000fe200000,0x00000000fe4e0618,0x00000000fed00000)
 Metaspace       used 11024K, capacity 12658K, committed 21296K, reserved 1064960K
  class space    used 1957K, capacity 2312K, committed 5168K, reserved 1048576K
2025-06-20T08:00:38.523+0300: 2.834: [GC (Allocation Failure) 
Desired survivor size 524288 bytes, new threshold 1 (max 15)
[PSYoungGen: 9376K->96K(9728K)] 12321K->3097K(20992K), 0.0020220 secs] [Times: user=0.01 sys=0.00, real=0.00 secs] 
Heap after GC invocations=103 (full 1):
 PSYoungGen      total 9728K, used 96K [0x00000000ff600000, 0x0000000100000000, 0x0000000100000000)
  eden space 9216K, 0% used [0x00000000ff600000,0x00000000ff600000,0x00000000fff00000)
  from space 512K, 18% used [0x00000000fff80000,0x00000000fff98000,0x0000000100000000)
  to   space 512K, 0% used [0x00000000fff00000,0x00000000fff00000,0x00000000fff80000)
 ParOldGen       total 11264K, used 3001K [0x00000000fe200000, 0x00000000fed00000, 0x00000000ff600000)
  object space 11264K, 26% used [0x00000000fe200000,0x00000000fe4ee618,0x00000000fed00000)
 Metaspace       used 11024K, capacity 12658K, committed 21296K, reserved 1064960K
  class space    used 1957K, capacity 2312K, committed 5168K, reserved 1048576K
}
2025-06-20T08:00:38.525+0300: 2.836: Total time for which application threads were stopped: 0.0021283 seconds, Stopping threads took: 0.0000205 seconds
{Heap before GC invocations=104 (full 1):
 PSYoungGen      total 9728K, used 9312K [0x00000000ff600000, 0x0000000100000000, 0x0000000100000000)
  eden space 9216K, 100% used [0x00000000ff600000,0x00000000fff00000,0x00000000fff00000)
  from space 512K, 18% used [0x00000000fff80000,0x00000000fff98000,0x0000000100000000)
  to   space 512K, 0% used [0x00000000fff00000,0x00000000fff00000,0x00000000fff80000)
 ParOldGen       total 11264K, used 3001K [0x00000000fe200000, 0x00000000fed00000, 0x00000000ff600000)
  object space 11264K, 26% used [0x00000000fe200000,0x00000000fe4ee618,0x00000000fed00000)
 Metaspace       used 11139K, capacity 12844K, committed 21296K, reserved 1064960K
  class space    used 2004K, capacity 2374K, committed 5168K, reserved 1048576K
2025-06-20T08:00:38.547+0300: 2.857: [GC (Allocation Failure) 
Desired survivor size 524288 bytes, new threshold 1 (max 15)
[PSYoungGen: 9312K->96K(9728K)] 12313K->3145K(20992K), 0.0018639 secs] [Times: user=0.00 sys=0.00, real=0.01 secs] 
Heap after GC invocations=104 (full 1):
 PSYoungGen      total 9728K, used 96K [0x00000000ff600000, 0x0000000100000000, 0x0000000100000000)
  eden space 9216K, 0% used [0x00000000ff600000,0x00000000ff600000,0x00000000fff00000)
  from space 512K, 18% used [0x00000000fff00000,0x00000000fff18000,0x00000000fff80000)
  to   space 512K, 0% used [0x00000000fff80000,0x00000000fff80000,0x0000000100000000)
 ParOldGen       total 11264K, used 3049K [0x00000000fe200000, 0x00000000fed00000, 0x00000000ff600000)
  object space 11264K, 27% used [0x00000000fe200000,0x00000000fe4fa618,0x00000000fed00000)
 Metaspace       used 11139K, capacity 12844K, committed 21296K, reserved 1064960K
  class space    used 2004K, capacity 2374K, committed 5168K, reserved 1048576K
}
2025-06-20T08:00:38.549+0300: 2.859: Total time for which application threads were stopped: 0.0019663 seconds, Stopping threads took: 0.0000166 seconds
{Heap before GC invocations=105 (full 1):
 PSYoungGen      total 9728K, used 9312K [0x00000000ff600000, 0x0000000100000000, 0x0000000100000000)
  eden space 9216K, 100% used [0x00000000ff600000,0x00000000fff00000,0x00000000fff00000)
  from space 512K, 18% used [0x00000000fff00000,0x00000000fff18000,0x00000000fff80000)
  to   space 512K, 0% used [0x00000000fff80000,0x00000000fff80000,0x0000000100000000)
 ParOldGen       total 11264K, used 3049K [0x00000000fe200000, 0x00000000fed00000, 0x00000000ff600000)
  object space 11264K, 27% used [0x00000000fe200000,0x00000000fe4fa618,0x00000000fed00000)
 Metaspace       used 11253K, capacity 13030K, committed 21296K, reserved 1064960K
  class space    used 2051K, capacity 2436K, committed 5168K, reserved 1048576K
2025-06-20T08:00:38.568+0300: 2.879: [GC (Allocation Failure) 
Desired survivor size 524288 bytes, new threshold 1 (max 15)
[PSYoungGen: 9312K->192K(9728K)] 12361K->3305K(20992K), 0.0014874 secs] [Times: user=0.01 sys=0.00, real=0.00 secs] 
Heap after GC invocations=105 (full 1):
 PSYoungGen      total 9728K, used 192K [0x00000000ff600000, 0x0000000100000000, 0x0000000100000000)
  eden space 9216K, 0% used [0x00000000ff600000,0x00000000ff600000,0x00000000fff00000)
  from space 512K, 37% used [0x00000000fff80000,0x00000000fffb0000,0x0000000100000000)
  to   space 512K, 0% used [0x00000000fff00000,0x00000000fff00000,0x00000000fff80000)
 ParOldGen       total 11264K, used 3113K [0x00000000fe200000, 0x00000000fed00000, 0x00000000ff600000)
  object space 11264K, 27% used [0x00000000fe200000,0x00000000fe50a618,0x00000000fed00000)
 Metaspace       used 11253K, capacity 13030K, committed 21296K, reserved 1064960K
  class space    used 2051K, capacity 2436K, committed 5168K, reserved 1048576K
}
2025-06-20T08:00:38.570+0300: 2.880: Total time for which application threads were stopped: 0.0015794 seconds, Stopping threads took: 0.0000156 seconds
{Heap before GC invocations=106 (full 1):
 PSYoungGen      total 9728K, used 9408K [0x00000000ff600000, 0x0000000100000000, 0x0000000100000000)
  eden space 9216K, 100% used [0x00000000ff600000,0x00000000fff00000,0x00000000fff00000)
  from space 512K, 37% used [0x00000000fff80000,0x00000000fffb0000,0x0000000100000000)
  to   space 512K, 0% used [0x00000000fff00000,0x00000000fff00000,0x00000000fff80000)
 ParOldGen       total 11264K, used 3113K [0x00000000fe200000, 0x00000000fed00000, 0x00000000ff600000)
  object space 11264K, 27% used [0x00000000fe200000,0x00000000fe50a618,0x00000000fed00000)
 Metaspace       used 11367K, capacity 13216K, committed 21296K, reserved 1064960K
  class space    used 2097K, capacity 2498K, committed 5168K, reserved 1048576K
2025-06-20T08:00:38.590+0300: 2.901: [GC (Allocation Failure) 
Desired survivor size 524288 bytes, new threshold 1 (max 15)
[PSYoungGen: 9408K->144K(9728K)] 12521K->3321K(20992K), 0.0019774 secs] [Times: user=0.00 sys=0.00, real=0.00 secs] 
Heap after GC invocations=106 (full 1):
 PSYoungGen      total 9728K, used 144K [0x00000000ff600000, 0x0000000100000000, 0x0000000100000000)
  eden space 9216K, 0% used [0x00000000ff600000,0x00000000ff600000,0x00000000fff00000)
  from space 512K, 28% used [0x00000000fff00000,0x00000000fff24010,0x00000000fff80000)
  to   space 512K, 0% used [0x00000000fff80000,0x00000000fff80000,0x0000000100000000)
 ParOldGen       total 11264K, used 3177K [0x00000000fe200000, 0x00000000fed00000, 0x00000000ff600000)
  object space 11264K, 28% used [0x00000000fe200000,0x00000000fe51a738,0x00000000fed00000)
 Metaspace       used 11367K, capacity 13216K, committed 21296K, reserved 1064960K
  class space    used 2097K, capacity 2498K, committed 5168K, reserved 1048576K
}
2025-06-20T08:00:38.592+0300: 2.903: Total time for which application threads were stopped: 0.0020832 seconds, Stopping threads took: 0.0000211 seconds
{Heap before GC invocations=107 (full 1):
 PSYoungGen      total 9728K, used 9360K [0x00000000ff600000, 0x0000000100000000, 0x0000000100000000)
  eden space 9216K, 100% used [0x00000000ff600000,0x00000000fff00000,0x00000000fff00000)
  from space 512K, 28% used [0x00000000fff00000,0x00000000fff24010,0x00000000fff80000)
  to   space 512K, 0% used [0x00000000fff80000,0x00000000fff80000,0x0000000100000000)
 ParOldGen       total 11264K, used 3177K [0x00000000fe200000, 0x00000000fed00000, 0x00000000ff600000)
  object space 11264K, 28% used [0x00000000fe200000,0x00000000fe51a738,0x00000000fed00000)
 Metaspace       used 11482K, capacity 13402K, committed 21296K, reserved 1064960K
  class space    used 2144K, capacity 2560K, committed 5168K, reserved 1048576K
2025-06-20T08:00:38.612+0300: 2.923: [GC (Allocation Failure) 
Desired survivor size 524288 bytes, new threshold 1 (max 15)
[PSYoungGen: 9360K->240K(9728K)] 12537K->3473K(20992K), 0.0010560 secs] [Times: user=0.00 sys=0.00, real=0.00 secs] 
Heap after GC invocations=107 (full 1):
 PSYoungGen      total 9728K, used 240K [0x00000000ff600000, 0x0000000100000000, 0x0000000100000000)
  eden space 9216K, 0% used [0x00000000ff600000,0x00000000ff600000,0x00000000fff00000)
  from space 512K, 46% used [0x00000000fff80000,0x00000000fffbc010,0x0000000100000000)
  to   space 512K, 0% used [0x00000000fff00000,0x00000000fff00000,0x00000000fff80000)
 ParOldGen       total 11264K, used 3233K [0x00000000fe200000, 0x00000000fed00000, 0x00000000ff600000)
  object space 11264K, 28% used [0x00000000fe200000,0x00000000fe528738,0x00000000fed00000)
 Metaspace       used 11482K, capacity 13402K, committed 21296K, reserved 1064960K
  class space    used 2144K, capacity 2560K, committed 5168K, reserved 1048576K
}
2025-06-20T08:00:38.613+0300: 2.924: Total time for which application threads were stopped: 0.0011531 seconds, Stopping threads took: 0.0000150 seconds
{Heap before GC invocations=108 (full 1):
 PSYoungGen      total 9728K, used 9456K [0x00000000ff600000, 0x0000000100000000, 0x0000000100000000)
  eden space 9216K, 100% used [0x00000000ff600000,0x00000000fff00000,0x00000000fff00000)
  from space 512K, 46% used [0x00000000fff80000,0x00000000fffbc010,0x0000000100000000)
  to   space 512K, 0% used [0x00000000fff00000,0x00000000fff00000,0x00000000fff80000)
 ParOldGen       total 11264K, used 3233K [0x00000000fe200000, 0x00000000fed00000, 0x00000000ff600000)
  object space 11264K, 28% used [0x00000000fe200000,0x00000000fe528738,0x00000000fed00000)
 Metaspace       used 11596K, capacity 13588K, committed 21296K, reserved 1064960K
  class space    used 2191K, capacity 2622K, committed 5168K, reserved 1048576K
2025-06-20T08:00:38.631+0300: 2.942: [GC (Allocation Failure) 
Desired survivor size 524288 bytes, new threshold 1 (max 15)
[PSYoungGen: 9456K->224K(9728K)] 12689K->3513K(20992K), 0.0017301 secs] [Times: user=0.00 sys=0.00, real=0.00 secs] 
Heap after GC invocations=108 (full 1):
 PSYoungGen      total 9728K, used 224K [0x00000000ff600000, 0x0000000100000000, 0x0000000100000000)
  eden space 9216K, 0% used [0x00000000ff600000,0x00000000ff600000,0x00000000fff00000)
  from space 512K, 43% used [0x00000000fff00000,0x00000000fff38000,0x00000000fff80000)
  to   space 512K, 0% used [0x00000000fff80000,0x00000000fff80000,0x0000000100000000)
 ParOldGen       total 11264K, used 3289K [0x00000000fe200000, 0x00000000fed00000, 0x00000000ff600000)
  object space 11264K, 29% used [0x00000000fe200000,0x00000000fe536738,0x00000000fed00000)
 Metaspace       used 11596K, capacity 13588K, committed 21296K, reserved 1064960K
  class space    used 2191K, capacity 2622K, committed 5168K, reserved 1048576K
}
2025-06-20T08:00:38.633+0300: 2.943: Total time for which application threads were stopped: 0.0018201 seconds, Stopping threads took: 0.0000145 seconds
{Heap before GC invocations=109 (full 1):
 PSYoungGen      total 9728K, used 9440K [0x00000000ff600000, 0x0000000100000000, 0x0000000100000000)
  eden space 9216K, 100% used [0x00000000ff600000,0x00000000fff00000,0x00000000fff00000)
  from space 512K, 43% used [0x00000000fff00000,0x00000000fff38000,0x00000000fff80000)
  to   space 512K, 0% used [0x00000000fff80000,0x00000000fff80000,0x0000000100000000)
 ParOldGen       total 11264K, used 3289K [0x00000000fe200000, 0x00000000fed00000, 0x00000000ff600000)
  object space 11264K, 29% used [0x00000000fe200000,0x00000000fe536738,0x00000000fed00000)
 Metaspace       used 11710K, capacity 13774K, committed 21296K, reserved 1064960K
  class space    used 2238K, capacity 2684K, committed 5168K, reserved 1048576K
2025-06-20T08:00:38.651+0300: 2.962: [GC (Allocation Failure) 
Desired survivor size 524288 bytes, new threshold 1 (max 15)
[PSYoungGen: 9440K->208K(9728K)] 12729K->3569K(20992K), 0.0020096 secs] [Times: user=0.01 sys=0.00, real=0.00 secs] 
Heap after GC invocations=109 (full 1):
 PSYoungGen      total 9728K, used 208K [0x00000000ff600000, 0x0000000100000000, 0x0000000100000000)
  eden space 9216K, 0% used [0x00000000ff600000,0x00000000ff600000,0x00000000fff00000)
  from space 512K, 40% used [0x00000000fff80000,0x00000000fffb4010,0x0000000100000000)
  to   space 512K, 0% used [0x00000000fff00000,0x00000000fff00000,0x00000000fff80000)
 ParOldGen       total 11264K, used 3361K [0x00000000fe200000, 0x00000000fed00000, 0x00000000ff600000)
  object space 11264K, 29% used [0x00000000fe200000,0x00000000fe548738,0x00000000fed00000)
 Metaspace       used 11710K, capacity 13774K, committed 21296K, reserved 1064960K
  class space    used 2238K, capacity 2684K, committed 5168K, reserved 1048576K
}
2025-06-20T08:00:38.653+0300: 2.964: Total time for which application threads were stopped: 0.0021076 seconds, Stopping threads took: 0.0000164 seconds
{Heap before GC invocations=110 (full 1):
 PSYoungGen      total 9728K, used 9424K [0x00000000ff600000, 0x0000000100000000, 0x0000000100000000)
  eden space 9216K, 100% used [0x00000000ff600000,0x00000000fff00000,0x00000000fff00000)
  from space 512K, 40% used [0x00000000fff80000,0x00000000fffb4010,0x0000000100000000)
  to   space 512K, 0% used [0x00000000fff00000,0x00000000fff00000,0x00000000fff80000)
 ParOldGen       total 11264K, used 3361K [0x00000000fe200000, 0x00000000fed00000, 0x00000000ff600000)
  object space 11264K, 29% used [0x00000000fe200000,0x00000000fe548738,0x00000000fed00000)
 Metaspace       used 11828K, capacity 13966K, committed 21296K, reserved 1064960K
  class space    used 2286K, capacity 2748K, committed 5168K, reserved 1048576K
2025-06-20T08:00:38.672+0300: 2.982: [GC (Allocation Failure) 
Desired survivor size 524288 bytes, new threshold 1 (max 15)
[PSYoungGen: 9424K->192K(9728K)] 12785K->3609K(20992K), 0.0011077 secs] [Times: user=0.01 sys=0.00, real=0.00 secs] 
Heap after GC invocations=110 (full 1):
 PSYoungGen      total 9728K, used 192K [0x00000000ff600000, 0x0000000100000000, 0x0000000100000000)
  eden space 9216K, 0% used [0x00000000ff600000,0x00000000ff600000,0x00000000fff00000)
  from space 512K, 37% used [0x00000000fff00000,0x00000000fff30000,0x00000000fff80000)
  to   space 512K, 0% used [0x00000000fff80000,0x00000000fff80000,0x0000000100000000)
 ParOldGen       total 11264K, used 3417K [0x00000000fe200000, 0x00000000fed00000, 0x00000000ff600000)
  object space 11264K, 30% used [0x00000000fe200000,0x00000000fe556738,0x00000000fed00000)
 Metaspace       used 11828K, capacity 13966K, committed 21296K, reserved 1064960K
  class space    used 2286K, capacity 2748K, committed 5168K, reserved 1048576K
}
2025-06-20T08:00:38.673+0300: 2.984: Total time for which application threads were stopped: 0.0011959 seconds, Stopping threads took: 0.0000171 seconds
{Heap before GC invocations=111 (full 1):
 PSYoungGen      total 9728K, used 9408K [0x00000000ff600000, 0x0000000100000000, 0x0000000100000000)
  eden space 9216K, 100% used [0x00000000ff600000,0x00000000fff00000,0x00000000fff00000)
  from space 512K, 37% used [0x00000000fff00000,0x00000000fff30000,0x00000000fff80000)
  to   space 512K, 0% used [0x00000000fff80000,0x00000000fff80000,0x0000000100000000)
 ParOldGen       total 11264K, used 3417K [0x00000000fe200000, 0x00000000fed00000, 0x00000000ff600000)
  object space 11264K, 30% used [0x00000000fe200000,0x00000000fe556738,0x00000000fed00000)
 Metaspace       used 11943K, capacity 14152K, committed 21296K, reserved 1064960K
  class space    used 2333K, capacity 2810K, committed 5168K, reserved 1048576K
2025-06-20T08:00:38.691+0300: 3.001: [GC (Allocation Failure) 
Desired survivor size 524288 bytes, new threshold 1 (max 15)
[PSYoungGen: 9408K->160K(9728K)] 12825K->3625K(20992K), 0.0016119 secs] [Times: user=0.01 sys=0.00, real=0.00 secs] 
Heap after GC invocations=111 (full 1):
 PSYoungGen      total 9728K, used 160K [0x00000000ff600000, 0x0000000100000000, 0x0000000100000000)
  eden space 9216K, 0% used [0x00000000ff600000,0x00000000ff600000,0x00000000fff00000)
  from space 512K, 31% used [0x00000000fff80000,0x00000000fffa8000,0x0000000100000000)
  to   space 512K, 0% used [0x00000000fff00000,0x00000000fff00000,0x00000000fff80000)
 ParOldGen       total 11264K, used 3465K [0x00000000fe200000, 0x00000000fed00000, 0x00000000ff600000)
  object space 11264K, 30% used [0x00000000fe200000,0x00000000fe562738,0x00000000fed00000)
 Metaspace       used 11943K, capacity 14152K, committed 21296K, reserved 1064960K
  class space    used 2333K, capacity 2810K, committed 5168K, reserved 1048576K
}
2025-06-20T08:00:38.692+0300: 3.003: Total time for which application threads were stopped: 0.0017434 seconds, Stopping threads took: 0.0000176 seconds
{Heap before GC invocations=112 (full 1):
 PSYoungGen      total 9728K, used 9376K [0x00000000ff600000, 0x0000000100000000, 0x0000000100000000)
  eden space 9216K, 100% used [0x00000000ff600000,0x00000000fff00000,0x00000000fff00000)
  from space 512K, 31% used [0x00000000fff80000,0x00000000fffa8000,0x0000000100000000)
  to   space 512K, 0% used [0x00000000fff00000,0x00000000fff00000,0x00000000fff80000)
 ParOldGen       total 11264K, used 3465K [0x00000000fe200000, 0x00000000fed00000, 0x00000000ff600000)
  object space 11264K, 30% used [0x00000000fe200000,0x00000000fe562738,0x00000000fed00000)
 Metaspace       used 12057K, capacity 14338K, committed 21296K, reserved 1064960K
  class space    used 2379K, capacity 2872K, committed 5168K, reserved 1048576K
2025-06-20T08:00:38.708+0300: 3.019: [GC (Allocation Failure) 
Desired survivor size 524288 bytes, new threshold 1 (max 15)
[PSYoungGen: 9376K->208K(9728K)] 12841K->3737K(20992K), 0.0010980 secs] [Times: user=0.01 sys=0.00, real=0.00 secs] 
Heap after GC invocations=112 (full 1):
 PSYoungGen      total 9728K, used 208K [0x00000000ff600000, 0x0000000100000000, 0x0000000100000000)
  eden space 9216K, 0% used [0x00000000ff600000,0x00000000ff600000,0x00000000fff00000)
  from space 512K, 40% used [0x00000000fff00000,0x00000000fff34010,0x00000000fff80000)
  to   space 512K, 0% used [0x00000000fff80000,0x00000000fff80000,0x0000000100000000)
 ParOldGen       total 11264K, used 3529K [0x00000000fe200000, 0x00000000fed00000, 0x00000000ff600000)
  object space 11264K, 31% used [0x00000000fe200000,0x00000000fe572738,0x00000000fed00000)
 Metaspace       used 12057K, capacity 14338K, committed 21296K, reserved 1064960K
  class space    used 2379K, capacity 2872K, committed 5168K, reserved 1048576K
}
2025-06-20T08:00:38.710+0300: 3.020: Total time for which application threads were stopped: 0.0011794 seconds, Stopping threads took: 0.0000152 seconds
{Heap before GC invocations=113 (full 1):
 PSYoungGen      total 9728K, used 9424K [0x00000000ff600000, 0x0000000100000000, 0x0000000100000000)
  eden space 9216K, 100% used [0x00000000ff600000,0x00000000fff00000,0x00000000fff00000)
  from space 512K, 40% used [0x00000000fff00000,0x00000000fff34010,0x00000000fff80000)
  to   space 512K, 0% used [0x00000000fff80000,0x00000000fff80000,0x0000000100000000)
 ParOldGen       total 11264K, used 3529K [0x00000000fe200000, 0x00000000fed00000, 0x00000000ff600000)
  object space 11264K, 31% used [0x00000000fe200000,0x00000000fe572738,0x00000000fed00000)
 Metaspace       used 12171K, capacity 14524K, committed 21296K, reserved 1064960K
  class space    used 2426K, capacity 2934K, committed 5168K, reserved 1048576K
2025-06-20T08:00:38.725+0300: 3.036: [GC (Allocation Failure) 
Desired survivor size 524288 bytes, new threshold 1 (max 15)
[PSYoungGen: 9424K->192K(9728K)] 12953K->3785K(20992K), 0.0006489 secs] [Times: user=0.01 sys=0.00, real=0.00 secs] 
Heap after GC invocations=113 (full 1):
 PSYoungGen      total 9728K, used 192K [0x00000000ff600000, 0x0000000100000000, 0x0000000100000000)
  eden space 9216K, 0% used [0x00000000ff600000,0x00000000ff600000,0x00000000fff00000)
  from space 512K, 37% used [0x00000000fff80000,0x00000000fffb0000,0x0000000100000000)
  to   space 512K, 0% used [0x00000000fff00000,0x00000000fff00000,0x00000000fff80000)
 ParOldGen       total 11264K, used 3593K [0x00000000fe200000, 0x00000000fed00000, 0x00000000ff600000)
  object space 11264K, 31% used [0x00000000fe200000,0x00000000fe582738,0x00000000fed00000)
 Metaspace       used 12171K, capacity 14524K, committed 21296K, reserved 1064960K
  class space    used 2426K, capacity 2934K, committed 5168K, reserved 1048576K
}
2025-06-20T08:00:38.726+0300: 3.036: Total time for which application threads were stopped: 0.0007582 seconds, Stopping threads took: 0.0000495 seconds
{Heap before GC invocations=114 (full 1):
 PSYoungGen      total 9728K, used 9408K [0x00000000ff600000, 0x0000000100000000, 0x0000000100000000)
  eden space 9216K, 100% used [0x00000000ff600000,0x00000000fff00000,0x00000000fff00000)
  from space 512K, 37% used [0x00000000fff80000,0x00000000fffb0000,0x0000000100000000)
  to   space 512K, 0% used [0x00000000fff00000,0x00000000fff00000,0x00000000fff80000)
 ParOldGen       total 11264K, used 3593K [0x00000000fe200000, 0x00000000fed00000, 0x00000000ff600000)
  object space 11264K, 31% used [0x00000000fe200000,0x00000000fe582738,0x00000000fed00000)
 Metaspace       used 12286K, capacity 14710K, committed 21296K, reserved 1064960K
  class space    used 2473K, capacity 2996K, committed 5168K, reserved 1048576K
2025-06-20T08:00:38.741+0300: 3.052: [GC (Allocation Failure) 
Desired survivor size 524288 bytes, new threshold 1 (max 15)
[PSYoungGen: 9408K->128K(9728K)] 13001K->3777K(20992K), 0.0011840 secs] [Times: user=0.01 sys=0.00, real=0.00 secs] 
Heap after GC invocations=114 (full 1):
 PSYoungGen      total 9728K, used 128K [0x00000000ff600000, 0x0000000100000000, 0x0000000100000000)
  eden space 9216K, 0% used [0x00000000ff600000,0x00000000ff600000,0x00000000fff00000)
  from space 512K, 25% used [0x00000000fff00000,0x00000000fff20000,0x00000000fff80000)
  to   space 512K, 0% used [0x00000000fff80000,0x00000000fff80000,0x0000000100000000)
 ParOldGen       total 11264K, used 3649K [0x00000000fe200000, 0x00000000fed00000, 0x00000000ff600000)
  object space 11264K, 32% used [0x00000000fe200000,0x00000000fe590738,0x00000000fed00000)
 Metaspace       used 12286K, capacity 14710K, committed 21296K, reserved 1064960K
  class space    used 2473K, capacity 2996K, committed 5168K, reserved 1048576K
}
2025-06-20T08:00:38.743+0300: 3.053: Total time for which application threads were stopped: 0.0012767 seconds, Stopping threads took: 0.0000176 seconds
{Heap before GC invocations=115 (full 1):
 PSYoungGen      total 9728K, used 9344K [0x00000000ff600000, 0x0000000100000000, 0x0000000100000000)
  eden space 9216K, 100% used [0x00000000ff600000,0x00000000fff00000,0x00000000fff00000)
  from space 512K, 25% used [0x00000000fff00000,0x00000000fff20000,0x00000000fff80000)
  to   space 512K, 0% used [0x00000000fff80000,0x00000000fff80000,0x0000000100000000)
 ParOldGen       total 11264K, used 3649K [0x00000000fe200000, 0x00000000fed00000, 0x00000000ff600000)
  object space 11264K, 32% used [0x00000000fe200000,0x00000000fe590738,0x00000000fed00000)
 Metaspace       used 12400K, capacity 14896K, committed 21296K, reserved 1064960K
  class space    used 2519K, capacity 3058K, committed 5168K, reserved 1048576K
2025-06-20T08:00:38.759+0300: 3.070: [GC (Allocation Failure) 
Desired survivor size 524288 bytes, new threshold 1 (max 15)
[PSYoungGen: 9344K->160K(9728K)] 12993K->3865K(20992K), 0.0009537 secs] [Times: user=0.00 sys=0.00, real=0.00 secs] 
Heap after GC invocations=115 (full 1):
 PSYoungGen      total 9728K, used 160K [0x00000000ff600000, 0x0000000100000000, 0x0000000100000000)
  eden space 9216K, 0% used [0x00000000ff600000,0x00000000ff600000,0x00000000fff00000)
  from space 512K, 31% used [0x00000000fff80000,0x00000000fffa8000,0x0000000100000000)
  to   space 512K, 0% used [0x00000000fff00000,0x00000000fff00000,0x00000000fff80000)
 ParOldGen       total 11264K, used 3705K [0x00000000fe200000, 0x00000000fed00000, 0x00000000ff600000)
  object space 11264K, 32% used [0x00000000fe200000,0x00000000fe59e738,0x00000000fed00000)
 Metaspace       used 12400K, capacity 14896K, committed 21296K, reserved 1064960K
  class space    used 2519K, capacity 3058K, committed 5168K, reserved 1048576K
}
2025-06-20T08:00:38.760+0300: 3.071: Total time for which application threads were stopped: 0.0010382 seconds, Stopping threads took: 0.0000180 seconds
{Heap before GC invocations=116 (full 1):
 PSYoungGen      total 9728K, used 9376K [0x00000000ff600000, 0x0000000100000000, 0x0000000100000000)
  eden space 9216K, 100% used [0x00000000ff600000,0x00000000fff00000,0x00000000fff00000)
  from space 512K, 31% used [0x00000000fff80000,0x00000000fffa8000,0x0000000100000000)
  to   space 512K, 0% used [0x00000000fff00000,0x00000000fff00000,0x00000000fff80000)
 ParOldGen       total 11264K, used 3705K [0x00000000fe200000, 0x00000000fed00000, 0x00000000ff600000)
  object space 11264K, 32% used [0x00000000fe200000,0x00000000fe59e738,0x00000000fed00000)
 Metaspace       used 12514K, capacity 15082K, committed 21296K, reserved 1064960K
  class space    used 2566K, capacity 3120K, committed 5168K, reserved 1048576K
2025-06-20T08:00:38.777+0300: 3.088: [GC (Allocation Failure) 
Desired survivor size 524288 bytes, new threshold 1 (max 15)
[PSYoungGen: 9376K->192K(9728K)] 13081K->3953K(20992K), 0.0011579 secs] [Times: user=0.01 sys=0.00, real=0.00 secs] 
Heap after GC invocations=116 (full 1):
 PSYoungGen      total 9728K, used 192K [0x00000000ff600000, 0x0000000100000000, 0x0000000100000000)
  eden space 9216K, 0% used [0x00000000ff600000,0x00000000ff600000,0x00000000fff00000)
  from space 512K, 37% used [0x00000000fff00000,0x00000000fff30000,0x00000000fff80000)
  to   space 512K, 0% used [0x00000000fff80000,0x00000000fff80000,0x0000000100000000)
 ParOldGen       total 11264K, used 3761K [0x00000000fe200000, 0x00000000fed00000, 0x00000000ff600000)
  object space 11264K, 33% used [0x00000000fe200000,0x00000000fe5ac738,0x00000000fed00000)
 Metaspace       used 12514K, capacity 15082K, committed 21296K, reserved 1064960K
  class space    used 2566K, capacity 3120K, committed 5168K, reserved 1048576K
}
2025-06-20T08:00:38.778+0300: 3.089: Total time for which application threads were stopped: 0.0012391 seconds, Stopping threads took: 0.0000182 seconds
{Heap before GC invocations=117 (full 1):
 PSYoungGen      total 9728K, used 9397K [0x00000000ff600000, 0x0000000100000000, 0x0000000100000000)
  eden space 9216K, 99% used [0x00000000ff600000,0x00000000ffefd7d8,0x00000000fff00000)
  from space 512K, 37% used [0x00000000fff00000,0x00000000fff30000,0x00000000fff80000)
  to   space 512K, 0% used [0x00000000fff80000,0x00000000fff80000,0x0000000100000000)
 ParOldGen       total 11264K, used 3761K [0x00000000fe200000, 0x00000000fed00000, 0x00000000ff600000)
  object space 11264K, 33% used [0x00000000fe200000,0x00000000fe5ac738,0x00000000fed00000)
 Metaspace       used 12628K, capacity 15268K, committed 21296K, reserved 1064960K
  class space    used 2613K, capacity 3182K, committed 5168K, reserved 1048576K
2025-06-20T08:00:38.795+0300: 3.106: [GC (Allocation Failure) 
Desired survivor size 524288 bytes, new threshold 1 (max 15)
[PSYoungGen: 9397K->192K(9728K)] 13159K->4017K(20992K), 0.0014005 secs] [Times: user=0.01 sys=0.00, real=0.00 secs] 
Heap after GC invocations=117 (full 1):
 PSYoungGen      total 9728K, used 192K [0x00000000ff600000, 0x0000000100000000, 0x0000000100000000)
  eden space 9216K, 0% used [0x00000000ff600000,0x00000000ff600000,0x00000000fff00000)
  from space 512K, 37% used [0x00000000fff80000,0x00000000fffb0000,0x0000000100000000)
  to   space 512K, 0% used [0x00000000fff00000,0x00000000fff00000,0x00000000fff80000)
 ParOldGen       total 11264K, used 3825K [0x00000000fe200000, 0x00000000fed00000, 0x00000000ff600000)
  object space 11264K, 33% used [0x00000000fe200000,0x00000000fe5bc738,0x00000000fed00000)
 Metaspace       used 12628K, capacity 15268K, committed 21296K, reserved 1064960K
  class space    used 2613K, capacity 3182K, committed 5168K, reserved 1048576K
}
2025-06-20T08:00:38.797+0300: 3.107: Total time for which application threads were stopped: 0.0014885 seconds, Stopping threads took: 0.0000160 seconds
{Heap before GC invocations=118 (full 1):
 PSYoungGen      total 9728K, used 9408K [0x00000000ff600000, 0x0000000100000000, 0x0000000100000000)
  eden space 9216K, 100% used [0x00000000ff600000,0x00000000fff00000,0x00000000fff00000)
  from space 512K, 37% used [0x00000000fff80000,0x00000000fffb0000,0x0000000100000000)
  to   space 512K, 0% used [0x00000000fff00000,0x00000000fff00000,0x00000000fff80000)
 ParOldGen       total 11264K, used 3825K [0x00000000fe200000, 0x00000000fed00000, 0x00000000ff600000)
  object space 11264K, 33% used [0x00000000fe200000,0x00000000fe5bc738,0x00000000fed00000)
 Metaspace       used 12743K, capacity 15454K, committed 21296K, reserved 1064960K
  class space    used 2660K, capacity 3244K, committed 5168K, reserved 1048576K
2025-06-20T08:00:38.812+0300: 3.123: [GC (Allocation Failure) 
Desired survivor size 524288 bytes, new threshold 1 (max 15)
[PSYoungGen: 9408K->256K(9728K)] 13233K->4145K(20992K), 0.0006146 secs] [Times: user=0.00 sys=0.00, real=0.00 secs] 
Heap after GC invocations=118 (full 1):
 PSYoungGen      total 9728K, used 256K [0x00000000ff600000, 0x0000000100000000, 0x0000000100000000)
  eden space 9216K, 0% used [0x00000000ff600000,0x00000000ff600000,0x00000000fff00000)
  from space 512K, 50% used [0x00000000fff00000,0x00000000fff40000,0x00000000fff80000)
  to   space 512K, 0% used [0x00000000fff80000,0x00000000fff80000,0x0000000100000000)
 ParOldGen       total 11264K, used 3889K [0x00000000fe200000, 0x00000000fed00000, 0x00000000ff600000)
  object space 11264K, 34% used [0x00000000fe200000,0x00000000fe5cc738,0x00000000fed00000)
 Metaspace       used 12743K, capacity 15454K, committed 21296K, reserved 1064960K
  class space    used 2660K, capacity 3244K, committed 5168K, reserved 1048576K
}
2025-06-20T08:00:38.813+0300: 3.124: Total time for which application threads were stopped: 0.0007019 seconds, Stopping threads took: 0.0000162 seconds
{Heap before GC invocations=119 (full 1):
 PSYoungGen      total 9728K, used 9472K [0x00000000ff600000, 0x0000000100000000, 0x0000000100000000)
  eden space 9216K, 100% used [0x00000000ff600000,0x00000000fff00000,0x00000000fff00000)
  from space 512K, 50% used [0x00000000fff00000,0x00000000fff40000,0x00000000fff80000)
  to   space 512K, 0% used [0x00000000fff80000,0x00000000fff80000,0x0000000100000000)
 ParOldGen       total 11264K, used 3889K [0x00000000fe200000, 0x00000000fed00000, 0x00000000ff600000)
  object space 11264K, 34% used [0x00000000fe200000,0x00000000fe5cc738,0x00000000fed00000)
 Metaspace       used 12857K, capacity 15640K, committed 21296K, reserved 1064960K
  class space    used 2706K, capacity 3306K, committed 5168K, reserved 1048576K
2025-06-20T08:00:38.830+0300: 3.140: [GC (Allocation Failure) 
Desired survivor size 524288 bytes, new threshold 1 (max 15)
[PSYoungGen: 9472K->208K(9728K)] 13361K->4161K(20992K), 0.0007254 secs] [Times: user=0.01 sys=0.00, real=0.00 secs] 
Heap after GC invocations=119 (full 1):
 PSYoungGen      total 9728K, used 208K [0x00000000ff600000, 0x0000000100000000, 0x0000000100000000)
  eden space 9216K, 0% used [0x00000000ff600000,0x00000000ff600000,0x00000000fff00000)
  from space 512K, 40% used [0x00000000fff80000,0x00000000fffb4010,0x0000000100000000)
  to   space 512K, 0% used [0x00000000fff00000,0x00000000fff00000,0x00000000fff80000)
 ParOldGen       total 11264K, used 3953K [0x00000000fe200000, 0x00000000fed00000, 0x00000000ff600000)
  object space 11264K, 35% used [0x00000000fe200000,0x00000000fe5dc738,0x00000000fed00000)
 Metaspace       used 12857K, capacity 15640K, committed 21296K, reserved 1064960K
  class space    used 2706K, capacity 3306K, committed 5168K, reserved 1048576K
}
2025-06-20T08:00:38.830+0300: 3.141: Total time for which application threads were stopped: 0.0008174 seconds, Stopping threads took: 0.0000181 seconds
{Heap before GC invocations=120 (full 1):
 PSYoungGen      total 9728K, used 9424K [0x00000000ff600000, 0x0000000100000000, 0x0000000100000000)
  eden space 9216K, 100% used [0x00000000ff600000,0x00000000fff00000,0x00000000fff00000)
  from space 512K, 40% used [0x00000000fff80000,0x00000000fffb4010,0x0000000100000000)
  to   space 512K, 0% used [0x00000000fff00000,0x00000000fff00000,0x00000000fff80000)
 ParOldGen       total 11264K, used 3953K [0x00000000fe200000, 0x00000000fed00000, 0x00000000ff600000)
  object space 11264K, 35% used [0x00000000fe200000,0x00000000fe5dc738,0x00000000fed00000)
 Metaspace       used 12971K, capacity 15826K, committed 21296K, reserved 1064960K
  class space    used 2753K, capacity 3368K, committed 5168K, reserved 1048576K
2025-06-20T08:00:38.846+0300: 3.157: [GC (Allocation Failure) 
Desired survivor size 524288 bytes, new threshold 1 (max 15)
[PSYoungGen: 9424K->208K(9728K)] 13377K->4225K(20992K), 0.0007862 secs] [Times: user=0.00 sys=0.00, real=0.01 secs] 
Heap after GC invocations=120 (full 1):
 PSYoungGen      total 9728K, used 208K [0x00000000ff600000, 0x0000000100000000, 0x0000000100000000)
  eden space 9216K, 0% used [0x00000000ff600000,0x00000000ff600000,0x00000000fff00000)
  from space 512K, 40% used [0x00000000fff00000,0x00000000fff34010,0x00000000fff80000)
  to   space 512K, 0% used [0x00000000fff80000,0x00000000fff80000,0x0000000100000000)
 ParOldGen       total 11264K, used 4017K [0x00000000fe200000, 0x00000000fed00000, 0x00000000ff600000)
  object space 11264K, 35% used [0x00000000fe200000,0x00000000fe5ec738,0x00000000fed00000)
 Metaspace       used 12971K, capacity 15826K, committed 21296K, reserved 1064960K
  class space    used 2753K, capacity 3368K, committed 5168K, reserved 1048576K
}
2025-06-20T08:00:38.847+0300: 3.158: Total time for which application threads were stopped: 0.0008698 seconds, Stopping threads took: 0.0000147 seconds
{Heap before GC invocations=121 (full 1):
 PSYoungGen      total 9728K, used 9424K [0x00000000ff600000, 0x0000000100000000, 0x0000000100000000)
  eden space 9216K, 100% used [0x00000000ff600000,0x00000000fff00000,0x00000000fff00000)
  from space 512K, 40% used [0x00000000fff00000,0x00000000fff34010,0x00000000fff80000)
  to   space 512K, 0% used [0x00000000fff80000,0x00000000fff80000,0x0000000100000000)
 ParOldGen       total 11264K, used 4017K [0x00000000fe200000, 0x00000000fed00000, 0x00000000ff600000)
  object space 11264K, 35% used [0x00000000fe200000,0x00000000fe5ec738,0x00000000fed00000)
 Metaspace       used 13089K, capacity 16018K, committed 21296K, reserved 1064960K
  class space    used 2801K, capacity 3432K, committed 5168K, reserved 1048576K
2025-06-20T08:00:38.863+0300: 3.174: [GC (Allocation Failure) 
Desired survivor size 524288 bytes, new threshold 1 (max 15)
[PSYoungGen: 9424K->208K(9728K)] 13441K->4289K(20992K), 0.0006828 secs] [Times: user=0.00 sys=0.00, real=0.00 secs] 
Heap after GC invocations=121 (full 1):
 PSYoungGen      total 9728K, used 208K [0x00000000ff600000, 0x0000000100000000, 0x0000000100000000)
  eden space 9216K, 0% used [0x00000000ff600000,0x00000000ff600000,0x00000000fff00000)
  from space 512K, 40% used [0x00000000fff80000,0x00000000fffb4010,0x0000000100000000)
  to   space 512K, 0% used [0x00000000fff00000,0x00000000fff00000,0x00000000fff80000)
 ParOldGen       total 11264K, used 4081K [0x00000000fe200000, 0x00000000fed00000, 0x00000000ff600000)
  object space 11264K, 36% used [0x00000000fe200000,0x00000000fe5fc738,0x00000000fed00000)
 Metaspace       used 13089K, capacity 16018K, committed 21296K, reserved 1064960K
  class space    used 2801K, capacity 3432K, committed 5168K, reserved 1048576K
}
2025-06-20T08:00:38.864+0300: 3.174: Total time for which application threads were stopped: 0.0007658 seconds, Stopping threads took: 0.0000145 seconds
{Heap before GC invocations=122 (full 1):
 PSYoungGen      total 9728K, used 9424K [0x00000000ff600000, 0x0000000100000000, 0x0000000100000000)
  eden space 9216K, 100% used [0x00000000ff600000,0x00000000fff00000,0x00000000fff00000)
  from space 512K, 40% used [0x00000000fff80000,0x00000000fffb4010,0x0000000100000000)
  to   space 512K, 0% used [0x00000000fff00000,0x00000000fff00000,0x00000000fff80000)
 ParOldGen       total 11264K, used 4081K [0x00000000fe200000, 0x00000000fed00000, 0x00000000ff600000)
  object space 11264K, 36% used [0x00000000fe200000,0x00000000fe5fc738,0x00000000fed00000)
 Metaspace       used 13204K, capacity 16204K, committed 21296K, reserved 1064960K
  class space    used 2848K, capacity 3494K, committed 5168K, reserved 1048576K
2025-06-20T08:00:38.880+0300: 3.190: [GC (Allocation Failure) 
Desired survivor size 524288 bytes, new threshold 1 (max 15)
[PSYoungGen: 9424K->208K(9728K)] 13505K->4353K(20992K), 0.0006491 secs] [Times: user=0.00 sys=0.00, real=0.00 secs] 
Heap after GC invocations=122 (full 1):
 PSYoungGen      total 9728K, used 208K [0x00000000ff600000, 0x0000000100000000, 0x0000000100000000)
  eden space 9216K, 0% used [0x00000000ff600000,0x00000000ff600000,0x00000000fff00000)
  from space 512K, 40% used [0x00000000fff00000,0x00000000fff34010,0x00000000fff80000)
  to   space 512K, 0% used [0x00000000fff80000,0x00000000fff80000,0x0000000100000000)
 ParOldGen       total 11264K, used 4145K [0x00000000fe200000, 0x00000000fed00000, 0x00000000ff600000)
  object space 11264K, 36% used [0x00000000fe200000,0x00000000fe60c738,0x00000000fed00000)
 Metaspace       used 13204K, capacity 16204K, committed 21296K, reserved 1064960K
  class space    used 2848K, capacity 3494K, committed 5168K, reserved 1048576K
}
2025-06-20T08:00:38.881+0300: 3.191: Total time for which application threads were stopped: 0.0007319 seconds, Stopping threads took: 0.0000149 seconds
{Heap before GC invocations=123 (full 1):
 PSYoungGen      total 9728K, used 9424K [0x00000000ff600000, 0x0000000100000000, 0x0000000100000000)
  eden space 9216K, 100% used [0x00000000ff600000,0x00000000fff00000,0x00000000fff00000)
  from space 512K, 40% used [0x00000000fff00000,0x00000000fff34010,0x00000000fff80000)
  to   space 512K, 0% used [0x00000000fff80000,0x00000000fff80000,0x0000000100000000)
 ParOldGen       total 11264K, used 4145K [0x00000000fe200000, 0x00000000fed00000, 0x00000000ff600000)
  object space 11264K, 36% used [0x00000000fe200000,0x00000000fe60c738,0x00000000fed00000)
 Metaspace       used 13318K, capacity 16390K, committed 21296K, reserved 1064960K
  class space    used 2895K, capacity 3556K, committed 5168K, reserved 1048576K
2025-06-20T08:00:38.898+0300: 3.208: [GC (Allocation Failure) 
Desired survivor size 524288 bytes, new threshold 1 (max 15)
[PSYoungGen: 9424K->208K(9728K)] 13569K->4409K(20992K), 0.0011462 secs] [Times: user=0.00 sys=0.00, real=0.00 secs] 
Heap after GC invocations=123 (full 1):
 PSYoungGen      total 9728K, used 208K [0x00000000ff600000, 0x0000000100000000, 0x0000000100000000)
  eden space 9216K, 0% used [0x00000000ff600000,0x00000000ff600000,0x00000000fff00000)
  from space 512K, 40% used [0x00000000fff80000,0x00000000fffb4010,0x0000000100000000)
  to   space 512K, 0% used [0x00000000fff00000,0x00000000fff00000,0x00000000fff80000)
 ParOldGen       total 11264K, used 4201K [0x00000000fe200000, 0x00000000fed00000, 0x00000000ff600000)
  object space 11264K, 37% used [0x00000000fe200000,0x00000000fe61a738,0x00000000fed00000)
 Metaspace       used 13318K, capacity 16390K, committed 21296K, reserved 1064960K
  class space    used 2895K, capacity 3556K, committed 5168K, reserved 1048576K
}
2025-06-20T08:00:38.899+0300: 3.210: Total time for which application threads were stopped: 0.0012351 seconds, Stopping threads took: 0.0000188 seconds
{Heap before GC invocations=124 (full 1):
 PSYoungGen      total 9728K, used 9424K [0x00000000ff600000, 0x0000000100000000, 0x0000000100000000)
  eden space 9216K, 100% used [0x00000000ff600000,0x00000000fff00000,0x00000000fff00000)
  from space 512K, 40% used [0x00000000fff80000,0x00000000fffb4010,0x0000000100000000)
  to   space 512K, 0% used [0x00000000fff00000,0x00000000fff00000,0x00000000fff80000)
 ParOldGen       total 11264K, used 4201K [0x00000000fe200000, 0x00000000fed00000, 0x00000000ff600000)
  object space 11264K, 37% used [0x00000000fe200000,0x00000000fe61a738,0x00000000fed00000)
 Metaspace       used 13432K, capacity 16576K, committed 21296K, reserved 1064960K
  class space    used 2942K, capacity 3618K, committed 5168K, reserved 1048576K
2025-06-20T08:00:38.915+0300: 3.226: [GC (Allocation Failure) 
Desired survivor size 524288 bytes, new threshold 1 (max 15)
[PSYoungGen: 9424K->192K(9728K)] 13625K->4449K(20992K), 0.0007576 secs] [Times: user=0.01 sys=0.00, real=0.00 secs] 
Heap after GC invocations=124 (full 1):
 PSYoungGen      total 9728K, used 192K [0x00000000ff600000, 0x0000000100000000, 0x0000000100000000)
  eden space 9216K, 0% used [0x00000000ff600000,0x00000000ff600000,0x00000000fff00000)
  from space 512K, 37% used [0x00000000fff00000,0x00000000fff30000,0x00000000fff80000)
  to   space 512K, 0% used [0x00000000fff80000,0x00000000fff80000,0x0000000100000000)
 ParOldGen       total 11264K, used 4257K [0x00000000fe200000, 0x00000000fed00000, 0x00000000ff600000)
  object space 11264K, 37% used [0x00000000fe200000,0x00000000fe628738,0x00000000fed00000)
 Metaspace       used 13432K, capacity 16576K, committed 21296K, reserved 1064960K
  class space    used 2942K, capacity 3618K, committed 5168K, reserved 1048576K
}
2025-06-20T08:00:38.916+0300: 3.226: Total time for which application threads were stopped: 0.0008472 seconds, Stopping threads took: 0.0000152 seconds
{Heap before GC invocations=125 (full 1):
 PSYoungGen      total 9728K, used 9408K [0x00000000ff600000, 0x0000000100000000, 0x0000000100000000)
  eden space 9216K, 100% used [0x00000000ff600000,0x00000000fff00000,0x00000000fff00000)
  from space 512K, 37% used [0x00000000fff00000,0x00000000fff30000,0x00000000fff80000)
  to   space 512K, 0% used [0x00000000fff80000,0x00000000fff80000,0x0000000100000000)
 ParOldGen       total 11264K, used 4257K [0x00000000fe200000, 0x00000000fed00000, 0x00000000ff600000)
  object space 11264K, 37% used [0x00000000fe200000,0x00000000fe628738,0x00000000fed00000)
 Metaspace       used 13547K, capacity 16762K, committed 21296K, reserved 1064960K
  class space    used 2988K, capacity 3680K, committed 5168K, reserved 1048576K
2025-06-20T08:00:38.932+0300: 3.242: [GC (Allocation Failure) 
Desired survivor size 524288 bytes, new threshold 1 (max 15)
[PSYoungGen: 9408K->128K(9728K)] 13665K->4449K(20992K), 0.0007412 secs] [Times: user=0.00 sys=0.00, real=0.00 secs] 
Heap after GC invocations=125 (full 1):
 PSYoungGen      total 9728K, used 128K [0x00000000ff600000, 0x0000000100000000, 0x0000000100000000)
  eden space 9216K, 0% used [0x00000000ff600000,0x00000000ff600000,0x00000000fff00000)
  from space 512K, 25% used [0x00000000fff80000,0x00000000fffa0000,0x0000000100000000)
  to   space 512K, 0% used [0x00000000fff00000,0x00000000fff00000,0x00000000fff80000)
 ParOldGen       total 11264K, used 4321K [0x00000000fe200000, 0x00000000fed00000, 0x00000000ff600000)
  object space 11264K, 38% used [0x00000000fe200000,0x00000000fe638738,0x00000000fed00000)
 Metaspace       used 13547K, capacity 16762K, committed 21296K, reserved 1064960K
  class space    used 2988K, capacity 3680K, committed 5168K, reserved 1048576K
}
2025-06-20T08:00:38.932+0300: 3.243: Total time for which application threads were stopped: 0.0008199 seconds, Stopping threads took: 0.0000146 seconds
{Heap before GC invocations=126 (full 1):
 PSYoungGen      total 9728K, used 9344K [0x00000000ff600000, 0x0000000100000000, 0x0000000100000000)
  eden space 9216K, 100% used [0x00000000ff600000,0x00000000fff00000,0x00000000fff00000)
  from space 512K, 25% used [0x00000000fff80000,0x00000000fffa0000,0x0000000100000000)
  to   space 512K, 0% used [0x00000000fff00000,0x00000000fff00000,0x00000000fff80000)
 ParOldGen       total 11264K, used 4321K [0x00000000fe200000, 0x00000000fed00000, 0x00000000ff600000)
  object space 11264K, 38% used [0x00000000fe200000,0x00000000fe638738,0x00000000fed00000)
 Metaspace       used 13661K, capacity 16948K, committed 21296K, reserved 1064960K
  class space    used 3035K, capacity 3742K, committed 5168K, reserved 1048576K
2025-06-20T08:00:38.949+0300: 3.259: [GC (Allocation Failure) 
Desired survivor size 524288 bytes, new threshold 1 (max 15)
[PSYoungGen: 9344K->160K(9728K)] 13665K->4545K(20992K), 0.0006325 secs] [Times: user=0.00 sys=0.00, real=0.00 secs] 
Heap after GC invocations=126 (full 1):
 PSYoungGen      total 9728K, used 160K [0x00000000ff600000, 0x0000000100000000, 0x0000000100000000)
  eden space 9216K, 0% used [0x00000000ff600000,0x00000000ff600000,0x00000000fff00000)
  from space 512K, 31% used [0x00000000fff00000,0x00000000fff28000,0x00000000fff80000)
  to   space 512K, 0% used [0x00000000fff80000,0x00000000fff80000,0x0000000100000000)
 ParOldGen       total 11264K, used 4385K [0x00000000fe200000, 0x00000000fed00000, 0x00000000ff600000)
  object space 11264K, 38% used [0x00000000fe200000,0x00000000fe648738,0x00000000fed00000)
 Metaspace       used 13661K, capacity 16948K, committed 21296K, reserved 1064960K
  class space    used 3035K, capacity 3742K, committed 5168K, reserved 1048576K
}
2025-06-20T08:00:38.949+0300: 3.260: Total time for which application threads were stopped: 0.0007096 seconds, Stopping threads took: 0.0000144 seconds
{Heap before GC invocations=127 (full 1):
 PSYoungGen      total 9728K, used 9376K [0x00000000ff600000, 0x0000000100000000, 0x0000000100000000)
  eden space 9216K, 100% used [0x00000000ff600000,0x00000000fff00000,0x00000000fff00000)
  from space 512K, 31% used [0x00000000fff00000,0x00000000fff28000,0x00000000fff80000)
  to   space 512K, 0% used [0x00000000fff80000,0x00000000fff80000,0x0000000100000000)
 ParOldGen       total 11264K, used 4385K [0x00000000fe200000, 0x00000000fed00000, 0x00000000ff600000)
  object space 11264K, 38% used [0x00000000fe200000,0x00000000fe648738,0x00000000fed00000)
 Metaspace       used 13775K, capacity 17134K, committed 21296K, reserved 1064960K
  class space    used 3082K, capacity 3804K, committed 5168K, reserved 1048576K
2025-06-20T08:00:38.965+0300: 3.276: [GC (Allocation Failure) 
Desired survivor size 524288 bytes, new threshold 1 (max 15)
[PSYoungGen: 9376K->160K(9728K)] 13761K->4609K(20992K), 0.0006367 secs] [Times: user=0.00 sys=0.00, real=0.00 secs] 
Heap after GC invocations=127 (full 1):
 PSYoungGen      total 9728K, used 160K [0x00000000ff600000, 0x0000000100000000, 0x0000000100000000)
  eden space 9216K, 0% used [0x00000000ff600000,0x00000000ff600000,0x00000000fff00000)
  from space 512K, 31% used [0x00000000fff80000,0x00000000fffa8000,0x0000000100000000)
  to   space 512K, 0% used [0x00000000fff00000,0x00000000fff00000,0x00000000fff80000)
 ParOldGen       total 11264K, used 4449K [0x00000000fe200000, 0x00000000fed00000, 0x00000000ff600000)
  object space 11264K, 39% used [0x00000000fe200000,0x00000000fe658738,0x00000000fed00000)
 Metaspace       used 13775K, capacity 17134K, committed 21296K, reserved 1064960K
  class space    used 3082K, capacity 3804K, committed 5168K, reserved 1048576K
}
2025-06-20T08:00:38.966+0300: 3.277: Total time for which application threads were stopped: 0.0007125 seconds, Stopping threads took: 0.0000145 seconds
{Heap before GC invocations=128 (full 1):
 PSYoungGen      total 9728K, used 9376K [0x00000000ff600000, 0x0000000100000000, 0x0000000100000000)
  eden space 9216K, 100% used [0x00000000ff600000,0x00000000fff00000,0x00000000fff00000)
  from space 512K, 31% used [0x00000000fff80000,0x00000000fffa8000,0x0000000100000000)
  to   space 512K, 0% used [0x00000000fff00000,0x00000000fff00000,0x00000000fff80000)
 ParOldGen       total 11264K, used 4449K [0x00000000fe200000, 0x00000000fed00000, 0x00000000ff600000)
  object space 11264K, 39% used [0x00000000fe200000,0x00000000fe658738,0x00000000fed00000)
 Metaspace       used 13890K, capacity 17320K, committed 21296K, reserved 1064960K
  class space    used 3129K, capacity 3866K, committed 5168K, reserved 1048576K
2025-06-20T08:00:38.982+0300: 3.293: [GC (Allocation Failure) 
Desired survivor size 524288 bytes, new threshold 1 (max 15)
[PSYoungGen: 9376K->256K(9728K)] 13825K->4777K(20992K), 0.0007596 secs] [Times: user=0.00 sys=0.00, real=0.00 secs] 
Heap after GC invocations=128 (full 1):
 PSYoungGen      total 9728K, used 256K [0x00000000ff600000, 0x0000000100000000, 0x0000000100000000)
  eden space 9216K, 0% used [0x00000000ff600000,0x00000000ff600000,0x00000000fff00000)
  from space 512K, 50% used [0x00000000fff00000,0x00000000fff40000,0x00000000fff80000)
  to   space 512K, 0% used [0x00000000fff80000,0x00000000fff80000,0x0000000100000000)
 ParOldGen       total 11264K, used 4521K [0x00000000fe200000, 0x00000000fed00000, 0x00000000ff600000)
  object space 11264K, 40% used [0x00000000fe200000,0x00000000fe66a738,0x00000000fed00000)
 Metaspace       used 13890K, capacity 17320K, committed 21296K, reserved 1064960K
  class space    used 3129K, capacity 3866K, committed 5168K, reserved 1048576K
}
2025-06-20T08:00:38.983+0300: 3.293: Total time for which application threads were stopped: 0.0008395 seconds, Stopping threads took: 0.0000144 seconds
{Heap before GC invocations=129 (full 1):
 PSYoungGen      total 9728K, used 9472K [0x00000000ff600000, 0x0000000100000000, 0x0000000100000000)
  eden space 9216K, 100% used [0x00000000ff600000,0x00000000fff00000,0x00000000fff00000)
  from space 512K, 50% used [0x00000000fff00000,0x00000000fff40000,0x00000000fff80000)
  to   space 512K, 0% used [0x00000000fff80000,0x00000000fff80000,0x0000000100000000)
 ParOldGen       total 11264K, used 4521K [0x00000000fe200000, 0x00000000fed00000, 0x00000000ff600000)
  object space 11264K, 40% used [0x00000000fe200000,0x00000000fe66a738,0x00000000fed00000)
 Metaspace       used 14004K, capacity 17506K, committed 21296K, reserved 1064960K
  class space    used 3175K, capacity 3928K, committed 5168K, reserved 1048576K
2025-06-20T08:00:38.999+0300: 3.309: [GC (Allocation Failure) 
Desired survivor size 524288 bytes, new threshold 1 (max 15)
[PSYoungGen: 9472K->256K(9728K)] 13993K->4841K(20992K), 0.0008019 secs] [Times: user=0.00 sys=0.00, real=0.00 secs] 
Heap after GC invocations=129 (full 1):
 PSYoungGen      total 9728K, used 256K [0x00000000ff600000, 0x0000000100000000, 0x0000000100000000)
  eden space 9216K, 0% used [0x00000000ff600000,0x00000000ff600000,0x00000000fff00000)
  from space 512K, 50% used [0x00000000fff80000,0x00000000fffc0000,0x0000000100000000)
  to   space 512K, 0% used [0x00000000fff00000,0x00000000fff00000,0x00000000fff80000)
 ParOldGen       total 11264K, used 4585K [0x00000000fe200000, 0x00000000fed00000, 0x00000000ff600000)
  object space 11264K, 40% used [0x00000000fe200000,0x00000000fe67a738,0x00000000fed00000)
 Metaspace       used 14004K, capacity 17506K, committed 21296K, reserved 1064960K
  class space    used 3175K, capacity 3928K, committed 5168K, reserved 1048576K
}
2025-06-20T08:00:39.000+0300: 3.310: Total time for which application threads were stopped: 0.0008796 seconds, Stopping threads took: 0.0000146 seconds
{Heap before GC invocations=130 (full 1):
 PSYoungGen      total 9728K, used 9472K [0x00000000ff600000, 0x0000000100000000, 0x0000000100000000)
  eden space 9216K, 100% used [0x00000000ff600000,0x00000000fff00000,0x00000000fff00000)
  from space 512K, 50% used [0x00000000fff80000,0x00000000fffc0000,0x0000000100000000)
  to   space 512K, 0% used [0x00000000fff00000,0x00000000fff00000,0x00000000fff80000)
 ParOldGen       total 11264K, used 4585K [0x00000000fe200000, 0x00000000fed00000, 0x00000000ff600000)
  object space 11264K, 40% used [0x00000000fe200000,0x00000000fe67a738,0x00000000fed00000)
 Metaspace       used 14118K, capacity 17692K, committed 21296K, reserved 1064960K
  class space    used 3222K, capacity 3990K, committed 5168K, reserved 1048576K
2025-06-20T08:00:39.016+0300: 3.326: [GC (Allocation Failure) 
Desired survivor size 524288 bytes, new threshold 1 (max 15)
[PSYoungGen: 9472K->256K(9728K)] 14057K->4897K(20992K), 0.0008636 secs] [Times: user=0.00 sys=0.00, real=0.00 secs] 
Heap after GC invocations=130 (full 1):
 PSYoungGen      total 9728K, used 256K [0x00000000ff600000, 0x0000000100000000, 0x0000000100000000)
  eden space 9216K, 0% used [0x00000000ff600000,0x00000000ff600000,0x00000000fff00000)
  from space 512K, 50% used [0x00000000fff00000,0x00000000fff40000,0x00000000fff80000)
  to   space 512K, 0% used [0x00000000fff80000,0x00000000fff80000,0x0000000100000000)
 ParOldGen       total 11264K, used 4641K [0x00000000fe200000, 0x00000000fed00000, 0x00000000ff600000)
  object space 11264K, 41% used [0x00000000fe200000,0x00000000fe688738,0x00000000fed00000)
 Metaspace       used 14118K, capacity 17692K, committed 21296K, reserved 1064960K
  class space    used 3222K, capacity 3990K, committed 5168K, reserved 1048576K
}
2025-06-20T08:00:39.017+0300: 3.327: Total time for which application threads were stopped: 0.0009526 seconds, Stopping threads took: 0.0000148 seconds
{Heap before GC invocations=131 (full 1):
 PSYoungGen      total 9728K, used 9472K [0x00000000ff600000, 0x0000000100000000, 0x0000000100000000)
  eden space 9216K, 100% used [0x00000000ff600000,0x00000000fff00000,0x00000000fff00000)
  from space 512K, 50% used [0x00000000fff00000,0x00000000fff40000,0x00000000fff80000)
  to   space 512K, 0% used [0x00000000fff80000,0x00000000fff80000,0x0000000100000000)
 ParOldGen       total 11264K, used 4641K [0x00000000fe200000, 0x00000000fed00000, 0x00000000ff600000)
  object space 11264K, 41% used [0x00000000fe200000,0x00000000fe688738,0x00000000fed00000)
 Metaspace       used 14236K, capacity 17884K, committed 21296K, reserved 1064960K
  class space    used 3270K, capacity 4054K, committed 5168K, reserved 1048576K
2025-06-20T08:00:39.033+0300: 3.344: [GC (Allocation Failure) 
Desired survivor size 524288 bytes, new threshold 1 (max 15)
[PSYoungGen: 9472K->224K(9728K)] 14113K->4929K(20992K), 0.0007729 secs] [Times: user=0.00 sys=0.00, real=0.00 secs] 
Heap after GC invocations=131 (full 1):
 PSYoungGen      total 9728K, used 224K [0x00000000ff600000, 0x0000000100000000, 0x0000000100000000)
  eden space 9216K, 0% used [0x00000000ff600000,0x00000000ff600000,0x00000000fff00000)
  from space 512K, 43% used [0x00000000fff80000,0x00000000fffb8000,0x0000000100000000)
  to   space 512K, 0% used [0x00000000fff00000,0x00000000fff00000,0x00000000fff80000)
 ParOldGen       total 11264K, used 4705K [0x00000000fe200000, 0x00000000fed00000, 0x00000000ff600000)
  object space 11264K, 41% used [0x00000000fe200000,0x00000000fe698738,0x00000000fed00000)
 Metaspace       used 14236K, capacity 17884K, committed 21296K, reserved 1064960K
  class space    used 3270K, capacity 4054K, committed 5168K, reserved 1048576K
}
2025-06-20T08:00:39.034+0300: 3.345: Total time for which application threads were stopped: 0.0008580 seconds, Stopping threads took: 0.0000176 seconds
{Heap before GC invocations=132 (full 1):
 PSYoungGen      total 9728K, used 9440K [0x00000000ff600000, 0x0000000100000000, 0x0000000100000000)
  eden space 9216K, 100% used [0x00000000ff600000,0x00000000fff00000,0x00000000fff00000)
  from space 512K, 43% used [0x00000000fff80000,0x00000000fffb8000,0x0000000100000000)
  to   space 512K, 0% used [0x00000000fff00000,0x00000000fff00000,0x00000000fff80000)
 ParOldGen       total 11264K, used 4705K [0x00000000fe200000, 0x00000000fed00000, 0x00000000ff600000)
  object space 11264K, 41% used [0x00000000fe200000,0x00000000fe698738,0x00000000fed00000)
 Metaspace       used 14351K, capacity 18070K, committed 21296K, reserved 1064960K
  class space    used 3317K, capacity 4116K, committed 5168K, reserved 1048576K
2025-06-20T08:00:39.051+0300: 3.361: [GC (Allocation Failure) 
Desired survivor size 524288 bytes, new threshold 1 (max 15)
[PSYoungGen: 9440K->208K(9728K)] 14145K->4969K(20992K), 0.0015662 secs] [Times: user=0.00 sys=0.00, real=0.00 secs] 
Heap after GC invocations=132 (full 1):
 PSYoungGen      total 9728K, used 208K [0x00000000ff600000, 0x0000000100000000, 0x0000000100000000)
  eden space 9216K, 0% used [0x00000000ff600000,0x00000000ff600000,0x00000000fff00000)
  from space 512K, 40% used [0x00000000fff00000,0x00000000fff34010,0x00000000fff80000)
  to   space 512K, 0% used [0x00000000fff80000,0x00000000fff80000,0x0000000100000000)
 ParOldGen       total 11264K, used 4761K [0x00000000fe200000, 0x00000000fed00000, 0x00000000ff600000)
  object space 11264K, 42% used [0x00000000fe200000,0x00000000fe6a6738,0x00000000fed00000)
 Metaspace       used 14351K, capacity 18070K, committed 21296K, reserved 1064960K
  class space    used 3317K, capacity 4116K, committed 5168K, reserved 1048576K
}
2025-06-20T08:00:39.052+0300: 3.363: Total time for which application threads were stopped: 0.0016571 seconds, Stopping threads took: 0.0000162 seconds
{Heap before GC invocations=133 (full 1):
 PSYoungGen      total 9728K, used 9424K [0x00000000ff600000, 0x0000000100000000, 0x0000000100000000)
  eden space 9216K, 100% used [0x00000000ff600000,0x00000000fff00000,0x00000000fff00000)
  from space 512K, 40% used [0x00000000fff00000,0x00000000fff34010,0x00000000fff80000)
  to   space 512K, 0% used [0x00000000fff80000,0x00000000fff80000,0x0000000100000000)
 ParOldGen       total 11264K, used 4761K [0x00000000fe200000, 0x00000000fed00000, 0x00000000ff600000)
  object space 11264K, 42% used [0x00000000fe200000,0x00000000fe6a6738,0x00000000fed00000)
 Metaspace       used 14465K, capacity 18256K, committed 21296K, reserved 1064960K
  class space    used 3364K, capacity 4178K, committed 5168K, reserved 1048576K
2025-06-20T08:00:39.068+0300: 3.379: [GC (Allocation Failure) 
Desired survivor size 524288 bytes, new threshold 1 (max 15)
[PSYoungGen: 9424K->208K(9728K)] 14185K->5033K(20992K), 0.0008337 secs] [Times: user=0.00 sys=0.00, real=0.00 secs] 
Heap after GC invocations=133 (full 1):
 PSYoungGen      total 9728K, used 208K [0x00000000ff600000, 0x0000000100000000, 0x0000000100000000)
  eden space 9216K, 0% used [0x00000000ff600000,0x00000000ff600000,0x00000000fff00000)
  from space 512K, 40% used [0x00000000fff80000,0x00000000fffb4010,0x0000000100000000)
  to   space 512K, 0% used [0x00000000fff00000,0x00000000fff00000,0x00000000fff80000)
 ParOldGen       total 11264K, used 4825K [0x00000000fe200000, 0x00000000fed00000, 0x00000000ff600000)
  object space 11264K, 42% used [0x00000000fe200000,0x00000000fe6b6738,0x00000000fed00000)
 Metaspace       used 14465K, capacity 18256K, committed 21296K, reserved 1064960K
  class space    used 3364K, capacity 4178K, committed 5168K, reserved 1048576K
}
2025-06-20T08:00:39.069+0300: 3.380: Total time for which application threads were stopped: 0.0009143 seconds, Stopping threads took: 0.0000149 seconds
{Heap before GC invocations=134 (full 1):
 PSYoungGen      total 9728K, used 9424K [0x00000000ff600000, 0x0000000100000000, 0x0000000100000000)
  eden space 9216K, 100% used [0x00000000ff600000,0x00000000fff00000,0x00000000fff00000)
  from space 512K, 40% used [0x00000000fff80000,0x00000000fffb4010,0x0000000100000000)
  to   space 512K, 0% used [0x00000000fff00000,0x00000000fff00000,0x00000000fff80000)
 ParOldGen       total 11264K, used 4825K [0x00000000fe200000, 0x00000000fed00000, 0x00000000ff600000)
  object space 11264K, 42% used [0x00000000fe200000,0x00000000fe6b6738,0x00000000fed00000)
 Metaspace       used 14579K, capacity 18442K, committed 21296K, reserved 1064960K
  class space    used 3411K, capacity 4240K, committed 5168K, reserved 1048576K
2025-06-20T08:00:39.086+0300: 3.396: [GC (Allocation Failure) 
Desired survivor size 524288 bytes, new threshold 1 (max 15)
[PSYoungGen: 9424K->208K(9728K)] 14249K->5097K(20992K), 0.0006149 secs] [Times: user=0.00 sys=0.00, real=0.00 secs] 
Heap after GC invocations=134 (full 1):
 PSYoungGen      total 9728K, used 208K [0x00000000ff600000, 0x0000000100000000, 0x0000000100000000)
  eden space 9216K, 0% used [0x00000000ff600000,0x00000000ff600000,0x00000000fff00000)
  from space 512K, 40% used [0x00000000fff00000,0x00000000fff34010,0x00000000fff80000)
  to   space 512K, 0% used [0x00000000fff80000,0x00000000fff80000,0x0000000100000000)
 ParOldGen       total 11264K, used 4889K [0x00000000fe200000, 0x00000000fed00000, 0x00000000ff600000)
  object space 11264K, 43% used [0x00000000fe200000,0x00000000fe6c6738,0x00000000fed00000)
 Metaspace       used 14579K, capacity 18442K, committed 21296K, reserved 1064960K
  class space    used 3411K, capacity 4240K, committed 5168K, reserved 1048576K
}
2025-06-20T08:00:39.086+0300: 3.397: Total time for which application threads were stopped: 0.0006929 seconds, Stopping threads took: 0.0000152 seconds
{Heap before GC invocations=135 (full 1):
 PSYoungGen      total 9728K, used 9424K [0x00000000ff600000, 0x0000000100000000, 0x0000000100000000)
  eden space 9216K, 100% used [0x00000000ff600000,0x00000000fff00000,0x00000000fff00000)
  from space 512K, 40% used [0x00000000fff00000,0x00000000fff34010,0x00000000fff80000)
  to   space 512K, 0% used [0x00000000fff80000,0x00000000fff80000,0x0000000100000000)
 ParOldGen       total 11264K, used 4889K [0x00000000fe200000, 0x00000000fed00000, 0x00000000ff600000)
  object space 11264K, 43% used [0x00000000fe200000,0x00000000fe6c6738,0x00000000fed00000)
 Metaspace       used 14693K, capacity 18628K, committed 21296K, reserved 1064960K
  class space    used 3457K, capacity 4302K, committed 5168K, reserved 1048576K
2025-06-20T08:00:39.102+0300: 3.413: [GC (Allocation Failure) 
Desired survivor size 524288 bytes, new threshold 1 (max 15)
[PSYoungGen: 9424K->192K(9728K)] 14313K->5145K(20992K), 0.0008115 secs] [Times: user=0.00 sys=0.00, real=0.00 secs] 
Heap after GC invocations=135 (full 1):
 PSYoungGen      total 9728K, used 192K [0x00000000ff600000, 0x0000000100000000, 0x0000000100000000)
  eden space 9216K, 0% used [0x00000000ff600000,0x00000000ff600000,0x00000000fff00000)
  from space 512K, 37% used [0x00000000fff80000,0x00000000fffb0000,0x0000000100000000)
  to   space 512K, 0% used [0x00000000fff00000,0x00000000fff00000,0x00000000fff80000)
 ParOldGen       total 11264K, used 4953K [0x00000000fe200000, 0x00000000fed00000, 0x00000000ff600000)
  object space 11264K, 43% used [0x00000000fe200000,0x00000000fe6d6738,0x00000000fed00000)
 Metaspace       used 14693K, capacity 18628K, committed 21296K, reserved 1064960K
  class space    used 3457K, capacity 4302K, committed 5168K, reserved 1048576K
}
2025-06-20T08:00:39.103+0300: 3.414: Total time for which application threads were stopped: 0.0008904 seconds, Stopping threads took: 0.0000146 seconds
{Heap before GC invocations=136 (full 1):
 PSYoungGen      total 9728K, used 9408K [0x00000000ff600000, 0x0000000100000000, 0x0000000100000000)
  eden space 9216K, 100% used [0x00000000ff600000,0x00000000fff00000,0x00000000fff00000)
  from space 512K, 37% used [0x00000000fff80000,0x00000000fffb0000,0x0000000100000000)
  to   space 512K, 0% used [0x00000000fff00000,0x00000000fff00000,0x00000000fff80000)
 ParOldGen       total 11264K, used 4953K [0x00000000fe200000, 0x00000000fed00000, 0x00000000ff600000)
  object space 11264K, 43% used [0x00000000fe200000,0x00000000fe6d6738,0x00000000fed00000)
 Metaspace       used 14808K, capacity 18814K, committed 21296K, reserved 1064960K
  class space    used 3504K, capacity 4364K, committed 5168K, reserved 1048576K
2025-06-20T08:00:39.119+0300: 3.430: [GC (Allocation Failure) 
Desired survivor size 524288 bytes, new threshold 1 (max 15)
[PSYoungGen: 9408K->128K(9728K)] 14361K->5137K(20992K), 0.0007483 secs] [Times: user=0.00 sys=0.00, real=0.00 secs] 
Heap after GC invocations=136 (full 1):
 PSYoungGen      total 9728K, used 128K [0x00000000ff600000, 0x0000000100000000, 0x0000000100000000)
  eden space 9216K, 0% used [0x00000000ff600000,0x00000000ff600000,0x00000000fff00000)
  from space 512K, 25% used [0x00000000fff00000,0x00000000fff20000,0x00000000fff80000)
  to   space 512K, 0% used [0x00000000fff80000,0x00000000fff80000,0x0000000100000000)
 ParOldGen       total 11264K, used 5009K [0x00000000fe200000, 0x00000000fed00000, 0x00000000ff600000)
  object space 11264K, 44% used [0x00000000fe200000,0x00000000fe6e4738,0x00000000fed00000)
 Metaspace       used 14808K, capacity 18814K, committed 21296K, reserved 1064960K
  class space    used 3504K, capacity 4364K, committed 5168K, reserved 1048576K
}
2025-06-20T08:00:39.120+0300: 3.431: Total time for which application threads were stopped: 0.0008260 seconds, Stopping threads took: 0.0000150 seconds
{Heap before GC invocations=137 (full 1):
 PSYoungGen      total 9728K, used 9344K [0x00000000ff600000, 0x0000000100000000, 0x0000000100000000)
  eden space 9216K, 100% used [0x00000000ff600000,0x00000000fff00000,0x00000000fff00000)
  from space 512K, 25% used [0x00000000fff00000,0x00000000fff20000,0x00000000fff80000)
  to   space 512K, 0% used [0x00000000fff80000,0x00000000fff80000,0x0000000100000000)
 ParOldGen       total 11264K, used 5009K [0x00000000fe200000, 0x00000000fed00000, 0x00000000ff600000)
  object space 11264K, 44% used [0x00000000fe200000,0x00000000fe6e4738,0x00000000fed00000)
 Metaspace       used 14922K, capacity 19000K, committed 21296K, reserved 1064960K
  class space    used 3551K, capacity 4426K, committed 5168K, reserved 1048576K
2025-06-20T08:00:39.136+0300: 3.447: [GC (Allocation Failure) 
Desired survivor size 524288 bytes, new threshold 1 (max 15)
[PSYoungGen: 9344K->192K(9728K)] 14353K->5257K(20992K), 0.0011139 secs] [Times: user=0.00 sys=0.00, real=0.01 secs] 
Heap after GC invocations=137 (full 1):
 PSYoungGen      total 9728K, used 192K [0x00000000ff600000, 0x0000000100000000, 0x0000000100000000)
  eden space 9216K, 0% used [0x00000000ff600000,0x00000000ff600000,0x00000000fff00000)
  from space 512K, 37% used [0x00000000fff80000,0x00000000fffb0000,0x0000000100000000)
  to   space 512K, 0% used [0x00000000fff00000,0x00000000fff00000,0x00000000fff80000)
 ParOldGen       total 11264K, used 5065K [0x00000000fe200000, 0x00000000fed00000, 0x00000000ff600000)
  object space 11264K, 44% used [0x00000000fe200000,0x00000000fe6f2738,0x00000000fed00000)
 Metaspace       used 14922K, capacity 19000K, committed 21296K, reserved 1064960K
  class space    used 3551K, capacity 4426K, committed 5168K, reserved 1048576K
}
2025-06-20T08:00:39.137+0300: 3.448: Total time for which application threads were stopped: 0.0011975 seconds, Stopping threads took: 0.0000151 seconds
{Heap before GC invocations=138 (full 1):
 PSYoungGen      total 9728K, used 9408K [0x00000000ff600000, 0x0000000100000000, 0x0000000100000000)
  eden space 9216K, 100% used [0x00000000ff600000,0x00000000fff00000,0x00000000fff00000)
  from space 512K, 37% used [0x00000000fff80000,0x00000000fffb0000,0x0000000100000000)
  to   space 512K, 0% used [0x00000000fff00000,0x00000000fff00000,0x00000000fff80000)
 ParOldGen       total 11264K, used 5065K [0x00000000fe200000, 0x00000000fed00000, 0x00000000ff600000)
  object space 11264K, 44% used [0x00000000fe200000,0x00000000fe6f2738,0x00000000fed00000)
 Metaspace       used 15036K, capacity 19186K, committed 21296K, reserved 1064960K
  class space    used 3598K, capacity 4488K, committed 5168K, reserved 1048576K
2025-06-20T08:00:39.154+0300: 3.465: [GC (Allocation Failure) 
Desired survivor size 524288 bytes, new threshold 1 (max 15)
[PSYoungGen: 9408K->224K(9728K)] 14473K->5345K(20992K), 0.0010147 secs] [Times: user=0.01 sys=0.00, real=0.00 secs] 
Heap after GC invocations=138 (full 1):
 PSYoungGen      total 9728K, used 224K [0x00000000ff600000, 0x0000000100000000, 0x0000000100000000)
  eden space 9216K, 0% used [0x00000000ff600000,0x00000000ff600000,0x00000000fff00000)
  from space 512K, 43% used [0x00000000fff00000,0x00000000fff38000,0x00000000fff80000)
  to   space 512K, 0% used [0x00000000fff80000,0x00000000fff80000,0x0000000100000000)
 ParOldGen       total 11264K, used 5121K [0x00000000fe200000, 0x00000000fed00000, 0x00000000ff600000)
  object space 11264K, 45% used [0x00000000fe200000,0x00000000fe700738,0x00000000fed00000)
 Metaspace       used 15036K, capacity 19186K, committed 21296K, reserved 1064960K
  class space    used 3598K, capacity 4488K, committed 5168K, reserved 1048576K
}
2025-06-20T08:00:39.155+0300: 3.466: Total time for which application threads were stopped: 0.0010973 seconds, Stopping threads took: 0.0000175 seconds
{Heap before GC invocations=139 (full 1):
 PSYoungGen      total 9728K, used 9440K [0x00000000ff600000, 0x0000000100000000, 0x0000000100000000)
  eden space 9216K, 100% used [0x00000000ff600000,0x00000000fff00000,0x00000000fff00000)
  from space 512K, 43% used [0x00000000fff00000,0x00000000fff38000,0x00000000fff80000)
  to   space 512K, 0% used [0x00000000fff80000,0x00000000fff80000,0x0000000100000000)
 ParOldGen       total 11264K, used 5121K [0x00000000fe200000, 0x00000000fed00000, 0x00000000ff600000)
  object space 11264K, 45% used [0x00000000fe200000,0x00000000fe700738,0x00000000fed00000)
 Metaspace       used 15151K, capacity 19372K, committed 21296K, reserved 1064960K
  class space    used 3644K, capacity 4550K, committed 5168K, reserved 1048576K
2025-06-20T08:00:39.173+0300: 3.484: [GC (Allocation Failure) 
Desired survivor size 524288 bytes, new threshold 1 (max 15)
[PSYoungGen: 9440K->224K(9728K)] 14561K->5409K(20992K), 0.0010201 secs] [Times: user=0.00 sys=0.00, real=0.00 secs] 
Heap after GC invocations=139 (full 1):
 PSYoungGen      total 9728K, used 224K [0x00000000ff600000, 0x0000000100000000, 0x0000000100000000)
  eden space 9216K, 0% used [0x00000000ff600000,0x00000000ff600000,0x00000000fff00000)
  from space 512K, 43% used [0x00000000fff80000,0x00000000fffb8000,0x0000000100000000)
  to   space 512K, 0% used [0x00000000fff00000,0x00000000fff00000,0x00000000fff80000)
 ParOldGen       total 11264K, used 5185K [0x00000000fe200000, 0x00000000fed00000, 0x00000000ff600000)
  object space 11264K, 46% used [0x00000000fe200000,0x00000000fe710738,0x00000000fed00000)
 Metaspace       used 15151K, capacity 19372K, committed 21296K, reserved 1064960K
  class space    used 3644K, capacity 4550K, committed 5168K, reserved 1048576K
}
2025-06-20T08:00:39.174+0300: 3.485: Total time for which application threads were stopped: 0.0011149 seconds, Stopping threads took: 0.0000173 seconds
{Heap before GC invocations=140 (full 1):
 PSYoungGen      total 9728K, used 9440K [0x00000000ff600000, 0x0000000100000000, 0x0000000100000000)
  eden space 9216K, 100% used [0x00000000ff600000,0x00000000fff00000,0x00000000fff00000)
  from space 512K, 43% used [0x00000000fff80000,0x00000000fffb8000,0x0000000100000000)
  to   space 512K, 0% used [0x00000000fff00000,0x00000000fff00000,0x00000000fff80000)
 ParOldGen       total 11264K, used 5185K [0x00000000fe200000, 0x00000000fed00000, 0x00000000ff600000)
  object space 11264K, 46% used [0x00000000fe200000,0x00000000fe710738,0x00000000fed00000)
 Metaspace       used 15265K, capacity 19558K, committed 21296K, reserved 1064960K
  class space    used 3691K, capacity 4612K, committed 5168K, reserved 1048576K
2025-06-20T08:00:39.191+0300: 3.502: [GC (Allocation Failure) 
Desired survivor size 524288 bytes, new threshold 1 (max 15)
[PSYoungGen: 9440K->224K(9728K)] 14625K->5465K(20992K), 0.0012397 secs] [Times: user=0.00 sys=0.00, real=0.00 secs] 
Heap after GC invocations=140 (full 1):
 PSYoungGen      total 9728K, used 224K [0x00000000ff600000, 0x0000000100000000, 0x0000000100000000)
  eden space 9216K, 0% used [0x00000000ff600000,0x00000000ff600000,0x00000000fff00000)
  from space 512K, 43% used [0x00000000fff00000,0x00000000fff38000,0x00000000fff80000)
  to   space 512K, 0% used [0x00000000fff80000,0x00000000fff80000,0x0000000100000000)
 ParOldGen       total 11264K, used 5241K [0x00000000fe200000, 0x00000000fed00000, 0x00000000ff600000)
  object space 11264K, 46% used [0x00000000fe200000,0x00000000fe71e738,0x00000000fed00000)
 Metaspace       used 15265K, capacity 19558K, committed 21296K, reserved 1064960K
  class space    used 3691K, capacity 4612K, committed 5168K, reserved 1048576K
}
2025-06-20T08:00:39.193+0300: 3.503: Total time for which application threads were stopped: 0.0013403 seconds, Stopping threads took: 0.0000148 seconds
{Heap before GC invocations=141 (full 1):
 PSYoungGen      total 9728K, used 9440K [0x00000000ff600000, 0x0000000100000000, 0x0000000100000000)
  eden space 9216K, 100% used [0x00000000ff600000,0x00000000fff00000,0x00000000fff00000)
  from space 512K, 43% used [0x00000000fff00000,0x00000000fff38000,0x00000000fff80000)
  to   space 512K, 0% used [0x00000000fff80000,0x00000000fff80000,0x0000000100000000)
 ParOldGen       total 11264K, used 5241K [0x00000000fe200000, 0x00000000fed00000, 0x00000000ff600000)
  object space 11264K, 46% used [0x00000000fe200000,0x00000000fe71e738,0x00000000fed00000)
 Metaspace       used 15383K, capacity 19750K, committed 21296K, reserved 1064960K
  class space    used 3739K, capacity 4676K, committed 5168K, reserved 1048576K
2025-06-20T08:00:39.209+0300: 3.520: [GC (Allocation Failure) 
Desired survivor size 524288 bytes, new threshold 1 (max 15)
[PSYoungGen: 9440K->240K(9728K)] 14681K->5545K(20992K), 0.0007976 secs] [Times: user=0.00 sys=0.00, real=0.00 secs] 
Heap after GC invocations=141 (full 1):
 PSYoungGen      total 9728K, used 240K [0x00000000ff600000, 0x0000000100000000, 0x0000000100000000)
  eden space 9216K, 0% used [0x00000000ff600000,0x00000000ff600000,0x00000000fff00000)
  from space 512K, 46% used [0x00000000fff80000,0x00000000fffbc010,0x0000000100000000)
  to   space 512K, 0% used [0x00000000fff00000,0x00000000fff00000,0x00000000fff80000)
 ParOldGen       total 11264K, used 5305K [0x00000000fe200000, 0x00000000fed00000, 0x00000000ff600000)
  object space 11264K, 47% used [0x00000000fe200000,0x00000000fe72e738,0x00000000fed00000)
 Metaspace       used 15383K, capacity 19750K, committed 21296K, reserved 1064960K
  class space    used 3739K, capacity 4676K, committed 5168K, reserved 1048576K
}
2025-06-20T08:00:39.210+0300: 3.521: Total time for which application threads were stopped: 0.0008820 seconds, Stopping threads took: 0.0000150 seconds
{Heap before GC invocations=142 (full 1):
 PSYoungGen      total 9728K, used 9456K [0x00000000ff600000, 0x0000000100000000, 0x0000000100000000)
  eden space 9216K, 100% used [0x00000000ff600000,0x00000000fff00000,0x00000000fff00000)
  from space 512K, 46% used [0x00000000fff80000,0x00000000fffbc010,0x0000000100000000)
  to   space 512K, 0% used [0x00000000fff00000,0x00000000fff00000,0x00000000fff80000)
 ParOldGen       total 11264K, used 5305K [0x00000000fe200000, 0x00000000fed00000, 0x00000000ff600000)
  object space 11264K, 47% used [0x00000000fe200000,0x00000000fe72e738,0x00000000fed00000)
 Metaspace       used 15497K, capacity 19936K, committed 21296K, reserved 1064960K
  class space    used 3786K, capacity 4738K, committed 5168K, reserved 1048576K
2025-06-20T08:00:39.227+0300: 3.537: [GC (Allocation Failure) 
Desired survivor size 524288 bytes, new threshold 1 (max 15)
[PSYoungGen: 9456K->224K(9728K)] 14761K->5593K(20992K), 0.0012863 secs] [Times: user=0.00 sys=0.00, real=0.01 secs] 
Heap after GC invocations=142 (full 1):
 PSYoungGen      total 9728K, used 224K [0x00000000ff600000, 0x0000000100000000, 0x0000000100000000)
  eden space 9216K, 0% used [0x00000000ff600000,0x00000000ff600000,0x00000000fff00000)
  from space 512K, 43% used [0x00000000fff00000,0x00000000fff38000,0x00000000fff80000)
  to   space 512K, 0% used [0x00000000fff80000,0x00000000fff80000,0x0000000100000000)
 ParOldGen       total 11264K, used 5369K [0x00000000fe200000, 0x00000000fed00000, 0x00000000ff600000)
  object space 11264K, 47% used [0x00000000fe200000,0x00000000fe73e738,0x00000000fed00000)
 Metaspace       used 15497K, capacity 19936K, committed 21296K, reserved 1064960K
  class space    used 3786K, capacity 4738K, committed 5168K, reserved 1048576K
}
2025-06-20T08:00:39.228+0300: 3.539: Total time for which application threads were stopped: 0.0013684 seconds, Stopping threads took: 0.0000130 seconds
{Heap before GC invocations=143 (full 1):
 PSYoungGen      total 9728K, used 9440K [0x00000000ff600000, 0x0000000100000000, 0x0000000100000000)
  eden space 9216K, 100% used [0x00000000ff600000,0x00000000fff00000,0x00000000fff00000)
  from space 512K, 43% used [0x00000000fff00000,0x00000000fff38000,0x00000000fff80000)
  to   space 512K, 0% used [0x00000000fff80000,0x00000000fff80000,0x0000000100000000)
 ParOldGen       total 11264K, used 5369K [0x00000000fe200000, 0x00000000fed00000, 0x00000000ff600000)
  object space 11264K, 47% used [0x00000000fe200000,0x00000000fe73e738,0x00000000fed00000)
 Metaspace       used 15612K, capacity 20122K, committed 21296K, reserved 1064960K
  class space    used 3833K, capacity 4800K, committed 5168K, reserved 1048576K
2025-06-20T08:00:39.246+0300: 3.556: [GC (Allocation Failure) 
Desired survivor size 524288 bytes, new threshold 1 (max 15)
[PSYoungGen: 9440K->256K(9728K)] 14809K->5689K(20992K), 0.0010981 secs] [Times: user=0.00 sys=0.00, real=0.00 secs] 
Heap after GC invocations=143 (full 1):
 PSYoungGen      total 9728K, used 256K [0x00000000ff600000, 0x0000000100000000, 0x0000000100000000)
  eden space 9216K, 0% used [0x00000000ff600000,0x00000000ff600000,0x00000000fff00000)
  from space 512K, 50% used [0x00000000fff80000,0x00000000fffc0000,0x0000000100000000)
  to   space 512K, 0% used [0x00000000fff00000,0x00000000fff00000,0x00000000fff80000)
 ParOldGen       total 11264K, used 5433K [0x00000000fe200000, 0x00000000fed00000, 0x00000000ff600000)
  object space 11264K, 48% used [0x00000000fe200000,0x00000000fe74e738,0x00000000fed00000)
 Metaspace       used 15612K, capacity 20122K, committed 21296K, reserved 1064960K
  class space    used 3833K, capacity 4800K, committed 5168K, reserved 1048576K
}
2025-06-20T08:00:39.247+0300: 3.557: Total time for which application threads were stopped: 0.0011826 seconds, Stopping threads took: 0.0000138 seconds
{Heap before GC invocations=144 (full 1):
 PSYoungGen      total 9728K, used 9472K [0x00000000ff600000, 0x0000000100000000, 0x0000000100000000)
  eden space 9216K, 100% used [0x00000000ff600000,0x00000000fff00000,0x00000000fff00000)
  from space 512K, 50% used [0x00000000fff80000,0x00000000fffc0000,0x0000000100000000)
  to   space 512K, 0% used [0x00000000fff00000,0x00000000fff00000,0x00000000fff80000)
 ParOldGen       total 11264K, used 5433K [0x00000000fe200000, 0x00000000fed00000, 0x00000000ff600000)
  object space 11264K, 48% used [0x00000000fe200000,0x00000000fe74e738,0x00000000fed00000)
 Metaspace       used 15726K, capacity 20308K, committed 21296K, reserved 1064960K
  class space    used 3880K, capacity 4862K, committed 5168K, reserved 1048576K
2025-06-20T08:00:39.263+0300: 3.573: [GC (Allocation Failure) 
Desired survivor size 524288 bytes, new threshold 1 (max 15)
[PSYoungGen: 9472K->192K(9728K)] 14905K->5681K(20992K), 0.0013987 secs] [Times: user=0.00 sys=0.00, real=0.00 secs] 
Heap after GC invocations=144 (full 1):
 PSYoungGen      total 9728K, used 192K [0x00000000ff600000, 0x0000000100000000, 0x0000000100000000)
  eden space 9216K, 0% used [0x00000000ff600000,0x00000000ff600000,0x00000000fff00000)
  from space 512K, 37% used [0x00000000fff00000,0x00000000fff30000,0x00000000fff80000)
  to   space 512K, 0% used [0x00000000fff80000,0x00000000fff80000,0x0000000100000000)
 ParOldGen       total 11264K, used 5489K [0x00000000fe200000, 0x00000000fed00000, 0x00000000ff600000)
  object space 11264K, 48% used [0x00000000fe200000,0x00000000fe75c738,0x00000000fed00000)
 Metaspace       used 15726K, capacity 20308K, committed 21296K, reserved 1064960K
  class space    used 3880K, capacity 4862K, committed 5168K, reserved 1048576K
}
2025-06-20T08:00:39.264+0300: 3.575: Total time for which application threads were stopped: 0.0014834 seconds, Stopping threads took: 0.0000152 seconds
{Heap before GC invocations=145 (full 1):
 PSYoungGen      total 9728K, used 9408K [0x00000000ff600000, 0x0000000100000000, 0x0000000100000000)
  eden space 9216K, 100% used [0x00000000ff600000,0x00000000fff00000,0x00000000fff00000)
  from space 512K, 37% used [0x00000000fff00000,0x00000000fff30000,0x00000000fff80000)
  to   space 512K, 0% used [0x00000000fff80000,0x00000000fff80000,0x0000000100000000)
 ParOldGen       total 11264K, used 5489K [0x00000000fe200000, 0x00000000fed00000, 0x00000000ff600000)
  object space 11264K, 48% used [0x00000000fe200000,0x00000000fe75c738,0x00000000fed00000)
 Metaspace       used 15840K, capacity 20494K, committed 21296K, reserved 1064960K
  class space    used 3926K, capacity 4924K, committed 5168K, reserved 1048576K
2025-06-20T08:00:39.280+0300: 3.591: [GC (Allocation Failure) 
Desired survivor size 524288 bytes, new threshold 1 (max 15)
[PSYoungGen: 9408K->192K(9728K)] 14897K->5745K(20992K), 0.0009161 secs] [Times: user=0.00 sys=0.00, real=0.00 secs] 
Heap after GC invocations=145 (full 1):
 PSYoungGen      total 9728K, used 192K [0x00000000ff600000, 0x0000000100000000, 0x0000000100000000)
  eden space 9216K, 0% used [0x00000000ff600000,0x00000000ff600000,0x00000000fff00000)
  from space 512K, 37% used [0x00000000fff80000,0x00000000fffb0000,0x0000000100000000)
  to   space 512K, 0% used [0x00000000fff00000,0x00000000fff00000,0x00000000fff80000)
 ParOldGen       total 11264K, used 5553K [0x00000000fe200000, 0x00000000fed00000, 0x00000000ff600000)
  object space 11264K, 49% used [0x00000000fe200000,0x00000000fe76c738,0x00000000fed00000)
 Metaspace       used 15840K, capacity 20494K, committed 21296K, reserved 1064960K
  class space    used 3926K, capacity 4924K, committed 5168K, reserved 1048576K
}
2025-06-20T08:00:39.281+0300: 3.592: Total time for which application threads were stopped: 0.0009950 seconds, Stopping threads took: 0.0000145 seconds
{Heap before GC invocations=146 (full 1):
 PSYoungGen      total 9728K, used 9408K [0x00000000ff600000, 0x0000000100000000, 0x0000000100000000)
  eden space 9216K, 100% used [0x00000000ff600000,0x00000000fff00000,0x00000000fff00000)
  from space 512K, 37% used [0x00000000fff80000,0x00000000fffb0000,0x0000000100000000)
  to   space 512K, 0% used [0x00000000fff00000,0x00000000fff00000,0x00000000fff80000)
 ParOldGen       total 11264K, used 5553K [0x00000000fe200000, 0x00000000fed00000, 0x00000000ff600000)
  object space 11264K, 49% used [0x00000000fe200000,0x00000000fe76c738,0x00000000fed00000)
 Metaspace       used 15955K, capacity 20680K, committed 21296K, reserved 1064960K
  class space    used 3973K, capacity 4986K, committed 5168K, reserved 1048576K
2025-06-20T08:00:39.297+0300: 3.608: [GC (Allocation Failure) 
Desired survivor size 524288 bytes, new threshold 1 (max 15)
[PSYoungGen: 9408K->160K(9728K)] 14961K->5777K(20992K), 0.0007986 secs] [Times: user=0.00 sys=0.00, real=0.00 secs] 
Heap after GC invocations=146 (full 1):
 PSYoungGen      total 9728K, used 160K [0x00000000ff600000, 0x0000000100000000, 0x0000000100000000)
  eden space 9216K, 0% used [0x00000000ff600000,0x00000000ff600000,0x00000000fff00000)
  from space 512K, 31% used [0x00000000fff00000,0x00000000fff28000,0x00000000fff80000)
  to   space 512K, 0% used [0x00000000fff80000,0x00000000fff80000,0x0000000100000000)
 ParOldGen       total 11264K, used 5617K [0x00000000fe200000, 0x00000000fed00000, 0x00000000ff600000)
  object space 11264K, 49% used [0x00000000fe200000,0x00000000fe77c738,0x00000000fed00000)
 Metaspace       used 15955K, capacity 20680K, committed 21296K, reserved 1064960K
  class space    used 3973K, capacity 4986K, committed 5168K, reserved 1048576K
}
2025-06-20T08:00:39.298+0300: 3.608: Total time for which application threads were stopped: 0.0008751 seconds, Stopping threads took: 0.0000165 seconds
{Heap before GC invocations=147 (full 1):
 PSYoungGen      total 9728K, used 9376K [0x00000000ff600000, 0x0000000100000000, 0x0000000100000000)
  eden space 9216K, 100% used [0x00000000ff600000,0x00000000fff00000,0x00000000fff00000)
  from space 512K, 31% used [0x00000000fff00000,0x00000000fff28000,0x00000000fff80000)
  to   space 512K, 0% used [0x00000000fff80000,0x00000000fff80000,0x0000000100000000)
 ParOldGen       total 11264K, used 5617K [0x00000000fe200000, 0x00000000fed00000, 0x00000000ff600000)
  object space 11264K, 49% used [0x00000000fe200000,0x00000000fe77c738,0x00000000fed00000)
 Metaspace       used 16069K, capacity 20866K, committed 21296K, reserved 1064960K
  class space    used 4020K, capacity 5048K, committed 5168K, reserved 1048576K
2025-06-20T08:00:39.314+0300: 3.624: [GC (Allocation Failure) 
Desired survivor size 524288 bytes, new threshold 1 (max 15)
[PSYoungGen: 9376K->192K(9728K)] 14993K->5873K(20992K), 0.0007635 secs] [Times: user=0.00 sys=0.00, real=0.00 secs] 
Heap after GC invocations=147 (full 1):
 PSYoungGen      total 9728K, used 192K [0x00000000ff600000, 0x0000000100000000, 0x0000000100000000)
  eden space 9216K, 0% used [0x00000000ff600000,0x00000000ff600000,0x00000000fff00000)
  from space 512K, 37% used [0x00000000fff80000,0x00000000fffb0000,0x0000000100000000)
  to   space 512K, 0% used [0x00000000fff00000,0x00000000fff00000,0x00000000fff80000)
 ParOldGen       total 11264K, used 5681K [0x00000000fe200000, 0x00000000fed00000, 0x00000000ff600000)
  object space 11264K, 50% used [0x00000000fe200000,0x00000000fe78c738,0x00000000fed00000)
 Metaspace       used 16069K, capacity 20866K, committed 21296K, reserved 1064960K
  class space    used 4020K, capacity 5048K, committed 5168K, reserved 1048576K
}
2025-06-20T08:00:39.315+0300: 3.625: Total time for which application threads were stopped: 0.0008299 seconds, Stopping threads took: 0.0000122 seconds
{Heap before GC invocations=148 (full 1):
 PSYoungGen      total 9728K, used 9408K [0x00000000ff600000, 0x0000000100000000, 0x0000000100000000)
  eden space 9216K, 100% used [0x00000000ff600000,0x00000000fff00000,0x00000000fff00000)
  from space 512K, 37% used [0x00000000fff80000,0x00000000fffb0000,0x0000000100000000)
  to   space 512K, 0% used [0x00000000fff00000,0x00000000fff00000,0x00000000fff80000)
 ParOldGen       total 11264K, used 5681K [0x00000000fe200000, 0x00000000fed00000, 0x00000000ff600000)
  object space 11264K, 50% used [0x00000000fe200000,0x00000000fe78c738,0x00000000fed00000)
 Metaspace       used 16183K, capacity 21052K, committed 21296K, reserved 1064960K
  class space    used 4067K, capacity 5110K, committed 5168K, reserved 1048576K
2025-06-20T08:00:39.331+0300: 3.641: [GC (Allocation Failure) 
Desired survivor size 524288 bytes, new threshold 1 (max 15)
[PSYoungGen: 9408K->192K(9728K)] 15089K->5929K(20992K), 0.0011117 secs] [Times: user=0.00 sys=0.00, real=0.00 secs] 
Heap after GC invocations=148 (full 1):
 PSYoungGen      total 9728K, used 192K [0x00000000ff600000, 0x0000000100000000, 0x0000000100000000)
  eden space 9216K, 0% used [0x00000000ff600000,0x00000000ff600000,0x00000000fff00000)
  from space 512K, 37% used [0x00000000fff00000,0x00000000fff30000,0x00000000fff80000)
  to   space 512K, 0% used [0x00000000fff80000,0x00000000fff80000,0x0000000100000000)
 ParOldGen       total 11264K, used 5737K [0x00000000fe200000, 0x00000000fed00000, 0x00000000ff600000)
  object space 11264K, 50% used [0x00000000fe200000,0x00000000fe79a738,0x00000000fed00000)
 Metaspace       used 16183K, capacity 21052K, committed 21296K, reserved 1064960K
  class space    used 4067K, capacity 5110K, committed 5168K, reserved 1048576K
}
2025-06-20T08:00:39.332+0300: 3.642: Total time for which application threads were stopped: 0.0011890 seconds, Stopping threads took: 0.0000111 seconds
{Heap before GC invocations=149 (full 1):
 PSYoungGen      total 9728K, used 9408K [0x00000000ff600000, 0x0000000100000000, 0x0000000100000000)
  eden space 9216K, 100% used [0x00000000ff600000,0x00000000fff00000,0x00000000fff00000)
  from space 512K, 37% used [0x00000000fff00000,0x00000000fff30000,0x00000000fff80000)
  to   space 512K, 0% used [0x00000000fff80000,0x00000000fff80000,0x0000000100000000)
 ParOldGen       total 11264K, used 5737K [0x00000000fe200000, 0x00000000fed00000, 0x00000000ff600000)
  object space 11264K, 50% used [0x00000000fe200000,0x00000000fe79a738,0x00000000fed00000)
 Metaspace       used 16298K, capacity 21238K, committed 21424K, reserved 1064960K
  class space    used 4113K, capacity 5172K, committed 5296K, reserved 1048576K
2025-06-20T08:00:39.349+0300: 3.660: [GC (Allocation Failure) 
Desired survivor size 524288 bytes, new threshold 1 (max 15)
[PSYoungGen: 9408K->208K(9728K)] 15145K->5993K(20992K), 0.0010167 secs] [Times: user=0.00 sys=0.00, real=0.00 secs] 
Heap after GC invocations=149 (full 1):
 PSYoungGen      total 9728K, used 208K [0x00000000ff600000, 0x0000000100000000, 0x0000000100000000)
  eden space 9216K, 0% used [0x00000000ff600000,0x00000000ff600000,0x00000000fff00000)
  from space 512K, 40% used [0x00000000fff80000,0x00000000fffb4010,0x0000000100000000)
  to   space 512K, 0% used [0x00000000fff00000,0x00000000fff00000,0x00000000fff80000)
 ParOldGen       total 11264K, used 5785K [0x00000000fe200000, 0x00000000fed00000, 0x00000000ff600000)
  object space 11264K, 51% used [0x00000000fe200000,0x00000000fe7a6738,0x00000000fed00000)
 Metaspace       used 16298K, capacity 21238K, committed 21424K, reserved 1064960K
  class space    used 4113K, capacity 5172K, committed 5296K, reserved 1048576K
}
2025-06-20T08:00:39.350+0300: 3.661: Total time for which application threads were stopped: 0.0010977 seconds, Stopping threads took: 0.0000176 seconds
{Heap before GC invocations=150 (full 1):
 PSYoungGen      total 9728K, used 9424K [0x00000000ff600000, 0x0000000100000000, 0x0000000100000000)
  eden space 9216K, 100% used [0x00000000ff600000,0x00000000fff00000,0x00000000fff00000)
  from space 512K, 40% used [0x00000000fff80000,0x00000000fffb4010,0x0000000100000000)
  to   space 512K, 0% used [0x00000000fff00000,0x00000000fff00000,0x00000000fff80000)
 ParOldGen       total 11264K, used 5785K [0x00000000fe200000, 0x00000000fed00000, 0x00000000ff600000)
  object space 11264K, 51% used [0x00000000fe200000,0x00000000fe7a6738,0x00000000fed00000)
 Metaspace       used 16412K, capacity 21424K, committed 21680K, reserved 1064960K
  class space    used 4160K, capacity 5234K, committed 5296K, reserved 1048576K
2025-06-20T08:00:39.368+0300: 3.679: [GC (Allocation Failure) 
Desired survivor size 524288 bytes, new threshold 1 (max 15)
[PSYoungGen: 9424K->240K(9728K)] 15209K->6097K(20992K), 0.0011559 secs] [Times: user=0.00 sys=0.00, real=0.00 secs] 
Heap after GC invocations=150 (full 1):
 PSYoungGen      total 9728K, used 240K [0x00000000ff600000, 0x0000000100000000, 0x0000000100000000)
  eden space 9216K, 0% used [0x00000000ff600000,0x00000000ff600000,0x00000000fff00000)
  from space 512K, 46% used [0x00000000fff00000,0x00000000fff3c010,0x00000000fff80000)
  to   space 512K, 0% used [0x00000000fff80000,0x00000000fff80000,0x0000000100000000)
 ParOldGen       total 11264K, used 5857K [0x00000000fe200000, 0x00000000fed00000, 0x00000000ff600000)
  object space 11264K, 52% used [0x00000000fe200000,0x00000000fe7b8738,0x00000000fed00000)
 Metaspace       used 16412K, capacity 21424K, committed 21680K, reserved 1064960K
  class space    used 4160K, capacity 5234K, committed 5296K, reserved 1048576K
}
2025-06-20T08:00:39.369+0300: 3.680: Total time for which application threads were stopped: 0.0012387 seconds, Stopping threads took: 0.0000139 seconds
{Heap before GC invocations=151 (full 1):
 PSYoungGen      total 9728K, used 9456K [0x00000000ff600000, 0x0000000100000000, 0x0000000100000000)
  eden space 9216K, 100% used [0x00000000ff600000,0x00000000fff00000,0x00000000fff00000)
  from space 512K, 46% used [0x00000000fff00000,0x00000000fff3c010,0x00000000fff80000)
  to   space 512K, 0% used [0x00000000fff80000,0x00000000fff80000,0x0000000100000000)
 ParOldGen       total 11264K, used 5857K [0x00000000fe200000, 0x00000000fed00000, 0x00000000ff600000)
  object space 11264K, 52% used [0x00000000fe200000,0x00000000fe7b8738,0x00000000fed00000)
 Metaspace       used 16526K, capacity 21610K, committed 21680K, reserved 1064960K
  class space    used 4207K, capacity 5296K, committed 5296K, reserved 1048576K
2025-06-20T08:00:39.387+0300: 3.697: [GC (Allocation Failure) 
Desired survivor size 524288 bytes, new threshold 1 (max 15)
[PSYoungGen: 9456K->224K(9728K)] 15313K->6178K(20992K), 0.0008227 secs] [Times: user=0.00 sys=0.00, real=0.01 secs] 
Heap after GC invocations=151 (full 1):
 PSYoungGen      total 9728K, used 224K [0x00000000ff600000, 0x0000000100000000, 0x0000000100000000)
  eden space 9216K, 0% used [0x00000000ff600000,0x00000000ff600000,0x00000000fff00000)
  from space 512K, 43% used [0x00000000fff80000,0x00000000fffb8000,0x0000000100000000)
  to   space 512K, 0% used [0x00000000fff00000,0x00000000fff00000,0x00000000fff80000)
 ParOldGen       total 11264K, used 5954K [0x00000000fe200000, 0x00000000fed00000, 0x00000000ff600000)
  object space 11264K, 52% used [0x00000000fe200000,0x00000000fe7d08e0,0x00000000fed00000)
 Metaspace       used 16526K, capacity 21610K, committed 21680K, reserved 1064960K
  class space    used 4207K, capacity 5296K, committed 5296K, reserved 1048576K
}
2025-06-20T08:00:39.387+0300: 3.698: Total time for which application threads were stopped: 0.0009057 seconds, Stopping threads took: 0.0000144 seconds
{Heap before GC invocations=152 (full 1):
 PSYoungGen      total 9728K, used 9440K [0x00000000ff600000, 0x0000000100000000, 0x0000000100000000)
  eden space 9216K, 100% used [0x00000000ff600000,0x00000000fff00000,0x00000000fff00000)
  from space 512K, 43% used [0x00000000fff80000,0x00000000fffb8000,0x0000000100000000)
  to   space 512K, 0% used [0x00000000fff00000,0x00000000fff00000,0x00000000fff80000)
 ParOldGen       total 11264K, used 5954K [0x00000000fe200000, 0x00000000fed00000, 0x00000000ff600000)
  object space 11264K, 52% used [0x00000000fe200000,0x00000000fe7d08e0,0x00000000fed00000)
 Metaspace       used 16644K, capacity 21802K, committed 22064K, reserved 1067008K
  class space    used 4255K, capacity 5360K, committed 5424K, reserved 1048576K
2025-06-20T08:00:39.405+0300: 3.716: [GC (Allocation Failure) 
Desired survivor size 524288 bytes, new threshold 1 (max 15)
[PSYoungGen: 9440K->224K(9728K)] 15394K->6234K(20992K), 0.0012097 secs] [Times: user=0.00 sys=0.00, real=0.00 secs] 
Heap after GC invocations=152 (full 1):
 PSYoungGen      total 9728K, used 224K [0x00000000ff600000, 0x0000000100000000, 0x0000000100000000)
  eden space 9216K, 0% used [0x00000000ff600000,0x00000000ff600000,0x00000000fff00000)
  from space 512K, 43% used [0x00000000fff00000,0x00000000fff38000,0x00000000fff80000)
  to   space 512K, 0% used [0x00000000fff80000,0x00000000fff80000,0x0000000100000000)
 ParOldGen       total 11264K, used 6010K [0x00000000fe200000, 0x00000000fed00000, 0x00000000ff600000)
  object space 11264K, 53% used [0x00000000fe200000,0x00000000fe7de8e0,0x00000000fed00000)
 Metaspace       used 16644K, capacity 21802K, committed 22064K, reserved 1067008K
  class space    used 4255K, capacity 5360K, committed 5424K, reserved 1048576K
}
2025-06-20T08:00:39.406+0300: 3.717: Total time for which application threads were stopped: 0.0012933 seconds, Stopping threads took: 0.0000121 seconds
{Heap before GC invocations=153 (full 1):
 PSYoungGen      total 9728K, used 9440K [0x00000000ff600000, 0x0000000100000000, 0x0000000100000000)
  eden space 9216K, 100% used [0x00000000ff600000,0x00000000fff00000,0x00000000fff00000)
  from space 512K, 43% used [0x00000000fff00000,0x00000000fff38000,0x00000000fff80000)
  to   space 512K, 0% used [0x00000000fff80000,0x00000000fff80000,0x0000000100000000)
 ParOldGen       total 11264K, used 6010K [0x00000000fe200000, 0x00000000fed00000, 0x00000000ff600000)
  object space 11264K, 53% used [0x00000000fe200000,0x00000000fe7de8e0,0x00000000fed00000)
 Metaspace       used 16758K, capacity 21988K, committed 22064K, reserved 1067008K
  class space    used 4302K, capacity 5422K, committed 5424K, reserved 1048576K
2025-06-20T08:00:39.423+0300: 3.734: [GC (Allocation Failure) 
Desired survivor size 524288 bytes, new threshold 1 (max 15)
[PSYoungGen: 9440K->240K(9728K)] 15450K->6314K(20992K), 0.0008701 secs] [Times: user=0.00 sys=0.00, real=0.00 secs] 
Heap after GC invocations=153 (full 1):
 PSYoungGen      total 9728K, used 240K [0x00000000ff600000, 0x0000000100000000, 0x0000000100000000)
  eden space 9216K, 0% used [0x00000000ff600000,0x00000000ff600000,0x00000000fff00000)
  from space 512K, 46% used [0x00000000fff80000,0x00000000fffbc010,0x0000000100000000)
  to   space 512K, 0% used [0x00000000fff00000,0x00000000fff00000,0x00000000fff80000)
 ParOldGen       total 11264K, used 6074K [0x00000000fe200000, 0x00000000fed00000, 0x00000000ff600000)
  object space 11264K, 53% used [0x00000000fe200000,0x00000000fe7ee8e0,0x00000000fed00000)
 Metaspace       used 16758K, capacity 21988K, committed 22064K, reserved 1067008K
  class space    used 4302K, capacity 5422K, committed 5424K, reserved 1048576K
}
2025-06-20T08:00:39.424+0300: 3.735: Total time for which application threads were stopped: 0.0009516 seconds, Stopping threads took: 0.0000137 seconds
{Heap before GC invocations=154 (full 1):
 PSYoungGen      total 9728K, used 9456K [0x00000000ff600000, 0x0000000100000000, 0x0000000100000000)
  eden space 9216K, 100% used [0x00000000ff600000,0x00000000fff00000,0x00000000fff00000)
  from space 512K, 46% used [0x00000000fff80000,0x00000000fffbc010,0x0000000100000000)
  to   space 512K, 0% used [0x00000000fff00000,0x00000000fff00000,0x00000000fff80000)
 ParOldGen       total 11264K, used 6074K [0x00000000fe200000, 0x00000000fed00000, 0x00000000ff600000)
  object space 11264K, 53% used [0x00000000fe200000,0x00000000fe7ee8e0,0x00000000fed00000)
 Metaspace       used 16873K, capacity 22174K, committed 22448K, reserved 1067008K
  class space    used 4348K, capacity 5484K, committed 5552K, reserved 1048576K
2025-06-20T08:00:39.441+0300: 3.752: [GC (Allocation Failure) 
Desired survivor size 524288 bytes, new threshold 1 (max 15)
[PSYoungGen: 9456K->224K(9728K)] 15530K->6354K(20992K), 0.0011402 secs] [Times: user=0.00 sys=0.00, real=0.00 secs] 
Heap after GC invocations=154 (full 1):
 PSYoungGen      total 9728K, used 224K [0x00000000ff600000, 0x0000000100000000, 0x0000000100000000)
  eden space 9216K, 0% used [0x00000000ff600000,0x00000000ff600000,0x00000000fff00000)
  from space 512K, 43% used [0x00000000fff00000,0x00000000fff38000,0x00000000fff80000)
  to   space 512K, 0% used [0x00000000fff80000,0x00000000fff80000,0x0000000100000000)
 ParOldGen       total 11264K, used 6130K [0x00000000fe200000, 0x00000000fed00000, 0x00000000ff600000)
  object space 11264K, 54% used [0x00000000fe200000,0x00000000fe7fc8e0,0x00000000fed00000)
 Metaspace       used 16873K, capacity 22174K, committed 22448K, reserved 1067008K
  class space    used 4348K, capacity 5484K, committed 5552K, reserved 1048576K
}
2025-06-20T08:00:39.443+0300: 3.753: Total time for which application threads were stopped: 0.0012226 seconds, Stopping threads took: 0.0000120 seconds
{Heap before GC invocations=155 (full 1):
 PSYoungGen      total 9728K, used 9440K [0x00000000ff600000, 0x0000000100000000, 0x0000000100000000)
  eden space 9216K, 100% used [0x00000000ff600000,0x00000000fff00000,0x00000000fff00000)
  from space 512K, 43% used [0x00000000fff00000,0x00000000fff38000,0x00000000fff80000)
  to   space 512K, 0% used [0x00000000fff80000,0x00000000fff80000,0x0000000100000000)
 ParOldGen       total 11264K, used 6130K [0x00000000fe200000, 0x00000000fed00000, 0x00000000ff600000)
  object space 11264K, 54% used [0x00000000fe200000,0x00000000fe7fc8e0,0x00000000fed00000)
 Metaspace       used 16987K, capacity 22360K, committed 22448K, reserved 1067008K
  class space    used 4395K, capacity 5546K, committed 5552K, reserved 1048576K
2025-06-20T08:00:39.460+0300: 3.770: [GC (Allocation Failure) 
Desired survivor size 524288 bytes, new threshold 1 (max 15)
[PSYoungGen: 9440K->160K(9728K)] 15570K->6346K(20992K), 0.0008208 secs] [Times: user=0.00 sys=0.00, real=0.00 secs] 
Heap after GC invocations=155 (full 1):
 PSYoungGen      total 9728K, used 160K [0x00000000ff600000, 0x0000000100000000, 0x0000000100000000)
  eden space 9216K, 0% used [0x00000000ff600000,0x00000000ff600000,0x00000000fff00000)
  from space 512K, 31% used [0x00000000fff80000,0x00000000fffa8000,0x0000000100000000)
  to   space 512K, 0% used [0x00000000fff00000,0x00000000fff00000,0x00000000fff80000)
 ParOldGen       total 11264K, used 6186K [0x00000000fe200000, 0x00000000fed00000, 0x00000000ff600000)
  object space 11264K, 54% used [0x00000000fe200000,0x00000000fe80a8e0,0x00000000fed00000)
 Metaspace       used 16987K, capacity 22360K, committed 22448K, reserved 1067008K
  class space    used 4395K, capacity 5546K, committed 5552K, reserved 1048576K
}
2025-06-20T08:00:39.460+0300: 3.771: Total time for which application threads were stopped: 0.0009003 seconds, Stopping threads took: 0.0000145 seconds
{Heap before GC invocations=156 (full 1):
 PSYoungGen      total 9728K, used 9375K [0x00000000ff600000, 0x0000000100000000, 0x0000000100000000)
  eden space 9216K, 99% used [0x00000000ff600000,0x00000000ffeffce8,0x00000000fff00000)
  from space 512K, 31% used [0x00000000fff80000,0x00000000fffa8000,0x0000000100000000)
  to   space 512K, 0% used [0x00000000fff00000,0x00000000fff00000,0x00000000fff80000)
 ParOldGen       total 11264K, used 6186K [0x00000000fe200000, 0x00000000fed00000, 0x00000000ff600000)
  object space 11264K, 54% used [0x00000000fe200000,0x00000000fe80a8e0,0x00000000fed00000)
 Metaspace       used 17109K, capacity 22546K, committed 22832K, reserved 1067008K
  class space    used 4443K, capacity 5608K, committed 5680K, reserved 1048576K
2025-06-20T08:00:39.481+0300: 3.792: [GC (Allocation Failure) 
Desired survivor size 524288 bytes, new threshold 1 (max 15)
[PSYoungGen: 9375K->192K(9728K)] 15561K->6426K(20992K), 0.0016807 secs] [Times: user=0.01 sys=0.00, real=0.00 secs] 
Heap after GC invocations=156 (full 1):
 PSYoungGen      total 9728K, used 192K [0x00000000ff600000, 0x0000000100000000, 0x0000000100000000)
  eden space 9216K, 0% used [0x00000000ff600000,0x00000000ff600000,0x00000000fff00000)
  from space 512K, 37% used [0x00000000fff00000,0x00000000fff30000,0x00000000fff80000)
  to   space 512K, 0% used [0x00000000fff80000,0x00000000fff80000,0x0000000100000000)
 ParOldGen       total 11264K, used 6234K [0x00000000fe200000, 0x00000000fed00000, 0x00000000ff600000)
  object space 11264K, 55% used [0x00000000fe200000,0x00000000fe8168e0,0x00000000fed00000)
 Metaspace       used 17109K, capacity 22546K, committed 22832K, reserved 1067008K
  class space    used 4443K, capacity 5608K, committed 5680K, reserved 1048576K
}
2025-06-20T08:00:39.483+0300: 3.794: Total time for which application threads were stopped: 0.0017979 seconds, Stopping threads took: 0.0000214 seconds
{Heap before GC invocations=157 (full 1):
 PSYoungGen      total 9728K, used 9408K [0x00000000ff600000, 0x0000000100000000, 0x0000000100000000)
  eden space 9216K, 100% used [0x00000000ff600000,0x00000000fff00000,0x00000000fff00000)
  from space 512K, 37% used [0x00000000fff00000,0x00000000fff30000,0x00000000fff80000)
  to   space 512K, 0% used [0x00000000fff80000,0x00000000fff80000,0x0000000100000000)
 ParOldGen       total 11264K, used 6234K [0x00000000fe200000, 0x00000000fed00000, 0x00000000ff600000)
  object space 11264K, 55% used [0x00000000fe200000,0x00000000fe8168e0,0x00000000fed00000)
 Metaspace       used 17224K, capacity 22732K, committed 22832K, reserved 1067008K
  class space    used 4490K, capacity 5670K, committed 5680K, reserved 1048576K
2025-06-20T08:00:39.502+0300: 3.813: [GC (Allocation Failure) 
Desired survivor size 524288 bytes, new threshold 1 (max 15)
[PSYoungGen: 9408K->160K(9728K)] 15642K->6458K(20992K), 0.0010356 secs] [Times: user=0.00 sys=0.00, real=0.00 secs] 
Heap after GC invocations=157 (full 1):
 PSYoungGen      total 9728K, used 160K [0x00000000ff600000, 0x0000000100000000, 0x0000000100000000)
  eden space 9216K, 0% used [0x00000000ff600000,0x00000000ff600000,0x00000000fff00000)
  from space 512K, 31% used [0x00000000fff80000,0x00000000fffa8000,0x0000000100000000)
  to   space 512K, 0% used [0x00000000fff00000,0x00000000fff00000,0x00000000fff80000)
 ParOldGen       total 11264K, used 6298K [0x00000000fe200000, 0x00000000fed00000, 0x00000000ff600000)
  object space 11264K, 55% used [0x00000000fe200000,0x00000000fe8268e0,0x00000000fed00000)
 Metaspace       used 17224K, capacity 22732K, committed 22832K, reserved 1067008K
  class space    used 4490K, capacity 5670K, committed 5680K, reserved 1048576K
}
2025-06-20T08:00:39.503+0300: 3.814: Total time for which application threads were stopped: 0.0011191 seconds, Stopping threads took: 0.0000141 seconds
{Heap before GC invocations=158 (full 1):
 PSYoungGen      total 9728K, used 9376K [0x00000000ff600000, 0x0000000100000000, 0x0000000100000000)
  eden space 9216K, 100% used [0x00000000ff600000,0x00000000fff00000,0x00000000fff00000)
  from space 512K, 31% used [0x00000000fff80000,0x00000000fffa8000,0x0000000100000000)
  to   space 512K, 0% used [0x00000000fff00000,0x00000000fff00000,0x00000000fff80000)
 ParOldGen       total 11264K, used 6298K [0x00000000fe200000, 0x00000000fed00000, 0x00000000ff600000)
  object space 11264K, 55% used [0x00000000fe200000,0x00000000fe8268e0,0x00000000fed00000)
 Metaspace       used 17338K, capacity 22918K, committed 23216K, reserved 1067008K
  class space    used 4536K, capacity 5732K, committed 5808K, reserved 1048576K
2025-06-20T08:00:39.521+0300: 3.832: [GC (Allocation Failure) 
Desired survivor size 524288 bytes, new threshold 1 (max 15)
[PSYoungGen: 9376K->192K(9728K)] 15674K->6554K(20992K), 0.0007124 secs] [Times: user=0.00 sys=0.00, real=0.00 secs] 
Heap after GC invocations=158 (full 1):
 PSYoungGen      total 9728K, used 192K [0x00000000ff600000, 0x0000000100000000, 0x0000000100000000)
  eden space 9216K, 0% used [0x00000000ff600000,0x00000000ff600000,0x00000000fff00000)
  from space 512K, 37% used [0x00000000fff00000,0x00000000fff30000,0x00000000fff80000)
  to   space 512K, 0% used [0x00000000fff80000,0x00000000fff80000,0x0000000100000000)
 ParOldGen       total 11264K, used 6362K [0x00000000fe200000, 0x00000000fed00000, 0x00000000ff600000)
  object space 11264K, 56% used [0x00000000fe200000,0x00000000fe8368e0,0x00000000fed00000)
 Metaspace       used 17338K, capacity 22918K, committed 23216K, reserved 1067008K
  class space    used 4536K, capacity 5732K, committed 5808K, reserved 1048576K
}
2025-06-20T08:00:39.522+0300: 3.833: Total time for which application threads were stopped: 0.0007915 seconds, Stopping threads took: 0.0000156 seconds
{Heap before GC invocations=159 (full 1):
 PSYoungGen      total 9728K, used 9408K [0x00000000ff600000, 0x0000000100000000, 0x0000000100000000)
  eden space 9216K, 100% used [0x00000000ff600000,0x00000000fff00000,0x00000000fff00000)
  from space 512K, 37% used [0x00000000fff00000,0x00000000fff30000,0x00000000fff80000)
  to   space 512K, 0% used [0x00000000fff80000,0x00000000fff80000,0x0000000100000000)
 ParOldGen       total 11264K, used 6362K [0x00000000fe200000, 0x00000000fed00000, 0x00000000ff600000)
  object space 11264K, 56% used [0x00000000fe200000,0x00000000fe8368e0,0x00000000fed00000)
 Metaspace       used 17452K, capacity 23104K, committed 23216K, reserved 1067008K
  class space    used 4583K, capacity 5794K, committed 5808K, reserved 1048576K
2025-06-20T08:00:39.540+0300: 3.851: [GC (Allocation Failure) 
Desired survivor size 524288 bytes, new threshold 1 (max 15)
[PSYoungGen: 9408K->192K(9728K)] 15770K->6602K(20992K), 0.0010380 secs] [Times: user=0.00 sys=0.00, real=0.00 secs] 
Heap after GC invocations=159 (full 1):
 PSYoungGen      total 9728K, used 192K [0x00000000ff600000, 0x0000000100000000, 0x0000000100000000)
  eden space 9216K, 0% used [0x00000000ff600000,0x00000000ff600000,0x00000000fff00000)
  from space 512K, 37% used [0x00000000fff80000,0x00000000fffb0000,0x0000000100000000)
  to   space 512K, 0% used [0x00000000fff00000,0x00000000fff00000,0x00000000fff80000)
 ParOldGen       total 11264K, used 6410K [0x00000000fe200000, 0x00000000fed00000, 0x00000000ff600000)
  object space 11264K, 56% used [0x00000000fe200000,0x00000000fe8428e0,0x00000000fed00000)
 Metaspace       used 17452K, capacity 23104K, committed 23216K, reserved 1067008K
  class space    used 4583K, capacity 5794K, committed 5808K, reserved 1048576K
}
2025-06-20T08:00:39.541+0300: 3.852: Total time for which application threads were stopped: 0.0011202 seconds, Stopping threads took: 0.0000142 seconds
{Heap before GC invocations=160 (full 1):
 PSYoungGen      total 9728K, used 9408K [0x00000000ff600000, 0x0000000100000000, 0x0000000100000000)
  eden space 9216K, 100% used [0x00000000ff600000,0x00000000fff00000,0x00000000fff00000)
  from space 512K, 37% used [0x00000000fff80000,0x00000000fffb0000,0x0000000100000000)
  to   space 512K, 0% used [0x00000000fff00000,0x00000000fff00000,0x00000000fff80000)
 ParOldGen       total 11264K, used 6410K [0x00000000fe200000, 0x00000000fed00000, 0x00000000ff600000)
  object space 11264K, 56% used [0x00000000fe200000,0x00000000fe8428e0,0x00000000fed00000)
 Metaspace       used 17567K, capacity 23290K, committed 23600K, reserved 1067008K
  class space    used 4630K, capacity 5856K, committed 5936K, reserved 1048576K
2025-06-20T08:00:39.561+0300: 3.872: [GC (Allocation Failure) 
Desired survivor size 524288 bytes, new threshold 1 (max 15)
[PSYoungGen: 9408K->192K(9728K)] 15818K->6658K(20992K), 0.0009561 secs] [Times: user=0.01 sys=0.00, real=0.00 secs] 
Heap after GC invocations=160 (full 1):
 PSYoungGen      total 9728K, used 192K [0x00000000ff600000, 0x0000000100000000, 0x0000000100000000)
  eden space 9216K, 0% used [0x00000000ff600000,0x00000000ff600000,0x00000000fff00000)
  from space 512K, 37% used [0x00000000fff00000,0x00000000fff30000,0x00000000fff80000)
  to   space 512K, 0% used [0x00000000fff80000,0x00000000fff80000,0x0000000100000000)
 ParOldGen       total 11264K, used 6466K [0x00000000fe200000, 0x00000000fed00000, 0x00000000ff600000)
  object space 11264K, 57% used [0x00000000fe200000,0x00000000fe8508e0,0x00000000fed00000)
 Metaspace       used 17567K, capacity 23290K, committed 23600K, reserved 1067008K
  class space    used 4630K, capacity 5856K, committed 5936K, reserved 1048576K
}
2025-06-20T08:00:39.562+0300: 3.873: Total time for which application threads were stopped: 0.0010485 seconds, Stopping threads took: 0.0000183 seconds
{Heap before GC invocations=161 (full 1):
 PSYoungGen      total 9728K, used 9408K [0x00000000ff600000, 0x0000000100000000, 0x0000000100000000)
  eden space 9216K, 100% used [0x00000000ff600000,0x00000000fff00000,0x00000000fff00000)
  from space 512K, 37% used [0x00000000fff00000,0x00000000fff30000,0x00000000fff80000)
  to   space 512K, 0% used [0x00000000fff80000,0x00000000fff80000,0x0000000100000000)
 ParOldGen       total 11264K, used 6466K [0x00000000fe200000, 0x00000000fed00000, 0x00000000ff600000)
  object space 11264K, 57% used [0x00000000fe200000,0x00000000fe8508e0,0x00000000fed00000)
 Metaspace       used 17681K, capacity 23476K, committed 23600K, reserved 1067008K
  class space    used 4676K, capacity 5918K, committed 5936K, reserved 1048576K
2025-06-20T08:00:39.581+0300: 3.891: [GC (Allocation Failure) 
Desired survivor size 524288 bytes, new threshold 1 (max 15)
[PSYoungGen: 9408K->240K(9728K)] 15874K->6770K(20992K), 0.0008331 secs] [Times: user=0.00 sys=0.00, real=0.00 secs] 
Heap after GC invocations=161 (full 1):
 PSYoungGen      total 9728K, used 240K [0x00000000ff600000, 0x0000000100000000, 0x0000000100000000)
  eden space 9216K, 0% used [0x00000000ff600000,0x00000000ff600000,0x00000000fff00000)
  from space 512K, 46% used [0x00000000fff80000,0x00000000fffbc010,0x0000000100000000)
  to   space 512K, 0% used [0x00000000fff00000,0x00000000fff00000,0x00000000fff80000)
 ParOldGen       total 11264K, used 6530K [0x00000000fe200000, 0x00000000fed00000, 0x00000000ff600000)
  object space 11264K, 57% used [0x00000000fe200000,0x00000000fe8608e0,0x00000000fed00000)
 Metaspace       used 17681K, capacity 23476K, committed 23600K, reserved 1067008K
  class space    used 4676K, capacity 5918K, committed 5936K, reserved 1048576K
}
2025-06-20T08:00:39.582+0300: 3.892: Total time for which application threads were stopped: 0.0009171 seconds, Stopping threads took: 0.0000149 seconds
{Heap before GC invocations=162 (full 1):
 PSYoungGen      total 9728K, used 9456K [0x00000000ff600000, 0x0000000100000000, 0x0000000100000000)
  eden space 9216K, 100% used [0x00000000ff600000,0x00000000fff00000,0x00000000fff00000)
  from space 512K, 46% used [0x00000000fff80000,0x00000000fffbc010,0x0000000100000000)
  to   space 512K, 0% used [0x00000000fff00000,0x00000000fff00000,0x00000000fff80000)
 ParOldGen       total 11264K, used 6530K [0x00000000fe200000, 0x00000000fed00000, 0x00000000ff600000)
  object space 11264K, 57% used [0x00000000fe200000,0x00000000fe8608e0,0x00000000fed00000)
 Metaspace       used 17799K, capacity 23668K, committed 23984K, reserved 1067008K
  class space    used 4725K, capacity 5982K, committed 6064K, reserved 1048576K
2025-06-20T08:00:39.601+0300: 3.911: [GC (Allocation Failure) 
Desired survivor size 524288 bytes, new threshold 1 (max 15)
[PSYoungGen: 9456K->256K(9728K)] 15986K->6858K(20992K), 0.0008857 secs] [Times: user=0.00 sys=0.00, real=0.00 secs] 
Heap after GC invocations=162 (full 1):
 PSYoungGen      total 9728K, used 256K [0x00000000ff600000, 0x0000000100000000, 0x0000000100000000)
  eden space 9216K, 0% used [0x00000000ff600000,0x00000000ff600000,0x00000000fff00000)
  from space 512K, 50% used [0x00000000fff00000,0x00000000fff40000,0x00000000fff80000)
  to   space 512K, 0% used [0x00000000fff80000,0x00000000fff80000,0x0000000100000000)
 ParOldGen       total 11264K, used 6602K [0x00000000fe200000, 0x00000000fed00000, 0x00000000ff600000)
  object space 11264K, 58% used [0x00000000fe200000,0x00000000fe8728e0,0x00000000fed00000)
 Metaspace       used 17799K, capacity 23668K, committed 23984K, reserved 1067008K
  class space    used 4725K, capacity 5982K, committed 6064K, reserved 1048576K
}
2025-06-20T08:00:39.601+0300: 3.912: Total time for which application threads were stopped: 0.0009745 seconds, Stopping threads took: 0.0000145 seconds
{Heap before GC invocations=163 (full 1):
 PSYoungGen      total 9728K, used 9472K [0x00000000ff600000, 0x0000000100000000, 0x0000000100000000)
  eden space 9216K, 100% used [0x00000000ff600000,0x00000000fff00000,0x00000000fff00000)
  from space 512K, 50% used [0x00000000fff00000,0x00000000fff40000,0x00000000fff80000)
  to   space 512K, 0% used [0x00000000fff80000,0x00000000fff80000,0x0000000100000000)
 ParOldGen       total 11264K, used 6602K [0x00000000fe200000, 0x00000000fed00000, 0x00000000ff600000)
  object space 11264K, 58% used [0x00000000fe200000,0x00000000fe8728e0,0x00000000fed00000)
 Metaspace       used 17913K, capacity 23854K, committed 23984K, reserved 1067008K
  class space    used 4771K, capacity 6044K, committed 6064K, reserved 1048576K
2025-06-20T08:00:39.619+0300: 3.930: [GC (Allocation Failure) 
Desired survivor size 524288 bytes, new threshold 1 (max 15)
[PSYoungGen: 9472K->192K(9728K)] 16074K->6850K(20992K), 0.0011010 secs] [Times: user=0.01 sys=0.00, real=0.00 secs] 
Heap after GC invocations=163 (full 1):
 PSYoungGen      total 9728K, used 192K [0x00000000ff600000, 0x0000000100000000, 0x0000000100000000)
  eden space 9216K, 0% used [0x00000000ff600000,0x00000000ff600000,0x00000000fff00000)
  from space 512K, 37% used [0x00000000fff80000,0x00000000fffb0000,0x0000000100000000)
  to   space 512K, 0% used [0x00000000fff00000,0x00000000fff00000,0x00000000fff80000)
 ParOldGen       total 11264K, used 6658K [0x00000000fe200000, 0x00000000fed00000, 0x00000000ff600000)
  object space 11264K, 59% used [0x00000000fe200000,0x00000000fe8808e0,0x00000000fed00000)
 Metaspace       used 17913K, capacity 23854K, committed 23984K, reserved 1067008K
  class space    used 4771K, capacity 6044K, committed 6064K, reserved 1048576K
}
2025-06-20T08:00:39.620+0300: 3.931: Total time for which application threads were stopped: 0.0011894 seconds, Stopping threads took: 0.0000160 seconds
{Heap before GC invocations=164 (full 1):
 PSYoungGen      total 9728K, used 9408K [0x00000000ff600000, 0x0000000100000000, 0x0000000100000000)
  eden space 9216K, 100% used [0x00000000ff600000,0x00000000fff00000,0x00000000fff00000)
  from space 512K, 37% used [0x00000000fff80000,0x00000000fffb0000,0x0000000100000000)
  to   space 512K, 0% used [0x00000000fff00000,0x00000000fff00000,0x00000000fff80000)
 ParOldGen       total 11264K, used 6658K [0x00000000fe200000, 0x00000000fed00000, 0x00000000ff600000)
  object space 11264K, 59% used [0x00000000fe200000,0x00000000fe8808e0,0x00000000fed00000)
 Metaspace       used 18028K, capacity 24040K, committed 24368K, reserved 1067008K
  class space    used 4818K, capacity 6106K, committed 6192K, reserved 1048576K
2025-06-20T08:00:39.638+0300: 3.949: [GC (Allocation Failure) 
Desired survivor size 524288 bytes, new threshold 1 (max 15)
[PSYoungGen: 9408K->256K(9728K)] 16066K->6978K(20992K), 0.0009588 secs] [Times: user=0.00 sys=0.00, real=0.00 secs] 
Heap after GC invocations=164 (full 1):
 PSYoungGen      total 9728K, used 256K [0x00000000ff600000, 0x0000000100000000, 0x0000000100000000)
  eden space 9216K, 0% used [0x00000000ff600000,0x00000000ff600000,0x00000000fff00000)
  from space 512K, 50% used [0x00000000fff00000,0x00000000fff40000,0x00000000fff80000)
  to   space 512K, 0% used [0x00000000fff80000,0x00000000fff80000,0x0000000100000000)
 ParOldGen       total 11264K, used 6722K [0x00000000fe200000, 0x00000000fed00000, 0x00000000ff600000)
  object space 11264K, 59% used [0x00000000fe200000,0x00000000fe8908e0,0x00000000fed00000)
 Metaspace       used 18028K, capacity 24040K, committed 24368K, reserved 1067008K
  class space    used 4818K, capacity 6106K, committed 6192K, reserved 1048576K
}
2025-06-20T08:00:39.639+0300: 3.950: Total time for which application threads were stopped: 0.0010494 seconds, Stopping threads took: 0.0000175 seconds
{Heap before GC invocations=165 (full 1):
 PSYoungGen      total 9728K, used 9472K [0x00000000ff600000, 0x0000000100000000, 0x0000000100000000)
  eden space 9216K, 100% used [0x00000000ff600000,0x00000000fff00000,0x00000000fff00000)
  from space 512K, 50% used [0x00000000fff00000,0x00000000fff40000,0x00000000fff80000)
  to   space 512K, 0% used [0x00000000fff80000,0x00000000fff80000,0x0000000100000000)
 ParOldGen       total 11264K, used 6722K [0x00000000fe200000, 0x00000000fed00000, 0x00000000ff600000)
  object space 11264K, 59% used [0x00000000fe200000,0x00000000fe8908e0,0x00000000fed00000)
 Metaspace       used 18142K, capacity 24226K, committed 24368K, reserved 1067008K
  class space    used 4865K, capacity 6168K, committed 6192K, reserved 1048576K
2025-06-20T08:00:39.656+0300: 3.967: [GC (Allocation Failure) 
Desired survivor size 524288 bytes, new threshold 1 (max 15)
[PSYoungGen: 9472K->192K(9728K)] 16194K->6970K(20992K), 0.0010011 secs] [Times: user=0.00 sys=0.00, real=0.01 secs] 
Heap after GC invocations=165 (full 1):
 PSYoungGen      total 9728K, used 192K [0x00000000ff600000, 0x0000000100000000, 0x0000000100000000)
  eden space 9216K, 0% used [0x00000000ff600000,0x00000000ff600000,0x00000000fff00000)
  from space 512K, 37% used [0x00000000fff80000,0x00000000fffb0000,0x0000000100000000)
  to   space 512K, 0% used [0x00000000fff00000,0x00000000fff00000,0x00000000fff80000)
 ParOldGen       total 11264K, used 6778K [0x00000000fe200000, 0x00000000fed00000, 0x00000000ff600000)
  object space 11264K, 60% used [0x00000000fe200000,0x00000000fe89e8e0,0x00000000fed00000)
 Metaspace       used 18142K, capacity 24226K, committed 24368K, reserved 1067008K
  class space    used 4865K, capacity 6168K, committed 6192K, reserved 1048576K
}
2025-06-20T08:00:39.657+0300: 3.968: Total time for which application threads were stopped: 0.0010811 seconds, Stopping threads took: 0.0000149 seconds
{Heap before GC invocations=166 (full 1):
 PSYoungGen      total 9728K, used 9408K [0x00000000ff600000, 0x0000000100000000, 0x0000000100000000)
  eden space 9216K, 100% used [0x00000000ff600000,0x00000000fff00000,0x00000000fff00000)
  from space 512K, 37% used [0x00000000fff80000,0x00000000fffb0000,0x0000000100000000)
  to   space 512K, 0% used [0x00000000fff00000,0x00000000fff00000,0x00000000fff80000)
 ParOldGen       total 11264K, used 6778K [0x00000000fe200000, 0x00000000fed00000, 0x00000000ff600000)
  object space 11264K, 60% used [0x00000000fe200000,0x00000000fe89e8e0,0x00000000fed00000)
 Metaspace       used 18256K, capacity 24412K, committed 24752K, reserved 1067008K
  class space    used 4912K, capacity 6230K, committed 6320K, reserved 1048576K
2025-06-20T08:00:39.674+0300: 3.985: [GC (Allocation Failure) 
Desired survivor size 524288 bytes, new threshold 1 (max 15)
[PSYoungGen: 9408K->160K(9728K)] 16186K->6994K(20992K), 0.0011885 secs] [Times: user=0.00 sys=0.00, real=0.00 secs] 
Heap after GC invocations=166 (full 1):
 PSYoungGen      total 9728K, used 160K [0x00000000ff600000, 0x0000000100000000, 0x0000000100000000)
  eden space 9216K, 0% used [0x00000000ff600000,0x00000000ff600000,0x00000000fff00000)
  from space 512K, 31% used [0x00000000fff00000,0x00000000fff28000,0x00000000fff80000)
  to   space 512K, 0% used [0x00000000fff80000,0x00000000fff80000,0x0000000100000000)
 ParOldGen       total 11264K, used 6834K [0x00000000fe200000, 0x00000000fed00000, 0x00000000ff600000)
  object space 11264K, 60% used [0x00000000fe200000,0x00000000fe8ac8e0,0x00000000fed00000)
 Metaspace       used 18256K, capacity 24412K, committed 24752K, reserved 1067008K
  class space    used 4912K, capacity 6230K, committed 6320K, reserved 1048576K
}
2025-06-20T08:00:39.675+0300: 3.986: Total time for which application threads were stopped: 0.0012653 seconds, Stopping threads took: 0.0000160 seconds
{Heap before GC invocations=167 (full 1):
 PSYoungGen      total 9728K, used 9376K [0x00000000ff600000, 0x0000000100000000, 0x0000000100000000)
  eden space 9216K, 100% used [0x00000000ff600000,0x00000000fff00000,0x00000000fff00000)
  from space 512K, 31% used [0x00000000fff00000,0x00000000fff28000,0x00000000fff80000)
  to   space 512K, 0% used [0x00000000fff80000,0x00000000fff80000,0x0000000100000000)
 ParOldGen       total 11264K, used 6834K [0x00000000fe200000, 0x00000000fed00000, 0x00000000ff600000)
  object space 11264K, 60% used [0x00000000fe200000,0x00000000fe8ac8e0,0x00000000fed00000)
 Metaspace       used 18371K, capacity 24598K, committed 24752K, reserved 1067008K
  class space    used 4958K, capacity 6292K, committed 6320K, reserved 1048576K
2025-06-20T08:00:39.694+0300: 4.004: [GC (Allocation Failure) 
Desired survivor size 524288 bytes, new threshold 1 (max 15)
[PSYoungGen: 9376K->160K(9728K)] 16210K->7058K(20992K), 0.0009198 secs] [Times: user=0.00 sys=0.00, real=0.00 secs] 
Heap after GC invocations=167 (full 1):
 PSYoungGen      total 9728K, used 160K [0x00000000ff600000, 0x0000000100000000, 0x0000000100000000)
  eden space 9216K, 0% used [0x00000000ff600000,0x00000000ff600000,0x00000000fff00000)
  from space 512K, 31% used [0x00000000fff80000,0x00000000fffa8000,0x0000000100000000)
  to   space 512K, 0% used [0x00000000fff00000,0x00000000fff00000,0x00000000fff80000)
 ParOldGen       total 11264K, used 6898K [0x00000000fe200000, 0x00000000fed00000, 0x00000000ff600000)
  object space 11264K, 61% used [0x00000000fe200000,0x00000000fe8bc8e0,0x00000000fed00000)
 Metaspace       used 18371K, capacity 24598K, committed 24752K, reserved 1067008K
  class space    used 4958K, capacity 6292K, committed 6320K, reserved 1048576K
}
2025-06-20T08:00:39.695+0300: 4.005: Total time for which application threads were stopped: 0.0010100 seconds, Stopping threads took: 0.0000207 seconds
{Heap before GC invocations=168 (full 1):
 PSYoungGen      total 9728K, used 9372K [0x00000000ff600000, 0x0000000100000000, 0x0000000100000000)
  eden space 9216K, 99% used [0x00000000ff600000,0x00000000ffeff038,0x00000000fff00000)
  from space 512K, 31% used [0x00000000fff80000,0x00000000fffa8000,0x0000000100000000)
  to   space 512K, 0% used [0x00000000fff00000,0x00000000fff00000,0x00000000fff80000)
 ParOldGen       total 11264K, used 6898K [0x00000000fe200000, 0x00000000fed00000, 0x00000000ff600000)
  object space 11264K, 61% used [0x00000000fe200000,0x00000000fe8bc8e0,0x00000000fed00000)
 Metaspace       used 18485K, capacity 24784K, committed 24880K, reserved 1067008K
  class space    used 5005K, capacity 6354K, committed 6448K, reserved 1048576K
2025-06-20T08:00:39.713+0300: 4.024: [GC (Allocation Failure) 
Desired survivor size 524288 bytes, new threshold 1 (max 15)
[PSYoungGen: 9372K->160K(9728K)] 16270K->7122K(20992K), 0.0010244 secs] [Times: user=0.01 sys=0.00, real=0.00 secs] 
Heap after GC invocations=168 (full 1):
 PSYoungGen      total 9728K, used 160K [0x00000000ff600000, 0x0000000100000000, 0x0000000100000000)
  eden space 9216K, 0% used [0x00000000ff600000,0x00000000ff600000,0x00000000fff00000)
  from space 512K, 31% used [0x00000000fff00000,0x00000000fff28000,0x00000000fff80000)
  to   space 512K, 0% used [0x00000000fff80000,0x00000000fff80000,0x0000000100000000)
 ParOldGen       total 11264K, used 6962K [0x00000000fe200000, 0x00000000fed00000, 0x00000000ff600000)
  object space 11264K, 61% used [0x00000000fe200000,0x00000000fe8cc8e0,0x00000000fed00000)
 Metaspace       used 18485K, capacity 24784K, committed 24880K, reserved 1067008K
  class space    used 5005K, capacity 6354K, committed 6448K, reserved 1048576K
}
2025-06-20T08:00:39.714+0300: 4.025: Total time for which application threads were stopped: 0.0011126 seconds, Stopping threads took: 0.0000151 seconds
{Heap before GC invocations=169 (full 1):
 PSYoungGen      total 9728K, used 9376K [0x00000000ff600000, 0x0000000100000000, 0x0000000100000000)
  eden space 9216K, 100% used [0x00000000ff600000,0x00000000fff00000,0x00000000fff00000)
  from space 512K, 31% used [0x00000000fff00000,0x00000000fff28000,0x00000000fff80000)
  to   space 512K, 0% used [0x00000000fff80000,0x00000000fff80000,0x0000000100000000)
 ParOldGen       total 11264K, used 6962K [0x00000000fe200000, 0x00000000fed00000, 0x00000000ff600000)
  object space 11264K, 61% used [0x00000000fe200000,0x00000000fe8cc8e0,0x00000000fed00000)
 Metaspace       used 18599K, capacity 24970K, committed 25136K, reserved 1069056K
  class space    used 5052K, capacity 6416K, committed 6448K, reserved 1048576K
2025-06-20T08:00:39.733+0300: 4.043: [GC (Allocation Failure) 
Desired survivor size 524288 bytes, new threshold 1 (max 15)
[PSYoungGen: 9376K->272K(9728K)] 16338K->7290K(20992K), 0.0008643 secs] [Times: user=0.01 sys=0.00, real=0.00 secs] 
Heap after GC invocations=169 (full 1):
 PSYoungGen      total 9728K, used 272K [0x00000000ff600000, 0x0000000100000000, 0x0000000100000000)
  eden space 9216K, 0% used [0x00000000ff600000,0x00000000ff600000,0x00000000fff00000)
  from space 512K, 53% used [0x00000000fff80000,0x00000000fffc4010,0x0000000100000000)
  to   space 512K, 0% used [0x00000000fff00000,0x00000000fff00000,0x00000000fff80000)
 ParOldGen       total 11264K, used 7018K [0x00000000fe200000, 0x00000000fed00000, 0x00000000ff600000)
  object space 11264K, 62% used [0x00000000fe200000,0x00000000fe8da8e0,0x00000000fed00000)
 Metaspace       used 18599K, capacity 24970K, committed 25136K, reserved 1069056K
  class space    used 5052K, capacity 6416K, committed 6448K, reserved 1048576K
}
2025-06-20T08:00:39.733+0300: 4.044: Total time for which application threads were stopped: 0.0009712 seconds, Stopping threads took: 0.0000410 seconds
2025-06-20T08:00:39.748+0300: 4.059: Total time for which application threads were stopped: 0.0006170 seconds, Stopping threads took: 0.0000637 seconds
{Heap before GC invocations=170 (full 1):
 PSYoungGen      total 9728K, used 9488K [0x00000000ff600000, 0x0000000100000000, 0x0000000100000000)
  eden space 9216K, 100% used [0x00000000ff600000,0x00000000fff00000,0x00000000fff00000)
  from space 512K, 53% used [0x00000000fff80000,0x00000000fffc4010,0x0000000100000000)
  to   space 512K, 0% used [0x00000000fff00000,0x00000000fff00000,0x00000000fff80000)
 ParOldGen       total 11264K, used 7018K [0x00000000fe200000, 0x00000000fed00000, 0x00000000ff600000)
  object space 11264K, 62% used [0x00000000fe200000,0x00000000fe8da8e0,0x00000000fed00000)
 Metaspace       used 18714K, capacity 25156K, committed 25264K, reserved 1069056K
  class space    used 5099K, capacity 6478K, committed 6576K, reserved 1048576K
2025-06-20T08:00:39.753+0300: 4.063: [GC (Allocation Failure) 
Desired survivor size 524288 bytes, new threshold 1 (max 15)
[PSYoungGen: 9488K->208K(9728K)] 16506K->7290K(20992K), 0.0010052 secs] [Times: user=0.00 sys=0.00, real=0.00 secs] 
Heap after GC invocations=170 (full 1):
 PSYoungGen      total 9728K, used 208K [0x00000000ff600000, 0x0000000100000000, 0x0000000100000000)
  eden space 9216K, 0% used [0x00000000ff600000,0x00000000ff600000,0x00000000fff00000)
  from space 512K, 40% used [0x00000000fff00000,0x00000000fff34010,0x00000000fff80000)
  to   space 512K, 0% used [0x00000000fff80000,0x00000000fff80000,0x0000000100000000)
 ParOldGen       total 11264K, used 7082K [0x00000000fe200000, 0x00000000fed00000, 0x00000000ff600000)
  object space 11264K, 62% used [0x00000000fe200000,0x00000000fe8ea8e0,0x00000000fed00000)
 Metaspace       used 18714K, capacity 25156K, committed 25264K, reserved 1069056K
  class space    used 5099K, capacity 6478K, committed 6576K, reserved 1048576K
}
2025-06-20T08:00:39.754+0300: 4.064: Total time for which application threads were stopped: 0.0010990 seconds, Stopping threads took: 0.0000185 seconds
2025-06-20T08:00:39.763+0300: 4.074: Total time for which application threads were stopped: 0.0000535 seconds, Stopping threads took: 0.0000122 seconds
2025-06-20T08:00:39.764+0300: 4.074: Total time for which application threads were stopped: 0.0000413 seconds, Stopping threads took: 0.0000095 seconds
{Heap before GC invocations=171 (full 1):
 PSYoungGen      total 9728K, used 9424K [0x00000000ff600000, 0x0000000100000000, 0x0000000100000000)
  eden space 9216K, 100% used [0x00000000ff600000,0x00000000fff00000,0x00000000fff00000)
  from space 512K, 40% used [0x00000000fff00000,0x00000000fff34010,0x00000000fff80000)
  to   space 512K, 0% used [0x00000000fff80000,0x00000000fff80000,0x0000000100000000)
 ParOldGen       total 11264K, used 7082K [0x00000000fe200000, 0x00000000fed00000, 0x00000000ff600000)
  object space 11264K, 62% used [0x00000000fe200000,0x00000000fe8ea8e0,0x00000000fed00000)
 Metaspace       used 18828K, capacity 25342K, committed 25520K, reserved 1069056K
  class space    used 5145K, capacity 6540K, committed 6576K, reserved 1048576K
2025-06-20T08:00:39.776+0300: 4.087: [GC (Allocation Failure) 
Desired survivor size 524288 bytes, new threshold 1 (max 15)
[PSYoungGen: 9424K->208K(9728K)] 16506K->7346K(20992K), 0.0016903 secs] [Times: user=0.01 sys=0.00, real=0.01 secs] 
Heap after GC invocations=171 (full 1):
 PSYoungGen      total 9728K, used 208K [0x00000000ff600000, 0x0000000100000000, 0x0000000100000000)
  eden space 9216K, 0% used [0x00000000ff600000,0x00000000ff600000,0x00000000fff00000)
  from space 512K, 40% used [0x00000000fff80000,0x00000000fffb4010,0x0000000100000000)
  to   space 512K, 0% used [0x00000000fff00000,0x00000000fff00000,0x00000000fff80000)
 ParOldGen       total 11264K, used 7138K [0x00000000fe200000, 0x00000000fed00000, 0x00000000ff600000)
  object space 11264K, 63% used [0x00000000fe200000,0x00000000fe8f88e0,0x00000000fed00000)
 Metaspace       used 18828K, capacity 25342K, committed 25520K, reserved 1069056K
  class space    used 5145K, capacity 6540K, committed 6576K, reserved 1048576K
}
2025-06-20T08:00:39.778+0300: 4.089: Total time for which application threads were stopped: 0.0017816 seconds, Stopping threads took: 0.0000140 seconds
2025-06-20T08:00:39.779+0300: 4.090: Total time for which application threads were stopped: 0.0000469 seconds, Stopping threads took: 0.0000115 seconds
2025-06-20T08:00:39.780+0300: 4.090: Total time for which application threads were stopped: 0.0000319 seconds, Stopping threads took: 0.0000075 seconds
{Heap before GC invocations=172 (full 1):
 PSYoungGen      total 9728K, used 9424K [0x00000000ff600000, 0x0000000100000000, 0x0000000100000000)
  eden space 9216K, 100% used [0x00000000ff600000,0x00000000fff00000,0x00000000fff00000)
  from space 512K, 40% used [0x00000000fff80000,0x00000000fffb4010,0x0000000100000000)
  to   space 512K, 0% used [0x00000000fff00000,0x00000000fff00000,0x00000000fff80000)
 ParOldGen       total 11264K, used 7138K [0x00000000fe200000, 0x00000000fed00000, 0x00000000ff600000)
  object space 11264K, 63% used [0x00000000fe200000,0x00000000fe8f88e0,0x00000000fed00000)
 Metaspace       used 18948K, capacity 25534K, committed 25648K, reserved 1069056K
  class space    used 5194K, capacity 6604K, committed 6704K, reserved 1048576K
2025-06-20T08:00:39.801+0300: 4.112: [GC (Allocation Failure) 
Desired survivor size 524288 bytes, new threshold 1 (max 15)
[PSYoungGen: 9424K->224K(9728K)] 16562K->7418K(20992K), 0.0012396 secs] [Times: user=0.00 sys=0.00, real=0.00 secs] 
Heap after GC invocations=172 (full 1):
 PSYoungGen      total 9728K, used 224K [0x00000000ff600000, 0x0000000100000000, 0x0000000100000000)
  eden space 9216K, 0% used [0x00000000ff600000,0x00000000ff600000,0x00000000fff00000)
  from space 512K, 43% used [0x00000000fff00000,0x00000000fff38000,0x00000000fff80000)
  to   space 512K, 0% used [0x00000000fff80000,0x00000000fff80000,0x0000000100000000)
 ParOldGen       total 11264K, used 7194K [0x00000000fe200000, 0x00000000fed00000, 0x00000000ff600000)
  object space 11264K, 63% used [0x00000000fe200000,0x00000000fe9068e0,0x00000000fed00000)
 Metaspace       used 18948K, capacity 25534K, committed 25648K, reserved 1069056K
  class space    used 5194K, capacity 6604K, committed 6704K, reserved 1048576K
}
2025-06-20T08:00:39.802+0300: 4.113: Total time for which application threads were stopped: 0.0013462 seconds, Stopping threads took: 0.0000154 seconds
{Heap before GC invocations=173 (full 1):
 PSYoungGen      total 9728K, used 9440K [0x00000000ff600000, 0x0000000100000000, 0x0000000100000000)
  eden space 9216K, 100% used [0x00000000ff600000,0x00000000fff00000,0x00000000fff00000)
  from space 512K, 43% used [0x00000000fff00000,0x00000000fff38000,0x00000000fff80000)
  to   space 512K, 0% used [0x00000000fff80000,0x00000000fff80000,0x0000000100000000)
 ParOldGen       total 11264K, used 7194K [0x00000000fe200000, 0x00000000fed00000, 0x00000000ff600000)
  object space 11264K, 63% used [0x00000000fe200000,0x00000000fe9068e0,0x00000000fed00000)
 Metaspace       used 19062K, capacity 25720K, committed 25904K, reserved 1069056K
  class space    used 5241K, capacity 6666K, committed 6704K, reserved 1048576K
2025-06-20T08:00:39.822+0300: 4.132: [GC (Allocation Failure) 
Desired survivor size 524288 bytes, new threshold 1 (max 15)
[PSYoungGen: 9440K->224K(9728K)] 16634K->7466K(20992K), 0.0013209 secs] [Times: user=0.01 sys=0.00, real=0.00 secs] 
Heap after GC invocations=173 (full 1):
 PSYoungGen      total 9728K, used 224K [0x00000000ff600000, 0x0000000100000000, 0x0000000100000000)
  eden space 9216K, 0% used [0x00000000ff600000,0x00000000ff600000,0x00000000fff00000)
  from space 512K, 43% used [0x00000000fff80000,0x00000000fffb8000,0x0000000100000000)
  to   space 512K, 0% used [0x00000000fff00000,0x00000000fff00000,0x00000000fff80000)
 ParOldGen       total 11264K, used 7242K [0x00000000fe200000, 0x00000000fed00000, 0x00000000ff600000)
  object space 11264K, 64% used [0x00000000fe200000,0x00000000fe9128e0,0x00000000fed00000)
 Metaspace       used 19062K, capacity 25720K, committed 25904K, reserved 1069056K
  class space    used 5241K, capacity 6666K, committed 6704K, reserved 1048576K
}
2025-06-20T08:00:39.823+0300: 4.134: Total time for which application threads were stopped: 0.0014152 seconds, Stopping threads took: 0.0000156 seconds
{Heap before GC invocations=174 (full 1):
 PSYoungGen      total 9728K, used 9440K [0x00000000ff600000, 0x0000000100000000, 0x0000000100000000)
  eden space 9216K, 100% used [0x00000000ff600000,0x00000000fff00000,0x00000000fff00000)
  from space 512K, 43% used [0x00000000fff80000,0x00000000fffb8000,0x0000000100000000)
  to   space 512K, 0% used [0x00000000fff00000,0x00000000fff00000,0x00000000fff80000)
 ParOldGen       total 11264K, used 7242K [0x00000000fe200000, 0x00000000fed00000, 0x00000000ff600000)
  object space 11264K, 64% used [0x00000000fe200000,0x00000000fe9128e0,0x00000000fed00000)
 Metaspace       used 19176K, capacity 25906K, committed 26032K, reserved 1069056K
  class space    used 5288K, capacity 6728K, committed 6832K, reserved 1048576K
2025-06-20T08:00:39.843+0300: 4.153: [GC (Allocation Failure) 
Desired survivor size 524288 bytes, new threshold 1 (max 15)
[PSYoungGen: 9440K->160K(9728K)] 16682K->7458K(20992K), 0.0010365 secs] [Times: user=0.01 sys=0.00, real=0.00 secs] 
Heap after GC invocations=174 (full 1):
 PSYoungGen      total 9728K, used 160K [0x00000000ff600000, 0x0000000100000000, 0x0000000100000000)
  eden space 9216K, 0% used [0x00000000ff600000,0x00000000ff600000,0x00000000fff00000)
  from space 512K, 31% used [0x00000000fff00000,0x00000000fff28000,0x00000000fff80000)
  to   space 512K, 0% used [0x00000000fff80000,0x00000000fff80000,0x0000000100000000)
 ParOldGen       total 11264K, used 7298K [0x00000000fe200000, 0x00000000fed00000, 0x00000000ff600000)
  object space 11264K, 64% used [0x00000000fe200000,0x00000000fe9208e0,0x00000000fed00000)
 Metaspace       used 19176K, capacity 25906K, committed 26032K, reserved 1069056K
  class space    used 5288K, capacity 6728K, committed 6832K, reserved 1048576K
}
2025-06-20T08:00:39.844+0300: 4.154: Total time for which application threads were stopped: 0.0011345 seconds, Stopping threads took: 0.0000192 seconds
{Heap before GC invocations=175 (full 1):
 PSYoungGen      total 9728K, used 9376K [0x00000000ff600000, 0x0000000100000000, 0x0000000100000000)
  eden space 9216K, 100% used [0x00000000ff600000,0x00000000fff00000,0x00000000fff00000)
  from space 512K, 31% used [0x00000000fff00000,0x00000000fff28000,0x00000000fff80000)
  to   space 512K, 0% used [0x00000000fff80000,0x00000000fff80000,0x0000000100000000)
 ParOldGen       total 11264K, used 7298K [0x00000000fe200000, 0x00000000fed00000, 0x00000000ff600000)
  object space 11264K, 64% used [0x00000000fe200000,0x00000000fe9208e0,0x00000000fed00000)
 Metaspace       used 19291K, capacity 26092K, committed 26288K, reserved 1069056K
  class space    used 5334K, capacity 6790K, committed 6832K, reserved 1048576K
2025-06-20T08:00:39.863+0300: 4.173: [GC (Allocation Failure) 
Desired survivor size 524288 bytes, new threshold 1 (max 15)
[PSYoungGen: 9376K->160K(9728K)] 16674K->7522K(20992K), 0.0013342 secs] [Times: user=0.00 sys=0.00, real=0.00 secs] 
Heap after GC invocations=175 (full 1):
 PSYoungGen      total 9728K, used 160K [0x00000000ff600000, 0x0000000100000000, 0x0000000100000000)
  eden space 9216K, 0% used [0x00000000ff600000,0x00000000ff600000,0x00000000fff00000)
  from space 512K, 31% used [0x00000000fff80000,0x00000000fffa8000,0x0000000100000000)
  to   space 512K, 0% used [0x00000000fff00000,0x00000000fff00000,0x00000000fff80000)
 ParOldGen       total 11264K, used 7362K [0x00000000fe200000, 0x00000000fed00000, 0x00000000ff600000)
  object space 11264K, 65% used [0x00000000fe200000,0x00000000fe9308e0,0x00000000fed00000)
 Metaspace       used 19291K, capacity 26092K, committed 26288K, reserved 1069056K
  class space    used 5334K, capacity 6790K, committed 6832K, reserved 1048576K
}
2025-06-20T08:00:39.864+0300: 4.175: Total time for which application threads were stopped: 0.0014372 seconds, Stopping threads took: 0.0000162 seconds
{Heap before GC invocations=176 (full 1):
 PSYoungGen      total 9728K, used 9376K [0x00000000ff600000, 0x0000000100000000, 0x0000000100000000)
  eden space 9216K, 100% used [0x00000000ff600000,0x00000000fff00000,0x00000000fff00000)
  from space 512K, 31% used [0x00000000fff80000,0x00000000fffa8000,0x0000000100000000)
  to   space 512K, 0% used [0x00000000fff00000,0x00000000fff00000,0x00000000fff80000)
 ParOldGen       total 11264K, used 7362K [0x00000000fe200000, 0x00000000fed00000, 0x00000000ff600000)
  object space 11264K, 65% used [0x00000000fe200000,0x00000000fe9308e0,0x00000000fed00000)
 Metaspace       used 19405K, capacity 26278K, committed 26416K, reserved 1069056K
  class space    used 5381K, capacity 6852K, committed 6960K, reserved 1048576K
2025-06-20T08:00:39.883+0300: 4.194: [GC (Allocation Failure) 
Desired survivor size 524288 bytes, new threshold 1 (max 15)
[PSYoungGen: 9376K->128K(9728K)] 16738K->7538K(20992K), 0.0015564 secs] [Times: user=0.01 sys=0.00, real=0.00 secs] 
Heap after GC invocations=176 (full 1):
 PSYoungGen      total 9728K, used 128K [0x00000000ff600000, 0x0000000100000000, 0x0000000100000000)
  eden space 9216K, 0% used [0x00000000ff600000,0x00000000ff600000,0x00000000fff00000)
  from space 512K, 25% used [0x00000000fff00000,0x00000000fff20000,0x00000000fff80000)
  to   space 512K, 0% used [0x00000000fff80000,0x00000000fff80000,0x0000000100000000)
 ParOldGen       total 11264K, used 7410K [0x00000000fe200000, 0x00000000fed00000, 0x00000000ff600000)
  object space 11264K, 65% used [0x00000000fe200000,0x00000000fe93c8e0,0x00000000fed00000)
 Metaspace       used 19405K, capacity 26278K, committed 26416K, reserved 1069056K
  class space    used 5381K, capacity 6852K, committed 6960K, reserved 1048576K
}
2025-06-20T08:00:39.885+0300: 4.195: Total time for which application threads were stopped: 0.0016511 seconds, Stopping threads took: 0.0000185 seconds
{Heap before GC invocations=177 (full 1):
 PSYoungGen      total 9728K, used 9336K [0x00000000ff600000, 0x0000000100000000, 0x0000000100000000)
  eden space 9216K, 99% used [0x00000000ff600000,0x00000000ffefe060,0x00000000fff00000)
  from space 512K, 25% used [0x00000000fff00000,0x00000000fff20000,0x00000000fff80000)
  to   space 512K, 0% used [0x00000000fff80000,0x00000000fff80000,0x0000000100000000)
 ParOldGen       total 11264K, used 7410K [0x00000000fe200000, 0x00000000fed00000, 0x00000000ff600000)
  object space 11264K, 65% used [0x00000000fe200000,0x00000000fe93c8e0,0x00000000fed00000)
 Metaspace       used 19519K, capacity 26464K, committed 26672K, reserved 1069056K
  class space    used 5428K, capacity 6914K, committed 6960K, reserved 1048576K
2025-06-20T08:00:39.905+0300: 4.215: [GC (Allocation Failure) 
Desired survivor size 524288 bytes, new threshold 1 (max 15)
[PSYoungGen: 9336K->192K(9728K)] 16746K->7658K(20992K), 0.0011335 secs] [Times: user=0.01 sys=0.00, real=0.00 secs] 
Heap after GC invocations=177 (full 1):
 PSYoungGen      total 9728K, used 192K [0x00000000ff600000, 0x0000000100000000, 0x0000000100000000)
  eden space 9216K, 0% used [0x00000000ff600000,0x00000000ff600000,0x00000000fff00000)
  from space 512K, 37% used [0x00000000fff80000,0x00000000fffb0000,0x0000000100000000)
  to   space 512K, 0% used [0x00000000fff00000,0x00000000fff00000,0x00000000fff80000)
 ParOldGen       total 11264K, used 7466K [0x00000000fe200000, 0x00000000fed00000, 0x00000000ff600000)
  object space 11264K, 66% used [0x00000000fe200000,0x00000000fe94a8e0,0x00000000fed00000)
 Metaspace       used 19519K, capacity 26464K, committed 26672K, reserved 1069056K
  class space    used 5428K, capacity 6914K, committed 6960K, reserved 1048576K
}
2025-06-20T08:00:39.906+0300: 4.216: Total time for which application threads were stopped: 0.0012245 seconds, Stopping threads took: 0.0000165 seconds
{Heap before GC invocations=178 (full 1):
 PSYoungGen      total 9728K, used 9408K [0x00000000ff600000, 0x0000000100000000, 0x0000000100000000)
  eden space 9216K, 100% used [0x00000000ff600000,0x00000000fff00000,0x00000000fff00000)
  from space 512K, 37% used [0x00000000fff80000,0x00000000fffb0000,0x0000000100000000)
  to   space 512K, 0% used [0x00000000fff00000,0x00000000fff00000,0x00000000fff80000)
 ParOldGen       total 11264K, used 7466K [0x00000000fe200000, 0x00000000fed00000, 0x00000000ff600000)
  object space 11264K, 66% used [0x00000000fe200000,0x00000000fe94a8e0,0x00000000fed00000)
 Metaspace       used 19634K, capacity 26650K, committed 26800K, reserved 1069056K
  class space    used 5475K, capacity 6976K, committed 7088K, reserved 1048576K
2025-06-20T08:00:39.924+0300: 4.234: [GC (Allocation Failure) 
Desired survivor size 524288 bytes, new threshold 1 (max 15)
[PSYoungGen: 9408K->192K(9728K)] 16874K->7714K(20992K), 0.0011445 secs] [Times: user=0.00 sys=0.00, real=0.00 secs] 
Heap after GC invocations=178 (full 1):
 PSYoungGen      total 9728K, used 192K [0x00000000ff600000, 0x0000000100000000, 0x0000000100000000)
  eden space 9216K, 0% used [0x00000000ff600000,0x00000000ff600000,0x00000000fff00000)
  from space 512K, 37% used [0x00000000fff00000,0x00000000fff30000,0x00000000fff80000)
  to   space 512K, 0% used [0x00000000fff80000,0x00000000fff80000,0x0000000100000000)
 ParOldGen       total 11264K, used 7522K [0x00000000fe200000, 0x00000000fed00000, 0x00000000ff600000)
  object space 11264K, 66% used [0x00000000fe200000,0x00000000fe9588e0,0x00000000fed00000)
 Metaspace       used 19634K, capacity 26650K, committed 26800K, reserved 1069056K
  class space    used 5475K, capacity 6976K, committed 7088K, reserved 1048576K
}
2025-06-20T08:00:39.925+0300: 4.236: Total time for which application threads were stopped: 0.0012266 seconds, Stopping threads took: 0.0000145 seconds
{Heap before GC invocations=179 (full 1):
 PSYoungGen      total 9728K, used 9408K [0x00000000ff600000, 0x0000000100000000, 0x0000000100000000)
  eden space 9216K, 100% used [0x00000000ff600000,0x00000000fff00000,0x00000000fff00000)
  from space 512K, 37% used [0x00000000fff00000,0x00000000fff30000,0x00000000fff80000)
  to   space 512K, 0% used [0x00000000fff80000,0x00000000fff80000,0x0000000100000000)
 ParOldGen       total 11264K, used 7522K [0x00000000fe200000, 0x00000000fed00000, 0x00000000ff600000)
  object space 11264K, 66% used [0x00000000fe200000,0x00000000fe9588e0,0x00000000fed00000)
 Metaspace       used 19748K, capacity 26836K, committed 27056K, reserved 1069056K
  class space    used 5521K, capacity 7038K, committed 7088K, reserved 1048576K
2025-06-20T08:00:39.943+0300: 4.253: [GC (Allocation Failure) 
Desired survivor size 524288 bytes, new threshold 1 (max 15)
[PSYoungGen: 9408K->176K(9728K)] 16930K->7746K(20992K), 0.0030360 secs] [Times: user=0.01 sys=0.00, real=0.00 secs] 
Heap after GC invocations=179 (full 1):
 PSYoungGen      total 9728K, used 176K [0x00000000ff600000, 0x0000000100000000, 0x0000000100000000)
  eden space 9216K, 0% used [0x00000000ff600000,0x00000000ff600000,0x00000000fff00000)
  from space 512K, 34% used [0x00000000fff80000,0x00000000fffac010,0x0000000100000000)
  to   space 512K, 0% used [0x00000000fff00000,0x00000000fff00000,0x00000000fff80000)
 ParOldGen       total 11264K, used 7570K [0x00000000fe200000, 0x00000000fed00000, 0x00000000ff600000)
  object space 11264K, 67% used [0x00000000fe200000,0x00000000fe9648e0,0x00000000fed00000)
 Metaspace       used 19748K, capacity 26836K, committed 27056K, reserved 1069056K
  class space    used 5521K, capacity 7038K, committed 7088K, reserved 1048576K
}
2025-06-20T08:00:39.946+0300: 4.256: Total time for which application threads were stopped: 0.0031366 seconds, Stopping threads took: 0.0000148 seconds
{Heap before GC invocations=180 (full 1):
 PSYoungGen      total 9728K, used 9392K [0x00000000ff600000, 0x0000000100000000, 0x0000000100000000)
  eden space 9216K, 100% used [0x00000000ff600000,0x00000000fff00000,0x00000000fff00000)
  from space 512K, 34% used [0x00000000fff80000,0x00000000fffac010,0x0000000100000000)
  to   space 512K, 0% used [0x00000000fff00000,0x00000000fff00000,0x00000000fff80000)
 ParOldGen       total 11264K, used 7570K [0x00000000fe200000, 0x00000000fed00000, 0x00000000ff600000)
  object space 11264K, 67% used [0x00000000fe200000,0x00000000fe9648e0,0x00000000fed00000)
 Metaspace       used 19862K, capacity 27022K, committed 27184K, reserved 1069056K
  class space    used 5568K, capacity 7100K, committed 7216K, reserved 1048576K
2025-06-20T08:00:39.965+0300: 4.275: [GC (Allocation Failure) 
Desired survivor size 524288 bytes, new threshold 1 (max 15)
[PSYoungGen: 9392K->192K(9728K)] 16962K->7834K(20992K), 0.0010399 secs] [Times: user=0.00 sys=0.00, real=0.00 secs] 
Heap after GC invocations=180 (full 1):
 PSYoungGen      total 9728K, used 192K [0x00000000ff600000, 0x0000000100000000, 0x0000000100000000)
  eden space 9216K, 0% used [0x00000000ff600000,0x00000000ff600000,0x00000000fff00000)
  from space 512K, 37% used [0x00000000fff00000,0x00000000fff30000,0x00000000fff80000)
  to   space 512K, 0% used [0x00000000fff80000,0x00000000fff80000,0x0000000100000000)
 ParOldGen       total 11264K, used 7642K [0x00000000fe200000, 0x00000000fed00000, 0x00000000ff600000)
  object space 11264K, 67% used [0x00000000fe200000,0x00000000fe9768e0,0x00000000fed00000)
 Metaspace       used 19862K, capacity 27022K, committed 27184K, reserved 1069056K
  class space    used 5568K, capacity 7100K, committed 7216K, reserved 1048576K
}
2025-06-20T08:00:39.966+0300: 4.276: Total time for which application threads were stopped: 0.0011313 seconds, Stopping threads took: 0.0000192 seconds
{Heap before GC invocations=181 (full 1):
 PSYoungGen      total 9728K, used 9408K [0x00000000ff600000, 0x0000000100000000, 0x0000000100000000)
  eden space 9216K, 100% used [0x00000000ff600000,0x00000000fff00000,0x00000000fff00000)
  from space 512K, 37% used [0x00000000fff00000,0x00000000fff30000,0x00000000fff80000)
  to   space 512K, 0% used [0x00000000fff80000,0x00000000fff80000,0x0000000100000000)
 ParOldGen       total 11264K, used 7642K [0x00000000fe200000, 0x00000000fed00000, 0x00000000ff600000)
  object space 11264K, 67% used [0x00000000fe200000,0x00000000fe9768e0,0x00000000fed00000)
 Metaspace       used 19976K, capacity 27208K, committed 27440K, reserved 1069056K
  class space    used 5615K, capacity 7162K, committed 7216K, reserved 1048576K
2025-06-20T08:00:39.986+0300: 4.297: [GC (Allocation Failure) 
Desired survivor size 524288 bytes, new threshold 1 (max 15)
[PSYoungGen: 9408K->176K(9728K)] 17050K->7866K(20992K), 0.0015204 secs] [Times: user=0.00 sys=0.00, real=0.01 secs] 
Heap after GC invocations=181 (full 1):
 PSYoungGen      total 9728K, used 176K [0x00000000ff600000, 0x0000000100000000, 0x0000000100000000)
  eden space 9216K, 0% used [0x00000000ff600000,0x00000000ff600000,0x00000000fff00000)
  from space 512K, 34% used [0x00000000fff80000,0x00000000fffac010,0x0000000100000000)
  to   space 512K, 0% used [0x00000000fff00000,0x00000000fff00000,0x00000000fff80000)
 ParOldGen       total 11264K, used 7690K [0x00000000fe200000, 0x00000000fed00000, 0x00000000ff600000)
  object space 11264K, 68% used [0x00000000fe200000,0x00000000fe9828e0,0x00000000fed00000)
 Metaspace       used 19976K, capacity 27208K, committed 27440K, reserved 1069056K
  class space    used 5615K, capacity 7162K, committed 7216K, reserved 1048576K
}
2025-06-20T08:00:39.988+0300: 4.298: Total time for which application threads were stopped: 0.0016178 seconds, Stopping threads took: 0.0000194 seconds
{Heap before GC invocations=182 (full 1):
 PSYoungGen      total 9728K, used 9392K [0x00000000ff600000, 0x0000000100000000, 0x0000000100000000)
  eden space 9216K, 100% used [0x00000000ff600000,0x00000000fff00000,0x00000000fff00000)
  from space 512K, 34% used [0x00000000fff80000,0x00000000fffac010,0x0000000100000000)
  to   space 512K, 0% used [0x00000000fff00000,0x00000000fff00000,0x00000000fff80000)
 ParOldGen       total 11264K, used 7690K [0x00000000fe200000, 0x00000000fed00000, 0x00000000ff600000)
  object space 11264K, 68% used [0x00000000fe200000,0x00000000fe9828e0,0x00000000fed00000)
 Metaspace       used 20091K, capacity 27394K, committed 27568K, reserved 1069056K
  class space    used 5662K, capacity 7224K, committed 7344K, reserved 1048576K
2025-06-20T08:00:40.007+0300: 4.318: [GC (Allocation Failure) 
Desired survivor size 524288 bytes, new threshold 1 (max 15)
[PSYoungGen: 9392K->176K(9728K)] 17082K->7922K(20992K), 0.0012795 secs] [Times: user=0.01 sys=0.00, real=0.00 secs] 
Heap after GC invocations=182 (full 1):
 PSYoungGen      total 9728K, used 176K [0x00000000ff600000, 0x0000000100000000, 0x0000000100000000)
  eden space 9216K, 0% used [0x00000000ff600000,0x00000000ff600000,0x00000000fff00000)
  from space 512K, 34% used [0x00000000fff00000,0x00000000fff2c010,0x00000000fff80000)
  to   space 512K, 0% used [0x00000000fff80000,0x00000000fff80000,0x0000000100000000)
 ParOldGen       total 11264K, used 7746K [0x00000000fe200000, 0x00000000fed00000, 0x00000000ff600000)
  object space 11264K, 68% used [0x00000000fe200000,0x00000000fe9908e0,0x00000000fed00000)
 Metaspace       used 20091K, capacity 27394K, committed 27568K, reserved 1069056K
  class space    used 5662K, capacity 7224K, committed 7344K, reserved 1048576K
}
2025-06-20T08:00:40.009+0300: 4.319: Total time for which application threads were stopped: 0.0013762 seconds, Stopping threads took: 0.0000179 seconds
{Heap before GC invocations=183 (full 1):
 PSYoungGen      total 9728K, used 9392K [0x00000000ff600000, 0x0000000100000000, 0x0000000100000000)
  eden space 9216K, 100% used [0x00000000ff600000,0x00000000fff00000,0x00000000fff00000)
  from space 512K, 34% used [0x00000000fff00000,0x00000000fff2c010,0x00000000fff80000)
  to   space 512K, 0% used [0x00000000fff80000,0x00000000fff80000,0x0000000100000000)
 ParOldGen       total 11264K, used 7746K [0x00000000fe200000, 0x00000000fed00000, 0x00000000ff600000)
  object space 11264K, 68% used [0x00000000fe200000,0x00000000fe9908e0,0x00000000fed00000)
 Metaspace       used 20209K, capacity 27586K, committed 27824K, reserved 1069056K
  class space    used 5710K, capacity 7288K, committed 7344K, reserved 1048576K
2025-06-20T08:00:40.029+0300: 4.340: [GC (Allocation Failure) 
Desired survivor size 524288 bytes, new threshold 1 (max 15)
[PSYoungGen: 9392K->208K(9728K)] 17138K->8010K(20992K), 0.0010799 secs] [Times: user=0.00 sys=0.00, real=0.00 secs] 
Heap after GC invocations=183 (full 1):
 PSYoungGen      total 9728K, used 208K [0x00000000ff600000, 0x0000000100000000, 0x0000000100000000)
  eden space 9216K, 0% used [0x00000000ff600000,0x00000000ff600000,0x00000000fff00000)
  from space 512K, 40% used [0x00000000fff80000,0x00000000fffb4010,0x0000000100000000)
  to   space 512K, 0% used [0x00000000fff00000,0x00000000fff00000,0x00000000fff80000)
 ParOldGen       total 11264K, used 7802K [0x00000000fe200000, 0x00000000fed00000, 0x00000000ff600000)
  object space 11264K, 69% used [0x00000000fe200000,0x00000000fe99e8e0,0x00000000fed00000)
 Metaspace       used 20209K, capacity 27586K, committed 27824K, reserved 1069056K
  class space    used 5710K, capacity 7288K, committed 7344K, reserved 1048576K
}
2025-06-20T08:00:40.030+0300: 4.341: Total time for which application threads were stopped: 0.0011904 seconds, Stopping threads took: 0.0000383 seconds
{Heap before GC invocations=184 (full 1):
 PSYoungGen      total 9728K, used 9424K [0x00000000ff600000, 0x0000000100000000, 0x0000000100000000)
  eden space 9216K, 100% used [0x00000000ff600000,0x00000000fff00000,0x00000000fff00000)
  from space 512K, 40% used [0x00000000fff80000,0x00000000fffb4010,0x0000000100000000)
  to   space 512K, 0% used [0x00000000fff00000,0x00000000fff00000,0x00000000fff80000)
 ParOldGen       total 11264K, used 7802K [0x00000000fe200000, 0x00000000fed00000, 0x00000000ff600000)
  object space 11264K, 69% used [0x00000000fe200000,0x00000000fe99e8e0,0x00000000fed00000)
 Metaspace       used 20323K, capacity 27772K, committed 27952K, reserved 1069056K
  class space    used 5757K, capacity 7350K, committed 7472K, reserved 1048576K
2025-06-20T08:00:40.050+0300: 4.361: [GC (Allocation Failure) 
Desired survivor size 524288 bytes, new threshold 1 (max 15)
[PSYoungGen: 9424K->160K(9728K)] 17226K->8018K(20992K), 0.0013722 secs] [Times: user=0.00 sys=0.00, real=0.00 secs] 
Heap after GC invocations=184 (full 1):
 PSYoungGen      total 9728K, used 160K [0x00000000ff600000, 0x0000000100000000, 0x0000000100000000)
  eden space 9216K, 0% used [0x00000000ff600000,0x00000000ff600000,0x00000000fff00000)
  from space 512K, 31% used [0x00000000fff00000,0x00000000fff28000,0x00000000fff80000)
  to   space 512K, 0% used [0x00000000fff80000,0x00000000fff80000,0x0000000100000000)
 ParOldGen       total 11264K, used 7858K [0x00000000fe200000, 0x00000000fed00000, 0x00000000ff600000)
  object space 11264K, 69% used [0x00000000fe200000,0x00000000fe9ac8e0,0x00000000fed00000)
 Metaspace       used 20323K, capacity 27772K, committed 27952K, reserved 1069056K
  class space    used 5757K, capacity 7350K, committed 7472K, reserved 1048576K
}
2025-06-20T08:00:40.052+0300: 4.362: Total time for which application threads were stopped: 0.0014607 seconds, Stopping threads took: 0.0000163 seconds
{Heap before GC invocations=185 (full 1):
 PSYoungGen      total 9728K, used 9376K [0x00000000ff600000, 0x0000000100000000, 0x0000000100000000)
  eden space 9216K, 100% used [0x00000000ff600000,0x00000000fff00000,0x00000000fff00000)
  from space 512K, 31% used [0x00000000fff00000,0x00000000fff28000,0x00000000fff80000)
  to   space 512K, 0% used [0x00000000fff80000,0x00000000fff80000,0x0000000100000000)
 ParOldGen       total 11264K, used 7858K [0x00000000fe200000, 0x00000000fed00000, 0x00000000ff600000)
  object space 11264K, 69% used [0x00000000fe200000,0x00000000fe9ac8e0,0x00000000fed00000)
 Metaspace       used 20437K, capacity 27958K, committed 28208K, reserved 1071104K
  class space    used 5803K, capacity 7412K, committed 7472K, reserved 1048576K
2025-06-20T08:00:40.070+0300: 4.381: [GC (Allocation Failure) 
Desired survivor size 524288 bytes, new threshold 1 (max 15)
[PSYoungGen: 9376K->192K(9728K)] 17234K->8106K(20992K), 0.0011128 secs] [Times: user=0.00 sys=0.00, real=0.00 secs] 
Heap after GC invocations=185 (full 1):
 PSYoungGen      total 9728K, used 192K [0x00000000ff600000, 0x0000000100000000, 0x0000000100000000)
  eden space 9216K, 0% used [0x00000000ff600000,0x00000000ff600000,0x00000000fff00000)
  from space 512K, 37% used [0x00000000fff80000,0x00000000fffb0000,0x0000000100000000)
  to   space 512K, 0% used [0x00000000fff00000,0x00000000fff00000,0x00000000fff80000)
 ParOldGen       total 11264K, used 7914K [0x00000000fe200000, 0x00000000fed00000, 0x00000000ff600000)
  object space 11264K, 70% used [0x00000000fe200000,0x00000000fe9ba8e0,0x00000000fed00000)
 Metaspace       used 20437K, capacity 27958K, committed 28208K, reserved 1071104K
  class space    used 5803K, capacity 7412K, committed 7472K, reserved 1048576K
}
2025-06-20T08:00:40.071+0300: 4.382: Total time for which application threads were stopped: 0.0011990 seconds, Stopping threads took: 0.0000182 seconds
{Heap before GC invocations=186 (full 1):
 PSYoungGen      total 9728K, used 9408K [0x00000000ff600000, 0x0000000100000000, 0x0000000100000000)
  eden space 9216K, 100% used [0x00000000ff600000,0x00000000fff00000,0x00000000fff00000)
  from space 512K, 37% used [0x00000000fff80000,0x00000000fffb0000,0x0000000100000000)
  to   space 512K, 0% used [0x00000000fff00000,0x00000000fff00000,0x00000000fff80000)
 ParOldGen       total 11264K, used 7914K [0x00000000fe200000, 0x00000000fed00000, 0x00000000ff600000)
  object space 11264K, 70% used [0x00000000fe200000,0x00000000fe9ba8e0,0x00000000fed00000)
 Metaspace       used 20552K, capacity 28144K, committed 28336K, reserved 1071104K
  class space    used 5850K, capacity 7474K, committed 7600K, reserved 1048576K
2025-06-20T08:00:40.089+0300: 4.400: [GC (Allocation Failure) 
Desired survivor size 524288 bytes, new threshold 1 (max 15)
[PSYoungGen: 9408K->192K(9728K)] 17322K->8162K(20992K), 0.0012159 secs] [Times: user=0.00 sys=0.00, real=0.00 secs] 
Heap after GC invocations=186 (full 1):
 PSYoungGen      total 9728K, used 192K [0x00000000ff600000, 0x0000000100000000, 0x0000000100000000)
  eden space 9216K, 0% used [0x00000000ff600000,0x00000000ff600000,0x00000000fff00000)
  from space 512K, 37% used [0x00000000fff00000,0x00000000fff30000,0x00000000fff80000)
  to   space 512K, 0% used [0x00000000fff80000,0x00000000fff80000,0x0000000100000000)
 ParOldGen       total 11264K, used 7970K [0x00000000fe200000, 0x00000000fed00000, 0x00000000ff600000)
  object space 11264K, 70% used [0x00000000fe200000,0x00000000fe9c88e0,0x00000000fed00000)
 Metaspace       used 20552K, capacity 28144K, committed 28336K, reserved 1071104K
  class space    used 5850K, capacity 7474K, committed 7600K, reserved 1048576K
}
2025-06-20T08:00:40.091+0300: 4.401: Total time for which application threads were stopped: 0.0013019 seconds, Stopping threads took: 0.0000160 seconds
{Heap before GC invocations=187 (full 1):
 PSYoungGen      total 9728K, used 9408K [0x00000000ff600000, 0x0000000100000000, 0x0000000100000000)
  eden space 9216K, 100% used [0x00000000ff600000,0x00000000fff00000,0x00000000fff00000)
  from space 512K, 37% used [0x00000000fff00000,0x00000000fff30000,0x00000000fff80000)
  to   space 512K, 0% used [0x00000000fff80000,0x00000000fff80000,0x0000000100000000)
 ParOldGen       total 11264K, used 7970K [0x00000000fe200000, 0x00000000fed00000, 0x00000000ff600000)
  object space 11264K, 70% used [0x00000000fe200000,0x00000000fe9c88e0,0x00000000fed00000)
 Metaspace       used 20670K, capacity 28336K, committed 28592K, reserved 1071104K
  class space    used 5899K, capacity 7538K, committed 7600K, reserved 1048576K
2025-06-20T08:00:40.108+0300: 4.419: [GC (Allocation Failure) 
Desired survivor size 524288 bytes, new threshold 1 (max 15)
[PSYoungGen: 9408K->192K(9728K)] 17378K->8210K(20992K), 0.0016357 secs] [Times: user=0.00 sys=0.00, real=0.00 secs] 
Heap after GC invocations=187 (full 1):
 PSYoungGen      total 9728K, used 192K [0x00000000ff600000, 0x0000000100000000, 0x0000000100000000)
  eden space 9216K, 0% used [0x00000000ff600000,0x00000000ff600000,0x00000000fff00000)
  from space 512K, 37% used [0x00000000fff80000,0x00000000fffb0000,0x0000000100000000)
  to   space 512K, 0% used [0x00000000fff00000,0x00000000fff00000,0x00000000fff80000)
 ParOldGen       total 11264K, used 8018K [0x00000000fe200000, 0x00000000fed00000, 0x00000000ff600000)
  object space 11264K, 71% used [0x00000000fe200000,0x00000000fe9d48e0,0x00000000fed00000)
 Metaspace       used 20670K, capacity 28336K, committed 28592K, reserved 1071104K
  class space    used 5899K, capacity 7538K, committed 7600K, reserved 1048576K
}
2025-06-20T08:00:40.110+0300: 4.421: Total time for which application threads were stopped: 0.0017401 seconds, Stopping threads took: 0.0000216 seconds
{Heap before GC invocations=188 (full 1):
 PSYoungGen      total 9728K, used 9408K [0x00000000ff600000, 0x0000000100000000, 0x0000000100000000)
  eden space 9216K, 100% used [0x00000000ff600000,0x00000000fff00000,0x00000000fff00000)
  from space 512K, 37% used [0x00000000fff80000,0x00000000fffb0000,0x0000000100000000)
  to   space 512K, 0% used [0x00000000fff00000,0x00000000fff00000,0x00000000fff80000)
 ParOldGen       total 11264K, used 8018K [0x00000000fe200000, 0x00000000fed00000, 0x00000000ff600000)
  object space 11264K, 71% used [0x00000000fe200000,0x00000000fe9d48e0,0x00000000fed00000)
 Metaspace       used 20785K, capacity 28522K, committed 28592K, reserved 1071104K
  class space    used 5946K, capacity 7600K, committed 7600K, reserved 1048576K
2025-06-20T08:00:40.128+0300: 4.439: [GC (Allocation Failure) 
Desired survivor size 524288 bytes, new threshold 1 (max 15)
[PSYoungGen: 9408K->192K(9728K)] 17426K->8266K(20992K), 0.0014941 secs] [Times: user=0.00 sys=0.00, real=0.00 secs] 
Heap after GC invocations=188 (full 1):
 PSYoungGen      total 9728K, used 192K [0x00000000ff600000, 0x0000000100000000, 0x0000000100000000)
  eden space 9216K, 0% used [0x00000000ff600000,0x00000000ff600000,0x00000000fff00000)
  from space 512K, 37% used [0x00000000fff00000,0x00000000fff30000,0x00000000fff80000)
  to   space 512K, 0% used [0x00000000fff80000,0x00000000fff80000,0x0000000100000000)
 ParOldGen       total 11264K, used 8074K [0x00000000fe200000, 0x00000000fed00000, 0x00000000ff600000)
  object space 11264K, 71% used [0x00000000fe200000,0x00000000fe9e28e0,0x00000000fed00000)
 Metaspace       used 20785K, capacity 28522K, committed 28592K, reserved 1071104K
  class space    used 5946K, capacity 7600K, committed 7600K, reserved 1048576K
}
2025-06-20T08:00:40.130+0300: 4.440: Total time for which application threads were stopped: 0.0015815 seconds, Stopping threads took: 0.0000186 seconds
{Heap before GC invocations=189 (full 1):
 PSYoungGen      total 9728K, used 9408K [0x00000000ff600000, 0x0000000100000000, 0x0000000100000000)
  eden space 9216K, 100% used [0x00000000ff600000,0x00000000fff00000,0x00000000fff00000)
  from space 512K, 37% used [0x00000000fff00000,0x00000000fff30000,0x00000000fff80000)
  to   space 512K, 0% used [0x00000000fff80000,0x00000000fff80000,0x0000000100000000)
 ParOldGen       total 11264K, used 8074K [0x00000000fe200000, 0x00000000fed00000, 0x00000000ff600000)
  object space 11264K, 71% used [0x00000000fe200000,0x00000000fe9e28e0,0x00000000fed00000)
 Metaspace       used 20900K, capacity 28708K, committed 28976K, reserved 1071104K
  class space    used 5993K, capacity 7662K, committed 7728K, reserved 1048576K
2025-06-20T08:00:40.150+0300: 4.460: [GC (Allocation Failure) 
Desired survivor size 524288 bytes, new threshold 1 (max 15)
[PSYoungGen: 9408K->160K(9728K)] 17482K->8290K(20992K), 0.0015757 secs] [Times: user=0.01 sys=0.00, real=0.00 secs] 
Heap after GC invocations=189 (full 1):
 PSYoungGen      total 9728K, used 160K [0x00000000ff600000, 0x0000000100000000, 0x0000000100000000)
  eden space 9216K, 0% used [0x00000000ff600000,0x00000000ff600000,0x00000000fff00000)
  from space 512K, 31% used [0x00000000fff80000,0x00000000fffa8000,0x0000000100000000)
  to   space 512K, 0% used [0x00000000fff00000,0x00000000fff00000,0x00000000fff80000)
 ParOldGen       total 11264K, used 8130K [0x00000000fe200000, 0x00000000fed00000, 0x00000000ff600000)
  object space 11264K, 72% used [0x00000000fe200000,0x00000000fe9f08e0,0x00000000fed00000)
 Metaspace       used 20900K, capacity 28708K, committed 28976K, reserved 1071104K
  class space    used 5993K, capacity 7662K, committed 7728K, reserved 1048576K
}
2025-06-20T08:00:40.151+0300: 4.462: Total time for which application threads were stopped: 0.0016759 seconds, Stopping threads took: 0.0000213 seconds
{Heap before GC invocations=190 (full 1):
 PSYoungGen      total 9728K, used 9376K [0x00000000ff600000, 0x0000000100000000, 0x0000000100000000)
  eden space 9216K, 100% used [0x00000000ff600000,0x00000000fff00000,0x00000000fff00000)
  from space 512K, 31% used [0x00000000fff80000,0x00000000fffa8000,0x0000000100000000)
  to   space 512K, 0% used [0x00000000fff00000,0x00000000fff00000,0x00000000fff80000)
 ParOldGen       total 11264K, used 8130K [0x00000000fe200000, 0x00000000fed00000, 0x00000000ff600000)
  object space 11264K, 72% used [0x00000000fe200000,0x00000000fe9f08e0,0x00000000fed00000)
 Metaspace       used 21014K, capacity 28894K, committed 28976K, reserved 1071104K
  class space    used 6040K, capacity 7724K, committed 7728K, reserved 1048576K
2025-06-20T08:00:40.169+0300: 4.480: [GC (Allocation Failure) 
Desired survivor size 524288 bytes, new threshold 1 (max 15)
[PSYoungGen: 9376K->240K(9728K)] 17506K->8426K(20992K), 0.0011761 secs] [Times: user=0.00 sys=0.00, real=0.00 secs] 
Heap after GC invocations=190 (full 1):
 PSYoungGen      total 9728K, used 240K [0x00000000ff600000, 0x0000000100000000, 0x0000000100000000)
  eden space 9216K, 0% used [0x00000000ff600000,0x00000000ff600000,0x00000000fff00000)
  from space 512K, 46% used [0x00000000fff00000,0x00000000fff3c010,0x00000000fff80000)
  to   space 512K, 0% used [0x00000000fff80000,0x00000000fff80000,0x0000000100000000)
 ParOldGen       total 11264K, used 8186K [0x00000000fe200000, 0x00000000fed00000, 0x00000000ff600000)
  object space 11264K, 72% used [0x00000000fe200000,0x00000000fe9fe8e0,0x00000000fed00000)
 Metaspace       used 21014K, capacity 28894K, committed 28976K, reserved 1071104K
  class space    used 6040K, capacity 7724K, committed 7728K, reserved 1048576K
}
2025-06-20T08:00:40.170+0300: 4.481: Total time for which application threads were stopped: 0.0012701 seconds, Stopping threads took: 0.0000170 seconds
{Heap before GC invocations=191 (full 1):
 PSYoungGen      total 9728K, used 9456K [0x00000000ff600000, 0x0000000100000000, 0x0000000100000000)
  eden space 9216K, 100% used [0x00000000ff600000,0x00000000fff00000,0x00000000fff00000)
  from space 512K, 46% used [0x00000000fff00000,0x00000000fff3c010,0x00000000fff80000)
  to   space 512K, 0% used [0x00000000fff80000,0x00000000fff80000,0x0000000100000000)
 ParOldGen       total 11264K, used 8186K [0x00000000fe200000, 0x00000000fed00000, 0x00000000ff600000)
  object space 11264K, 72% used [0x00000000fe200000,0x00000000fe9fe8e0,0x00000000fed00000)
 Metaspace       used 21132K, capacity 29086K, committed 29360K, reserved 1071104K
  class space    used 6088K, capacity 7788K, committed 7856K, reserved 1048576K
2025-06-20T08:00:40.188+0300: 4.498: [GC (Allocation Failure) 
Desired survivor size 524288 bytes, new threshold 1 (max 15)
[PSYoungGen: 9456K->224K(9728K)] 17642K->8482K(20992K), 0.0013529 secs] [Times: user=0.00 sys=0.01, real=0.00 secs] 
Heap after GC invocations=191 (full 1):
 PSYoungGen      total 9728K, used 224K [0x00000000ff600000, 0x0000000100000000, 0x0000000100000000)
  eden space 9216K, 0% used [0x00000000ff600000,0x00000000ff600000,0x00000000fff00000)
  from space 512K, 43% used [0x00000000fff80000,0x00000000fffb8000,0x0000000100000000)
  to   space 512K, 0% used [0x00000000fff00000,0x00000000fff00000,0x00000000fff80000)
 ParOldGen       total 11264K, used 8258K [0x00000000fe200000, 0x00000000fed00000, 0x00000000ff600000)
  object space 11264K, 73% used [0x00000000fe200000,0x00000000fea108e0,0x00000000fed00000)
 Metaspace       used 21132K, capacity 29086K, committed 29360K, reserved 1071104K
  class space    used 6088K, capacity 7788K, committed 7856K, reserved 1048576K
}
2025-06-20T08:00:40.189+0300: 4.500: Total time for which application threads were stopped: 0.0014546 seconds, Stopping threads took: 0.0000157 seconds
{Heap before GC invocations=192 (full 1):
 PSYoungGen      total 9728K, used 9440K [0x00000000ff600000, 0x0000000100000000, 0x0000000100000000)
  eden space 9216K, 100% used [0x00000000ff600000,0x00000000fff00000,0x00000000fff00000)
  from space 512K, 43% used [0x00000000fff80000,0x00000000fffb8000,0x0000000100000000)
  to   space 512K, 0% used [0x00000000fff00000,0x00000000fff00000,0x00000000fff80000)
 ParOldGen       total 11264K, used 8258K [0x00000000fe200000, 0x00000000fed00000, 0x00000000ff600000)
  object space 11264K, 73% used [0x00000000fe200000,0x00000000fea108e0,0x00000000fed00000)
 Metaspace       used 21246K, capacity 29272K, committed 29360K, reserved 1071104K
  class space    used 6135K, capacity 7850K, committed 7856K, reserved 1048576K
2025-06-20T08:00:40.209+0300: 4.519: [GC (Allocation Failure) 
Desired survivor size 524288 bytes, new threshold 1 (max 15)
[PSYoungGen: 9440K->224K(9728K)] 17698K->8538K(20992K), 0.0009527 secs] [Times: user=0.00 sys=0.00, real=0.00 secs] 
Heap after GC invocations=192 (full 1):
 PSYoungGen      total 9728K, used 224K [0x00000000ff600000, 0x0000000100000000, 0x0000000100000000)
  eden space 9216K, 0% used [0x00000000ff600000,0x00000000ff600000,0x00000000fff00000)
  from space 512K, 43% used [0x00000000fff00000,0x00000000fff38000,0x00000000fff80000)
  to   space 512K, 0% used [0x00000000fff80000,0x00000000fff80000,0x0000000100000000)
 ParOldGen       total 11264K, used 8314K [0x00000000fe200000, 0x00000000fed00000, 0x00000000ff600000)
  object space 11264K, 73% used [0x00000000fe200000,0x00000000fea1e8e0,0x00000000fed00000)
 Metaspace       used 21246K, capacity 29272K, committed 29360K, reserved 1071104K
  class space    used 6135K, capacity 7850K, committed 7856K, reserved 1048576K
}
2025-06-20T08:00:40.210+0300: 4.520: Total time for which application threads were stopped: 0.0010431 seconds, Stopping threads took: 0.0000220 seconds
{Heap before GC invocations=193 (full 1):
 PSYoungGen      total 9728K, used 9440K [0x00000000ff600000, 0x0000000100000000, 0x0000000100000000)
  eden space 9216K, 100% used [0x00000000ff600000,0x00000000fff00000,0x00000000fff00000)
  from space 512K, 43% used [0x00000000fff00000,0x00000000fff38000,0x00000000fff80000)
  to   space 512K, 0% used [0x00000000fff80000,0x00000000fff80000,0x0000000100000000)
 ParOldGen       total 11264K, used 8314K [0x00000000fe200000, 0x00000000fed00000, 0x00000000ff600000)
  object space 11264K, 73% used [0x00000000fe200000,0x00000000fea1e8e0,0x00000000fed00000)
 Metaspace       used 21361K, capacity 29458K, committed 29744K, reserved 1071104K
  class space    used 6181K, capacity 7912K, committed 7984K, reserved 1048576K
2025-06-20T08:00:40.229+0300: 4.540: [GC (Allocation Failure) 
Desired survivor size 524288 bytes, new threshold 1 (max 15)
[PSYoungGen: 9440K->208K(9728K)] 17754K->8570K(20992K), 0.0014831 secs] [Times: user=0.01 sys=0.00, real=0.00 secs] 
Heap after GC invocations=193 (full 1):
 PSYoungGen      total 9728K, used 208K [0x00000000ff600000, 0x0000000100000000, 0x0000000100000000)
  eden space 9216K, 0% used [0x00000000ff600000,0x00000000ff600000,0x00000000fff00000)
  from space 512K, 40% used [0x00000000fff80000,0x00000000fffb4010,0x0000000100000000)
  to   space 512K, 0% used [0x00000000fff00000,0x00000000fff00000,0x00000000fff80000)
 ParOldGen       total 11264K, used 8362K [0x00000000fe200000, 0x00000000fed00000, 0x00000000ff600000)
  object space 11264K, 74% used [0x00000000fe200000,0x00000000fea2a8e0,0x00000000fed00000)
 Metaspace       used 21361K, capacity 29458K, committed 29744K, reserved 1071104K
  class space    used 6181K, capacity 7912K, committed 7984K, reserved 1048576K
}
2025-06-20T08:00:40.230+0300: 4.541: Total time for which application threads were stopped: 0.0016008 seconds, Stopping threads took: 0.0000233 seconds
{Heap before GC invocations=194 (full 1):
 PSYoungGen      total 9728K, used 9424K [0x00000000ff600000, 0x0000000100000000, 0x0000000100000000)
  eden space 9216K, 100% used [0x00000000ff600000,0x00000000fff00000,0x00000000fff00000)
  from space 512K, 40% used [0x00000000fff80000,0x00000000fffb4010,0x0000000100000000)
  to   space 512K, 0% used [0x00000000fff00000,0x00000000fff00000,0x00000000fff80000)
 ParOldGen       total 11264K, used 8362K [0x00000000fe200000, 0x00000000fed00000, 0x00000000ff600000)
  object space 11264K, 74% used [0x00000000fe200000,0x00000000fea2a8e0,0x00000000fed00000)
 Metaspace       used 21479K, capacity 29650K, committed 29744K, reserved 1071104K
  class space    used 6230K, capacity 7976K, committed 7984K, reserved 1048576K
2025-06-20T08:00:40.250+0300: 4.560: [GC (Allocation Failure) 
Desired survivor size 524288 bytes, new threshold 1 (max 15)
[PSYoungGen: 9424K->192K(9728K)] 17786K->8610K(20992K), 0.0009379 secs] [Times: user=0.01 sys=0.00, real=0.00 secs] 
Heap after GC invocations=194 (full 1):
 PSYoungGen      total 9728K, used 192K [0x00000000ff600000, 0x0000000100000000, 0x0000000100000000)
  eden space 9216K, 0% used [0x00000000ff600000,0x00000000ff600000,0x00000000fff00000)
  from space 512K, 37% used [0x00000000fff00000,0x00000000fff30000,0x00000000fff80000)
  to   space 512K, 0% used [0x00000000fff80000,0x00000000fff80000,0x0000000100000000)
 ParOldGen       total 11264K, used 8418K [0x00000000fe200000, 0x00000000fed00000, 0x00000000ff600000)
  object space 11264K, 74% used [0x00000000fe200000,0x00000000fea388e0,0x00000000fed00000)
 Metaspace       used 21479K, capacity 29650K, committed 29744K, reserved 1071104K
  class space    used 6230K, capacity 7976K, committed 7984K, reserved 1048576K
}
2025-06-20T08:00:40.251+0300: 4.561: Total time for which application threads were stopped: 0.0010187 seconds, Stopping threads took: 0.0000126 seconds
{Heap before GC invocations=195 (full 1):
 PSYoungGen      total 9728K, used 9408K [0x00000000ff600000, 0x0000000100000000, 0x0000000100000000)
  eden space 9216K, 100% used [0x00000000ff600000,0x00000000fff00000,0x00000000fff00000)
  from space 512K, 37% used [0x00000000fff00000,0x00000000fff30000,0x00000000fff80000)
  to   space 512K, 0% used [0x00000000fff80000,0x00000000fff80000,0x0000000100000000)
 ParOldGen       total 11264K, used 8418K [0x00000000fe200000, 0x00000000fed00000, 0x00000000ff600000)
  object space 11264K, 74% used [0x00000000fe200000,0x00000000fea388e0,0x00000000fed00000)
 Metaspace       used 21593K, capacity 29836K, committed 30128K, reserved 1071104K
  class space    used 6276K, capacity 8038K, committed 8112K, reserved 1048576K
2025-06-20T08:00:40.268+0300: 4.578: [GC (Allocation Failure) 
Desired survivor size 524288 bytes, new threshold 1 (max 15)
[PSYoungGen: 9408K->224K(9728K)] 17826K->8698K(20992K), 0.0009671 secs] [Times: user=0.00 sys=0.00, real=0.00 secs] 
Heap after GC invocations=195 (full 1):
 PSYoungGen      total 9728K, used 224K [0x00000000ff600000, 0x0000000100000000, 0x0000000100000000)
  eden space 9216K, 0% used [0x00000000ff600000,0x00000000ff600000,0x00000000fff00000)
  from space 512K, 43% used [0x00000000fff80000,0x00000000fffb8000,0x0000000100000000)
  to   space 512K, 0% used [0x00000000fff00000,0x00000000fff00000,0x00000000fff80000)
 ParOldGen       total 11264K, used 8474K [0x00000000fe200000, 0x00000000fed00000, 0x00000000ff600000)
  object space 11264K, 75% used [0x00000000fe200000,0x00000000fea468e0,0x00000000fed00000)
 Metaspace       used 21593K, capacity 29836K, committed 30128K, reserved 1071104K
  class space    used 6276K, capacity 8038K, committed 8112K, reserved 1048576K
}
2025-06-20T08:00:40.269+0300: 4.579: Total time for which application threads were stopped: 0.0010483 seconds, Stopping threads took: 0.0000155 seconds
{Heap before GC invocations=196 (full 1):
 PSYoungGen      total 9728K, used 9440K [0x00000000ff600000, 0x0000000100000000, 0x0000000100000000)
  eden space 9216K, 100% used [0x00000000ff600000,0x00000000fff00000,0x00000000fff00000)
  from space 512K, 43% used [0x00000000fff80000,0x00000000fffb8000,0x0000000100000000)
  to   space 512K, 0% used [0x00000000fff00000,0x00000000fff00000,0x00000000fff80000)
 ParOldGen       total 11264K, used 8474K [0x00000000fe200000, 0x00000000fed00000, 0x00000000ff600000)
  object space 11264K, 75% used [0x00000000fe200000,0x00000000fea468e0,0x00000000fed00000)
 Metaspace       used 21707K, capacity 30022K, committed 30128K, reserved 1071104K
  class space    used 6323K, capacity 8100K, committed 8112K, reserved 1048576K
2025-06-20T08:00:40.286+0300: 4.596: [GC (Allocation Failure) 
Desired survivor size 524288 bytes, new threshold 1 (max 15)
[PSYoungGen: 9440K->256K(9728K)] 17914K->8786K(20992K), 0.0011379 secs] [Times: user=0.01 sys=0.00, real=0.00 secs] 
Heap after GC invocations=196 (full 1):
 PSYoungGen      total 9728K, used 256K [0x00000000ff600000, 0x0000000100000000, 0x0000000100000000)
  eden space 9216K, 0% used [0x00000000ff600000,0x00000000ff600000,0x00000000fff00000)
  from space 512K, 50% used [0x00000000fff00000,0x00000000fff40000,0x00000000fff80000)
  to   space 512K, 0% used [0x00000000fff80000,0x00000000fff80000,0x0000000100000000)
 ParOldGen       total 11264K, used 8530K [0x00000000fe200000, 0x00000000fed00000, 0x00000000ff600000)
  object space 11264K, 75% used [0x00000000fe200000,0x00000000fea548e0,0x00000000fed00000)
 Metaspace       used 21707K, capacity 30022K, committed 30128K, reserved 1071104K
  class space    used 6323K, capacity 8100K, committed 8112K, reserved 1048576K
}
2025-06-20T08:00:40.287+0300: 4.597: Total time for which application threads were stopped: 0.0012200 seconds, Stopping threads took: 0.0000146 seconds
{Heap before GC invocations=197 (full 1):
 PSYoungGen      total 9728K, used 9472K [0x00000000ff600000, 0x0000000100000000, 0x0000000100000000)
  eden space 9216K, 100% used [0x00000000ff600000,0x00000000fff00000,0x00000000fff00000)
  from space 512K, 50% used [0x00000000fff00000,0x00000000fff40000,0x00000000fff80000)
  to   space 512K, 0% used [0x00000000fff80000,0x00000000fff80000,0x0000000100000000)
 ParOldGen       total 11264K, used 8530K [0x00000000fe200000, 0x00000000fed00000, 0x00000000ff600000)
  object space 11264K, 75% used [0x00000000fe200000,0x00000000fea548e0,0x00000000fed00000)
 Metaspace       used 21825K, capacity 30214K, committed 30512K, reserved 1071104K
  class space    used 6371K, capacity 8164K, committed 8240K, reserved 1048576K
2025-06-20T08:00:40.306+0300: 4.616: [GC (Allocation Failure) 
Desired survivor size 524288 bytes, new threshold 1 (max 15)
[PSYoungGen: 9472K->192K(9728K)] 18002K->8778K(20992K), 0.0010787 secs] [Times: user=0.00 sys=0.00, real=0.00 secs] 
Heap after GC invocations=197 (full 1):
 PSYoungGen      total 9728K, used 192K [0x00000000ff600000, 0x0000000100000000, 0x0000000100000000)
  eden space 9216K, 0% used [0x00000000ff600000,0x00000000ff600000,0x00000000fff00000)
  from space 512K, 37% used [0x00000000fff80000,0x00000000fffb0000,0x0000000100000000)
  to   space 512K, 0% used [0x00000000fff00000,0x00000000fff00000,0x00000000fff80000)
 ParOldGen       total 11264K, used 8586K [0x00000000fe200000, 0x00000000fed00000, 0x00000000ff600000)
  object space 11264K, 76% used [0x00000000fe200000,0x00000000fea628e0,0x00000000fed00000)
 Metaspace       used 21825K, capacity 30214K, committed 30512K, reserved 1071104K
  class space    used 6371K, capacity 8164K, committed 8240K, reserved 1048576K
}
2025-06-20T08:00:40.307+0300: 4.617: Total time for which application threads were stopped: 0.0011689 seconds, Stopping threads took: 0.0000179 seconds
{Heap before GC invocations=198 (full 1):
 PSYoungGen      total 9728K, used 9408K [0x00000000ff600000, 0x0000000100000000, 0x0000000100000000)
  eden space 9216K, 100% used [0x00000000ff600000,0x00000000fff00000,0x00000000fff00000)
  from space 512K, 37% used [0x00000000fff80000,0x00000000fffb0000,0x0000000100000000)
  to   space 512K, 0% used [0x00000000fff00000,0x00000000fff00000,0x00000000fff80000)
 ParOldGen       total 11264K, used 8586K [0x00000000fe200000, 0x00000000fed00000, 0x00000000ff600000)
  object space 11264K, 76% used [0x00000000fe200000,0x00000000fea628e0,0x00000000fed00000)
 Metaspace       used 21940K, capacity 30400K, committed 30512K, reserved 1071104K
  class space    used 6418K, capacity 8226K, committed 8240K, reserved 1048576K
2025-06-20T08:00:40.324+0300: 4.635: [GC (Allocation Failure) 
Desired survivor size 524288 bytes, new threshold 1 (max 15)
[PSYoungGen: 9408K->192K(9728K)] 17994K->8834K(20992K), 0.0009616 secs] [Times: user=0.00 sys=0.00, real=0.00 secs] 
Heap after GC invocations=198 (full 1):
 PSYoungGen      total 9728K, used 192K [0x00000000ff600000, 0x0000000100000000, 0x0000000100000000)
  eden space 9216K, 0% used [0x00000000ff600000,0x00000000ff600000,0x00000000fff00000)
  from space 512K, 37% used [0x00000000fff00000,0x00000000fff30000,0x00000000fff80000)
  to   space 512K, 0% used [0x00000000fff80000,0x00000000fff80000,0x0000000100000000)
 ParOldGen       total 11264K, used 8642K [0x00000000fe200000, 0x00000000fed00000, 0x00000000ff600000)
  object space 11264K, 76% used [0x00000000fe200000,0x00000000fea708e0,0x00000000fed00000)
 Metaspace       used 21940K, capacity 30400K, committed 30512K, reserved 1071104K
  class space    used 6418K, capacity 8226K, committed 8240K, reserved 1048576K
}
2025-06-20T08:00:40.325+0300: 4.636: Total time for which application threads were stopped: 0.0010429 seconds, Stopping threads took: 0.0000172 seconds
{Heap before GC invocations=199 (full 1):
 PSYoungGen      total 9728K, used 9408K [0x00000000ff600000, 0x0000000100000000, 0x0000000100000000)
  eden space 9216K, 100% used [0x00000000ff600000,0x00000000fff00000,0x00000000fff00000)
  from space 512K, 37% used [0x00000000fff00000,0x00000000fff30000,0x00000000fff80000)
  to   space 512K, 0% used [0x00000000fff80000,0x00000000fff80000,0x0000000100000000)
 ParOldGen       total 11264K, used 8642K [0x00000000fe200000, 0x00000000fed00000, 0x00000000ff600000)
  object space 11264K, 76% used [0x00000000fe200000,0x00000000fea708e0,0x00000000fed00000)
 Metaspace       used 22054K, capacity 30586K, committed 30896K, reserved 1071104K
  class space    used 6465K, capacity 8288K, committed 8368K, reserved 1048576K
2025-06-20T08:00:40.343+0300: 4.653: [GC (Allocation Failure) 
Desired survivor size 524288 bytes, new threshold 1 (max 15)
[PSYoungGen: 9408K->240K(9728K)] 18050K->8938K(20992K), 0.0012416 secs] [Times: user=0.01 sys=0.00, real=0.00 secs] 
Heap after GC invocations=199 (full 1):
 PSYoungGen      total 9728K, used 240K [0x00000000ff600000, 0x0000000100000000, 0x0000000100000000)
  eden space 9216K, 0% used [0x00000000ff600000,0x00000000ff600000,0x00000000fff00000)
  from space 512K, 46% used [0x00000000fff80000,0x00000000fffbc010,0x0000000100000000)
  to   space 512K, 0% used [0x00000000fff00000,0x00000000fff00000,0x00000000fff80000)
 ParOldGen       total 11264K, used 8698K [0x00000000fe200000, 0x00000000fed00000, 0x00000000ff600000)
  object space 11264K, 77% used [0x00000000fe200000,0x00000000fea7e8e0,0x00000000fed00000)
 Metaspace       used 22054K, capacity 30586K, committed 30896K, reserved 1071104K
  class space    used 6465K, capacity 8288K, committed 8368K, reserved 1048576K
}
2025-06-20T08:00:40.344+0300: 4.654: Total time for which application threads were stopped: 0.0013327 seconds, Stopping threads took: 0.0000178 seconds
{Heap before GC invocations=200 (full 1):
 PSYoungGen      total 9728K, used 9456K [0x00000000ff600000, 0x0000000100000000, 0x0000000100000000)
  eden space 9216K, 100% used [0x00000000ff600000,0x00000000fff00000,0x00000000fff00000)
  from space 512K, 46% used [0x00000000fff80000,0x00000000fffbc010,0x0000000100000000)
  to   space 512K, 0% used [0x00000000fff00000,0x00000000fff00000,0x00000000fff80000)
 ParOldGen       total 11264K, used 8698K [0x00000000fe200000, 0x00000000fed00000, 0x00000000ff600000)
  object space 11264K, 77% used [0x00000000fe200000,0x00000000fea7e8e0,0x00000000fed00000)
 Metaspace       used 22172K, capacity 30778K, committed 30896K, reserved 1071104K
  class space    used 6513K, capacity 8352K, committed 8368K, reserved 1048576K
2025-06-20T08:00:40.362+0300: 4.673: [GC (Allocation Failure) 
Desired survivor size 524288 bytes, new threshold 1 (max 15)
[PSYoungGen: 9456K->128K(9728K)] 18154K->8874K(20992K), 0.0019621 secs] [Times: user=0.01 sys=0.00, real=0.00 secs] 
Heap after GC invocations=200 (full 1):
 PSYoungGen      total 9728K, used 128K [0x00000000ff600000, 0x0000000100000000, 0x0000000100000000)
  eden space 9216K, 0% used [0x00000000ff600000,0x00000000ff600000,0x00000000fff00000)
  from space 512K, 25% used [0x00000000fff00000,0x00000000fff20000,0x00000000fff80000)
  to   space 512K, 0% used [0x00000000fff80000,0x00000000fff80000,0x0000000100000000)
 ParOldGen       total 11264K, used 8746K [0x00000000fe200000, 0x00000000fed00000, 0x00000000ff600000)
  object space 11264K, 77% used [0x00000000fe200000,0x00000000fea8a8e0,0x00000000fed00000)
 Metaspace       used 22172K, capacity 30778K, committed 30896K, reserved 1071104K
  class space    used 6513K, capacity 8352K, committed 8368K, reserved 1048576K
}
2025-06-20T08:00:40.364+0300: 4.675: Total time for which application threads were stopped: 0.0020638 seconds, Stopping threads took: 0.0000171 seconds
{Heap before GC invocations=201 (full 1):
 PSYoungGen      total 9728K, used 9344K [0x00000000ff600000, 0x0000000100000000, 0x0000000100000000)
  eden space 9216K, 100% used [0x00000000ff600000,0x00000000fff00000,0x00000000fff00000)
  from space 512K, 25% used [0x00000000fff00000,0x00000000fff20000,0x00000000fff80000)
  to   space 512K, 0% used [0x00000000fff80000,0x00000000fff80000,0x0000000100000000)
 ParOldGen       total 11264K, used 8746K [0x00000000fe200000, 0x00000000fed00000, 0x00000000ff600000)
  object space 11264K, 77% used [0x00000000fe200000,0x00000000fea8a8e0,0x00000000fed00000)
 Metaspace       used 22286K, capacity 30964K, committed 31280K, reserved 1073152K
  class space    used 6560K, capacity 8414K, committed 8496K, reserved 1048576K
2025-06-20T08:00:40.382+0300: 4.692: [GC (Allocation Failure) 
Desired survivor size 524288 bytes, new threshold 1 (max 15)
[PSYoungGen: 9344K->192K(9728K)] 18090K->8994K(20992K), 0.0009408 secs] [Times: user=0.01 sys=0.01, real=0.00 secs] 
Heap after GC invocations=201 (full 1):
 PSYoungGen      total 9728K, used 192K [0x00000000ff600000, 0x0000000100000000, 0x0000000100000000)
  eden space 9216K, 0% used [0x00000000ff600000,0x00000000ff600000,0x00000000fff00000)
  from space 512K, 37% used [0x00000000fff80000,0x00000000fffb0000,0x0000000100000000)
  to   space 512K, 0% used [0x00000000fff00000,0x00000000fff00000,0x00000000fff80000)
 ParOldGen       total 11264K, used 8802K [0x00000000fe200000, 0x00000000fed00000, 0x00000000ff600000)
  object space 11264K, 78% used [0x00000000fe200000,0x00000000fea988e0,0x00000000fed00000)
 Metaspace       used 22286K, capacity 30964K, committed 31280K, reserved 1073152K
  class space    used 6560K, capacity 8414K, committed 8496K, reserved 1048576K
}
2025-06-20T08:00:40.383+0300: 4.693: Total time for which application threads were stopped: 0.0010246 seconds, Stopping threads took: 0.0000153 seconds
{Heap before GC invocations=202 (full 1):
 PSYoungGen      total 9728K, used 9408K [0x00000000ff600000, 0x0000000100000000, 0x0000000100000000)
  eden space 9216K, 100% used [0x00000000ff600000,0x00000000fff00000,0x00000000fff00000)
  from space 512K, 37% used [0x00000000fff80000,0x00000000fffb0000,0x0000000100000000)
  to   space 512K, 0% used [0x00000000fff00000,0x00000000fff00000,0x00000000fff80000)
 ParOldGen       total 11264K, used 8802K [0x00000000fe200000, 0x00000000fed00000, 0x00000000ff600000)
  object space 11264K, 78% used [0x00000000fe200000,0x00000000fea988e0,0x00000000fed00000)
 Metaspace       used 22401K, capacity 31150K, committed 31280K, reserved 1073152K
  class space    used 6606K, capacity 8476K, committed 8496K, reserved 1048576K
2025-06-20T08:00:40.400+0300: 4.711: [GC (Allocation Failure) 
Desired survivor size 524288 bytes, new threshold 1 (max 15)
[PSYoungGen: 9408K->240K(9728K)] 18210K->9090K(20992K), 0.0010075 secs] [Times: user=0.01 sys=0.00, real=0.00 secs] 
Heap after GC invocations=202 (full 1):
 PSYoungGen      total 9728K, used 240K [0x00000000ff600000, 0x0000000100000000, 0x0000000100000000)
  eden space 9216K, 0% used [0x00000000ff600000,0x00000000ff600000,0x00000000fff00000)
  from space 512K, 46% used [0x00000000fff00000,0x00000000fff3c010,0x00000000fff80000)
  to   space 512K, 0% used [0x00000000fff80000,0x00000000fff80000,0x0000000100000000)
 ParOldGen       total 11264K, used 8850K [0x00000000fe200000, 0x00000000fed00000, 0x00000000ff600000)
  object space 11264K, 78% used [0x00000000fe200000,0x00000000feaa48e0,0x00000000fed00000)
 Metaspace       used 22401K, capacity 31150K, committed 31280K, reserved 1073152K
  class space    used 6606K, capacity 8476K, committed 8496K, reserved 1048576K
}
2025-06-20T08:00:40.401+0300: 4.712: Total time for which application threads were stopped: 0.0010912 seconds, Stopping threads took: 0.0000169 seconds
{Heap before GC invocations=203 (full 1):
 PSYoungGen      total 9728K, used 9456K [0x00000000ff600000, 0x0000000100000000, 0x0000000100000000)
  eden space 9216K, 100% used [0x00000000ff600000,0x00000000fff00000,0x00000000fff00000)
  from space 512K, 46% used [0x00000000fff00000,0x00000000fff3c010,0x00000000fff80000)
  to   space 512K, 0% used [0x00000000fff80000,0x00000000fff80000,0x0000000100000000)
 ParOldGen       total 11264K, used 8850K [0x00000000fe200000, 0x00000000fed00000, 0x00000000ff600000)
  object space 11264K, 78% used [0x00000000fe200000,0x00000000feaa48e0,0x00000000fed00000)
 Metaspace       used 22519K, capacity 31342K, committed 31664K, reserved 1073152K
  class space    used 6655K, capacity 8540K, committed 8624K, reserved 1048576K
2025-06-20T08:00:40.419+0300: 4.729: [GC (Allocation Failure) 
Desired survivor size 524288 bytes, new threshold 1 (max 15)
[PSYoungGen: 9456K->160K(9728K)] 18306K->9074K(20992K), 0.0014843 secs] [Times: user=0.01 sys=0.00, real=0.00 secs] 
Heap after GC invocations=203 (full 1):
 PSYoungGen      total 9728K, used 160K [0x00000000ff600000, 0x0000000100000000, 0x0000000100000000)
  eden space 9216K, 0% used [0x00000000ff600000,0x00000000ff600000,0x00000000fff00000)
  from space 512K, 31% used [0x00000000fff80000,0x00000000fffa8000,0x0000000100000000)
  to   space 512K, 0% used [0x00000000fff00000,0x00000000fff00000,0x00000000fff80000)
 ParOldGen       total 11264K, used 8914K [0x00000000fe200000, 0x00000000fed00000, 0x00000000ff600000)
  object space 11264K, 79% used [0x00000000fe200000,0x00000000feab48e0,0x00000000fed00000)
 Metaspace       used 22519K, capacity 31342K, committed 31664K, reserved 1073152K
  class space    used 6655K, capacity 8540K, committed 8624K, reserved 1048576K
}
2025-06-20T08:00:40.420+0300: 4.731: Total time for which application threads were stopped: 0.0015741 seconds, Stopping threads took: 0.0000149 seconds
{Heap before GC invocations=204 (full 1):
 PSYoungGen      total 9728K, used 9376K [0x00000000ff600000, 0x0000000100000000, 0x0000000100000000)
  eden space 9216K, 100% used [0x00000000ff600000,0x00000000fff00000,0x00000000fff00000)
  from space 512K, 31% used [0x00000000fff80000,0x00000000fffa8000,0x0000000100000000)
  to   space 512K, 0% used [0x00000000fff00000,0x00000000fff00000,0x00000000fff80000)
 ParOldGen       total 11264K, used 8914K [0x00000000fe200000, 0x00000000fed00000, 0x00000000ff600000)
  object space 11264K, 79% used [0x00000000fe200000,0x00000000feab48e0,0x00000000fed00000)
 Metaspace       used 22633K, capacity 31528K, committed 31664K, reserved 1073152K
  class space    used 6701K, capacity 8602K, committed 8624K, reserved 1048576K
2025-06-20T08:00:40.438+0300: 4.748: [GC (Allocation Failure) 
Desired survivor size 524288 bytes, new threshold 1 (max 15)
[PSYoungGen: 9376K->192K(9728K)] 18290K->9178K(20992K), 0.0014121 secs] [Times: user=0.01 sys=0.00, real=0.00 secs] 
Heap after GC invocations=204 (full 1):
 PSYoungGen      total 9728K, used 192K [0x00000000ff600000, 0x0000000100000000, 0x0000000100000000)
  eden space 9216K, 0% used [0x00000000ff600000,0x00000000ff600000,0x00000000fff00000)
  from space 512K, 37% used [0x00000000fff00000,0x00000000fff30000,0x00000000fff80000)
  to   space 512K, 0% used [0x00000000fff80000,0x00000000fff80000,0x0000000100000000)
 ParOldGen       total 11264K, used 8986K [0x00000000fe200000, 0x00000000fed00000, 0x00000000ff600000)
  object space 11264K, 79% used [0x00000000fe200000,0x00000000feac68e0,0x00000000fed00000)
 Metaspace       used 22633K, capacity 31528K, committed 31664K, reserved 1073152K
  class space    used 6701K, capacity 8602K, committed 8624K, reserved 1048576K
}
2025-06-20T08:00:40.439+0300: 4.750: Total time for which application threads were stopped: 0.0015004 seconds, Stopping threads took: 0.0000157 seconds
{Heap before GC invocations=205 (full 1):
 PSYoungGen      total 9728K, used 9408K [0x00000000ff600000, 0x0000000100000000, 0x0000000100000000)
  eden space 9216K, 100% used [0x00000000ff600000,0x00000000fff00000,0x00000000fff00000)
  from space 512K, 37% used [0x00000000fff00000,0x00000000fff30000,0x00000000fff80000)
  to   space 512K, 0% used [0x00000000fff80000,0x00000000fff80000,0x0000000100000000)
 ParOldGen       total 11264K, used 8986K [0x00000000fe200000, 0x00000000fed00000, 0x00000000ff600000)
  object space 11264K, 79% used [0x00000000fe200000,0x00000000feac68e0,0x00000000fed00000)
 Metaspace       used 22751K, capacity 31720K, committed 32048K, reserved 1073152K
  class space    used 6750K, capacity 8666K, committed 8752K, reserved 1048576K
2025-06-20T08:00:40.457+0300: 4.767: [GC (Allocation Failure) 
Desired survivor size 524288 bytes, new threshold 1 (max 15)
[PSYoungGen: 9408K->192K(9728K)] 18394K->9234K(20992K), 0.0010791 secs] [Times: user=0.01 sys=0.00, real=0.01 secs] 
Heap after GC invocations=205 (full 1):
 PSYoungGen      total 9728K, used 192K [0x00000000ff600000, 0x0000000100000000, 0x0000000100000000)
  eden space 9216K, 0% used [0x00000000ff600000,0x00000000ff600000,0x00000000fff00000)
  from space 512K, 37% used [0x00000000fff80000,0x00000000fffb0000,0x0000000100000000)
  to   space 512K, 0% used [0x00000000fff00000,0x00000000fff00000,0x00000000fff80000)
 ParOldGen       total 11264K, used 9042K [0x00000000fe200000, 0x00000000fed00000, 0x00000000ff600000)
  object space 11264K, 80% used [0x00000000fe200000,0x00000000fead48e0,0x00000000fed00000)
 Metaspace       used 22751K, capacity 31720K, committed 32048K, reserved 1073152K
  class space    used 6750K, capacity 8666K, committed 8752K, reserved 1048576K
}
2025-06-20T08:00:40.458+0300: 4.769: Total time for which application threads were stopped: 0.0011652 seconds, Stopping threads took: 0.0000152 seconds
{Heap before GC invocations=206 (full 1):
 PSYoungGen      total 9728K, used 9408K [0x00000000ff600000, 0x0000000100000000, 0x0000000100000000)
  eden space 9216K, 100% used [0x00000000ff600000,0x00000000fff00000,0x00000000fff00000)
  from space 512K, 37% used [0x00000000fff80000,0x00000000fffb0000,0x0000000100000000)
  to   space 512K, 0% used [0x00000000fff00000,0x00000000fff00000,0x00000000fff80000)
 ParOldGen       total 11264K, used 9042K [0x00000000fe200000, 0x00000000fed00000, 0x00000000ff600000)
  object space 11264K, 80% used [0x00000000fe200000,0x00000000fead48e0,0x00000000fed00000)
 Metaspace       used 22865K, capacity 31906K, committed 32048K, reserved 1073152K
  class space    used 6796K, capacity 8728K, committed 8752K, reserved 1048576K
2025-06-20T08:00:40.475+0300: 4.785: [GC (Allocation Failure) 
Desired survivor size 524288 bytes, new threshold 1 (max 15)
[PSYoungGen: 9408K->224K(9728K)] 18450K->9322K(20992K), 0.0009883 secs] [Times: user=0.00 sys=0.00, real=0.00 secs] 
Heap after GC invocations=206 (full 1):
 PSYoungGen      total 9728K, used 224K [0x00000000ff600000, 0x0000000100000000, 0x0000000100000000)
  eden space 9216K, 0% used [0x00000000ff600000,0x00000000ff600000,0x00000000fff00000)
  from space 512K, 43% used [0x00000000fff00000,0x00000000fff38000,0x00000000fff80000)
  to   space 512K, 0% used [0x00000000fff80000,0x00000000fff80000,0x0000000100000000)
 ParOldGen       total 11264K, used 9098K [0x00000000fe200000, 0x00000000fed00000, 0x00000000ff600000)
  object space 11264K, 80% used [0x00000000fe200000,0x00000000feae28e0,0x00000000fed00000)
 Metaspace       used 22865K, capacity 31906K, committed 32048K, reserved 1073152K
  class space    used 6796K, capacity 8728K, committed 8752K, reserved 1048576K
}
2025-06-20T08:00:40.476+0300: 4.786: Total time for which application threads were stopped: 0.0010728 seconds, Stopping threads took: 0.0000176 seconds
{Heap before GC invocations=207 (full 1):
 PSYoungGen      total 9728K, used 9440K [0x00000000ff600000, 0x0000000100000000, 0x0000000100000000)
  eden space 9216K, 100% used [0x00000000ff600000,0x00000000fff00000,0x00000000fff00000)
  from space 512K, 43% used [0x00000000fff00000,0x00000000fff38000,0x00000000fff80000)
  to   space 512K, 0% used [0x00000000fff80000,0x00000000fff80000,0x0000000100000000)
 ParOldGen       total 11264K, used 9098K [0x00000000fe200000, 0x00000000fed00000, 0x00000000ff600000)
  object space 11264K, 80% used [0x00000000fe200000,0x00000000feae28e0,0x00000000fed00000)
 Metaspace       used 22980K, capacity 32092K, committed 32432K, reserved 1073152K
  class space    used 6843K, capacity 8790K, committed 8880K, reserved 1048576K
2025-06-20T08:00:40.493+0300: 4.803: [GC (Allocation Failure) 
Desired survivor size 524288 bytes, new threshold 1 (max 15)
[PSYoungGen: 9440K->224K(9728K)] 18538K->9386K(20992K), 0.0009781 secs] [Times: user=0.00 sys=0.00, real=0.00 secs] 
Heap after GC invocations=207 (full 1):
 PSYoungGen      total 9728K, used 224K [0x00000000ff600000, 0x0000000100000000, 0x0000000100000000)
  eden space 9216K, 0% used [0x00000000ff600000,0x00000000ff600000,0x00000000fff00000)
  from space 512K, 43% used [0x00000000fff80000,0x00000000fffb8000,0x0000000100000000)
  to   space 512K, 0% used [0x00000000fff00000,0x00000000fff00000,0x00000000fff80000)
 ParOldGen       total 11264K, used 9162K [0x00000000fe200000, 0x00000000fed00000, 0x00000000ff600000)
  object space 11264K, 81% used [0x00000000fe200000,0x00000000feaf28e0,0x00000000fed00000)
 Metaspace       used 22980K, capacity 32092K, committed 32432K, reserved 1073152K
  class space    used 6843K, capacity 8790K, committed 8880K, reserved 1048576K
}
2025-06-20T08:00:40.494+0300: 4.804: Total time for which application threads were stopped: 0.0010601 seconds, Stopping threads took: 0.0000143 seconds
{Heap before GC invocations=208 (full 1):
 PSYoungGen      total 9728K, used 9440K [0x00000000ff600000, 0x0000000100000000, 0x0000000100000000)
  eden space 9216K, 100% used [0x00000000ff600000,0x00000000fff00000,0x00000000fff00000)
  from space 512K, 43% used [0x00000000fff80000,0x00000000fffb8000,0x0000000100000000)
  to   space 512K, 0% used [0x00000000fff00000,0x00000000fff00000,0x00000000fff80000)
 ParOldGen       total 11264K, used 9162K [0x00000000fe200000, 0x00000000fed00000, 0x00000000ff600000)
  object space 11264K, 81% used [0x00000000fe200000,0x00000000feaf28e0,0x00000000fed00000)
 Metaspace       used 23098K, capacity 32284K, committed 32432K, reserved 1073152K
  class space    used 6891K, capacity 8854K, committed 8880K, reserved 1048576K
2025-06-20T08:00:40.511+0300: 4.822: [GC (Allocation Failure) 
Desired survivor size 524288 bytes, new threshold 1 (max 15)
[PSYoungGen: 9440K->208K(9728K)] 18602K->9434K(20992K), 0.0010095 secs] [Times: user=0.00 sys=0.00, real=0.00 secs] 
Heap after GC invocations=208 (full 1):
 PSYoungGen      total 9728K, used 208K [0x00000000ff600000, 0x0000000100000000, 0x0000000100000000)
  eden space 9216K, 0% used [0x00000000ff600000,0x00000000ff600000,0x00000000fff00000)
  from space 512K, 40% used [0x00000000fff00000,0x00000000fff34010,0x00000000fff80000)
  to   space 512K, 0% used [0x00000000fff80000,0x00000000fff80000,0x0000000100000000)
 ParOldGen       total 11264K, used 9226K [0x00000000fe200000, 0x00000000fed00000, 0x00000000ff600000)
  object space 11264K, 81% used [0x00000000fe200000,0x00000000feb028e0,0x00000000fed00000)
 Metaspace       used 23098K, capacity 32284K, committed 32432K, reserved 1073152K
  class space    used 6891K, capacity 8854K, committed 8880K, reserved 1048576K
}
2025-06-20T08:00:40.512+0300: 4.823: Total time for which application threads were stopped: 0.0010972 seconds, Stopping threads took: 0.0000150 seconds
{Heap before GC invocations=209 (full 1):
 PSYoungGen      total 9728K, used 9424K [0x00000000ff600000, 0x0000000100000000, 0x0000000100000000)
  eden space 9216K, 100% used [0x00000000ff600000,0x00000000fff00000,0x00000000fff00000)
  from space 512K, 40% used [0x00000000fff00000,0x00000000fff34010,0x00000000fff80000)
  to   space 512K, 0% used [0x00000000fff80000,0x00000000fff80000,0x0000000100000000)
 ParOldGen       total 11264K, used 9226K [0x00000000fe200000, 0x00000000fed00000, 0x00000000ff600000)
  object space 11264K, 81% used [0x00000000fe200000,0x00000000feb028e0,0x00000000fed00000)
 Metaspace       used 23212K, capacity 32470K, committed 32816K, reserved 1073152K
  class space    used 6938K, capacity 8916K, committed 9008K, reserved 1048576K
2025-06-20T08:00:40.529+0300: 4.839: [GC (Allocation Failure) 
Desired survivor size 524288 bytes, new threshold 1 (max 15)
[PSYoungGen: 9424K->192K(9728K)] 18650K->9474K(20992K), 0.0011179 secs] [Times: user=0.00 sys=0.00, real=0.00 secs] 
Heap after GC invocations=209 (full 1):
 PSYoungGen      total 9728K, used 192K [0x00000000ff600000, 0x0000000100000000, 0x0000000100000000)
  eden space 9216K, 0% used [0x00000000ff600000,0x00000000ff600000,0x00000000fff00000)
  from space 512K, 37% used [0x00000000fff80000,0x00000000fffb0000,0x0000000100000000)
  to   space 512K, 0% used [0x00000000fff00000,0x00000000fff00000,0x00000000fff80000)
 ParOldGen       total 11264K, used 9282K [0x00000000fe200000, 0x00000000fed00000, 0x00000000ff600000)
  object space 11264K, 82% used [0x00000000fe200000,0x00000000feb108e0,0x00000000fed00000)
 Metaspace       used 23212K, capacity 32470K, committed 32816K, reserved 1073152K
  class space    used 6938K, capacity 8916K, committed 9008K, reserved 1048576K
}
2025-06-20T08:00:40.530+0300: 4.841: Total time for which application threads were stopped: 0.0012010 seconds, Stopping threads took: 0.0000142 seconds
{Heap before GC invocations=210 (full 1):
 PSYoungGen      total 9728K, used 9408K [0x00000000ff600000, 0x0000000100000000, 0x0000000100000000)
  eden space 9216K, 100% used [0x00000000ff600000,0x00000000fff00000,0x00000000fff00000)
  from space 512K, 37% used [0x00000000fff80000,0x00000000fffb0000,0x0000000100000000)
  to   space 512K, 0% used [0x00000000fff00000,0x00000000fff00000,0x00000000fff80000)
 ParOldGen       total 11264K, used 9282K [0x00000000fe200000, 0x00000000fed00000, 0x00000000ff600000)
  object space 11264K, 82% used [0x00000000fe200000,0x00000000feb108e0,0x00000000fed00000)
 Metaspace       used 23326K, capacity 32656K, committed 32816K, reserved 1073152K
  class space    used 6985K, capacity 8978K, committed 9008K, reserved 1048576K
2025-06-20T08:00:40.547+0300: 4.858: [GC (Allocation Failure) 
Desired survivor size 524288 bytes, new threshold 1 (max 15)
[PSYoungGen: 9408K->192K(9728K)] 18690K->9530K(20992K), 0.0015812 secs] [Times: user=0.01 sys=0.00, real=0.01 secs] 
Heap after GC invocations=210 (full 1):
 PSYoungGen      total 9728K, used 192K [0x00000000ff600000, 0x0000000100000000, 0x0000000100000000)
  eden space 9216K, 0% used [0x00000000ff600000,0x00000000ff600000,0x00000000fff00000)
  from space 512K, 37% used [0x00000000fff00000,0x00000000fff30000,0x00000000fff80000)
  to   space 512K, 0% used [0x00000000fff80000,0x00000000fff80000,0x0000000100000000)
 ParOldGen       total 11264K, used 9338K [0x00000000fe200000, 0x00000000fed00000, 0x00000000ff600000)
  object space 11264K, 82% used [0x00000000fe200000,0x00000000feb1e8e0,0x00000000fed00000)
 Metaspace       used 23326K, capacity 32656K, committed 32816K, reserved 1073152K
  class space    used 6985K, capacity 8978K, committed 9008K, reserved 1048576K
}
2025-06-20T08:00:40.549+0300: 4.859: Total time for which application threads were stopped: 0.0016721 seconds, Stopping threads took: 0.0000168 seconds
{Heap before GC invocations=211 (full 1):
 PSYoungGen      total 9728K, used 9408K [0x00000000ff600000, 0x0000000100000000, 0x0000000100000000)
  eden space 9216K, 100% used [0x00000000ff600000,0x00000000fff00000,0x00000000fff00000)
  from space 512K, 37% used [0x00000000fff00000,0x00000000fff30000,0x00000000fff80000)
  to   space 512K, 0% used [0x00000000fff80000,0x00000000fff80000,0x0000000100000000)
 ParOldGen       total 11264K, used 9338K [0x00000000fe200000, 0x00000000fed00000, 0x00000000ff600000)
  object space 11264K, 82% used [0x00000000fe200000,0x00000000feb1e8e0,0x00000000fed00000)
 Metaspace       used 23444K, capacity 32848K, committed 32944K, reserved 1073152K
  class space    used 7033K, capacity 9042K, committed 9136K, reserved 1048576K
2025-06-20T08:00:40.566+0300: 4.877: [GC (Allocation Failure) 
Desired survivor size 524288 bytes, new threshold 1 (max 15)
[PSYoungGen: 9408K->208K(9728K)] 18746K->9602K(20992K), 0.0010070 secs] [Times: user=0.00 sys=0.00, real=0.01 secs] 
Heap after GC invocations=211 (full 1):
 PSYoungGen      total 9728K, used 208K [0x00000000ff600000, 0x0000000100000000, 0x0000000100000000)
  eden space 9216K, 0% used [0x00000000ff600000,0x00000000ff600000,0x00000000fff00000)
  from space 512K, 40% used [0x00000000fff80000,0x00000000fffb4010,0x0000000100000000)
  to   space 512K, 0% used [0x00000000fff00000,0x00000000fff00000,0x00000000fff80000)
 ParOldGen       total 11264K, used 9394K [0x00000000fe200000, 0x00000000fed00000, 0x00000000ff600000)
  object space 11264K, 83% used [0x00000000fe200000,0x00000000feb2c8e0,0x00000000fed00000)
 Metaspace       used 23444K, capacity 32848K, committed 32944K, reserved 1073152K
  class space    used 7033K, capacity 9042K, committed 9136K, reserved 1048576K
}
2025-06-20T08:00:40.567+0300: 4.878: Total time for which application threads were stopped: 0.0010968 seconds, Stopping threads took: 0.0000150 seconds
{Heap before GC invocations=212 (full 1):
 PSYoungGen      total 9728K, used 9424K [0x00000000ff600000, 0x0000000100000000, 0x0000000100000000)
  eden space 9216K, 100% used [0x00000000ff600000,0x00000000fff00000,0x00000000fff00000)
  from space 512K, 40% used [0x00000000fff80000,0x00000000fffb4010,0x0000000100000000)
  to   space 512K, 0% used [0x00000000fff00000,0x00000000fff00000,0x00000000fff80000)
 ParOldGen       total 11264K, used 9394K [0x00000000fe200000, 0x00000000fed00000, 0x00000000ff600000)
  object space 11264K, 83% used [0x00000000fe200000,0x00000000feb2c8e0,0x00000000fed00000)
 Metaspace       used 23558K, capacity 33034K, committed 33200K, reserved 1073152K
  class space    used 7080K, capacity 9104K, committed 9136K, reserved 1048576K
2025-06-20T08:00:40.587+0300: 4.897: [GC (Allocation Failure) 
Desired survivor size 524288 bytes, new threshold 1 (max 15)
[PSYoungGen: 9424K->160K(9728K)] 18818K->9610K(20992K), 0.0009474 secs] [Times: user=0.00 sys=0.00, real=0.01 secs] 
Heap after GC invocations=212 (full 1):
 PSYoungGen      total 9728K, used 160K [0x00000000ff600000, 0x0000000100000000, 0x0000000100000000)
  eden space 9216K, 0% used [0x00000000ff600000,0x00000000ff600000,0x00000000fff00000)
  from space 512K, 31% used [0x00000000fff00000,0x00000000fff28000,0x00000000fff80000)
  to   space 512K, 0% used [0x00000000fff80000,0x00000000fff80000,0x0000000100000000)
 ParOldGen       total 11264K, used 9450K [0x00000000fe200000, 0x00000000fed00000, 0x00000000ff600000)
  object space 11264K, 83% used [0x00000000fe200000,0x00000000feb3a8e0,0x00000000fed00000)
 Metaspace       used 23558K, capacity 33034K, committed 33200K, reserved 1073152K
  class space    used 7080K, capacity 9104K, committed 9136K, reserved 1048576K
}
2025-06-20T08:00:40.588+0300: 4.898: Total time for which application threads were stopped: 0.0010305 seconds, Stopping threads took: 0.0000156 seconds
{Heap before GC invocations=213 (full 1):
 PSYoungGen      total 9728K, used 9376K [0x00000000ff600000, 0x0000000100000000, 0x0000000100000000)
  eden space 9216K, 100% used [0x00000000ff600000,0x00000000fff00000,0x00000000fff00000)
  from space 512K, 31% used [0x00000000fff00000,0x00000000fff28000,0x00000000fff80000)
  to   space 512K, 0% used [0x00000000fff80000,0x00000000fff80000,0x0000000100000000)
 ParOldGen       total 11264K, used 9450K [0x00000000fe200000, 0x00000000fed00000, 0x00000000ff600000)
  object space 11264K, 83% used [0x00000000fe200000,0x00000000feb3a8e0,0x00000000fed00000)
 Metaspace       used 23673K, capacity 33220K, committed 33328K, reserved 1073152K
  class space    used 7127K, capacity 9166K, committed 9264K, reserved 1048576K
2025-06-20T08:00:40.606+0300: 4.917: [GC (Allocation Failure) 
Desired survivor size 524288 bytes, new threshold 1 (max 15)
[PSYoungGen: 9376K->224K(9728K)] 18826K->9730K(20992K), 0.0009729 secs] [Times: user=0.00 sys=0.00, real=0.01 secs] 
Heap after GC invocations=213 (full 1):
 PSYoungGen      total 9728K, used 224K [0x00000000ff600000, 0x0000000100000000, 0x0000000100000000)
  eden space 9216K, 0% used [0x00000000ff600000,0x00000000ff600000,0x00000000fff00000)
  from space 512K, 43% used [0x00000000fff80000,0x00000000fffb8000,0x0000000100000000)
  to   space 512K, 0% used [0x00000000fff00000,0x00000000fff00000,0x00000000fff80000)
 ParOldGen       total 11264K, used 9506K [0x00000000fe200000, 0x00000000fed00000, 0x00000000ff600000)
  object space 11264K, 84% used [0x00000000fe200000,0x00000000feb488e0,0x00000000fed00000)
 Metaspace       used 23673K, capacity 33220K, committed 33328K, reserved 1073152K
  class space    used 7127K, capacity 9166K, committed 9264K, reserved 1048576K
}
2025-06-20T08:00:40.607+0300: 4.918: Total time for which application threads were stopped: 0.0010586 seconds, Stopping threads took: 0.0000166 seconds
{Heap before GC invocations=214 (full 1):
 PSYoungGen      total 9728K, used 9440K [0x00000000ff600000, 0x0000000100000000, 0x0000000100000000)
  eden space 9216K, 100% used [0x00000000ff600000,0x00000000fff00000,0x00000000fff00000)
  from space 512K, 43% used [0x00000000fff80000,0x00000000fffb8000,0x0000000100000000)
  to   space 512K, 0% used [0x00000000fff00000,0x00000000fff00000,0x00000000fff80000)
 ParOldGen       total 11264K, used 9506K [0x00000000fe200000, 0x00000000fed00000, 0x00000000ff600000)
  object space 11264K, 84% used [0x00000000fe200000,0x00000000feb488e0,0x00000000fed00000)
 Metaspace       used 23791K, capacity 33412K, committed 33584K, reserved 1073152K
  class space    used 7175K, capacity 9230K, committed 9264K, reserved 1048576K
2025-06-20T08:00:40.627+0300: 4.937: [GC (Allocation Failure) 
Desired survivor size 524288 bytes, new threshold 1 (max 15)
[PSYoungGen: 9440K->224K(9728K)] 18946K->9786K(20992K), 0.0011118 secs] [Times: user=0.01 sys=0.00, real=0.01 secs] 
Heap after GC invocations=214 (full 1):
 PSYoungGen      total 9728K, used 224K [0x00000000ff600000, 0x0000000100000000, 0x0000000100000000)
  eden space 9216K, 0% used [0x00000000ff600000,0x00000000ff600000,0x00000000fff00000)
  from space 512K, 43% used [0x00000000fff00000,0x00000000fff38000,0x00000000fff80000)
  to   space 512K, 0% used [0x00000000fff80000,0x00000000fff80000,0x0000000100000000)
 ParOldGen       total 11264K, used 9562K [0x00000000fe200000, 0x00000000fed00000, 0x00000000ff600000)
  object space 11264K, 84% used [0x00000000fe200000,0x00000000feb568e0,0x00000000fed00000)
 Metaspace       used 23791K, capacity 33412K, committed 33584K, reserved 1073152K
  class space    used 7175K, capacity 9230K, committed 9264K, reserved 1048576K
}
2025-06-20T08:00:40.628+0300: 4.938: Total time for which application threads were stopped: 0.0011963 seconds, Stopping threads took: 0.0000159 seconds
{Heap before GC invocations=215 (full 1):
 PSYoungGen      total 9728K, used 9440K [0x00000000ff600000, 0x0000000100000000, 0x0000000100000000)
  eden space 9216K, 100% used [0x00000000ff600000,0x00000000fff00000,0x00000000fff00000)
  from space 512K, 43% used [0x00000000fff00000,0x00000000fff38000,0x00000000fff80000)
  to   space 512K, 0% used [0x00000000fff80000,0x00000000fff80000,0x0000000100000000)
 ParOldGen       total 11264K, used 9562K [0x00000000fe200000, 0x00000000fed00000, 0x00000000ff600000)
  object space 11264K, 84% used [0x00000000fe200000,0x00000000feb568e0,0x00000000fed00000)
 Metaspace       used 23905K, capacity 33598K, committed 33712K, reserved 1073152K
  class space    used 7222K, capacity 9292K, committed 9392K, reserved 1048576K
2025-06-20T08:00:40.646+0300: 4.957: [GC (Allocation Failure) 
Desired survivor size 524288 bytes, new threshold 1 (max 15)
[PSYoungGen: 9440K->128K(9728K)] 19002K->9746K(20992K), 0.0017304 secs] [Times: user=0.00 sys=0.00, real=0.01 secs] 
Heap after GC invocations=215 (full 1):
 PSYoungGen      total 9728K, used 128K [0x00000000ff600000, 0x0000000100000000, 0x0000000100000000)
  eden space 9216K, 0% used [0x00000000ff600000,0x00000000ff600000,0x00000000fff00000)
  from space 512K, 25% used [0x00000000fff80000,0x00000000fffa0000,0x0000000100000000)
  to   space 512K, 0% used [0x00000000fff00000,0x00000000fff00000,0x00000000fff80000)
 ParOldGen       total 11264K, used 9618K [0x00000000fe200000, 0x00000000fed00000, 0x00000000ff600000)
  object space 11264K, 85% used [0x00000000fe200000,0x00000000feb648e0,0x00000000fed00000)
 Metaspace       used 23905K, capacity 33598K, committed 33712K, reserved 1073152K
  class space    used 7222K, capacity 9292K, committed 9392K, reserved 1048576K
}
2025-06-20T08:00:40.648+0300: 4.959: Total time for which application threads were stopped: 0.0018255 seconds, Stopping threads took: 0.0000168 seconds
{Heap before GC invocations=216 (full 1):
 PSYoungGen      total 9728K, used 9344K [0x00000000ff600000, 0x0000000100000000, 0x0000000100000000)
  eden space 9216K, 100% used [0x00000000ff600000,0x00000000fff00000,0x00000000fff00000)
  from space 512K, 25% used [0x00000000fff80000,0x00000000fffa0000,0x0000000100000000)
  to   space 512K, 0% used [0x00000000fff00000,0x00000000fff00000,0x00000000fff80000)
 ParOldGen       total 11264K, used 9618K [0x00000000fe200000, 0x00000000fed00000, 0x00000000ff600000)
  object space 11264K, 85% used [0x00000000fe200000,0x00000000feb648e0,0x00000000fed00000)
 Metaspace       used 24019K, capacity 33784K, committed 33968K, reserved 1073152K
  class space    used 7268K, capacity 9354K, committed 9392K, reserved 1048576K
2025-06-20T08:00:40.668+0300: 4.979: [GC (Allocation Failure) 
Desired survivor size 524288 bytes, new threshold 1 (max 15)
[PSYoungGen: 9344K->212K(9728K)] 18962K->9878K(20992K), 0.0020491 secs] [Times: user=0.01 sys=0.00, real=0.00 secs] 
Heap after GC invocations=216 (full 1):
 PSYoungGen      total 9728K, used 212K [0x00000000ff600000, 0x0000000100000000, 0x0000000100000000)
  eden space 9216K, 0% used [0x00000000ff600000,0x00000000ff600000,0x00000000fff00000)
  from space 512K, 41% used [0x00000000fff00000,0x00000000fff35288,0x00000000fff80000)
  to   space 512K, 0% used [0x00000000fff80000,0x00000000fff80000,0x0000000100000000)
 ParOldGen       total 11264K, used 9666K [0x00000000fe200000, 0x00000000fed00000, 0x00000000ff600000)
  object space 11264K, 85% used [0x00000000fe200000,0x00000000feb708e0,0x00000000fed00000)
 Metaspace       used 24019K, capacity 33784K, committed 33968K, reserved 1073152K
  class space    used 7268K, capacity 9354K, committed 9392K, reserved 1048576K
}
2025-06-20T08:00:40.670+0300: 4.981: Total time for which application threads were stopped: 0.0021720 seconds, Stopping threads took: 0.0000193 seconds
{Heap before GC invocations=217 (full 1):
 PSYoungGen      total 9728K, used 9428K [0x00000000ff600000, 0x0000000100000000, 0x0000000100000000)
  eden space 9216K, 100% used [0x00000000ff600000,0x00000000fff00000,0x00000000fff00000)
  from space 512K, 41% used [0x00000000fff00000,0x00000000fff35288,0x00000000fff80000)
  to   space 512K, 0% used [0x00000000fff80000,0x00000000fff80000,0x0000000100000000)
 ParOldGen       total 11264K, used 9666K [0x00000000fe200000, 0x00000000fed00000, 0x00000000ff600000)
  object space 11264K, 85% used [0x00000000fe200000,0x00000000feb708e0,0x00000000fed00000)
 Metaspace       used 24137K, capacity 33976K, committed 34096K, reserved 1073152K
  class space    used 7317K, capacity 9418K, committed 9520K, reserved 1048576K
2025-06-20T08:00:40.694+0300: 5.005: [GC (Allocation Failure) 
Desired survivor size 524288 bytes, new threshold 1 (max 15)
[PSYoungGen: 9428K->192K(9728K)] 19094K->9942K(20992K), 0.0016509 secs] [Times: user=0.01 sys=0.00, real=0.00 secs] 
Heap after GC invocations=217 (full 1):
 PSYoungGen      total 9728K, used 192K [0x00000000ff600000, 0x0000000100000000, 0x0000000100000000)
  eden space 9216K, 0% used [0x00000000ff600000,0x00000000ff600000,0x00000000fff00000)
  from space 512K, 37% used [0x00000000fff80000,0x00000000fffb0000,0x0000000100000000)
  to   space 512K, 0% used [0x00000000fff00000,0x00000000fff00000,0x00000000fff80000)
 ParOldGen       total 11264K, used 9750K [0x00000000fe200000, 0x00000000fed00000, 0x00000000ff600000)
  object space 11264K, 86% used [0x00000000fe200000,0x00000000feb85b58,0x00000000fed00000)
 Metaspace       used 24137K, capacity 33976K, committed 34096K, reserved 1073152K
  class space    used 7317K, capacity 9418K, committed 9520K, reserved 1048576K
}
2025-06-20T08:00:40.696+0300: 5.007: Total time for which application threads were stopped: 0.0017610 seconds, Stopping threads took: 0.0000193 seconds
{Heap before GC invocations=218 (full 1):
 PSYoungGen      total 9728K, used 9408K [0x00000000ff600000, 0x0000000100000000, 0x0000000100000000)
  eden space 9216K, 100% used [0x00000000ff600000,0x00000000fff00000,0x00000000fff00000)
  from space 512K, 37% used [0x00000000fff80000,0x00000000fffb0000,0x0000000100000000)
  to   space 512K, 0% used [0x00000000fff00000,0x00000000fff00000,0x00000000fff80000)
 ParOldGen       total 11264K, used 9750K [0x00000000fe200000, 0x00000000fed00000, 0x00000000ff600000)
  object space 11264K, 86% used [0x00000000fe200000,0x00000000feb85b58,0x00000000fed00000)
 Metaspace       used 24252K, capacity 34162K, committed 34352K, reserved 1075200K
  class space    used 7363K, capacity 9480K, committed 9520K, reserved 1048576K
2025-06-20T08:00:40.721+0300: 5.031: [GC (Allocation Failure) 
Desired survivor size 524288 bytes, new threshold 1 (max 15)
[PSYoungGen: 9408K->128K(9728K)] 19158K->9926K(20992K), 0.0011114 secs] [Times: user=0.01 sys=0.00, real=0.00 secs] 
Heap after GC invocations=218 (full 1):
 PSYoungGen      total 9728K, used 128K [0x00000000ff600000, 0x0000000100000000, 0x0000000100000000)
  eden space 9216K, 0% used [0x00000000ff600000,0x00000000ff600000,0x00000000fff00000)
  from space 512K, 25% used [0x00000000fff00000,0x00000000fff20000,0x00000000fff80000)
  to   space 512K, 0% used [0x00000000fff80000,0x00000000fff80000,0x0000000100000000)
 ParOldGen       total 11264K, used 9798K [0x00000000fe200000, 0x00000000fed00000, 0x00000000ff600000)
  object space 11264K, 86% used [0x00000000fe200000,0x00000000feb91b58,0x00000000fed00000)
 Metaspace       used 24252K, capacity 34162K, committed 34352K, reserved 1075200K
  class space    used 7363K, capacity 9480K, committed 9520K, reserved 1048576K
}
2025-06-20T08:00:40.722+0300: 5.032: Total time for which application threads were stopped: 0.0012004 seconds, Stopping threads took: 0.0000198 seconds
{Heap before GC invocations=219 (full 1):
 PSYoungGen      total 9728K, used 9344K [0x00000000ff600000, 0x0000000100000000, 0x0000000100000000)
  eden space 9216K, 100% used [0x00000000ff600000,0x00000000fff00000,0x00000000fff00000)
  from space 512K, 25% used [0x00000000fff00000,0x00000000fff20000,0x00000000fff80000)
  to   space 512K, 0% used [0x00000000fff80000,0x00000000fff80000,0x0000000100000000)
 ParOldGen       total 11264K, used 9798K [0x00000000fe200000, 0x00000000fed00000, 0x00000000ff600000)
  object space 11264K, 86% used [0x00000000fe200000,0x00000000feb91b58,0x00000000fed00000)
 Metaspace       used 24366K, capacity 34348K, committed 34480K, reserved 1075200K
  class space    used 7410K, capacity 9542K, committed 9648K, reserved 1048576K
2025-06-20T08:00:40.747+0300: 5.058: [GC (Allocation Failure) 
Desired survivor size 524288 bytes, new threshold 1 (max 15)
[PSYoungGen: 9344K->144K(9728K)] 19142K->9990K(20992K), 0.0044914 secs] [Times: user=0.01 sys=0.00, real=0.00 secs] 
Heap after GC invocations=219 (full 1):
 PSYoungGen      total 9728K, used 144K [0x00000000ff600000, 0x0000000100000000, 0x0000000100000000)
  eden space 9216K, 0% used [0x00000000ff600000,0x00000000ff600000,0x00000000fff00000)
  from space 512K, 28% used [0x00000000fff80000,0x00000000fffa4010,0x0000000100000000)
  to   space 512K, 0% used [0x00000000fff00000,0x00000000fff00000,0x00000000fff80000)
 ParOldGen       total 11264K, used 9846K [0x00000000fe200000, 0x00000000fed00000, 0x00000000ff600000)
  object space 11264K, 87% used [0x00000000fe200000,0x00000000feb9db58,0x00000000fed00000)
 Metaspace       used 24366K, capacity 34348K, committed 34480K, reserved 1075200K
  class space    used 7410K, capacity 9542K, committed 9648K, reserved 1048576K
}
2025-06-20T08:00:40.752+0300: 5.062: Total time for which application threads were stopped: 0.0046121 seconds, Stopping threads took: 0.0000193 seconds
{Heap before GC invocations=220 (full 1):
 PSYoungGen      total 9728K, used 9360K [0x00000000ff600000, 0x0000000100000000, 0x0000000100000000)
  eden space 9216K, 100% used [0x00000000ff600000,0x00000000fff00000,0x00000000fff00000)
  from space 512K, 28% used [0x00000000fff80000,0x00000000fffa4010,0x0000000100000000)
  to   space 512K, 0% used [0x00000000fff00000,0x00000000fff00000,0x00000000fff80000)
 ParOldGen       total 11264K, used 9846K [0x00000000fe200000, 0x00000000fed00000, 0x00000000ff600000)
  object space 11264K, 87% used [0x00000000fe200000,0x00000000feb9db58,0x00000000fed00000)
 Metaspace       used 24484K, capacity 34540K, committed 34736K, reserved 1075200K
  class space    used 7458K, capacity 9606K, committed 9648K, reserved 1048576K
2025-06-20T08:00:40.778+0300: 5.089: [GC (Allocation Failure) 
Desired survivor size 524288 bytes, new threshold 1 (max 15)
[PSYoungGen: 9360K->128K(9728K)] 19206K->10022K(20992K), 0.0040580 secs] [Times: user=0.01 sys=0.00, real=0.00 secs] 
Heap after GC invocations=220 (full 1):
 PSYoungGen      total 9728K, used 128K [0x00000000ff600000, 0x0000000100000000, 0x0000000100000000)
  eden space 9216K, 0% used [0x00000000ff600000,0x00000000ff600000,0x00000000fff00000)
  from space 512K, 25% used [0x00000000fff00000,0x00000000fff20000,0x00000000fff80000)
  to   space 512K, 0% used [0x00000000fff80000,0x00000000fff80000,0x0000000100000000)
 ParOldGen       total 11264K, used 9894K [0x00000000fe200000, 0x00000000fed00000, 0x00000000ff600000)
  object space 11264K, 87% used [0x00000000fe200000,0x00000000feba9b58,0x00000000fed00000)
 Metaspace       used 24484K, capacity 34540K, committed 34736K, reserved 1075200K
  class space    used 7458K, capacity 9606K, committed 9648K, reserved 1048576K
}
2025-06-20T08:00:40.782+0300: 5.093: Total time for which application threads were stopped: 0.0041683 seconds, Stopping threads took: 0.0000185 seconds
{Heap before GC invocations=221 (full 1):
 PSYoungGen      total 9728K, used 9344K [0x00000000ff600000, 0x0000000100000000, 0x0000000100000000)
  eden space 9216K, 100% used [0x00000000ff600000,0x00000000fff00000,0x00000000fff00000)
  from space 512K, 25% used [0x00000000fff00000,0x00000000fff20000,0x00000000fff80000)
  to   space 512K, 0% used [0x00000000fff80000,0x00000000fff80000,0x0000000100000000)
 ParOldGen       total 11264K, used 9894K [0x00000000fe200000, 0x00000000fed00000, 0x00000000ff600000)
  object space 11264K, 87% used [0x00000000fe200000,0x00000000feba9b58,0x00000000fed00000)
 Metaspace       used 24598K, capacity 34726K, committed 34864K, reserved 1075200K
  class space    used 7505K, capacity 9668K, committed 9776K, reserved 1048576K
2025-06-20T08:00:40.810+0300: 5.120: [GC (Allocation Failure) 
Desired survivor size 524288 bytes, new threshold 1 (max 15)
[PSYoungGen: 9344K->128K(9728K)] 19238K->10070K(20992K), 0.0032202 secs] [Times: user=0.01 sys=0.00, real=0.00 secs] 
Heap after GC invocations=221 (full 1):
 PSYoungGen      total 9728K, used 128K [0x00000000ff600000, 0x0000000100000000, 0x0000000100000000)
  eden space 9216K, 0% used [0x00000000ff600000,0x00000000ff600000,0x00000000fff00000)
  from space 512K, 25% used [0x00000000fff80000,0x00000000fffa0000,0x0000000100000000)
  to   space 512K, 0% used [0x00000000fff00000,0x00000000fff00000,0x00000000fff80000)
 ParOldGen       total 11264K, used 9942K [0x00000000fe200000, 0x00000000fed00000, 0x00000000ff600000)
  object space 11264K, 88% used [0x00000000fe200000,0x00000000febb5b58,0x00000000fed00000)
 Metaspace       used 24598K, capacity 34726K, committed 34864K, reserved 1075200K
  class space    used 7505K, capacity 9668K, committed 9776K, reserved 1048576K
}
2025-06-20T08:00:40.813+0300: 5.123: Total time for which application threads were stopped: 0.0033288 seconds, Stopping threads took: 0.0000193 seconds
{Heap before GC invocations=222 (full 1):
 PSYoungGen      total 9728K, used 9344K [0x00000000ff600000, 0x0000000100000000, 0x0000000100000000)
  eden space 9216K, 100% used [0x00000000ff600000,0x00000000fff00000,0x00000000fff00000)
  from space 512K, 25% used [0x00000000fff80000,0x00000000fffa0000,0x0000000100000000)
  to   space 512K, 0% used [0x00000000fff00000,0x00000000fff00000,0x00000000fff80000)
 ParOldGen       total 11264K, used 9942K [0x00000000fe200000, 0x00000000fed00000, 0x00000000ff600000)
  object space 11264K, 88% used [0x00000000fe200000,0x00000000febb5b58,0x00000000fed00000)
 Metaspace       used 24716K, capacity 34918K, committed 35120K, reserved 1075200K
  class space    used 7553K, capacity 9732K, committed 9776K, reserved 1048576K
2025-06-20T08:00:40.841+0300: 5.152: [GC (Allocation Failure) 
Desired survivor size 524288 bytes, new threshold 1 (max 15)
[PSYoungGen: 9344K->208K(9728K)] 19286K->10198K(20992K), 0.0077624 secs] [Times: user=0.02 sys=0.00, real=0.01 secs] 
Heap after GC invocations=222 (full 1):
 PSYoungGen      total 9728K, used 208K [0x00000000ff600000, 0x0000000100000000, 0x0000000100000000)
  eden space 9216K, 0% used [0x00000000ff600000,0x00000000ff600000,0x00000000fff00000)
  from space 512K, 40% used [0x00000000fff00000,0x00000000fff34010,0x00000000fff80000)
  to   space 512K, 0% used [0x00000000fff80000,0x00000000fff80000,0x0000000100000000)
 ParOldGen       total 11264K, used 9990K [0x00000000fe200000, 0x00000000fed00000, 0x00000000ff600000)
  object space 11264K, 88% used [0x00000000fe200000,0x00000000febc1b58,0x00000000fed00000)
 Metaspace       used 24716K, capacity 34918K, committed 35120K, reserved 1075200K
  class space    used 7553K, capacity 9732K, committed 9776K, reserved 1048576K
}
2025-06-20T08:00:40.849+0300: 5.160: Total time for which application threads were stopped: 0.0079149 seconds, Stopping threads took: 0.0000233 seconds
{Heap before GC invocations=223 (full 1):
 PSYoungGen      total 9728K, used 9424K [0x00000000ff600000, 0x0000000100000000, 0x0000000100000000)
  eden space 9216K, 100% used [0x00000000ff600000,0x00000000fff00000,0x00000000fff00000)
  from space 512K, 40% used [0x00000000fff00000,0x00000000fff34010,0x00000000fff80000)
  to   space 512K, 0% used [0x00000000fff80000,0x00000000fff80000,0x0000000100000000)
 ParOldGen       total 11264K, used 9990K [0x00000000fe200000, 0x00000000fed00000, 0x00000000ff600000)
  object space 11264K, 88% used [0x00000000fe200000,0x00000000febc1b58,0x00000000fed00000)
 Metaspace       used 24831K, capacity 35104K, committed 35248K, reserved 1075200K
  class space    used 7600K, capacity 9794K, committed 9904K, reserved 1048576K
2025-06-20T08:00:40.880+0300: 5.191: [GC (Allocation Failure) 
Desired survivor size 524288 bytes, new threshold 1 (max 15)
[PSYoungGen: 9424K->128K(9728K)] 19414K->10166K(20992K), 0.0054421 secs] [Times: user=0.01 sys=0.00, real=0.00 secs] 
Heap after GC invocations=223 (full 1):
 PSYoungGen      total 9728K, used 128K [0x00000000ff600000, 0x0000000100000000, 0x0000000100000000)
  eden space 9216K, 0% used [0x00000000ff600000,0x00000000ff600000,0x00000000fff00000)
  from space 512K, 25% used [0x00000000fff80000,0x00000000fffa0000,0x0000000100000000)
  to   space 512K, 0% used [0x00000000fff00000,0x00000000fff00000,0x00000000fff80000)
 ParOldGen       total 11264K, used 10038K [0x00000000fe200000, 0x00000000fed00000, 0x00000000ff600000)
  object space 11264K, 89% used [0x00000000fe200000,0x00000000febcdb58,0x00000000fed00000)
 Metaspace       used 24831K, capacity 35104K, committed 35248K, reserved 1075200K
  class space    used 7600K, capacity 9794K, committed 9904K, reserved 1048576K
}
2025-06-20T08:00:40.886+0300: 5.196: Total time for which application threads were stopped: 0.0055509 seconds, Stopping threads took: 0.0000208 seconds
{Heap before GC invocations=224 (full 1):
 PSYoungGen      total 9728K, used 9344K [0x00000000ff600000, 0x0000000100000000, 0x0000000100000000)
  eden space 9216K, 100% used [0x00000000ff600000,0x00000000fff00000,0x00000000fff00000)
  from space 512K, 25% used [0x00000000fff80000,0x00000000fffa0000,0x0000000100000000)
  to   space 512K, 0% used [0x00000000fff00000,0x00000000fff00000,0x00000000fff80000)
 ParOldGen       total 11264K, used 10038K [0x00000000fe200000, 0x00000000fed00000, 0x00000000ff600000)
  object space 11264K, 89% used [0x00000000fe200000,0x00000000febcdb58,0x00000000fed00000)
 Metaspace       used 24945K, capacity 35290K, committed 35496K, reserved 1075200K
  class space    used 7647K, capacity 9856K, committed 9904K, reserved 1048576K
2025-06-20T08:00:40.913+0300: 5.223: [GC (Allocation Failure) 
Desired survivor size 524288 bytes, new threshold 1 (max 15)
[PSYoungGen: 9344K->176K(9728K)] 19382K->10262K(20992K), 0.0039532 secs] [Times: user=0.01 sys=0.00, real=0.00 secs] 
Heap after GC invocations=224 (full 1):
 PSYoungGen      total 9728K, used 176K [0x00000000ff600000, 0x0000000100000000, 0x0000000100000000)
  eden space 9216K, 0% used [0x00000000ff600000,0x00000000ff600000,0x00000000fff00000)
  from space 512K, 34% used [0x00000000fff00000,0x00000000fff2c010,0x00000000fff80000)
  to   space 512K, 0% used [0x00000000fff80000,0x00000000fff80000,0x0000000100000000)
 ParOldGen       total 11264K, used 10086K [0x00000000fe200000, 0x00000000fed00000, 0x00000000ff600000)
  object space 11264K, 89% used [0x00000000fe200000,0x00000000febd9b58,0x00000000fed00000)
 Metaspace       used 24945K, capacity 35290K, committed 35496K, reserved 1075200K
  class space    used 7647K, capacity 9856K, committed 9904K, reserved 1048576K
}
2025-06-20T08:00:40.917+0300: 5.227: Total time for which application threads were stopped: 0.0040670 seconds, Stopping threads took: 0.0000311 seconds
{Heap before GC invocations=225 (full 1):
 PSYoungGen      total 9728K, used 7480K [0x00000000ff600000, 0x0000000100000000, 0x0000000100000000)
  eden space 9216K, 79% used [0x00000000ff600000,0x00000000ffd220b0,0x00000000fff00000)
  from space 512K, 34% used [0x00000000fff00000,0x00000000fff2c010,0x00000000fff80000)
  to   space 512K, 0% used [0x00000000fff80000,0x00000000fff80000,0x0000000100000000)
 ParOldGen       total 11264K, used 10086K [0x00000000fe200000, 0x00000000fed00000, 0x00000000ff600000)
  object space 11264K, 89% used [0x00000000fe200000,0x00000000febd9b58,0x00000000fed00000)
 Metaspace       used 25035K, capacity 35438K, committed 35496K, reserved 1075200K
  class space    used 7683K, capacity 9904K, committed 9904K, reserved 1048576K
2025-06-20T08:00:40.935+0300: 5.246: [GC (Metadata GC Threshold) 
Desired survivor size 524288 bytes, new threshold 1 (max 15)
[PSYoungGen: 7480K->128K(9728K)] 17567K->10262K(20992K), 0.0058353 secs] [Times: user=0.01 sys=0.00, real=0.01 secs] 
Heap after GC invocations=225 (full 1):
 PSYoungGen      total 9728K, used 128K [0x00000000ff600000, 0x0000000100000000, 0x0000000100000000)
  eden space 9216K, 0% used [0x00000000ff600000,0x00000000ff600000,0x00000000fff00000)
  from space 512K, 25% used [0x00000000fff80000,0x00000000fffa0000,0x0000000100000000)
  to   space 512K, 0% used [0x00000000fff00000,0x00000000fff00000,0x00000000fff80000)
 ParOldGen       total 11264K, used 10134K [0x00000000fe200000, 0x00000000fed00000, 0x00000000ff600000)
  object space 11264K, 89% used [0x00000000fe200000,0x00000000febe5b58,0x00000000fed00000)
 Metaspace       used 25035K, capacity 35438K, committed 35496K, reserved 1075200K
  class space    used 7683K, capacity 9904K, committed 9904K, reserved 1048576K
}
{Heap before GC invocations=226 (full 2):
 PSYoungGen      total 9728K, used 128K [0x00000000ff600000, 0x0000000100000000, 0x0000000100000000)
  eden space 9216K, 0% used [0x00000000ff600000,0x00000000ff600000,0x00000000fff00000)
  from space 512K, 25% used [0x00000000fff80000,0x00000000fffa0000,0x0000000100000000)
  to   space 512K, 0% used [0x00000000fff00000,0x00000000fff00000,0x00000000fff80000)
 ParOldGen       total 11264K, used 10134K [0x00000000fe200000, 0x00000000fed00000, 0x00000000ff600000)
  object space 11264K, 89% used [0x00000000fe200000,0x00000000febe5b58,0x00000000fed00000)
 Metaspace       used 25035K, capacity 35438K, committed 35496K, reserved 1075200K
  class space    used 7683K, capacity 9904K, committed 9904K, reserved 1048576K
2025-06-20T08:00:40.941+0300: 5.252: [Full GC (Metadata GC Threshold) [PSYoungGen: 128K->0K(9728K)] [ParOldGen: 10134K->3024K(13312K)] 10262K->3024K(23040K), [Metaspace: 25035K->8629K(1064960K)], 0.0269437 secs] [Times: user=0.06 sys=0.00, real=0.03 secs] 
Heap after GC invocations=226 (full 2):
 PSYoungGen      total 9728K, used 0K [0x00000000ff600000, 0x0000000100000000, 0x0000000100000000)
  eden space 9216K, 0% used [0x00000000ff600000,0x00000000ff600000,0x00000000fff00000)
  from space 512K, 0% used [0x00000000fff80000,0x00000000fff80000,0x0000000100000000)
  to   space 512K, 0% used [0x00000000fff00000,0x00000000fff00000,0x00000000fff80000)
 ParOldGen       total 13312K, used 3024K [0x00000000fe200000, 0x00000000fef00000, 0x00000000ff600000)
  object space 13312K, 22% used [0x00000000fe200000,0x00000000fe4f4138,0x00000000fef00000)
 Metaspace       used 8629K, capacity 8744K, committed 25256K, reserved 1064960K
  class space    used 975K, capacity 1006K, committed 9904K, reserved 1048576K
}
2025-06-20T08:00:40.968+0300: 5.279: Total time for which application threads were stopped: 0.0330889 seconds, Stopping threads took: 0.0000339 seconds
{Heap before GC invocations=227 (full 2):
 PSYoungGen      total 9728K, used 9216K [0x00000000ff600000, 0x0000000100000000, 0x0000000100000000)
  eden space 9216K, 100% used [0x00000000ff600000,0x00000000fff00000,0x00000000fff00000)
  from space 512K, 0% used [0x00000000fff80000,0x00000000fff80000,0x0000000100000000)
  to   space 512K, 0% used [0x00000000fff00000,0x00000000fff00000,0x00000000fff80000)
 ParOldGen       total 13312K, used 3024K [0x00000000fe200000, 0x00000000fef00000, 0x00000000ff600000)
  object space 13312K, 22% used [0x00000000fe200000,0x00000000fe4f4138,0x00000000fef00000)
 Metaspace       used 8746K, capacity 8932K, committed 25256K, reserved 1064960K
  class space    used 1023K, capacity 1070K, committed 9904K, reserved 1048576K
2025-06-20T08:00:40.989+0300: 5.300: [GC (Allocation Failure) 
Desired survivor size 524288 bytes, new threshold 1 (max 15)
[PSYoungGen: 9216K->128K(9728K)] 12240K->3152K(23040K), 0.0036200 secs] [Times: user=0.01 sys=0.00, real=0.00 secs] 
Heap after GC invocations=227 (full 2):
 PSYoungGen      total 9728K, used 128K [0x00000000ff600000, 0x0000000100000000, 0x0000000100000000)
  eden space 9216K, 0% used [0x00000000ff600000,0x00000000ff600000,0x00000000fff00000)
  from space 512K, 25% used [0x00000000fff00000,0x00000000fff20000,0x00000000fff80000)
  to   space 512K, 0% used [0x00000000fff80000,0x00000000fff80000,0x0000000100000000)
 ParOldGen       total 13312K, used 3024K [0x00000000fe200000, 0x00000000fef00000, 0x00000000ff600000)
  object space 13312K, 22% used [0x00000000fe200000,0x00000000fe4f4138,0x00000000fef00000)
 Metaspace       used 8746K, capacity 8932K, committed 25256K, reserved 1064960K
  class space    used 1023K, capacity 1070K, committed 9904K, reserved 1048576K
}
2025-06-20T08:00:40.993+0300: 5.304: Total time for which application threads were stopped: 0.0037516 seconds, Stopping threads took: 0.0000290 seconds
{Heap before GC invocations=228 (full 2):
 PSYoungGen      total 9728K, used 9344K [0x00000000ff600000, 0x0000000100000000, 0x0000000100000000)
  eden space 9216K, 100% used [0x00000000ff600000,0x00000000fff00000,0x00000000fff00000)
  from space 512K, 25% used [0x00000000fff00000,0x00000000fff20000,0x00000000fff80000)
  to   space 512K, 0% used [0x00000000fff80000,0x00000000fff80000,0x0000000100000000)
 ParOldGen       total 13312K, used 3024K [0x00000000fe200000, 0x00000000fef00000, 0x00000000ff600000)
  object space 13312K, 22% used [0x00000000fe200000,0x00000000fe4f4138,0x00000000fef00000)
 Metaspace       used 8860K, capacity 9118K, committed 25256K, reserved 1064960K
  class space    used 1070K, capacity 1132K, committed 9904K, reserved 1048576K
2025-06-20T08:00:41.012+0300: 5.322: [GC (Allocation Failure) 
Desired survivor size 524288 bytes, new threshold 1 (max 15)
[PSYoungGen: 9344K->144K(9728K)] 12368K->3216K(23040K), 0.0030890 secs] [Times: user=0.01 sys=0.00, real=0.00 secs] 
Heap after GC invocations=228 (full 2):
 PSYoungGen      total 9728K, used 144K [0x00000000ff600000, 0x0000000100000000, 0x0000000100000000)
  eden space 9216K, 0% used [0x00000000ff600000,0x00000000ff600000,0x00000000fff00000)
  from space 512K, 28% used [0x00000000fff80000,0x00000000fffa4010,0x0000000100000000)
  to   space 512K, 0% used [0x00000000fff00000,0x00000000fff00000,0x00000000fff80000)
 ParOldGen       total 13312K, used 3072K [0x00000000fe200000, 0x00000000fef00000, 0x00000000ff600000)
  object space 13312K, 23% used [0x00000000fe200000,0x00000000fe500138,0x00000000fef00000)
 Metaspace       used 8860K, capacity 9118K, committed 25256K, reserved 1064960K
  class space    used 1070K, capacity 1132K, committed 9904K, reserved 1048576K
}
2025-06-20T08:00:41.015+0300: 5.325: Total time for which application threads were stopped: 0.0032102 seconds, Stopping threads took: 0.0000318 seconds
{Heap before GC invocations=229 (full 2):
 PSYoungGen      total 9728K, used 9360K [0x00000000ff600000, 0x0000000100000000, 0x0000000100000000)
  eden space 9216K, 100% used [0x00000000ff600000,0x00000000fff00000,0x00000000fff00000)
  from space 512K, 28% used [0x00000000fff80000,0x00000000fffa4010,0x0000000100000000)
  to   space 512K, 0% used [0x00000000fff00000,0x00000000fff00000,0x00000000fff80000)
 ParOldGen       total 13312K, used 3072K [0x00000000fe200000, 0x00000000fef00000, 0x00000000ff600000)
  object space 13312K, 23% used [0x00000000fe200000,0x00000000fe500138,0x00000000fef00000)
 Metaspace       used 8978K, capacity 9310K, committed 25256K, reserved 1064960K
  class space    used 1118K, capacity 1196K, committed 9904K, reserved 1048576K
2025-06-20T08:00:41.035+0300: 5.346: [GC (Allocation Failure) 
Desired survivor size 524288 bytes, new threshold 1 (max 15)
[PSYoungGen: 9360K->160K(9728K)] 12432K->3280K(23040K), 0.0091746 secs] [Times: user=0.02 sys=0.00, real=0.01 secs] 
Heap after GC invocations=229 (full 2):
 PSYoungGen      total 9728K, used 160K [0x00000000ff600000, 0x0000000100000000, 0x0000000100000000)
  eden space 9216K, 0% used [0x00000000ff600000,0x00000000ff600000,0x00000000fff00000)
  from space 512K, 31% used [0x00000000fff00000,0x00000000fff28000,0x00000000fff80000)
  to   space 512K, 0% used [0x00000000fff80000,0x00000000fff80000,0x0000000100000000)
 ParOldGen       total 13312K, used 3120K [0x00000000fe200000, 0x00000000fef00000, 0x00000000ff600000)
  object space 13312K, 23% used [0x00000000fe200000,0x00000000fe50c138,0x00000000fef00000)
 Metaspace       used 8978K, capacity 9310K, committed 25256K, reserved 1064960K
  class space    used 1118K, capacity 1196K, committed 9904K, reserved 1048576K
}
2025-06-20T08:00:41.044+0300: 5.355: Total time for which application threads were stopped: 0.0092931 seconds, Stopping threads took: 0.0000208 seconds
{Heap before GC invocations=230 (full 2):
 PSYoungGen      total 9728K, used 9376K [0x00000000ff600000, 0x0000000100000000, 0x0000000100000000)
  eden space 9216K, 100% used [0x00000000ff600000,0x00000000fff00000,0x00000000fff00000)
  from space 512K, 31% used [0x00000000fff00000,0x00000000fff28000,0x00000000fff80000)
  to   space 512K, 0% used [0x00000000fff80000,0x00000000fff80000,0x0000000100000000)
 ParOldGen       total 13312K, used 3120K [0x00000000fe200000, 0x00000000fef00000, 0x00000000ff600000)
  object space 13312K, 23% used [0x00000000fe200000,0x00000000fe50c138,0x00000000fef00000)
 Metaspace       used 9092K, capacity 9496K, committed 25256K, reserved 1064960K
  class space    used 1165K, capacity 1258K, committed 9904K, reserved 1048576K
2025-06-20T08:00:41.067+0300: 5.378: [GC (Allocation Failure) 
Desired survivor size 524288 bytes, new threshold 1 (max 15)
[PSYoungGen: 9376K->128K(9728K)] 12496K->3296K(23040K), 0.0061266 secs] [Times: user=0.01 sys=0.00, real=0.00 secs] 
Heap after GC invocations=230 (full 2):
 PSYoungGen      total 9728K, used 128K [0x00000000ff600000, 0x0000000100000000, 0x0000000100000000)
  eden space 9216K, 0% used [0x00000000ff600000,0x00000000ff600000,0x00000000fff00000)
  from space 512K, 25% used [0x00000000fff80000,0x00000000fffa0000,0x0000000100000000)
  to   space 512K, 0% used [0x00000000fff00000,0x00000000fff00000,0x00000000fff80000)
 ParOldGen       total 13312K, used 3168K [0x00000000fe200000, 0x00000000fef00000, 0x00000000ff600000)
  object space 13312K, 23% used [0x00000000fe200000,0x00000000fe518138,0x00000000fef00000)
 Metaspace       used 9092K, capacity 9496K, committed 25256K, reserved 1064960K
  class space    used 1165K, capacity 1258K, committed 9904K, reserved 1048576K
}
2025-06-20T08:00:41.073+0300: 5.384: Total time for which application threads were stopped: 0.0062620 seconds, Stopping threads took: 0.0000260 seconds
{Heap before GC invocations=231 (full 2):
 PSYoungGen      total 9728K, used 9344K [0x00000000ff600000, 0x0000000100000000, 0x0000000100000000)
  eden space 9216K, 100% used [0x00000000ff600000,0x00000000fff00000,0x00000000fff00000)
  from space 512K, 25% used [0x00000000fff80000,0x00000000fffa0000,0x0000000100000000)
  to   space 512K, 0% used [0x00000000fff00000,0x00000000fff00000,0x00000000fff80000)
 ParOldGen       total 13312K, used 3168K [0x00000000fe200000, 0x00000000fef00000, 0x00000000ff600000)
  object space 13312K, 23% used [0x00000000fe200000,0x00000000fe518138,0x00000000fef00000)
 Metaspace       used 9207K, capacity 9682K, committed 25256K, reserved 1064960K
  class space    used 1212K, capacity 1320K, committed 9904K, reserved 1048576K
2025-06-20T08:00:41.102+0300: 5.412: [GC (Allocation Failure) 
Desired survivor size 524288 bytes, new threshold 1 (max 15)
[PSYoungGen: 9344K->144K(9728K)] 12512K->3360K(23040K), 0.0032344 secs] [Times: user=0.01 sys=0.00, real=0.00 secs] 
Heap after GC invocations=231 (full 2):
 PSYoungGen      total 9728K, used 144K [0x00000000ff600000, 0x0000000100000000, 0x0000000100000000)
  eden space 9216K, 0% used [0x00000000ff600000,0x00000000ff600000,0x00000000fff00000)
  from space 512K, 28% used [0x00000000fff00000,0x00000000fff24010,0x00000000fff80000)
  to   space 512K, 0% used [0x00000000fff80000,0x00000000fff80000,0x0000000100000000)
 ParOldGen       total 13312K, used 3216K [0x00000000fe200000, 0x00000000fef00000, 0x00000000ff600000)
  object space 13312K, 24% used [0x00000000fe200000,0x00000000fe524138,0x00000000fef00000)
 Metaspace       used 9207K, capacity 9682K, committed 25256K, reserved 1064960K
  class space    used 1212K, capacity 1320K, committed 9904K, reserved 1048576K
}
2025-06-20T08:00:41.105+0300: 5.415: Total time for which application threads were stopped: 0.0033532 seconds, Stopping threads took: 0.0000239 seconds
{Heap before GC invocations=232 (full 2):
 PSYoungGen      total 9728K, used 9360K [0x00000000ff600000, 0x0000000100000000, 0x0000000100000000)
  eden space 9216K, 100% used [0x00000000ff600000,0x00000000fff00000,0x00000000fff00000)
  from space 512K, 28% used [0x00000000fff00000,0x00000000fff24010,0x00000000fff80000)
  to   space 512K, 0% used [0x00000000fff80000,0x00000000fff80000,0x0000000100000000)
 ParOldGen       total 13312K, used 3216K [0x00000000fe200000, 0x00000000fef00000, 0x00000000ff600000)
  object space 13312K, 24% used [0x00000000fe200000,0x00000000fe524138,0x00000000fef00000)
 Metaspace       used 9325K, capacity 9874K, committed 25256K, reserved 1064960K
  class space    used 1260K, capacity 1384K, committed 9904K, reserved 1048576K
2025-06-20T08:00:41.133+0300: 5.444: [GC (Allocation Failure) 
Desired survivor size 524288 bytes, new threshold 1 (max 15)
[PSYoungGen: 9360K->160K(9728K)] 12576K->3424K(23040K), 0.0027686 secs] [Times: user=0.01 sys=0.00, real=0.00 secs] 
Heap after GC invocations=232 (full 2):
 PSYoungGen      total 9728K, used 160K [0x00000000ff600000, 0x0000000100000000, 0x0000000100000000)
  eden space 9216K, 0% used [0x00000000ff600000,0x00000000ff600000,0x00000000fff00000)
  from space 512K, 31% used [0x00000000fff80000,0x00000000fffa8000,0x0000000100000000)
  to   space 512K, 0% used [0x00000000fff00000,0x00000000fff00000,0x00000000fff80000)
 ParOldGen       total 13312K, used 3264K [0x00000000fe200000, 0x00000000fef00000, 0x00000000ff600000)
  object space 13312K, 24% used [0x00000000fe200000,0x00000000fe530138,0x00000000fef00000)
 Metaspace       used 9325K, capacity 9874K, committed 25256K, reserved 1064960K
  class space    used 1260K, capacity 1384K, committed 9904K, reserved 1048576K
}
2025-06-20T08:00:41.136+0300: 5.447: Total time for which application threads were stopped: 0.0028712 seconds, Stopping threads took: 0.0000281 seconds
{Heap before GC invocations=233 (full 2):
 PSYoungGen      total 9728K, used 9376K [0x00000000ff600000, 0x0000000100000000, 0x0000000100000000)
  eden space 9216K, 100% used [0x00000000ff600000,0x00000000fff00000,0x00000000fff00000)
  from space 512K, 31% used [0x00000000fff80000,0x00000000fffa8000,0x0000000100000000)
  to   space 512K, 0% used [0x00000000fff00000,0x00000000fff00000,0x00000000fff80000)
 ParOldGen       total 13312K, used 3264K [0x00000000fe200000, 0x00000000fef00000, 0x00000000ff600000)
  object space 13312K, 24% used [0x00000000fe200000,0x00000000fe530138,0x00000000fef00000)
 Metaspace       used 9439K, capacity 10060K, committed 25256K, reserved 1064960K
  class space    used 1307K, capacity 1446K, committed 9904K, reserved 1048576K
2025-06-20T08:00:41.153+0300: 5.463: [GC (Allocation Failure) 
Desired survivor size 524288 bytes, new threshold 1 (max 15)
[PSYoungGen: 9376K->96K(9728K)] 12640K->3408K(23040K), 0.0031293 secs] [Times: user=0.01 sys=0.00, real=0.00 secs] 
Heap after GC invocations=233 (full 2):
 PSYoungGen      total 9728K, used 96K [0x00000000ff600000, 0x0000000100000000, 0x0000000100000000)
  eden space 9216K, 0% used [0x00000000ff600000,0x00000000ff600000,0x00000000fff00000)
  from space 512K, 18% used [0x00000000fff00000,0x00000000fff18000,0x00000000fff80000)
  to   space 512K, 0% used [0x00000000fff80000,0x00000000fff80000,0x0000000100000000)
 ParOldGen       total 13312K, used 3312K [0x00000000fe200000, 0x00000000fef00000, 0x00000000ff600000)
  object space 13312K, 24% used [0x00000000fe200000,0x00000000fe53c138,0x00000000fef00000)
 Metaspace       used 9439K, capacity 10060K, committed 25256K, reserved 1064960K
  class space    used 1307K, capacity 1446K, committed 9904K, reserved 1048576K
}
2025-06-20T08:00:41.156+0300: 5.466: Total time for which application threads were stopped: 0.0032374 seconds, Stopping threads took: 0.0000181 seconds
{Heap before GC invocations=234 (full 2):
 PSYoungGen      total 9728K, used 9312K [0x00000000ff600000, 0x0000000100000000, 0x0000000100000000)
  eden space 9216K, 100% used [0x00000000ff600000,0x00000000fff00000,0x00000000fff00000)
  from space 512K, 18% used [0x00000000fff00000,0x00000000fff18000,0x00000000fff80000)
  to   space 512K, 0% used [0x00000000fff80000,0x00000000fff80000,0x0000000100000000)
 ParOldGen       total 13312K, used 3312K [0x00000000fe200000, 0x00000000fef00000, 0x00000000ff600000)
  object space 13312K, 24% used [0x00000000fe200000,0x00000000fe53c138,0x00000000fef00000)
 Metaspace       used 9553K, capacity 10246K, committed 25256K, reserved 1064960K
  class space    used 1353K, capacity 1508K, committed 9904K, reserved 1048576K
2025-06-20T08:00:41.172+0300: 5.483: [GC (Allocation Failure) 
Desired survivor size 524288 bytes, new threshold 1 (max 15)
[PSYoungGen: 9312K->144K(9728K)] 12624K->3504K(23040K), 0.0032942 secs] [Times: user=0.01 sys=0.00, real=0.00 secs] 
Heap after GC invocations=234 (full 2):
 PSYoungGen      total 9728K, used 144K [0x00000000ff600000, 0x0000000100000000, 0x0000000100000000)
  eden space 9216K, 0% used [0x00000000ff600000,0x00000000ff600000,0x00000000fff00000)
  from space 512K, 28% used [0x00000000fff80000,0x00000000fffa4010,0x0000000100000000)
  to   space 512K, 0% used [0x00000000fff00000,0x00000000fff00000,0x00000000fff80000)
 ParOldGen       total 13312K, used 3360K [0x00000000fe200000, 0x00000000fef00000, 0x00000000ff600000)
  object space 13312K, 25% used [0x00000000fe200000,0x00000000fe548138,0x00000000fef00000)
 Metaspace       used 9553K, capacity 10246K, committed 25256K, reserved 1064960K
  class space    used 1353K, capacity 1508K, committed 9904K, reserved 1048576K
}
2025-06-20T08:00:41.176+0300: 5.486: Total time for which application threads were stopped: 0.0033979 seconds, Stopping threads took: 0.0000205 seconds
{Heap before GC invocations=235 (full 2):
 PSYoungGen      total 9728K, used 9360K [0x00000000ff600000, 0x0000000100000000, 0x0000000100000000)
  eden space 9216K, 100% used [0x00000000ff600000,0x00000000fff00000,0x00000000fff00000)
  from space 512K, 28% used [0x00000000fff80000,0x00000000fffa4010,0x0000000100000000)
  to   space 512K, 0% used [0x00000000fff00000,0x00000000fff00000,0x00000000fff80000)
 ParOldGen       total 13312K, used 3360K [0x00000000fe200000, 0x00000000fef00000, 0x00000000ff600000)
  object space 13312K, 25% used [0x00000000fe200000,0x00000000fe548138,0x00000000fef00000)
 Metaspace       used 9671K, capacity 10438K, committed 25256K, reserved 1064960K
  class space    used 1402K, capacity 1572K, committed 9904K, reserved 1048576K
2025-06-20T08:00:41.195+0300: 5.506: [GC (Allocation Failure) 
Desired survivor size 524288 bytes, new threshold 1 (max 15)
[PSYoungGen: 9360K->160K(9728K)] 12720K->3568K(23040K), 0.0034541 secs] [Times: user=0.01 sys=0.00, real=0.01 secs] 
Heap after GC invocations=235 (full 2):
 PSYoungGen      total 9728K, used 160K [0x00000000ff600000, 0x0000000100000000, 0x0000000100000000)
  eden space 9216K, 0% used [0x00000000ff600000,0x00000000ff600000,0x00000000fff00000)
  from space 512K, 31% used [0x00000000fff00000,0x00000000fff28000,0x00000000fff80000)
  to   space 512K, 0% used [0x00000000fff80000,0x00000000fff80000,0x0000000100000000)
 ParOldGen       total 13312K, used 3408K [0x00000000fe200000, 0x00000000fef00000, 0x00000000ff600000)
  object space 13312K, 25% used [0x00000000fe200000,0x00000000fe554138,0x00000000fef00000)
 Metaspace       used 9671K, capacity 10438K, committed 25256K, reserved 1064960K
  class space    used 1402K, capacity 1572K, committed 9904K, reserved 1048576K
}
2025-06-20T08:00:41.199+0300: 5.509: Total time for which application threads were stopped: 0.0035697 seconds, Stopping threads took: 0.0000194 seconds
{Heap before GC invocations=236 (full 2):
 PSYoungGen      total 9728K, used 9376K [0x00000000ff600000, 0x0000000100000000, 0x0000000100000000)
  eden space 9216K, 100% used [0x00000000ff600000,0x00000000fff00000,0x00000000fff00000)
  from space 512K, 31% used [0x00000000fff00000,0x00000000fff28000,0x00000000fff80000)
  to   space 512K, 0% used [0x00000000fff80000,0x00000000fff80000,0x0000000100000000)
 ParOldGen       total 13312K, used 3408K [0x00000000fe200000, 0x00000000fef00000, 0x00000000ff600000)
  object space 13312K, 25% used [0x00000000fe200000,0x00000000fe554138,0x00000000fef00000)
 Metaspace       used 9786K, capacity 10624K, committed 25256K, reserved 1064960K
  class space    used 1448K, capacity 1634K, committed 9904K, reserved 1048576K
2025-06-20T08:00:41.221+0300: 5.531: [GC (Allocation Failure) 
Desired survivor size 524288 bytes, new threshold 1 (max 15)
[PSYoungGen: 9376K->128K(9728K)] 12784K->3592K(23040K), 0.0033488 secs] [Times: user=0.01 sys=0.00, real=0.00 secs] 
Heap after GC invocations=236 (full 2):
 PSYoungGen      total 9728K, used 128K [0x00000000ff600000, 0x0000000100000000, 0x0000000100000000)
  eden space 9216K, 0% used [0x00000000ff600000,0x00000000ff600000,0x00000000fff00000)
  from space 512K, 25% used [0x00000000fff80000,0x00000000fffa0000,0x0000000100000000)
  to   space 512K, 0% used [0x00000000fff00000,0x00000000fff00000,0x00000000fff80000)
 ParOldGen       total 13312K, used 3464K [0x00000000fe200000, 0x00000000fef00000, 0x00000000ff600000)
  object space 13312K, 26% used [0x00000000fe200000,0x00000000fe562138,0x00000000fef00000)
 Metaspace       used 9786K, capacity 10624K, committed 25256K, reserved 1064960K
  class space    used 1448K, capacity 1634K, committed 9904K, reserved 1048576K
}
2025-06-20T08:00:41.224+0300: 5.535: Total time for which application threads were stopped: 0.0034535 seconds, Stopping threads took: 0.0000195 seconds
{Heap before GC invocations=237 (full 2):
 PSYoungGen      total 9728K, used 9344K [0x00000000ff600000, 0x0000000100000000, 0x0000000100000000)
  eden space 9216K, 100% used [0x00000000ff600000,0x00000000fff00000,0x00000000fff00000)
  from space 512K, 25% used [0x00000000fff80000,0x00000000fffa0000,0x0000000100000000)
  to   space 512K, 0% used [0x00000000fff00000,0x00000000fff00000,0x00000000fff80000)
 ParOldGen       total 13312K, used 3464K [0x00000000fe200000, 0x00000000fef00000, 0x00000000ff600000)
  object space 13312K, 26% used [0x00000000fe200000,0x00000000fe562138,0x00000000fef00000)
 Metaspace       used 9900K, capacity 10810K, committed 25256K, reserved 1064960K
  class space    used 1495K, capacity 1696K, committed 9904K, reserved 1048576K
2025-06-20T08:00:41.244+0300: 5.555: [GC (Allocation Failure) 
Desired survivor size 524288 bytes, new threshold 1 (max 15)
[PSYoungGen: 9344K->208K(9728K)] 12808K->3728K(23040K), 0.0017689 secs] [Times: user=0.01 sys=0.00, real=0.00 secs] 
Heap after GC invocations=237 (full 2):
 PSYoungGen      total 9728K, used 208K [0x00000000ff600000, 0x0000000100000000, 0x0000000100000000)
  eden space 9216K, 0% used [0x00000000ff600000,0x00000000ff600000,0x00000000fff00000)
  from space 512K, 40% used [0x00000000fff00000,0x00000000fff34010,0x00000000fff80000)
  to   space 512K, 0% used [0x00000000fff80000,0x00000000fff80000,0x0000000100000000)
 ParOldGen       total 13312K, used 3520K [0x00000000fe200000, 0x00000000fef00000, 0x00000000ff600000)
  object space 13312K, 26% used [0x00000000fe200000,0x00000000fe570138,0x00000000fef00000)
 Metaspace       used 9900K, capacity 10810K, committed 25256K, reserved 1064960K
  class space    used 1495K, capacity 1696K, committed 9904K, reserved 1048576K
}
2025-06-20T08:00:41.246+0300: 5.557: Total time for which application threads were stopped: 0.0018855 seconds, Stopping threads took: 0.0000155 seconds
{Heap before GC invocations=238 (full 2):
 PSYoungGen      total 9728K, used 9424K [0x00000000ff600000, 0x0000000100000000, 0x0000000100000000)
  eden space 9216K, 100% used [0x00000000ff600000,0x00000000fff00000,0x00000000fff00000)
  from space 512K, 40% used [0x00000000fff00000,0x00000000fff34010,0x00000000fff80000)
  to   space 512K, 0% used [0x00000000fff80000,0x00000000fff80000,0x0000000100000000)
 ParOldGen       total 13312K, used 3520K [0x00000000fe200000, 0x00000000fef00000, 0x00000000ff600000)
  object space 13312K, 26% used [0x00000000fe200000,0x00000000fe570138,0x00000000fef00000)
 Metaspace       used 10018K, capacity 11002K, committed 25256K, reserved 1064960K
  class space    used 1543K, capacity 1760K, committed 9904K, reserved 1048576K
2025-06-20T08:00:41.264+0300: 5.574: [GC (Allocation Failure) 
Desired survivor size 524288 bytes, new threshold 1 (max 15)
[PSYoungGen: 9424K->176K(9728K)] 12944K->3744K(23040K), 0.0020300 secs] [Times: user=0.00 sys=0.00, real=0.00 secs] 
Heap after GC invocations=238 (full 2):
 PSYoungGen      total 9728K, used 176K [0x00000000ff600000, 0x0000000100000000, 0x0000000100000000)
  eden space 9216K, 0% used [0x00000000ff600000,0x00000000ff600000,0x00000000fff00000)
  from space 512K, 34% used [0x00000000fff80000,0x00000000fffac010,0x0000000100000000)
  to   space 512K, 0% used [0x00000000fff00000,0x00000000fff00000,0x00000000fff80000)
 ParOldGen       total 13312K, used 3568K [0x00000000fe200000, 0x00000000fef00000, 0x00000000ff600000)
  object space 13312K, 26% used [0x00000000fe200000,0x00000000fe57c138,0x00000000fef00000)
 Metaspace       used 10018K, capacity 11002K, committed 25256K, reserved 1064960K
  class space    used 1543K, capacity 1760K, committed 9904K, reserved 1048576K
}
2025-06-20T08:00:41.266+0300: 5.577: Total time for which application threads were stopped: 0.0021566 seconds, Stopping threads took: 0.0000146 seconds
{Heap before GC invocations=239 (full 2):
 PSYoungGen      total 9728K, used 9392K [0x00000000ff600000, 0x0000000100000000, 0x0000000100000000)
  eden space 9216K, 100% used [0x00000000ff600000,0x00000000fff00000,0x00000000fff00000)
  from space 512K, 34% used [0x00000000fff80000,0x00000000fffac010,0x0000000100000000)
  to   space 512K, 0% used [0x00000000fff00000,0x00000000fff00000,0x00000000fff80000)
 ParOldGen       total 13312K, used 3568K [0x00000000fe200000, 0x00000000fef00000, 0x00000000ff600000)
  object space 13312K, 26% used [0x00000000fe200000,0x00000000fe57c138,0x00000000fef00000)
 Metaspace       used 10132K, capacity 11188K, committed 25256K, reserved 1064960K
  class space    used 1590K, capacity 1822K, committed 9904K, reserved 1048576K
2025-06-20T08:00:41.282+0300: 5.593: [GC (Allocation Failure) 
Desired survivor size 524288 bytes, new threshold 1 (max 15)
[PSYoungGen: 9392K->160K(9728K)] 12960K->3792K(23040K), 0.0014788 secs] [Times: user=0.01 sys=0.00, real=0.00 secs] 
Heap after GC invocations=239 (full 2):
 PSYoungGen      total 9728K, used 160K [0x00000000ff600000, 0x0000000100000000, 0x0000000100000000)
  eden space 9216K, 0% used [0x00000000ff600000,0x00000000ff600000,0x00000000fff00000)
  from space 512K, 31% used [0x00000000fff00000,0x00000000fff28000,0x00000000fff80000)
  to   space 512K, 0% used [0x00000000fff80000,0x00000000fff80000,0x0000000100000000)
 ParOldGen       total 13312K, used 3632K [0x00000000fe200000, 0x00000000fef00000, 0x00000000ff600000)
  object space 13312K, 27% used [0x00000000fe200000,0x00000000fe58c138,0x00000000fef00000)
 Metaspace       used 10132K, capacity 11188K, committed 25256K, reserved 1064960K
  class space    used 1590K, capacity 1822K, committed 9904K, reserved 1048576K
}
2025-06-20T08:00:41.283+0300: 5.594: Total time for which application threads were stopped: 0.0015609 seconds, Stopping threads took: 0.0000166 seconds
{Heap before GC invocations=240 (full 2):
 PSYoungGen      total 9728K, used 9376K [0x00000000ff600000, 0x0000000100000000, 0x0000000100000000)
  eden space 9216K, 100% used [0x00000000ff600000,0x00000000fff00000,0x00000000fff00000)
  from space 512K, 31% used [0x00000000fff00000,0x00000000fff28000,0x00000000fff80000)
  to   space 512K, 0% used [0x00000000fff80000,0x00000000fff80000,0x0000000100000000)
 ParOldGen       total 13312K, used 3632K [0x00000000fe200000, 0x00000000fef00000, 0x00000000ff600000)
  object space 13312K, 27% used [0x00000000fe200000,0x00000000fe58c138,0x00000000fef00000)
 Metaspace       used 10247K, capacity 11374K, committed 25256K, reserved 1064960K
  class space    used 1637K, capacity 1884K, committed 9904K, reserved 1048576K
2025-06-20T08:00:41.298+0300: 5.609: [GC (Allocation Failure) 
Desired survivor size 524288 bytes, new threshold 1 (max 15)
[PSYoungGen: 9376K->160K(9728K)] 13008K->3848K(23040K), 0.0016155 secs] [Times: user=0.01 sys=0.00, real=0.00 secs] 
Heap after GC invocations=240 (full 2):
 PSYoungGen      total 9728K, used 160K [0x00000000ff600000, 0x0000000100000000, 0x0000000100000000)
  eden space 9216K, 0% used [0x00000000ff600000,0x00000000ff600000,0x00000000fff00000)
  from space 512K, 31% used [0x00000000fff80000,0x00000000fffa8000,0x0000000100000000)
  to   space 512K, 0% used [0x00000000fff00000,0x00000000fff00000,0x00000000fff80000)
 ParOldGen       total 13312K, used 3688K [0x00000000fe200000, 0x00000000fef00000, 0x00000000ff600000)
  object space 13312K, 27% used [0x00000000fe200000,0x00000000fe59a138,0x00000000fef00000)
 Metaspace       used 10247K, capacity 11374K, committed 25256K, reserved 1064960K
  class space    used 1637K, capacity 1884K, committed 9904K, reserved 1048576K
}
2025-06-20T08:00:41.300+0300: 5.610: Total time for which application threads were stopped: 0.0017101 seconds, Stopping threads took: 0.0000192 seconds
{Heap before GC invocations=241 (full 2):
 PSYoungGen      total 9728K, used 9376K [0x00000000ff600000, 0x0000000100000000, 0x0000000100000000)
  eden space 9216K, 100% used [0x00000000ff600000,0x00000000fff00000,0x00000000fff00000)
  from space 512K, 31% used [0x00000000fff80000,0x00000000fffa8000,0x0000000100000000)
  to   space 512K, 0% used [0x00000000fff00000,0x00000000fff00000,0x00000000fff80000)
 ParOldGen       total 13312K, used 3688K [0x00000000fe200000, 0x00000000fef00000, 0x00000000ff600000)
  object space 13312K, 27% used [0x00000000fe200000,0x00000000fe59a138,0x00000000fef00000)
 Metaspace       used 10365K, capacity 11566K, committed 25256K, reserved 1064960K
  class space    used 1685K, capacity 1948K, committed 9904K, reserved 1048576K
2025-06-20T08:00:41.314+0300: 5.624: [GC (Allocation Failure) 
Desired survivor size 524288 bytes, new threshold 1 (max 15)
[PSYoungGen: 9376K->160K(9728K)] 13064K->3904K(23040K), 0.0014150 secs] [Times: user=0.01 sys=0.00, real=0.00 secs] 
Heap after GC invocations=241 (full 2):
 PSYoungGen      total 9728K, used 160K [0x00000000ff600000, 0x0000000100000000, 0x0000000100000000)
  eden space 9216K, 0% used [0x00000000ff600000,0x00000000ff600000,0x00000000fff00000)
  from space 512K, 31% used [0x00000000fff00000,0x00000000fff28000,0x00000000fff80000)
  to   space 512K, 0% used [0x00000000fff80000,0x00000000fff80000,0x0000000100000000)
 ParOldGen       total 13312K, used 3744K [0x00000000fe200000, 0x00000000fef00000, 0x00000000ff600000)
  object space 13312K, 28% used [0x00000000fe200000,0x00000000fe5a8138,0x00000000fef00000)
 Metaspace       used 10365K, capacity 11566K, committed 25256K, reserved 1064960K
  class space    used 1685K, capacity 1948K, committed 9904K, reserved 1048576K
}
2025-06-20T08:00:41.315+0300: 5.626: Total time for which application threads were stopped: 0.0014991 seconds, Stopping threads took: 0.0000187 seconds
{Heap before GC invocations=242 (full 2):
 PSYoungGen      total 9728K, used 9376K [0x00000000ff600000, 0x0000000100000000, 0x0000000100000000)
  eden space 9216K, 100% used [0x00000000ff600000,0x00000000fff00000,0x00000000fff00000)
  from space 512K, 31% used [0x00000000fff00000,0x00000000fff28000,0x00000000fff80000)
  to   space 512K, 0% used [0x00000000fff80000,0x00000000fff80000,0x0000000100000000)
 ParOldGen       total 13312K, used 3744K [0x00000000fe200000, 0x00000000fef00000, 0x00000000ff600000)
  object space 13312K, 28% used [0x00000000fe200000,0x00000000fe5a8138,0x00000000fef00000)
 Metaspace       used 10479K, capacity 11752K, committed 25256K, reserved 1064960K
  class space    used 1732K, capacity 2010K, committed 9904K, reserved 1048576K
2025-06-20T08:00:41.330+0300: 5.640: [GC (Allocation Failure) 
Desired survivor size 524288 bytes, new threshold 1 (max 15)
[PSYoungGen: 9376K->160K(9728K)] 13120K->3968K(23040K), 0.0011226 secs] [Times: user=0.00 sys=0.00, real=0.00 secs] 
Heap after GC invocations=242 (full 2):
 PSYoungGen      total 9728K, used 160K [0x00000000ff600000, 0x0000000100000000, 0x0000000100000000)
  eden space 9216K, 0% used [0x00000000ff600000,0x00000000ff600000,0x00000000fff00000)
  from space 512K, 31% used [0x00000000fff80000,0x00000000fffa8000,0x0000000100000000)
  to   space 512K, 0% used [0x00000000fff00000,0x00000000fff00000,0x00000000fff80000)
 ParOldGen       total 13312K, used 3808K [0x00000000fe200000, 0x00000000fef00000, 0x00000000ff600000)
  object space 13312K, 28% used [0x00000000fe200000,0x00000000fe5b8138,0x00000000fef00000)
 Metaspace       used 10479K, capacity 11752K, committed 25256K, reserved 1064960K
  class space    used 1732K, capacity 2010K, committed 9904K, reserved 1048576K
}
2025-06-20T08:00:41.331+0300: 5.641: Total time for which application threads were stopped: 0.0012019 seconds, Stopping threads took: 0.0000187 seconds
{Heap before GC invocations=243 (full 2):
 PSYoungGen      total 9728K, used 9376K [0x00000000ff600000, 0x0000000100000000, 0x0000000100000000)
  eden space 9216K, 100% used [0x00000000ff600000,0x00000000fff00000,0x00000000fff00000)
  from space 512K, 31% used [0x00000000fff80000,0x00000000fffa8000,0x0000000100000000)
  to   space 512K, 0% used [0x00000000fff00000,0x00000000fff00000,0x00000000fff80000)
 ParOldGen       total 13312K, used 3808K [0x00000000fe200000, 0x00000000fef00000, 0x00000000ff600000)
  object space 13312K, 28% used [0x00000000fe200000,0x00000000fe5b8138,0x00000000fef00000)
 Metaspace       used 10593K, capacity 11938K, committed 25256K, reserved 1064960K
  class space    used 1778K, capacity 2072K, committed 9904K, reserved 1048576K
2025-06-20T08:00:41.345+0300: 5.656: [GC (Allocation Failure) 
Desired survivor size 524288 bytes, new threshold 1 (max 15)
[PSYoungGen: 9376K->208K(9728K)] 13184K->4072K(23040K), 0.0015589 secs] [Times: user=0.00 sys=0.00, real=0.00 secs] 
Heap after GC invocations=243 (full 2):
 PSYoungGen      total 9728K, used 208K [0x00000000ff600000, 0x0000000100000000, 0x0000000100000000)
  eden space 9216K, 0% used [0x00000000ff600000,0x00000000ff600000,0x00000000fff00000)
  from space 512K, 40% used [0x00000000fff00000,0x00000000fff34010,0x00000000fff80000)
  to   space 512K, 0% used [0x00000000fff80000,0x00000000fff80000,0x0000000100000000)
 ParOldGen       total 13312K, used 3864K [0x00000000fe200000, 0x00000000fef00000, 0x00000000ff600000)
  object space 13312K, 29% used [0x00000000fe200000,0x00000000fe5c6138,0x00000000fef00000)
 Metaspace       used 10593K, capacity 11938K, committed 25256K, reserved 1064960K
  class space    used 1778K, capacity 2072K, committed 9904K, reserved 1048576K
}
2025-06-20T08:00:41.347+0300: 5.657: Total time for which application threads were stopped: 0.0016547 seconds, Stopping threads took: 0.0000204 seconds
{Heap before GC invocations=244 (full 2):
 PSYoungGen      total 9728K, used 9424K [0x00000000ff600000, 0x0000000100000000, 0x0000000100000000)
  eden space 9216K, 100% used [0x00000000ff600000,0x00000000fff00000,0x00000000fff00000)
  from space 512K, 40% used [0x00000000fff00000,0x00000000fff34010,0x00000000fff80000)
  to   space 512K, 0% used [0x00000000fff80000,0x00000000fff80000,0x0000000100000000)
 ParOldGen       total 13312K, used 3864K [0x00000000fe200000, 0x00000000fef00000, 0x00000000ff600000)
  object space 13312K, 29% used [0x00000000fe200000,0x00000000fe5c6138,0x00000000fef00000)
 Metaspace       used 10711K, capacity 12130K, committed 25256K, reserved 1064960K
  class space    used 1827K, capacity 2136K, committed 9904K, reserved 1048576K
2025-06-20T08:00:41.361+0300: 5.671: [GC (Allocation Failure) 
Desired survivor size 524288 bytes, new threshold 1 (max 15)
[PSYoungGen: 9424K->160K(9728K)] 13288K->4080K(23040K), 0.0015425 secs] [Times: user=0.00 sys=0.00, real=0.00 secs] 
Heap after GC invocations=244 (full 2):
 PSYoungGen      total 9728K, used 160K [0x00000000ff600000, 0x0000000100000000, 0x0000000100000000)
  eden space 9216K, 0% used [0x00000000ff600000,0x00000000ff600000,0x00000000fff00000)
  from space 512K, 31% used [0x00000000fff80000,0x00000000fffa8000,0x0000000100000000)
  to   space 512K, 0% used [0x00000000fff00000,0x00000000fff00000,0x00000000fff80000)
 ParOldGen       total 13312K, used 3920K [0x00000000fe200000, 0x00000000fef00000, 0x00000000ff600000)
  object space 13312K, 29% used [0x00000000fe200000,0x00000000fe5d4138,0x00000000fef00000)
 Metaspace       used 10711K, capacity 12130K, committed 25256K, reserved 1064960K
  class space    used 1827K, capacity 2136K, committed 9904K, reserved 1048576K
}
2025-06-20T08:00:41.362+0300: 5.673: Total time for which application threads were stopped: 0.0016192 seconds, Stopping threads took: 0.0000183 seconds
{Heap before GC invocations=245 (full 2):
 PSYoungGen      total 9728K, used 9376K [0x00000000ff600000, 0x0000000100000000, 0x0000000100000000)
  eden space 9216K, 100% used [0x00000000ff600000,0x00000000fff00000,0x00000000fff00000)
  from space 512K, 31% used [0x00000000fff80000,0x00000000fffa8000,0x0000000100000000)
  to   space 512K, 0% used [0x00000000fff00000,0x00000000fff00000,0x00000000fff80000)
 ParOldGen       total 13312K, used 3920K [0x00000000fe200000, 0x00000000fef00000, 0x00000000ff600000)
  object space 13312K, 29% used [0x00000000fe200000,0x00000000fe5d4138,0x00000000fef00000)
 Metaspace       used 10826K, capacity 12316K, committed 25256K, reserved 1064960K
  class space    used 1873K, capacity 2198K, committed 9904K, reserved 1048576K
2025-06-20T08:00:41.377+0300: 5.687: [GC (Allocation Failure) 
Desired survivor size 524288 bytes, new threshold 1 (max 15)
[PSYoungGen: 9376K->128K(9728K)] 13296K->4104K(23040K), 0.0039965 secs] [Times: user=0.01 sys=0.00, real=0.01 secs] 
Heap after GC invocations=245 (full 2):
 PSYoungGen      total 9728K, used 128K [0x00000000ff600000, 0x0000000100000000, 0x0000000100000000)
  eden space 9216K, 0% used [0x00000000ff600000,0x00000000ff600000,0x00000000fff00000)
  from space 512K, 25% used [0x00000000fff00000,0x00000000fff20000,0x00000000fff80000)
  to   space 512K, 0% used [0x00000000fff80000,0x00000000fff80000,0x0000000100000000)
 ParOldGen       total 13312K, used 3976K [0x00000000fe200000, 0x00000000fef00000, 0x00000000ff600000)
  object space 13312K, 29% used [0x00000000fe200000,0x00000000fe5e2138,0x00000000fef00000)
 Metaspace       used 10826K, capacity 12316K, committed 25256K, reserved 1064960K
  class space    used 1873K, capacity 2198K, committed 9904K, reserved 1048576K
}
2025-06-20T08:00:41.381+0300: 5.691: Total time for which application threads were stopped: 0.0040913 seconds, Stopping threads took: 0.0000185 seconds
{Heap before GC invocations=246 (full 2):
 PSYoungGen      total 9728K, used 9344K [0x00000000ff600000, 0x0000000100000000, 0x0000000100000000)
  eden space 9216K, 100% used [0x00000000ff600000,0x00000000fff00000,0x00000000fff00000)
  from space 512K, 25% used [0x00000000fff00000,0x00000000fff20000,0x00000000fff80000)
  to   space 512K, 0% used [0x00000000fff80000,0x00000000fff80000,0x0000000100000000)
 ParOldGen       total 13312K, used 3976K [0x00000000fe200000, 0x00000000fef00000, 0x00000000ff600000)
  object space 13312K, 29% used [0x00000000fe200000,0x00000000fe5e2138,0x00000000fef00000)
 Metaspace       used 10940K, capacity 12502K, committed 25256K, reserved 1064960K
  class space    used 1920K, capacity 2260K, committed 9904K, reserved 1048576K
2025-06-20T08:00:41.396+0300: 5.707: [GC (Allocation Failure) 
Desired survivor size 524288 bytes, new threshold 1 (max 15)
[PSYoungGen: 9344K->208K(9728K)] 13320K->4240K(23040K), 0.0015733 secs] [Times: user=0.01 sys=0.00, real=0.01 secs] 
Heap after GC invocations=246 (full 2):
 PSYoungGen      total 9728K, used 208K [0x00000000ff600000, 0x0000000100000000, 0x0000000100000000)
  eden space 9216K, 0% used [0x00000000ff600000,0x00000000ff600000,0x00000000fff00000)
  from space 512K, 40% used [0x00000000fff80000,0x00000000fffb4010,0x0000000100000000)
  to   space 512K, 0% used [0x00000000fff00000,0x00000000fff00000,0x00000000fff80000)
 ParOldGen       total 13312K, used 4032K [0x00000000fe200000, 0x00000000fef00000, 0x00000000ff600000)
  object space 13312K, 30% used [0x00000000fe200000,0x00000000fe5f0138,0x00000000fef00000)
 Metaspace       used 10940K, capacity 12502K, committed 25256K, reserved 1064960K
  class space    used 1920K, capacity 2260K, committed 9904K, reserved 1048576K
}
2025-06-20T08:00:41.398+0300: 5.708: Total time for which application threads were stopped: 0.0016734 seconds, Stopping threads took: 0.0000178 seconds
{Heap before GC invocations=247 (full 2):
 PSYoungGen      total 9728K, used 9424K [0x00000000ff600000, 0x0000000100000000, 0x0000000100000000)
  eden space 9216K, 100% used [0x00000000ff600000,0x00000000fff00000,0x00000000fff00000)
  from space 512K, 40% used [0x00000000fff80000,0x00000000fffb4010,0x0000000100000000)
  to   space 512K, 0% used [0x00000000fff00000,0x00000000fff00000,0x00000000fff80000)
 ParOldGen       total 13312K, used 4032K [0x00000000fe200000, 0x00000000fef00000, 0x00000000ff600000)
  object space 13312K, 30% used [0x00000000fe200000,0x00000000fe5f0138,0x00000000fef00000)
 Metaspace       used 11058K, capacity 12694K, committed 25256K, reserved 1064960K
  class space    used 1968K, capacity 2324K, committed 9904K, reserved 1048576K
2025-06-20T08:00:41.413+0300: 5.724: [GC (Allocation Failure) 
Desired survivor size 524288 bytes, new threshold 1 (max 15)
[PSYoungGen: 9424K->128K(9728K)] 13456K->4216K(23040K), 0.0017247 secs] [Times: user=0.01 sys=0.00, real=0.00 secs] 
Heap after GC invocations=247 (full 2):
 PSYoungGen      total 9728K, used 128K [0x00000000ff600000, 0x0000000100000000, 0x0000000100000000)
  eden space 9216K, 0% used [0x00000000ff600000,0x00000000ff600000,0x00000000fff00000)
  from space 512K, 25% used [0x00000000fff00000,0x00000000fff20000,0x00000000fff80000)
  to   space 512K, 0% used [0x00000000fff80000,0x00000000fff80000,0x0000000100000000)
 ParOldGen       total 13312K, used 4088K [0x00000000fe200000, 0x00000000fef00000, 0x00000000ff600000)
  object space 13312K, 30% used [0x00000000fe200000,0x00000000fe5fe138,0x00000000fef00000)
 Metaspace       used 11058K, capacity 12694K, committed 25256K, reserved 1064960K
  class space    used 1968K, capacity 2324K, committed 9904K, reserved 1048576K
}
2025-06-20T08:00:41.415+0300: 5.726: Total time for which application threads were stopped: 0.0018181 seconds, Stopping threads took: 0.0000192 seconds
{Heap before GC invocations=248 (full 2):
 PSYoungGen      total 9728K, used 9344K [0x00000000ff600000, 0x0000000100000000, 0x0000000100000000)
  eden space 9216K, 100% used [0x00000000ff600000,0x00000000fff00000,0x00000000fff00000)
  from space 512K, 25% used [0x00000000fff00000,0x00000000fff20000,0x00000000fff80000)
  to   space 512K, 0% used [0x00000000fff80000,0x00000000fff80000,0x0000000100000000)
 ParOldGen       total 13312K, used 4088K [0x00000000fe200000, 0x00000000fef00000, 0x00000000ff600000)
  object space 13312K, 30% used [0x00000000fe200000,0x00000000fe5fe138,0x00000000fef00000)
 Metaspace       used 11172K, capacity 12880K, committed 25256K, reserved 1064960K
  class space    used 2015K, capacity 2386K, committed 9904K, reserved 1048576K
2025-06-20T08:00:41.430+0300: 5.741: [GC (Allocation Failure) 
Desired survivor size 524288 bytes, new threshold 1 (max 15)
[PSYoungGen: 9344K->128K(9728K)] 13432K->4272K(23040K), 0.0019881 secs] [Times: user=0.00 sys=0.00, real=0.00 secs] 
Heap after GC invocations=248 (full 2):
 PSYoungGen      total 9728K, used 128K [0x00000000ff600000, 0x0000000100000000, 0x0000000100000000)
  eden space 9216K, 0% used [0x00000000ff600000,0x00000000ff600000,0x00000000fff00000)
  from space 512K, 25% used [0x00000000fff80000,0x00000000fffa0000,0x0000000100000000)
  to   space 512K, 0% used [0x00000000fff00000,0x00000000fff00000,0x00000000fff80000)
 ParOldGen       total 13312K, used 4144K [0x00000000fe200000, 0x00000000fef00000, 0x00000000ff600000)
  object space 13312K, 31% used [0x00000000fe200000,0x00000000fe60c138,0x00000000fef00000)
 Metaspace       used 11172K, capacity 12880K, committed 25256K, reserved 1064960K
  class space    used 2015K, capacity 2386K, committed 9904K, reserved 1048576K
}
2025-06-20T08:00:41.432+0300: 5.743: Total time for which application threads were stopped: 0.0020755 seconds, Stopping threads took: 0.0000172 seconds
{Heap before GC invocations=249 (full 2):
 PSYoungGen      total 9728K, used 9344K [0x00000000ff600000, 0x0000000100000000, 0x0000000100000000)
  eden space 9216K, 100% used [0x00000000ff600000,0x00000000fff00000,0x00000000fff00000)
  from space 512K, 25% used [0x00000000fff80000,0x00000000fffa0000,0x0000000100000000)
  to   space 512K, 0% used [0x00000000fff00000,0x00000000fff00000,0x00000000fff80000)
 ParOldGen       total 13312K, used 4144K [0x00000000fe200000, 0x00000000fef00000, 0x00000000ff600000)
  object space 13312K, 31% used [0x00000000fe200000,0x00000000fe60c138,0x00000000fef00000)
 Metaspace       used 11286K, capacity 13066K, committed 25256K, reserved 1064960K
  class space    used 2062K, capacity 2448K, committed 9904K, reserved 1048576K
2025-06-20T08:00:41.447+0300: 5.758: [GC (Allocation Failure) 
Desired survivor size 524288 bytes, new threshold 1 (max 15)
[PSYoungGen: 9344K->208K(9728K)] 13488K->4416K(23040K), 0.0017824 secs] [Times: user=0.01 sys=0.00, real=0.00 secs] 
Heap after GC invocations=249 (full 2):
 PSYoungGen      total 9728K, used 208K [0x00000000ff600000, 0x0000000100000000, 0x0000000100000000)
  eden space 9216K, 0% used [0x00000000ff600000,0x00000000ff600000,0x00000000fff00000)
  from space 512K, 40% used [0x00000000fff00000,0x00000000fff34010,0x00000000fff80000)
  to   space 512K, 0% used [0x00000000fff80000,0x00000000fff80000,0x0000000100000000)
 ParOldGen       total 13312K, used 4208K [0x00000000fe200000, 0x00000000fef00000, 0x00000000ff600000)
  object space 13312K, 31% used [0x00000000fe200000,0x00000000fe61c138,0x00000000fef00000)
 Metaspace       used 11286K, capacity 13066K, committed 25256K, reserved 1064960K
  class space    used 2062K, capacity 2448K, committed 9904K, reserved 1048576K
}
2025-06-20T08:00:41.449+0300: 5.760: Total time for which application threads were stopped: 0.0018718 seconds, Stopping threads took: 0.0000187 seconds
{Heap before GC invocations=250 (full 2):
 PSYoungGen      total 9728K, used 9424K [0x00000000ff600000, 0x0000000100000000, 0x0000000100000000)
  eden space 9216K, 100% used [0x00000000ff600000,0x00000000fff00000,0x00000000fff00000)
  from space 512K, 40% used [0x00000000fff00000,0x00000000fff34010,0x00000000fff80000)
  to   space 512K, 0% used [0x00000000fff80000,0x00000000fff80000,0x0000000100000000)
 ParOldGen       total 13312K, used 4208K [0x00000000fe200000, 0x00000000fef00000, 0x00000000ff600000)
  object space 13312K, 31% used [0x00000000fe200000,0x00000000fe61c138,0x00000000fef00000)
 Metaspace       used 11404K, capacity 13258K, committed 25256K, reserved 1064960K
  class space    used 2110K, capacity 2512K, committed 9904K, reserved 1048576K
2025-06-20T08:00:41.465+0300: 5.775: [GC (Allocation Failure) 
Desired survivor size 524288 bytes, new threshold 1 (max 15)
[PSYoungGen: 9424K->160K(9728K)] 13632K->4424K(23040K), 0.0015727 secs] [Times: user=0.01 sys=0.00, real=0.00 secs] 
Heap after GC invocations=250 (full 2):
 PSYoungGen      total 9728K, used 160K [0x00000000ff600000, 0x0000000100000000, 0x0000000100000000)
  eden space 9216K, 0% used [0x00000000ff600000,0x00000000ff600000,0x00000000fff00000)
  from space 512K, 31% used [0x00000000fff80000,0x00000000fffa8000,0x0000000100000000)
  to   space 512K, 0% used [0x00000000fff00000,0x00000000fff00000,0x00000000fff80000)
 ParOldGen       total 13312K, used 4264K [0x00000000fe200000, 0x00000000fef00000, 0x00000000ff600000)
  object space 13312K, 32% used [0x00000000fe200000,0x00000000fe62a138,0x00000000fef00000)
 Metaspace       used 11404K, capacity 13258K, committed 25256K, reserved 1064960K
  class space    used 2110K, capacity 2512K, committed 9904K, reserved 1048576K
}
2025-06-20T08:00:41.466+0300: 5.777: Total time for which application threads were stopped: 0.0016662 seconds, Stopping threads took: 0.0000178 seconds
{Heap before GC invocations=251 (full 2):
 PSYoungGen      total 9728K, used 9376K [0x00000000ff600000, 0x0000000100000000, 0x0000000100000000)
  eden space 9216K, 100% used [0x00000000ff600000,0x00000000fff00000,0x00000000fff00000)
  from space 512K, 31% used [0x00000000fff80000,0x00000000fffa8000,0x0000000100000000)
  to   space 512K, 0% used [0x00000000fff00000,0x00000000fff00000,0x00000000fff80000)
 ParOldGen       total 13312K, used 4264K [0x00000000fe200000, 0x00000000fef00000, 0x00000000ff600000)
  object space 13312K, 32% used [0x00000000fe200000,0x00000000fe62a138,0x00000000fef00000)
 Metaspace       used 11519K, capacity 13444K, committed 25256K, reserved 1064960K
  class space    used 2157K, capacity 2574K, committed 9904K, reserved 1048576K
2025-06-20T08:00:41.482+0300: 5.792: [GC (Allocation Failure) 
Desired survivor size 524288 bytes, new threshold 1 (max 15)
[PSYoungGen: 9376K->160K(9728K)] 13640K->4480K(23040K), 0.0015879 secs] [Times: user=0.00 sys=0.01, real=0.00 secs] 
Heap after GC invocations=251 (full 2):
 PSYoungGen      total 9728K, used 160K [0x00000000ff600000, 0x0000000100000000, 0x0000000100000000)
  eden space 9216K, 0% used [0x00000000ff600000,0x00000000ff600000,0x00000000fff00000)
  from space 512K, 31% used [0x00000000fff00000,0x00000000fff28000,0x00000000fff80000)
  to   space 512K, 0% used [0x00000000fff80000,0x00000000fff80000,0x0000000100000000)
 ParOldGen       total 13312K, used 4320K [0x00000000fe200000, 0x00000000fef00000, 0x00000000ff600000)
  object space 13312K, 32% used [0x00000000fe200000,0x00000000fe638138,0x00000000fef00000)
 Metaspace       used 11519K, capacity 13444K, committed 25256K, reserved 1064960K
  class space    used 2157K, capacity 2574K, committed 9904K, reserved 1048576K
}
2025-06-20T08:00:41.483+0300: 5.794: Total time for which application threads were stopped: 0.0016770 seconds, Stopping threads took: 0.0000207 seconds
{Heap before GC invocations=252 (full 2):
 PSYoungGen      total 9728K, used 9376K [0x00000000ff600000, 0x0000000100000000, 0x0000000100000000)
  eden space 9216K, 100% used [0x00000000ff600000,0x00000000fff00000,0x00000000fff00000)
  from space 512K, 31% used [0x00000000fff00000,0x00000000fff28000,0x00000000fff80000)
  to   space 512K, 0% used [0x00000000fff80000,0x00000000fff80000,0x0000000100000000)
 ParOldGen       total 13312K, used 4320K [0x00000000fe200000, 0x00000000fef00000, 0x00000000ff600000)
  object space 13312K, 32% used [0x00000000fe200000,0x00000000fe638138,0x00000000fef00000)
 Metaspace       used 11634K, capacity 13630K, committed 25256K, reserved 1064960K
  class space    used 2204K, capacity 2636K, committed 9904K, reserved 1048576K
2025-06-20T08:00:41.498+0300: 5.809: [GC (Allocation Failure) 
Desired survivor size 524288 bytes, new threshold 1 (max 15)
[PSYoungGen: 9376K->208K(9728K)] 13696K->4592K(23040K), 0.0016165 secs] [Times: user=0.01 sys=0.00, real=0.00 secs] 
Heap after GC invocations=252 (full 2):
 PSYoungGen      total 9728K, used 208K [0x00000000ff600000, 0x0000000100000000, 0x0000000100000000)
  eden space 9216K, 0% used [0x00000000ff600000,0x00000000ff600000,0x00000000fff00000)
  from space 512K, 40% used [0x00000000fff80000,0x00000000fffb4010,0x0000000100000000)
  to   space 512K, 0% used [0x00000000fff00000,0x00000000fff00000,0x00000000fff80000)
 ParOldGen       total 13312K, used 4384K [0x00000000fe200000, 0x00000000fef00000, 0x00000000ff600000)
  object space 13312K, 32% used [0x00000000fe200000,0x00000000fe648138,0x00000000fef00000)
 Metaspace       used 11634K, capacity 13630K, committed 25256K, reserved 1064960K
  class space    used 2204K, capacity 2636K, committed 9904K, reserved 1048576K
}
2025-06-20T08:00:41.500+0300: 5.811: Total time for which application threads were stopped: 0.0017177 seconds, Stopping threads took: 0.0000194 seconds
{Heap before GC invocations=253 (full 2):
 PSYoungGen      total 9728K, used 9424K [0x00000000ff600000, 0x0000000100000000, 0x0000000100000000)
  eden space 9216K, 100% used [0x00000000ff600000,0x00000000fff00000,0x00000000fff00000)
  from space 512K, 40% used [0x00000000fff80000,0x00000000fffb4010,0x0000000100000000)
  to   space 512K, 0% used [0x00000000fff00000,0x00000000fff00000,0x00000000fff80000)
 ParOldGen       total 13312K, used 4384K [0x00000000fe200000, 0x00000000fef00000, 0x00000000ff600000)
  object space 13312K, 32% used [0x00000000fe200000,0x00000000fe648138,0x00000000fef00000)
 Metaspace       used 11752K, capacity 13822K, committed 25256K, reserved 1064960K
  class space    used 2252K, capacity 2700K, committed 9904K, reserved 1048576K
2025-06-20T08:00:41.515+0300: 5.826: [GC (Allocation Failure) 
Desired survivor size 524288 bytes, new threshold 1 (max 15)
[PSYoungGen: 9424K->128K(9728K)] 13808K->4568K(23040K), 0.0020174 secs] [Times: user=0.01 sys=0.00, real=0.01 secs] 
Heap after GC invocations=253 (full 2):
 PSYoungGen      total 9728K, used 128K [0x00000000ff600000, 0x0000000100000000, 0x0000000100000000)
  eden space 9216K, 0% used [0x00000000ff600000,0x00000000ff600000,0x00000000fff00000)
  from space 512K, 25% used [0x00000000fff00000,0x00000000fff20000,0x00000000fff80000)
  to   space 512K, 0% used [0x00000000fff80000,0x00000000fff80000,0x0000000100000000)
 ParOldGen       total 13312K, used 4440K [0x00000000fe200000, 0x00000000fef00000, 0x00000000ff600000)
  object space 13312K, 33% used [0x00000000fe200000,0x00000000fe656138,0x00000000fef00000)
 Metaspace       used 11752K, capacity 13822K, committed 25256K, reserved 1064960K
  class space    used 2252K, capacity 2700K, committed 9904K, reserved 1048576K
}
2025-06-20T08:00:41.517+0300: 5.828: Total time for which application threads were stopped: 0.0021045 seconds, Stopping threads took: 0.0000198 seconds
{Heap before GC invocations=254 (full 2):
 PSYoungGen      total 9728K, used 9344K [0x00000000ff600000, 0x0000000100000000, 0x0000000100000000)
  eden space 9216K, 100% used [0x00000000ff600000,0x00000000fff00000,0x00000000fff00000)
  from space 512K, 25% used [0x00000000fff00000,0x00000000fff20000,0x00000000fff80000)
  to   space 512K, 0% used [0x00000000fff80000,0x00000000fff80000,0x0000000100000000)
 ParOldGen       total 13312K, used 4440K [0x00000000fe200000, 0x00000000fef00000, 0x00000000ff600000)
  object space 13312K, 33% used [0x00000000fe200000,0x00000000fe656138,0x00000000fef00000)
 Metaspace       used 11866K, capacity 14008K, committed 25256K, reserved 1064960K
  class space    used 2299K, capacity 2762K, committed 9904K, reserved 1048576K
2025-06-20T08:00:41.532+0300: 5.842: [GC (Allocation Failure) 
Desired survivor size 524288 bytes, new threshold 1 (max 15)
[PSYoungGen: 9344K->128K(9728K)] 13784K->4616K(23040K), 0.0011972 secs] [Times: user=0.01 sys=0.00, real=0.00 secs] 
Heap after GC invocations=254 (full 2):
 PSYoungGen      total 9728K, used 128K [0x00000000ff600000, 0x0000000100000000, 0x0000000100000000)
  eden space 9216K, 0% used [0x00000000ff600000,0x00000000ff600000,0x00000000fff00000)
  from space 512K, 25% used [0x00000000fff80000,0x00000000fffa0000,0x0000000100000000)
  to   space 512K, 0% used [0x00000000fff00000,0x00000000fff00000,0x00000000fff80000)
 ParOldGen       total 13312K, used 4488K [0x00000000fe200000, 0x00000000fef00000, 0x00000000ff600000)
  object space 13312K, 33% used [0x00000000fe200000,0x00000000fe662138,0x00000000fef00000)
 Metaspace       used 11866K, capacity 14008K, committed 25256K, reserved 1064960K
  class space    used 2299K, capacity 2762K, committed 9904K, reserved 1048576K
}
2025-06-20T08:00:41.533+0300: 5.843: Total time for which application threads were stopped: 0.0012994 seconds, Stopping threads took: 0.0000287 seconds
{Heap before GC invocations=255 (full 2):
 PSYoungGen      total 9728K, used 9344K [0x00000000ff600000, 0x0000000100000000, 0x0000000100000000)
  eden space 9216K, 100% used [0x00000000ff600000,0x00000000fff00000,0x00000000fff00000)
  from space 512K, 25% used [0x00000000fff80000,0x00000000fffa0000,0x0000000100000000)
  to   space 512K, 0% used [0x00000000fff00000,0x00000000fff00000,0x00000000fff80000)
 ParOldGen       total 13312K, used 4488K [0x00000000fe200000, 0x00000000fef00000, 0x00000000ff600000)
  object space 13312K, 33% used [0x00000000fe200000,0x00000000fe662138,0x00000000fef00000)
 Metaspace       used 11980K, capacity 14194K, committed 25256K, reserved 1064960K
  class space    used 2346K, capacity 2824K, committed 9904K, reserved 1048576K
2025-06-20T08:00:41.547+0300: 5.858: [GC (Allocation Failure) 
Desired survivor size 524288 bytes, new threshold 1 (max 15)
[PSYoungGen: 9344K->176K(9728K)] 13832K->4712K(23040K), 0.0015536 secs] [Times: user=0.01 sys=0.00, real=0.00 secs] 
Heap after GC invocations=255 (full 2):
 PSYoungGen      total 9728K, used 176K [0x00000000ff600000, 0x0000000100000000, 0x0000000100000000)
  eden space 9216K, 0% used [0x00000000ff600000,0x00000000ff600000,0x00000000fff00000)
  from space 512K, 34% used [0x00000000fff00000,0x00000000fff2c010,0x00000000fff80000)
  to   space 512K, 0% used [0x00000000fff80000,0x00000000fff80000,0x0000000100000000)
 ParOldGen       total 13312K, used 4536K [0x00000000fe200000, 0x00000000fef00000, 0x00000000ff600000)
  object space 13312K, 34% used [0x00000000fe200000,0x00000000fe66e138,0x00000000fef00000)
 Metaspace       used 11980K, capacity 14194K, committed 25256K, reserved 1064960K
  class space    used 2346K, capacity 2824K, committed 9904K, reserved 1048576K
}
2025-06-20T08:00:41.549+0300: 5.860: Total time for which application threads were stopped: 0.0016563 seconds, Stopping threads took: 0.0000188 seconds
{Heap before GC invocations=256 (full 2):
 PSYoungGen      total 9728K, used 9392K [0x00000000ff600000, 0x0000000100000000, 0x0000000100000000)
  eden space 9216K, 100% used [0x00000000ff600000,0x00000000fff00000,0x00000000fff00000)
  from space 512K, 34% used [0x00000000fff00000,0x00000000fff2c010,0x00000000fff80000)
  to   space 512K, 0% used [0x00000000fff80000,0x00000000fff80000,0x0000000100000000)
 ParOldGen       total 13312K, used 4536K [0x00000000fe200000, 0x00000000fef00000, 0x00000000ff600000)
  object space 13312K, 34% used [0x00000000fe200000,0x00000000fe66e138,0x00000000fef00000)
 Metaspace       used 12098K, capacity 14386K, committed 25256K, reserved 1064960K
  class space    used 2394K, capacity 2888K, committed 9904K, reserved 1048576K
2025-06-20T08:00:41.564+0300: 5.874: [GC (Allocation Failure) 
Desired survivor size 524288 bytes, new threshold 1 (max 15)
[PSYoungGen: 9392K->160K(9728K)] 13928K->4760K(23040K), 0.0015266 secs] [Times: user=0.01 sys=0.00, real=0.00 secs] 
Heap after GC invocations=256 (full 2):
 PSYoungGen      total 9728K, used 160K [0x00000000ff600000, 0x0000000100000000, 0x0000000100000000)
  eden space 9216K, 0% used [0x00000000ff600000,0x00000000ff600000,0x00000000fff00000)
  from space 512K, 31% used [0x00000000fff80000,0x00000000fffa8000,0x0000000100000000)
  to   space 512K, 0% used [0x00000000fff00000,0x00000000fff00000,0x00000000fff80000)
 ParOldGen       total 13312K, used 4600K [0x00000000fe200000, 0x00000000fef00000, 0x00000000ff600000)
  object space 13312K, 34% used [0x00000000fe200000,0x00000000fe67e138,0x00000000fef00000)
 Metaspace       used 12098K, capacity 14386K, committed 25256K, reserved 1064960K
  class space    used 2394K, capacity 2888K, committed 9904K, reserved 1048576K
}
2025-06-20T08:00:41.565+0300: 5.876: Total time for which application threads were stopped: 0.0016140 seconds, Stopping threads took: 0.0000160 seconds
{Heap before GC invocations=257 (full 2):
 PSYoungGen      total 9728K, used 9376K [0x00000000ff600000, 0x0000000100000000, 0x0000000100000000)
  eden space 9216K, 100% used [0x00000000ff600000,0x00000000fff00000,0x00000000fff00000)
  from space 512K, 31% used [0x00000000fff80000,0x00000000fffa8000,0x0000000100000000)
  to   space 512K, 0% used [0x00000000fff00000,0x00000000fff00000,0x00000000fff80000)
 ParOldGen       total 13312K, used 4600K [0x00000000fe200000, 0x00000000fef00000, 0x00000000ff600000)
  object space 13312K, 34% used [0x00000000fe200000,0x00000000fe67e138,0x00000000fef00000)
 Metaspace       used 12213K, capacity 14572K, committed 25256K, reserved 1064960K
  class space    used 2441K, capacity 2950K, committed 9904K, reserved 1048576K
2025-06-20T08:00:41.580+0300: 5.891: [GC (Allocation Failure) 
Desired survivor size 524288 bytes, new threshold 1 (max 15)
[PSYoungGen: 9376K->128K(9728K)] 13976K->4776K(23040K), 0.0014869 secs] [Times: user=0.01 sys=0.00, real=0.00 secs] 
Heap after GC invocations=257 (full 2):
 PSYoungGen      total 9728K, used 128K [0x00000000ff600000, 0x0000000100000000, 0x0000000100000000)
  eden space 9216K, 0% used [0x00000000ff600000,0x00000000ff600000,0x00000000fff00000)
  from space 512K, 25% used [0x00000000fff00000,0x00000000fff20000,0x00000000fff80000)
  to   space 512K, 0% used [0x00000000fff80000,0x00000000fff80000,0x0000000100000000)
 ParOldGen       total 13312K, used 4648K [0x00000000fe200000, 0x00000000fef00000, 0x00000000ff600000)
  object space 13312K, 34% used [0x00000000fe200000,0x00000000fe68a138,0x00000000fef00000)
 Metaspace       used 12213K, capacity 14572K, committed 25256K, reserved 1064960K
  class space    used 2441K, capacity 2950K, committed 9904K, reserved 1048576K
}
2025-06-20T08:00:41.582+0300: 5.892: Total time for which application threads were stopped: 0.0015720 seconds, Stopping threads took: 0.0000171 seconds
{Heap before GC invocations=258 (full 2):
 PSYoungGen      total 9728K, used 9344K [0x00000000ff600000, 0x0000000100000000, 0x0000000100000000)
  eden space 9216K, 100% used [0x00000000ff600000,0x00000000fff00000,0x00000000fff00000)
  from space 512K, 25% used [0x00000000fff00000,0x00000000fff20000,0x00000000fff80000)
  to   space 512K, 0% used [0x00000000fff80000,0x00000000fff80000,0x0000000100000000)
 ParOldGen       total 13312K, used 4648K [0x00000000fe200000, 0x00000000fef00000, 0x00000000ff600000)
  object space 13312K, 34% used [0x00000000fe200000,0x00000000fe68a138,0x00000000fef00000)
 Metaspace       used 12327K, capacity 14758K, committed 25256K, reserved 1064960K
  class space    used 2488K, capacity 3012K, committed 9904K, reserved 1048576K
2025-06-20T08:00:41.597+0300: 5.908: [GC (Allocation Failure) 
Desired survivor size 524288 bytes, new threshold 1 (max 15)
[PSYoungGen: 9344K->176K(9728K)] 13992K->4880K(23040K), 0.0016802 secs] [Times: user=0.00 sys=0.00, real=0.00 secs] 
Heap after GC invocations=258 (full 2):
 PSYoungGen      total 9728K, used 176K [0x00000000ff600000, 0x0000000100000000, 0x0000000100000000)
  eden space 9216K, 0% used [0x00000000ff600000,0x00000000ff600000,0x00000000fff00000)
  from space 512K, 34% used [0x00000000fff80000,0x00000000fffac010,0x0000000100000000)
  to   space 512K, 0% used [0x00000000fff00000,0x00000000fff00000,0x00000000fff80000)
 ParOldGen       total 13312K, used 4704K [0x00000000fe200000, 0x00000000fef00000, 0x00000000ff600000)
  object space 13312K, 35% used [0x00000000fe200000,0x00000000fe698138,0x00000000fef00000)
 Metaspace       used 12327K, capacity 14758K, committed 25256K, reserved 1064960K
  class space    used 2488K, capacity 3012K, committed 9904K, reserved 1048576K
}
2025-06-20T08:00:41.599+0300: 5.909: Total time for which application threads were stopped: 0.0017758 seconds, Stopping threads took: 0.0000227 seconds
{Heap before GC invocations=259 (full 2):
 PSYoungGen      total 9728K, used 9392K [0x00000000ff600000, 0x0000000100000000, 0x0000000100000000)
  eden space 9216K, 100% used [0x00000000ff600000,0x00000000fff00000,0x00000000fff00000)
  from space 512K, 34% used [0x00000000fff80000,0x00000000fffac010,0x0000000100000000)
  to   space 512K, 0% used [0x00000000fff00000,0x00000000fff00000,0x00000000fff80000)
 ParOldGen       total 13312K, used 4704K [0x00000000fe200000, 0x00000000fef00000, 0x00000000ff600000)
  object space 13312K, 35% used [0x00000000fe200000,0x00000000fe698138,0x00000000fef00000)
 Metaspace       used 12445K, capacity 14950K, committed 25256K, reserved 1064960K
  class space    used 2536K, capacity 3076K, committed 9904K, reserved 1048576K
2025-06-20T08:00:41.615+0300: 5.925: [GC (Allocation Failure) 
Desired survivor size 524288 bytes, new threshold 1 (max 15)
[PSYoungGen: 9392K->160K(9728K)] 14096K->4920K(23040K), 0.0016854 secs] [Times: user=0.01 sys=0.00, real=0.00 secs] 
Heap after GC invocations=259 (full 2):
 PSYoungGen      total 9728K, used 160K [0x00000000ff600000, 0x0000000100000000, 0x0000000100000000)
  eden space 9216K, 0% used [0x00000000ff600000,0x00000000ff600000,0x00000000fff00000)
  from space 512K, 31% used [0x00000000fff00000,0x00000000fff28000,0x00000000fff80000)
  to   space 512K, 0% used [0x00000000fff80000,0x00000000fff80000,0x0000000100000000)
 ParOldGen       total 13312K, used 4760K [0x00000000fe200000, 0x00000000fef00000, 0x00000000ff600000)
  object space 13312K, 35% used [0x00000000fe200000,0x00000000fe6a6138,0x00000000fef00000)
 Metaspace       used 12445K, capacity 14950K, committed 25256K, reserved 1064960K
  class space    used 2536K, capacity 3076K, committed 9904K, reserved 1048576K
}
2025-06-20T08:00:41.616+0300: 5.927: Total time for which application threads were stopped: 0.0017827 seconds, Stopping threads took: 0.0000146 seconds
{Heap before GC invocations=260 (full 2):
 PSYoungGen      total 9728K, used 9376K [0x00000000ff600000, 0x0000000100000000, 0x0000000100000000)
  eden space 9216K, 100% used [0x00000000ff600000,0x00000000fff00000,0x00000000fff00000)
  from space 512K, 31% used [0x00000000fff00000,0x00000000fff28000,0x00000000fff80000)
  to   space 512K, 0% used [0x00000000fff80000,0x00000000fff80000,0x0000000100000000)
 ParOldGen       total 13312K, used 4760K [0x00000000fe200000, 0x00000000fef00000, 0x00000000ff600000)
  object space 13312K, 35% used [0x00000000fe200000,0x00000000fe6a6138,0x00000000fef00000)
 Metaspace       used 12559K, capacity 15136K, committed 25256K, reserved 1064960K
  class space    used 2583K, capacity 3138K, committed 9904K, reserved 1048576K
2025-06-20T08:00:41.633+0300: 5.943: [GC (Allocation Failure) 
Desired survivor size 524288 bytes, new threshold 1 (max 15)
[PSYoungGen: 9376K->96K(9728K)] 14136K->4904K(23040K), 0.0020631 secs] [Times: user=0.00 sys=0.00, real=0.00 secs] 
Heap after GC invocations=260 (full 2):
 PSYoungGen      total 9728K, used 96K [0x00000000ff600000, 0x0000000100000000, 0x0000000100000000)
  eden space 9216K, 0% used [0x00000000ff600000,0x00000000ff600000,0x00000000fff00000)
  from space 512K, 18% used [0x00000000fff80000,0x00000000fff98000,0x0000000100000000)
  to   space 512K, 0% used [0x00000000fff00000,0x00000000fff00000,0x00000000fff80000)
 ParOldGen       total 13312K, used 4808K [0x00000000fe200000, 0x00000000fef00000, 0x00000000ff600000)
  object space 13312K, 36% used [0x00000000fe200000,0x00000000fe6b2138,0x00000000fef00000)
 Metaspace       used 12559K, capacity 15136K, committed 25256K, reserved 1064960K
  class space    used 2583K, capacity 3138K, committed 9904K, reserved 1048576K
}
2025-06-20T08:00:41.635+0300: 5.945: Total time for which application threads were stopped: 0.0021608 seconds, Stopping threads took: 0.0000199 seconds
{Heap before GC invocations=261 (full 2):
 PSYoungGen      total 9728K, used 9312K [0x00000000ff600000, 0x0000000100000000, 0x0000000100000000)
  eden space 9216K, 100% used [0x00000000ff600000,0x00000000fff00000,0x00000000fff00000)
  from space 512K, 18% used [0x00000000fff80000,0x00000000fff98000,0x0000000100000000)
  to   space 512K, 0% used [0x00000000fff00000,0x00000000fff00000,0x00000000fff80000)
 ParOldGen       total 13312K, used 4808K [0x00000000fe200000, 0x00000000fef00000, 0x00000000ff600000)
  object space 13312K, 36% used [0x00000000fe200000,0x00000000fe6b2138,0x00000000fef00000)
 Metaspace       used 12674K, capacity 15322K, committed 25256K, reserved 1064960K
  class space    used 2629K, capacity 3200K, committed 9904K, reserved 1048576K
2025-06-20T08:00:41.651+0300: 5.961: [GC (Allocation Failure) 
Desired survivor size 524288 bytes, new threshold 1 (max 15)
[PSYoungGen: 9312K->192K(9728K)] 14120K->5056K(23040K), 0.0014981 secs] [Times: user=0.01 sys=0.00, real=0.00 secs] 
Heap after GC invocations=261 (full 2):
 PSYoungGen      total 9728K, used 192K [0x00000000ff600000, 0x0000000100000000, 0x0000000100000000)
  eden space 9216K, 0% used [0x00000000ff600000,0x00000000ff600000,0x00000000fff00000)
  from space 512K, 37% used [0x00000000fff00000,0x00000000fff30000,0x00000000fff80000)
  to   space 512K, 0% used [0x00000000fff80000,0x00000000fff80000,0x0000000100000000)
 ParOldGen       total 13312K, used 4864K [0x00000000fe200000, 0x00000000fef00000, 0x00000000ff600000)
  object space 13312K, 36% used [0x00000000fe200000,0x00000000fe6c0138,0x00000000fef00000)
 Metaspace       used 12674K, capacity 15322K, committed 25256K, reserved 1064960K
  class space    used 2629K, capacity 3200K, committed 9904K, reserved 1048576K
}
2025-06-20T08:00:41.652+0300: 5.963: Total time for which application threads were stopped: 0.0015952 seconds, Stopping threads took: 0.0000195 seconds
{Heap before GC invocations=262 (full 2):
 PSYoungGen      total 9728K, used 9408K [0x00000000ff600000, 0x0000000100000000, 0x0000000100000000)
  eden space 9216K, 100% used [0x00000000ff600000,0x00000000fff00000,0x00000000fff00000)
  from space 512K, 37% used [0x00000000fff00000,0x00000000fff30000,0x00000000fff80000)
  to   space 512K, 0% used [0x00000000fff80000,0x00000000fff80000,0x0000000100000000)
 ParOldGen       total 13312K, used 4864K [0x00000000fe200000, 0x00000000fef00000, 0x00000000ff600000)
  object space 13312K, 36% used [0x00000000fe200000,0x00000000fe6c0138,0x00000000fef00000)
 Metaspace       used 12792K, capacity 15514K, committed 25256K, reserved 1064960K
  class space    used 2678K, capacity 3264K, committed 9904K, reserved 1048576K
2025-06-20T08:00:41.668+0300: 5.979: [GC (Allocation Failure) 
Desired survivor size 524288 bytes, new threshold 1 (max 15)
[PSYoungGen: 9408K->128K(9728K)] 14272K->5040K(23040K), 0.0015170 secs] [Times: user=0.01 sys=0.00, real=0.00 secs] 
Heap after GC invocations=262 (full 2):
 PSYoungGen      total 9728K, used 128K [0x00000000ff600000, 0x0000000100000000, 0x0000000100000000)
  eden space 9216K, 0% used [0x00000000ff600000,0x00000000ff600000,0x00000000fff00000)
  from space 512K, 25% used [0x00000000fff80000,0x00000000fffa0000,0x0000000100000000)
  to   space 512K, 0% used [0x00000000fff00000,0x00000000fff00000,0x00000000fff80000)
 ParOldGen       total 13312K, used 4912K [0x00000000fe200000, 0x00000000fef00000, 0x00000000ff600000)
  object space 13312K, 36% used [0x00000000fe200000,0x00000000fe6cc138,0x00000000fef00000)
 Metaspace       used 12792K, capacity 15514K, committed 25256K, reserved 1064960K
  class space    used 2678K, capacity 3264K, committed 9904K, reserved 1048576K
}
2025-06-20T08:00:41.670+0300: 5.980: Total time for which application threads were stopped: 0.0016140 seconds, Stopping threads took: 0.0000194 seconds
{Heap before GC invocations=263 (full 2):
 PSYoungGen      total 9728K, used 9344K [0x00000000ff600000, 0x0000000100000000, 0x0000000100000000)
  eden space 9216K, 100% used [0x00000000ff600000,0x00000000fff00000,0x00000000fff00000)
  from space 512K, 25% used [0x00000000fff80000,0x00000000fffa0000,0x0000000100000000)
  to   space 512K, 0% used [0x00000000fff00000,0x00000000fff00000,0x00000000fff80000)
 ParOldGen       total 13312K, used 4912K [0x00000000fe200000, 0x00000000fef00000, 0x00000000ff600000)
  object space 13312K, 36% used [0x00000000fe200000,0x00000000fe6cc138,0x00000000fef00000)
 Metaspace       used 12906K, capacity 15700K, committed 25256K, reserved 1064960K
  class space    used 2724K, capacity 3326K, committed 9904K, reserved 1048576K
2025-06-20T08:00:41.686+0300: 5.997: [GC (Allocation Failure) 
Desired survivor size 524288 bytes, new threshold 1 (max 15)
[PSYoungGen: 9344K->160K(9728K)] 14256K->5120K(23040K), 0.0016050 secs] [Times: user=0.01 sys=0.00, real=0.01 secs] 
Heap after GC invocations=263 (full 2):
 PSYoungGen      total 9728K, used 160K [0x00000000ff600000, 0x0000000100000000, 0x0000000100000000)
  eden space 9216K, 0% used [0x00000000ff600000,0x00000000ff600000,0x00000000fff00000)
  from space 512K, 31% used [0x00000000fff00000,0x00000000fff28000,0x00000000fff80000)
  to   space 512K, 0% used [0x00000000fff80000,0x00000000fff80000,0x0000000100000000)
 ParOldGen       total 13312K, used 4960K [0x00000000fe200000, 0x00000000fef00000, 0x00000000ff600000)
  object space 13312K, 37% used [0x00000000fe200000,0x00000000fe6d8138,0x00000000fef00000)
 Metaspace       used 12906K, capacity 15700K, committed 25256K, reserved 1064960K
  class space    used 2724K, capacity 3326K, committed 9904K, reserved 1048576K
}
2025-06-20T08:00:41.688+0300: 5.998: Total time for which application threads were stopped: 0.0017019 seconds, Stopping threads took: 0.0000158 seconds
{Heap before GC invocations=264 (full 2):
 PSYoungGen      total 9728K, used 9376K [0x00000000ff600000, 0x0000000100000000, 0x0000000100000000)
  eden space 9216K, 100% used [0x00000000ff600000,0x00000000fff00000,0x00000000fff00000)
  from space 512K, 31% used [0x00000000fff00000,0x00000000fff28000,0x00000000fff80000)
  to   space 512K, 0% used [0x00000000fff80000,0x00000000fff80000,0x0000000100000000)
 ParOldGen       total 13312K, used 4960K [0x00000000fe200000, 0x00000000fef00000, 0x00000000ff600000)
  object space 13312K, 37% used [0x00000000fe200000,0x00000000fe6d8138,0x00000000fef00000)
 Metaspace       used 13020K, capacity 15886K, committed 25256K, reserved 1064960K
  class space    used 2771K, capacity 3388K, committed 9904K, reserved 1048576K
2025-06-20T08:00:41.703+0300: 6.014: [GC (Allocation Failure) 
Desired survivor size 524288 bytes, new threshold 1 (max 15)
[PSYoungGen: 9376K->208K(9728K)] 14336K->5224K(23040K), 0.0016588 secs] [Times: user=0.01 sys=0.00, real=0.00 secs] 
Heap after GC invocations=264 (full 2):
 PSYoungGen      total 9728K, used 208K [0x00000000ff600000, 0x0000000100000000, 0x0000000100000000)
  eden space 9216K, 0% used [0x00000000ff600000,0x00000000ff600000,0x00000000fff00000)
  from space 512K, 40% used [0x00000000fff80000,0x00000000fffb4010,0x0000000100000000)
  to   space 512K, 0% used [0x00000000fff00000,0x00000000fff00000,0x00000000fff80000)
 ParOldGen       total 13312K, used 5016K [0x00000000fe200000, 0x00000000fef00000, 0x00000000ff600000)
  object space 13312K, 37% used [0x00000000fe200000,0x00000000fe6e6138,0x00000000fef00000)
 Metaspace       used 13020K, capacity 15886K, committed 25256K, reserved 1064960K
  class space    used 2771K, capacity 3388K, committed 9904K, reserved 1048576K
}
2025-06-20T08:00:41.705+0300: 6.015: Total time for which application threads were stopped: 0.0017458 seconds, Stopping threads took: 0.0000153 seconds
{Heap before GC invocations=265 (full 2):
 PSYoungGen      total 9728K, used 9424K [0x00000000ff600000, 0x0000000100000000, 0x0000000100000000)
  eden space 9216K, 100% used [0x00000000ff600000,0x00000000fff00000,0x00000000fff00000)
  from space 512K, 40% used [0x00000000fff80000,0x00000000fffb4010,0x0000000100000000)
  to   space 512K, 0% used [0x00000000fff00000,0x00000000fff00000,0x00000000fff80000)
 ParOldGen       total 13312K, used 5016K [0x00000000fe200000, 0x00000000fef00000, 0x00000000ff600000)
  object space 13312K, 37% used [0x00000000fe200000,0x00000000fe6e6138,0x00000000fef00000)
 Metaspace       used 13138K, capacity 16078K, committed 25256K, reserved 1064960K
  class space    used 2819K, capacity 3452K, committed 9904K, reserved 1048576K
2025-06-20T08:00:41.721+0300: 6.031: [GC (Allocation Failure) 
Desired survivor size 524288 bytes, new threshold 1 (max 15)
[PSYoungGen: 9424K->160K(9728K)] 14440K->5232K(23040K), 0.0015142 secs] [Times: user=0.00 sys=0.00, real=0.00 secs] 
Heap after GC invocations=265 (full 2):
 PSYoungGen      total 9728K, used 160K [0x00000000ff600000, 0x0000000100000000, 0x0000000100000000)
  eden space 9216K, 0% used [0x00000000ff600000,0x00000000ff600000,0x00000000fff00000)
  from space 512K, 31% used [0x00000000fff00000,0x00000000fff28000,0x00000000fff80000)
  to   space 512K, 0% used [0x00000000fff80000,0x00000000fff80000,0x0000000100000000)
 ParOldGen       total 13312K, used 5072K [0x00000000fe200000, 0x00000000fef00000, 0x00000000ff600000)
  object space 13312K, 38% used [0x00000000fe200000,0x00000000fe6f4138,0x00000000fef00000)
 Metaspace       used 13138K, capacity 16078K, committed 25256K, reserved 1064960K
  class space    used 2819K, capacity 3452K, committed 9904K, reserved 1048576K
}
2025-06-20T08:00:41.722+0300: 6.033: Total time for which application threads were stopped: 0.0016033 seconds, Stopping threads took: 0.0000161 seconds
{Heap before GC invocations=266 (full 2):
 PSYoungGen      total 9728K, used 9376K [0x00000000ff600000, 0x0000000100000000, 0x0000000100000000)
  eden space 9216K, 100% used [0x00000000ff600000,0x00000000fff00000,0x00000000fff00000)
  from space 512K, 31% used [0x00000000fff00000,0x00000000fff28000,0x00000000fff80000)
  to   space 512K, 0% used [0x00000000fff80000,0x00000000fff80000,0x0000000100000000)
 ParOldGen       total 13312K, used 5072K [0x00000000fe200000, 0x00000000fef00000, 0x00000000ff600000)
  object space 13312K, 38% used [0x00000000fe200000,0x00000000fe6f4138,0x00000000fef00000)
 Metaspace       used 13253K, capacity 16264K, committed 25256K, reserved 1064960K
  class space    used 2866K, capacity 3514K, committed 9904K, reserved 1048576K
2025-06-20T08:00:41.738+0300: 6.049: [GC (Allocation Failure) 
Desired survivor size 524288 bytes, new threshold 1 (max 15)
[PSYoungGen: 9376K->160K(9728K)] 14448K->5280K(23040K), 0.0016051 secs] [Times: user=0.01 sys=0.00, real=0.00 secs] 
Heap after GC invocations=266 (full 2):
 PSYoungGen      total 9728K, used 160K [0x00000000ff600000, 0x0000000100000000, 0x0000000100000000)
  eden space 9216K, 0% used [0x00000000ff600000,0x00000000ff600000,0x00000000fff00000)
  from space 512K, 31% used [0x00000000fff80000,0x00000000fffa8000,0x0000000100000000)
  to   space 512K, 0% used [0x00000000fff00000,0x00000000fff00000,0x00000000fff80000)
 ParOldGen       total 13312K, used 5120K [0x00000000fe200000, 0x00000000fef00000, 0x00000000ff600000)
  object space 13312K, 38% used [0x00000000fe200000,0x00000000fe700138,0x00000000fef00000)
 Metaspace       used 13253K, capacity 16264K, committed 25256K, reserved 1064960K
  class space    used 2866K, capacity 3514K, committed 9904K, reserved 1048576K
}
2025-06-20T08:00:41.740+0300: 6.050: Total time for which application threads were stopped: 0.0016932 seconds, Stopping threads took: 0.0000197 seconds
{Heap before GC invocations=267 (full 2):
 PSYoungGen      total 9728K, used 9376K [0x00000000ff600000, 0x0000000100000000, 0x0000000100000000)
  eden space 9216K, 100% used [0x00000000ff600000,0x00000000fff00000,0x00000000fff00000)
  from space 512K, 31% used [0x00000000fff80000,0x00000000fffa8000,0x0000000100000000)
  to   space 512K, 0% used [0x00000000fff00000,0x00000000fff00000,0x00000000fff80000)
 ParOldGen       total 13312K, used 5120K [0x00000000fe200000, 0x00000000fef00000, 0x00000000ff600000)
  object space 13312K, 38% used [0x00000000fe200000,0x00000000fe700138,0x00000000fef00000)
 Metaspace       used 13367K, capacity 16450K, committed 25256K, reserved 1064960K
  class space    used 2913K, capacity 3576K, committed 9904K, reserved 1048576K
2025-06-20T08:00:41.755+0300: 6.066: [GC (Allocation Failure) 
Desired survivor size 524288 bytes, new threshold 1 (max 15)
[PSYoungGen: 9376K->160K(9728K)] 14496K->5328K(23040K), 0.0015941 secs] [Times: user=0.01 sys=0.00, real=0.01 secs] 
Heap after GC invocations=267 (full 2):
 PSYoungGen      total 9728K, used 160K [0x00000000ff600000, 0x0000000100000000, 0x0000000100000000)
  eden space 9216K, 0% used [0x00000000ff600000,0x00000000ff600000,0x00000000fff00000)
  from space 512K, 31% used [0x00000000fff00000,0x00000000fff28000,0x00000000fff80000)
  to   space 512K, 0% used [0x00000000fff80000,0x00000000fff80000,0x0000000100000000)
 ParOldGen       total 13312K, used 5168K [0x00000000fe200000, 0x00000000fef00000, 0x00000000ff600000)
  object space 13312K, 38% used [0x00000000fe200000,0x00000000fe70c138,0x00000000fef00000)
 Metaspace       used 13367K, capacity 16450K, committed 25256K, reserved 1064960K
  class space    used 2913K, capacity 3576K, committed 9904K, reserved 1048576K
}
2025-06-20T08:00:41.757+0300: 6.068: Total time for which application threads were stopped: 0.0016970 seconds, Stopping threads took: 0.0000206 seconds
{Heap before GC invocations=268 (full 2):
 PSYoungGen      total 9728K, used 9376K [0x00000000ff600000, 0x0000000100000000, 0x0000000100000000)
  eden space 9216K, 100% used [0x00000000ff600000,0x00000000fff00000,0x00000000fff00000)
  from space 512K, 31% used [0x00000000fff00000,0x00000000fff28000,0x00000000fff80000)
  to   space 512K, 0% used [0x00000000fff80000,0x00000000fff80000,0x0000000100000000)
 ParOldGen       total 13312K, used 5168K [0x00000000fe200000, 0x00000000fef00000, 0x00000000ff600000)
  object space 13312K, 38% used [0x00000000fe200000,0x00000000fe70c138,0x00000000fef00000)
 Metaspace       used 13485K, capacity 16642K, committed 25256K, reserved 1064960K
  class space    used 2961K, capacity 3640K, committed 9904K, reserved 1048576K
2025-06-20T08:00:41.773+0300: 6.084: [GC (Allocation Failure) 
Desired survivor size 524288 bytes, new threshold 1 (max 15)
[PSYoungGen: 9376K->96K(9728K)] 14544K->5312K(23040K), 0.0029577 secs] [Times: user=0.01 sys=0.00, real=0.00 secs] 
Heap after GC invocations=268 (full 2):
 PSYoungGen      total 9728K, used 96K [0x00000000ff600000, 0x0000000100000000, 0x0000000100000000)
  eden space 9216K, 0% used [0x00000000ff600000,0x00000000ff600000,0x00000000fff00000)
  from space 512K, 18% used [0x00000000fff80000,0x00000000fff98000,0x0000000100000000)
  to   space 512K, 0% used [0x00000000fff00000,0x00000000fff00000,0x00000000fff80000)
 ParOldGen       total 13312K, used 5216K [0x00000000fe200000, 0x00000000fef00000, 0x00000000ff600000)
  object space 13312K, 39% used [0x00000000fe200000,0x00000000fe718138,0x00000000fef00000)
 Metaspace       used 13485K, capacity 16642K, committed 25256K, reserved 1064960K
  class space    used 2961K, capacity 3640K, committed 9904K, reserved 1048576K
}
2025-06-20T08:00:41.776+0300: 6.087: Total time for which application threads were stopped: 0.0030600 seconds, Stopping threads took: 0.0000177 seconds
{Heap before GC invocations=269 (full 2):
 PSYoungGen      total 9728K, used 9312K [0x00000000ff600000, 0x0000000100000000, 0x0000000100000000)
  eden space 9216K, 100% used [0x00000000ff600000,0x00000000fff00000,0x00000000fff00000)
  from space 512K, 18% used [0x00000000fff80000,0x00000000fff98000,0x0000000100000000)
  to   space 512K, 0% used [0x00000000fff00000,0x00000000fff00000,0x00000000fff80000)
 ParOldGen       total 13312K, used 5216K [0x00000000fe200000, 0x00000000fef00000, 0x00000000ff600000)
  object space 13312K, 39% used [0x00000000fe200000,0x00000000fe718138,0x00000000fef00000)
 Metaspace       used 13599K, capacity 16828K, committed 25256K, reserved 1064960K
  class space    used 3008K, capacity 3702K, committed 9904K, reserved 1048576K
2025-06-20T08:00:41.793+0300: 6.104: [GC (Allocation Failure) 
Desired survivor size 524288 bytes, new threshold 1 (max 15)
[PSYoungGen: 9312K->128K(9728K)] 14528K->5400K(23040K), 0.0021269 secs] [Times: user=0.01 sys=0.00, real=0.00 secs] 
Heap after GC invocations=269 (full 2):
 PSYoungGen      total 9728K, used 128K [0x00000000ff600000, 0x0000000100000000, 0x0000000100000000)
  eden space 9216K, 0% used [0x00000000ff600000,0x00000000ff600000,0x00000000fff00000)
  from space 512K, 25% used [0x00000000fff00000,0x00000000fff20000,0x00000000fff80000)
  to   space 512K, 0% used [0x00000000fff80000,0x00000000fff80000,0x0000000100000000)
 ParOldGen       total 13312K, used 5272K [0x00000000fe200000, 0x00000000fef00000, 0x00000000ff600000)
  object space 13312K, 39% used [0x00000000fe200000,0x00000000fe726138,0x00000000fef00000)
 Metaspace       used 13599K, capacity 16828K, committed 25256K, reserved 1064960K
  class space    used 3008K, capacity 3702K, committed 9904K, reserved 1048576K
}
2025-06-20T08:00:41.796+0300: 6.106: Total time for which application threads were stopped: 0.0022219 seconds, Stopping threads took: 0.0000205 seconds
{Heap before GC invocations=270 (full 2):
 PSYoungGen      total 9728K, used 9344K [0x00000000ff600000, 0x0000000100000000, 0x0000000100000000)
  eden space 9216K, 100% used [0x00000000ff600000,0x00000000fff00000,0x00000000fff00000)
  from space 512K, 25% used [0x00000000fff00000,0x00000000fff20000,0x00000000fff80000)
  to   space 512K, 0% used [0x00000000fff80000,0x00000000fff80000,0x0000000100000000)
 ParOldGen       total 13312K, used 5272K [0x00000000fe200000, 0x00000000fef00000, 0x00000000ff600000)
  object space 13312K, 39% used [0x00000000fe200000,0x00000000fe726138,0x00000000fef00000)
 Metaspace       used 13714K, capacity 17014K, committed 25256K, reserved 1064960K
  class space    used 3055K, capacity 3764K, committed 9904K, reserved 1048576K
2025-06-20T08:00:41.812+0300: 6.123: [GC (Allocation Failure) 
Desired survivor size 524288 bytes, new threshold 1 (max 15)
[PSYoungGen: 9344K->176K(9728K)] 14616K->5496K(23040K), 0.0026492 secs] [Times: user=0.01 sys=0.00, real=0.00 secs] 
Heap after GC invocations=270 (full 2):
 PSYoungGen      total 9728K, used 176K [0x00000000ff600000, 0x0000000100000000, 0x0000000100000000)
  eden space 9216K, 0% used [0x00000000ff600000,0x00000000ff600000,0x00000000fff00000)
  from space 512K, 34% used [0x00000000fff80000,0x00000000fffac010,0x0000000100000000)
  to   space 512K, 0% used [0x00000000fff00000,0x00000000fff00000,0x00000000fff80000)
 ParOldGen       total 13312K, used 5320K [0x00000000fe200000, 0x00000000fef00000, 0x00000000ff600000)
  object space 13312K, 39% used [0x00000000fe200000,0x00000000fe732138,0x00000000fef00000)
 Metaspace       used 13714K, capacity 17014K, committed 25256K, reserved 1064960K
  class space    used 3055K, capacity 3764K, committed 9904K, reserved 1048576K
}
2025-06-20T08:00:41.815+0300: 6.126: Total time for which application threads were stopped: 0.0027634 seconds, Stopping threads took: 0.0000207 seconds
{Heap before GC invocations=271 (full 2):
 PSYoungGen      total 9728K, used 9392K [0x00000000ff600000, 0x0000000100000000, 0x0000000100000000)
  eden space 9216K, 100% used [0x00000000ff600000,0x00000000fff00000,0x00000000fff00000)
  from space 512K, 34% used [0x00000000fff80000,0x00000000fffac010,0x0000000100000000)
  to   space 512K, 0% used [0x00000000fff00000,0x00000000fff00000,0x00000000fff80000)
 ParOldGen       total 13312K, used 5320K [0x00000000fe200000, 0x00000000fef00000, 0x00000000ff600000)
  object space 13312K, 39% used [0x00000000fe200000,0x00000000fe732138,0x00000000fef00000)
 Metaspace       used 13832K, capacity 17206K, committed 25256K, reserved 1064960K
  class space    used 3103K, capacity 3828K, committed 9904K, reserved 1048576K
2025-06-20T08:00:41.832+0300: 6.143: [GC (Allocation Failure) 
Desired survivor size 524288 bytes, new threshold 1 (max 15)
[PSYoungGen: 9392K->160K(9728K)] 14712K->5528K(23040K), 0.0022327 secs] [Times: user=0.01 sys=0.00, real=0.00 secs] 
Heap after GC invocations=271 (full 2):
 PSYoungGen      total 9728K, used 160K [0x00000000ff600000, 0x0000000100000000, 0x0000000100000000)
  eden space 9216K, 0% used [0x00000000ff600000,0x00000000ff600000,0x00000000fff00000)
  from space 512K, 31% used [0x00000000fff00000,0x00000000fff28000,0x00000000fff80000)
  to   space 512K, 0% used [0x00000000fff80000,0x00000000fff80000,0x0000000100000000)
 ParOldGen       total 13312K, used 5368K [0x00000000fe200000, 0x00000000fef00000, 0x00000000ff600000)
  object space 13312K, 40% used [0x00000000fe200000,0x00000000fe73e138,0x00000000fef00000)
 Metaspace       used 13832K, capacity 17206K, committed 25256K, reserved 1064960K
  class space    used 3103K, capacity 3828K, committed 9904K, reserved 1048576K
}
2025-06-20T08:00:41.834+0300: 6.145: Total time for which application threads were stopped: 0.0023529 seconds, Stopping threads took: 0.0000236 seconds
{Heap before GC invocations=272 (full 2):
 PSYoungGen      total 9728K, used 9376K [0x00000000ff600000, 0x0000000100000000, 0x0000000100000000)
  eden space 9216K, 100% used [0x00000000ff600000,0x00000000fff00000,0x00000000fff00000)
  from space 512K, 31% used [0x00000000fff00000,0x00000000fff28000,0x00000000fff80000)
  to   space 512K, 0% used [0x00000000fff80000,0x00000000fff80000,0x0000000100000000)
 ParOldGen       total 13312K, used 5368K [0x00000000fe200000, 0x00000000fef00000, 0x00000000ff600000)
  object space 13312K, 40% used [0x00000000fe200000,0x00000000fe73e138,0x00000000fef00000)
 Metaspace       used 13946K, capacity 17392K, committed 25256K, reserved 1064960K
  class space    used 3150K, capacity 3890K, committed 9904K, reserved 1048576K
2025-06-20T08:00:41.851+0300: 6.162: [GC (Allocation Failure) 
Desired survivor size 524288 bytes, new threshold 1 (max 15)
[PSYoungGen: 9376K->160K(9728K)] 14744K->5576K(23040K), 0.0015358 secs] [Times: user=0.01 sys=0.00, real=0.00 secs] 
Heap after GC invocations=272 (full 2):
 PSYoungGen      total 9728K, used 160K [0x00000000ff600000, 0x0000000100000000, 0x0000000100000000)
  eden space 9216K, 0% used [0x00000000ff600000,0x00000000ff600000,0x00000000fff00000)
  from space 512K, 31% used [0x00000000fff80000,0x00000000fffa8000,0x0000000100000000)
  to   space 512K, 0% used [0x00000000fff00000,0x00000000fff00000,0x00000000fff80000)
 ParOldGen       total 13312K, used 5416K [0x00000000fe200000, 0x00000000fef00000, 0x00000000ff600000)
  object space 13312K, 40% used [0x00000000fe200000,0x00000000fe74a138,0x00000000fef00000)
 Metaspace       used 13946K, capacity 17392K, committed 25256K, reserved 1064960K
  class space    used 3150K, capacity 3890K, committed 9904K, reserved 1048576K
}
2025-06-20T08:00:41.852+0300: 6.163: Total time for which application threads were stopped: 0.0016274 seconds, Stopping threads took: 0.0000184 seconds
{Heap before GC invocations=273 (full 2):
 PSYoungGen      total 9728K, used 9376K [0x00000000ff600000, 0x0000000100000000, 0x0000000100000000)
  eden space 9216K, 100% used [0x00000000ff600000,0x00000000fff00000,0x00000000fff00000)
  from space 512K, 31% used [0x00000000fff80000,0x00000000fffa8000,0x0000000100000000)
  to   space 512K, 0% used [0x00000000fff00000,0x00000000fff00000,0x00000000fff80000)
 ParOldGen       total 13312K, used 5416K [0x00000000fe200000, 0x00000000fef00000, 0x00000000ff600000)
  object space 13312K, 40% used [0x00000000fe200000,0x00000000fe74a138,0x00000000fef00000)
 Metaspace       used 14060K, capacity 17578K, committed 25256K, reserved 1064960K
  class space    used 3196K, capacity 3952K, committed 9904K, reserved 1048576K
2025-06-20T08:00:41.869+0300: 6.180: [GC (Allocation Failure) 
Desired survivor size 524288 bytes, new threshold 1 (max 15)
[PSYoungGen: 9376K->208K(9728K)] 14792K->5680K(23040K), 0.0019118 secs] [Times: user=0.01 sys=0.00, real=0.00 secs] 
Heap after GC invocations=273 (full 2):
 PSYoungGen      total 9728K, used 208K [0x00000000ff600000, 0x0000000100000000, 0x0000000100000000)
  eden space 9216K, 0% used [0x00000000ff600000,0x00000000ff600000,0x00000000fff00000)
  from space 512K, 40% used [0x00000000fff00000,0x00000000fff34010,0x00000000fff80000)
  to   space 512K, 0% used [0x00000000fff80000,0x00000000fff80000,0x0000000100000000)
 ParOldGen       total 13312K, used 5472K [0x00000000fe200000, 0x00000000fef00000, 0x00000000ff600000)
  object space 13312K, 41% used [0x00000000fe200000,0x00000000fe758138,0x00000000fef00000)
 Metaspace       used 14060K, capacity 17578K, committed 25256K, reserved 1064960K
  class space    used 3196K, capacity 3952K, committed 9904K, reserved 1048576K
}
2025-06-20T08:00:41.871+0300: 6.182: Total time for which application threads were stopped: 0.0020132 seconds, Stopping threads took: 0.0000192 seconds
{Heap before GC invocations=274 (full 2):
 PSYoungGen      total 9728K, used 9424K [0x00000000ff600000, 0x0000000100000000, 0x0000000100000000)
  eden space 9216K, 100% used [0x00000000ff600000,0x00000000fff00000,0x00000000fff00000)
  from space 512K, 40% used [0x00000000fff00000,0x00000000fff34010,0x00000000fff80000)
  to   space 512K, 0% used [0x00000000fff80000,0x00000000fff80000,0x0000000100000000)
 ParOldGen       total 13312K, used 5472K [0x00000000fe200000, 0x00000000fef00000, 0x00000000ff600000)
  object space 13312K, 41% used [0x00000000fe200000,0x00000000fe758138,0x00000000fef00000)
 Metaspace       used 14178K, capacity 17770K, committed 25256K, reserved 1064960K
  class space    used 3245K, capacity 4016K, committed 9904K, reserved 1048576K
2025-06-20T08:00:41.887+0300: 6.198: [GC (Allocation Failure) 
Desired survivor size 524288 bytes, new threshold 1 (max 15)
[PSYoungGen: 9424K->128K(9728K)] 14896K->5648K(23040K), 0.0022393 secs] [Times: user=0.01 sys=0.01, real=0.00 secs] 
Heap after GC invocations=274 (full 2):
 PSYoungGen      total 9728K, used 128K [0x00000000ff600000, 0x0000000100000000, 0x0000000100000000)
  eden space 9216K, 0% used [0x00000000ff600000,0x00000000ff600000,0x00000000fff00000)
  from space 512K, 25% used [0x00000000fff80000,0x00000000fffa0000,0x0000000100000000)
  to   space 512K, 0% used [0x00000000fff00000,0x00000000fff00000,0x00000000fff80000)
 ParOldGen       total 13312K, used 5520K [0x00000000fe200000, 0x00000000fef00000, 0x00000000ff600000)
  object space 13312K, 41% used [0x00000000fe200000,0x00000000fe764138,0x00000000fef00000)
 Metaspace       used 14178K, capacity 17770K, committed 25256K, reserved 1064960K
  class space    used 3245K, capacity 4016K, committed 9904K, reserved 1048576K
}
2025-06-20T08:00:41.889+0300: 6.200: Total time for which application threads were stopped: 0.0023239 seconds, Stopping threads took: 0.0000172 seconds
{Heap before GC invocations=275 (full 2):
 PSYoungGen      total 9728K, used 9344K [0x00000000ff600000, 0x0000000100000000, 0x0000000100000000)
  eden space 9216K, 100% used [0x00000000ff600000,0x00000000fff00000,0x00000000fff00000)
  from space 512K, 25% used [0x00000000fff80000,0x00000000fffa0000,0x0000000100000000)
  to   space 512K, 0% used [0x00000000fff00000,0x00000000fff00000,0x00000000fff80000)
 ParOldGen       total 13312K, used 5520K [0x00000000fe200000, 0x00000000fef00000, 0x00000000ff600000)
  object space 13312K, 41% used [0x00000000fe200000,0x00000000fe764138,0x00000000fef00000)
 Metaspace       used 14292K, capacity 17956K, committed 25256K, reserved 1064960K
  class space    used 3291K, capacity 4078K, committed 9904K, reserved 1048576K
2025-06-20T08:00:41.904+0300: 6.215: [GC (Allocation Failure) 
Desired survivor size 524288 bytes, new threshold 1 (max 15)
[PSYoungGen: 9344K->128K(9728K)] 14864K->5704K(23040K), 0.0021120 secs] [Times: user=0.01 sys=0.00, real=0.00 secs] 
Heap after GC invocations=275 (full 2):
 PSYoungGen      total 9728K, used 128K [0x00000000ff600000, 0x0000000100000000, 0x0000000100000000)
  eden space 9216K, 0% used [0x00000000ff600000,0x00000000ff600000,0x00000000fff00000)
  from space 512K, 25% used [0x00000000fff00000,0x00000000fff20000,0x00000000fff80000)
  to   space 512K, 0% used [0x00000000fff80000,0x00000000fff80000,0x0000000100000000)
 ParOldGen       total 13312K, used 5576K [0x00000000fe200000, 0x00000000fef00000, 0x00000000ff600000)
  object space 13312K, 41% used [0x00000000fe200000,0x00000000fe772138,0x00000000fef00000)
 Metaspace       used 14292K, capacity 17956K, committed 25256K, reserved 1064960K
  class space    used 3291K, capacity 4078K, committed 9904K, reserved 1048576K
}
2025-06-20T08:00:41.907+0300: 6.217: Total time for which application threads were stopped: 0.0022015 seconds, Stopping threads took: 0.0000179 seconds
{Heap before GC invocations=276 (full 2):
 PSYoungGen      total 9728K, used 9344K [0x00000000ff600000, 0x0000000100000000, 0x0000000100000000)
  eden space 9216K, 100% used [0x00000000ff600000,0x00000000fff00000,0x00000000fff00000)
  from space 512K, 25% used [0x00000000fff00000,0x00000000fff20000,0x00000000fff80000)
  to   space 512K, 0% used [0x00000000fff80000,0x00000000fff80000,0x0000000100000000)
 ParOldGen       total 13312K, used 5576K [0x00000000fe200000, 0x00000000fef00000, 0x00000000ff600000)
  object space 13312K, 41% used [0x00000000fe200000,0x00000000fe772138,0x00000000fef00000)
 Metaspace       used 14407K, capacity 18142K, committed 25256K, reserved 1064960K
  class space    used 3338K, capacity 4140K, committed 9904K, reserved 1048576K
2025-06-20T08:00:41.922+0300: 6.232: [GC (Allocation Failure) 
Desired survivor size 524288 bytes, new threshold 1 (max 15)
[PSYoungGen: 9344K->176K(9728K)] 14920K->5800K(23040K), 0.0015651 secs] [Times: user=0.01 sys=0.00, real=0.00 secs] 
Heap after GC invocations=276 (full 2):
 PSYoungGen      total 9728K, used 176K [0x00000000ff600000, 0x0000000100000000, 0x0000000100000000)
  eden space 9216K, 0% used [0x00000000ff600000,0x00000000ff600000,0x00000000fff00000)
  from space 512K, 34% used [0x00000000fff80000,0x00000000fffac010,0x0000000100000000)
  to   space 512K, 0% used [0x00000000fff00000,0x00000000fff00000,0x00000000fff80000)
 ParOldGen       total 13312K, used 5624K [0x00000000fe200000, 0x00000000fef00000, 0x00000000ff600000)
  object space 13312K, 42% used [0x00000000fe200000,0x00000000fe77e138,0x00000000fef00000)
 Metaspace       used 14407K, capacity 18142K, committed 25256K, reserved 1064960K
  class space    used 3338K, capacity 4140K, committed 9904K, reserved 1048576K
}
2025-06-20T08:00:41.923+0300: 6.234: Total time for which application threads were stopped: 0.0016520 seconds, Stopping threads took: 0.0000185 seconds
{Heap before GC invocations=277 (full 2):
 PSYoungGen      total 9728K, used 9392K [0x00000000ff600000, 0x0000000100000000, 0x0000000100000000)
  eden space 9216K, 100% used [0x00000000ff600000,0x00000000fff00000,0x00000000fff00000)
  from space 512K, 34% used [0x00000000fff80000,0x00000000fffac010,0x0000000100000000)
  to   space 512K, 0% used [0x00000000fff00000,0x00000000fff00000,0x00000000fff80000)
 ParOldGen       total 13312K, used 5624K [0x00000000fe200000, 0x00000000fef00000, 0x00000000ff600000)
  object space 13312K, 42% used [0x00000000fe200000,0x00000000fe77e138,0x00000000fef00000)
 Metaspace       used 14525K, capacity 18334K, committed 25256K, reserved 1064960K
  class space    used 3386K, capacity 4204K, committed 9904K, reserved 1048576K
2025-06-20T08:00:41.939+0300: 6.249: [GC (Allocation Failure) 
Desired survivor size 524288 bytes, new threshold 1 (max 15)
[PSYoungGen: 9392K->192K(9728K)] 15016K->5872K(23040K), 0.0014041 secs] [Times: user=0.01 sys=0.00, real=0.00 secs] 
Heap after GC invocations=277 (full 2):
 PSYoungGen      total 9728K, used 192K [0x00000000ff600000, 0x0000000100000000, 0x0000000100000000)
  eden space 9216K, 0% used [0x00000000ff600000,0x00000000ff600000,0x00000000fff00000)
  from space 512K, 37% used [0x00000000fff00000,0x00000000fff30000,0x00000000fff80000)
  to   space 512K, 0% used [0x00000000fff80000,0x00000000fff80000,0x0000000100000000)
 ParOldGen       total 13312K, used 5680K [0x00000000fe200000, 0x00000000fef00000, 0x00000000ff600000)
  object space 13312K, 42% used [0x00000000fe200000,0x00000000fe78c138,0x00000000fef00000)
 Metaspace       used 14525K, capacity 18334K, committed 25256K, reserved 1064960K
  class space    used 3386K, capacity 4204K, committed 9904K, reserved 1048576K
}
2025-06-20T08:00:41.940+0300: 6.251: Total time for which application threads were stopped: 0.0014846 seconds, Stopping threads took: 0.0000159 seconds
{Heap before GC invocations=278 (full 2):
 PSYoungGen      total 9728K, used 9408K [0x00000000ff600000, 0x0000000100000000, 0x0000000100000000)
  eden space 9216K, 100% used [0x00000000ff600000,0x00000000fff00000,0x00000000fff00000)
  from space 512K, 37% used [0x00000000fff00000,0x00000000fff30000,0x00000000fff80000)
  to   space 512K, 0% used [0x00000000fff80000,0x00000000fff80000,0x0000000100000000)
 ParOldGen       total 13312K, used 5680K [0x00000000fe200000, 0x00000000fef00000, 0x00000000ff600000)
  object space 13312K, 42% used [0x00000000fe200000,0x00000000fe78c138,0x00000000fef00000)
 Metaspace       used 14639K, capacity 18520K, committed 25256K, reserved 1064960K
  class space    used 3433K, capacity 4266K, committed 9904K, reserved 1048576K
2025-06-20T08:00:41.955+0300: 6.266: [GC (Allocation Failure) 
Desired survivor size 524288 bytes, new threshold 1 (max 15)
[PSYoungGen: 9408K->160K(9728K)] 15088K->5896K(23040K), 0.0015502 secs] [Times: user=0.01 sys=0.00, real=0.00 secs] 
Heap after GC invocations=278 (full 2):
 PSYoungGen      total 9728K, used 160K [0x00000000ff600000, 0x0000000100000000, 0x0000000100000000)
  eden space 9216K, 0% used [0x00000000ff600000,0x00000000ff600000,0x00000000fff00000)
  from space 512K, 31% used [0x00000000fff80000,0x00000000fffa8000,0x0000000100000000)
  to   space 512K, 0% used [0x00000000fff00000,0x00000000fff00000,0x00000000fff80000)
 ParOldGen       total 13312K, used 5736K [0x00000000fe200000, 0x00000000fef00000, 0x00000000ff600000)
  object space 13312K, 43% used [0x00000000fe200000,0x00000000fe79a138,0x00000000fef00000)
 Metaspace       used 14639K, capacity 18520K, committed 25256K, reserved 1064960K
  class space    used 3433K, capacity 4266K, committed 9904K, reserved 1048576K
}
2025-06-20T08:00:41.957+0300: 6.267: Total time for which application threads were stopped: 0.0016405 seconds, Stopping threads took: 0.0000223 seconds
{Heap before GC invocations=279 (full 2):
 PSYoungGen      total 9728K, used 9376K [0x00000000ff600000, 0x0000000100000000, 0x0000000100000000)
  eden space 9216K, 100% used [0x00000000ff600000,0x00000000fff00000,0x00000000fff00000)
  from space 512K, 31% used [0x00000000fff80000,0x00000000fffa8000,0x0000000100000000)
  to   space 512K, 0% used [0x00000000fff00000,0x00000000fff00000,0x00000000fff80000)
 ParOldGen       total 13312K, used 5736K [0x00000000fe200000, 0x00000000fef00000, 0x00000000ff600000)
  object space 13312K, 43% used [0x00000000fe200000,0x00000000fe79a138,0x00000000fef00000)
 Metaspace       used 14753K, capacity 18706K, committed 25256K, reserved 1064960K
  class space    used 3480K, capacity 4328K, committed 9904K, reserved 1048576K
2025-06-20T08:00:41.971+0300: 6.282: [GC (Allocation Failure) 
Desired survivor size 524288 bytes, new threshold 1 (max 15)
[PSYoungGen: 9376K->160K(9728K)] 15112K->5944K(23040K), 0.0018635 secs] [Times: user=0.01 sys=0.00, real=0.00 secs] 
Heap after GC invocations=279 (full 2):
 PSYoungGen      total 9728K, used 160K [0x00000000ff600000, 0x0000000100000000, 0x0000000100000000)
  eden space 9216K, 0% used [0x00000000ff600000,0x00000000ff600000,0x00000000fff00000)
  from space 512K, 31% used [0x00000000fff00000,0x00000000fff28000,0x00000000fff80000)
  to   space 512K, 0% used [0x00000000fff80000,0x00000000fff80000,0x0000000100000000)
 ParOldGen       total 13312K, used 5784K [0x00000000fe200000, 0x00000000fef00000, 0x00000000ff600000)
  object space 13312K, 43% used [0x00000000fe200000,0x00000000fe7a6138,0x00000000fef00000)
 Metaspace       used 14753K, capacity 18706K, committed 25256K, reserved 1064960K
  class space    used 3480K, capacity 4328K, committed 9904K, reserved 1048576K
}
2025-06-20T08:00:41.973+0300: 6.284: Total time for which application threads were stopped: 0.0019607 seconds, Stopping threads took: 0.0000182 seconds
{Heap before GC invocations=280 (full 2):
 PSYoungGen      total 9728K, used 9376K [0x00000000ff600000, 0x0000000100000000, 0x0000000100000000)
  eden space 9216K, 100% used [0x00000000ff600000,0x00000000fff00000,0x00000000fff00000)
  from space 512K, 31% used [0x00000000fff00000,0x00000000fff28000,0x00000000fff80000)
  to   space 512K, 0% used [0x00000000fff80000,0x00000000fff80000,0x0000000100000000)
 ParOldGen       total 13312K, used 5784K [0x00000000fe200000, 0x00000000fef00000, 0x00000000ff600000)
  object space 13312K, 43% used [0x00000000fe200000,0x00000000fe7a6138,0x00000000fef00000)
 Metaspace       used 14871K, capacity 18898K, committed 25256K, reserved 1064960K
  class space    used 3528K, capacity 4392K, committed 9904K, reserved 1048576K
2025-06-20T08:00:41.989+0300: 6.300: [GC (Allocation Failure) 
Desired survivor size 524288 bytes, new threshold 1 (max 15)
[PSYoungGen: 9376K->160K(9728K)] 15160K->6000K(23040K), 0.0011650 secs] [Times: user=0.00 sys=0.00, real=0.00 secs] 
Heap after GC invocations=280 (full 2):
 PSYoungGen      total 9728K, used 160K [0x00000000ff600000, 0x0000000100000000, 0x0000000100000000)
  eden space 9216K, 0% used [0x00000000ff600000,0x00000000ff600000,0x00000000fff00000)
  from space 512K, 31% used [0x00000000fff80000,0x00000000fffa8000,0x0000000100000000)
  to   space 512K, 0% used [0x00000000fff00000,0x00000000fff00000,0x00000000fff80000)
 ParOldGen       total 13312K, used 5840K [0x00000000fe200000, 0x00000000fef00000, 0x00000000ff600000)
  object space 13312K, 43% used [0x00000000fe200000,0x00000000fe7b4138,0x00000000fef00000)
 Metaspace       used 14871K, capacity 18898K, committed 25256K, reserved 1064960K
  class space    used 3528K, capacity 4392K, committed 9904K, reserved 1048576K
}
2025-06-20T08:00:41.990+0300: 6.301: Total time for which application threads were stopped: 0.0012508 seconds, Stopping threads took: 0.0000193 seconds
{Heap before GC invocations=281 (full 2):
 PSYoungGen      total 9728K, used 9376K [0x00000000ff600000, 0x0000000100000000, 0x0000000100000000)
  eden space 9216K, 100% used [0x00000000ff600000,0x00000000fff00000,0x00000000fff00000)
  from space 512K, 31% used [0x00000000fff80000,0x00000000fffa8000,0x0000000100000000)
  to   space 512K, 0% used [0x00000000fff00000,0x00000000fff00000,0x00000000fff80000)
 ParOldGen       total 13312K, used 5840K [0x00000000fe200000, 0x00000000fef00000, 0x00000000ff600000)
  object space 13312K, 43% used [0x00000000fe200000,0x00000000fe7b4138,0x00000000fef00000)
 Metaspace       used 14986K, capacity 19084K, committed 25256K, reserved 1064960K
  class space    used 3575K, capacity 4454K, committed 9904K, reserved 1048576K
2025-06-20T08:00:42.006+0300: 6.317: [GC (Allocation Failure) 
Desired survivor size 524288 bytes, new threshold 1 (max 15)
[PSYoungGen: 9376K->160K(9728K)] 15216K->6048K(23040K), 0.0014611 secs] [Times: user=0.01 sys=0.00, real=0.01 secs] 
Heap after GC invocations=281 (full 2):
 PSYoungGen      total 9728K, used 160K [0x00000000ff600000, 0x0000000100000000, 0x0000000100000000)
  eden space 9216K, 0% used [0x00000000ff600000,0x00000000ff600000,0x00000000fff00000)
  from space 512K, 31% used [0x00000000fff00000,0x00000000fff28000,0x00000000fff80000)
  to   space 512K, 0% used [0x00000000fff80000,0x00000000fff80000,0x0000000100000000)
 ParOldGen       total 13312K, used 5888K [0x00000000fe200000, 0x00000000fef00000, 0x00000000ff600000)
  object space 13312K, 44% used [0x00000000fe200000,0x00000000fe7c0138,0x00000000fef00000)
 Metaspace       used 14986K, capacity 19084K, committed 25256K, reserved 1064960K
  class space    used 3575K, capacity 4454K, committed 9904K, reserved 1048576K
}
2025-06-20T08:00:42.008+0300: 6.318: Total time for which application threads were stopped: 0.0015513 seconds, Stopping threads took: 0.0000206 seconds
{Heap before GC invocations=282 (full 2):
 PSYoungGen      total 9728K, used 9376K [0x00000000ff600000, 0x0000000100000000, 0x0000000100000000)
  eden space 9216K, 100% used [0x00000000ff600000,0x00000000fff00000,0x00000000fff00000)
  from space 512K, 31% used [0x00000000fff00000,0x00000000fff28000,0x00000000fff80000)
  to   space 512K, 0% used [0x00000000fff80000,0x00000000fff80000,0x0000000100000000)
 ParOldGen       total 13312K, used 5888K [0x00000000fe200000, 0x00000000fef00000, 0x00000000ff600000)
  object space 13312K, 44% used [0x00000000fe200000,0x00000000fe7c0138,0x00000000fef00000)
 Metaspace       used 15100K, capacity 19270K, committed 25256K, reserved 1064960K
  class space    used 3622K, capacity 4516K, committed 9904K, reserved 1048576K
2025-06-20T08:00:42.023+0300: 6.334: [GC (Allocation Failure) 
Desired survivor size 524288 bytes, new threshold 1 (max 15)
[PSYoungGen: 9376K->240K(9728K)] 15264K->6184K(23040K), 0.0017027 secs] [Times: user=0.01 sys=0.00, real=0.00 secs] 
Heap after GC invocations=282 (full 2):
 PSYoungGen      total 9728K, used 240K [0x00000000ff600000, 0x0000000100000000, 0x0000000100000000)
  eden space 9216K, 0% used [0x00000000ff600000,0x00000000ff600000,0x00000000fff00000)
  from space 512K, 46% used [0x00000000fff80000,0x00000000fffbc010,0x0000000100000000)
  to   space 512K, 0% used [0x00000000fff00000,0x00000000fff00000,0x00000000fff80000)
 ParOldGen       total 13312K, used 5944K [0x00000000fe200000, 0x00000000fef00000, 0x00000000ff600000)
  object space 13312K, 44% used [0x00000000fe200000,0x00000000fe7ce138,0x00000000fef00000)
 Metaspace       used 15100K, capacity 19270K, committed 25256K, reserved 1064960K
  class space    used 3622K, capacity 4516K, committed 9904K, reserved 1048576K
}
2025-06-20T08:00:42.025+0300: 6.336: Total time for which application threads were stopped: 0.0018027 seconds, Stopping threads took: 0.0000156 seconds
{Heap before GC invocations=283 (full 2):
 PSYoungGen      total 9728K, used 9456K [0x00000000ff600000, 0x0000000100000000, 0x0000000100000000)
  eden space 9216K, 100% used [0x00000000ff600000,0x00000000fff00000,0x00000000fff00000)
  from space 512K, 46% used [0x00000000fff80000,0x00000000fffbc010,0x0000000100000000)
  to   space 512K, 0% used [0x00000000fff00000,0x00000000fff00000,0x00000000fff80000)
 ParOldGen       total 13312K, used 5944K [0x00000000fe200000, 0x00000000fef00000, 0x00000000ff600000)
  object space 13312K, 44% used [0x00000000fe200000,0x00000000fe7ce138,0x00000000fef00000)
 Metaspace       used 15218K, capacity 19462K, committed 25256K, reserved 1064960K
  class space    used 3670K, capacity 4580K, committed 9904K, reserved 1048576K
2025-06-20T08:00:42.042+0300: 6.353: [GC (Allocation Failure) 
Desired survivor size 524288 bytes, new threshold 1 (max 15)
[PSYoungGen: 9456K->160K(9728K)] 15400K->6160K(23040K), 0.0020574 secs] [Times: user=0.01 sys=0.00, real=0.00 secs] 
Heap after GC invocations=283 (full 2):
 PSYoungGen      total 9728K, used 160K [0x00000000ff600000, 0x0000000100000000, 0x0000000100000000)
  eden space 9216K, 0% used [0x00000000ff600000,0x00000000ff600000,0x00000000fff00000)
  from space 512K, 31% used [0x00000000fff00000,0x00000000fff28000,0x00000000fff80000)
  to   space 512K, 0% used [0x00000000fff80000,0x00000000fff80000,0x0000000100000000)
 ParOldGen       total 13312K, used 6000K [0x00000000fe200000, 0x00000000fef00000, 0x00000000ff600000)
  object space 13312K, 45% used [0x00000000fe200000,0x00000000fe7dc138,0x00000000fef00000)
 Metaspace       used 15218K, capacity 19462K, committed 25256K, reserved 1064960K
  class space    used 3670K, capacity 4580K, committed 9904K, reserved 1048576K
}
2025-06-20T08:00:42.044+0300: 6.355: Total time for which application threads were stopped: 0.0021679 seconds, Stopping threads took: 0.0000197 seconds
{Heap before GC invocations=284 (full 2):
 PSYoungGen      total 9728K, used 9376K [0x00000000ff600000, 0x0000000100000000, 0x0000000100000000)
  eden space 9216K, 100% used [0x00000000ff600000,0x00000000fff00000,0x00000000fff00000)
  from space 512K, 31% used [0x00000000fff00000,0x00000000fff28000,0x00000000fff80000)
  to   space 512K, 0% used [0x00000000fff80000,0x00000000fff80000,0x0000000100000000)
 ParOldGen       total 13312K, used 6000K [0x00000000fe200000, 0x00000000fef00000, 0x00000000ff600000)
  object space 13312K, 45% used [0x00000000fe200000,0x00000000fe7dc138,0x00000000fef00000)
 Metaspace       used 15332K, capacity 19648K, committed 25256K, reserved 1064960K
  class space    used 3716K, capacity 4642K, committed 9904K, reserved 1048576K
2025-06-20T08:00:42.060+0300: 6.371: [GC (Allocation Failure) 
Desired survivor size 524288 bytes, new threshold 1 (max 15)
[PSYoungGen: 9376K->128K(9728K)] 15376K->6176K(23040K), 0.0022668 secs] [Times: user=0.01 sys=0.00, real=0.00 secs] 
Heap after GC invocations=284 (full 2):
 PSYoungGen      total 9728K, used 128K [0x00000000ff600000, 0x0000000100000000, 0x0000000100000000)
  eden space 9216K, 0% used [0x00000000ff600000,0x00000000ff600000,0x00000000fff00000)
  from space 512K, 25% used [0x00000000fff80000,0x00000000fffa0000,0x0000000100000000)
  to   space 512K, 0% used [0x00000000fff00000,0x00000000fff00000,0x00000000fff80000)
 ParOldGen       total 13312K, used 6048K [0x00000000fe200000, 0x00000000fef00000, 0x00000000ff600000)
  object space 13312K, 45% used [0x00000000fe200000,0x00000000fe7e8138,0x00000000fef00000)
 Metaspace       used 15332K, capacity 19648K, committed 25256K, reserved 1064960K
  class space    used 3716K, capacity 4642K, committed 9904K, reserved 1048576K
}
2025-06-20T08:00:42.063+0300: 6.373: Total time for which application threads were stopped: 0.0023577 seconds, Stopping threads took: 0.0000187 seconds
{Heap before GC invocations=285 (full 2):
 PSYoungGen      total 9728K, used 9344K [0x00000000ff600000, 0x0000000100000000, 0x0000000100000000)
  eden space 9216K, 100% used [0x00000000ff600000,0x00000000fff00000,0x00000000fff00000)
  from space 512K, 25% used [0x00000000fff80000,0x00000000fffa0000,0x0000000100000000)
  to   space 512K, 0% used [0x00000000fff00000,0x00000000fff00000,0x00000000fff80000)
 ParOldGen       total 13312K, used 6048K [0x00000000fe200000, 0x00000000fef00000, 0x00000000ff600000)
  object space 13312K, 45% used [0x00000000fe200000,0x00000000fe7e8138,0x00000000fef00000)
 Metaspace       used 15447K, capacity 19834K, committed 25256K, reserved 1064960K
  class space    used 3763K, capacity 4704K, committed 9904K, reserved 1048576K
2025-06-20T08:00:42.079+0300: 6.389: [GC (Allocation Failure) 
Desired survivor size 524288 bytes, new threshold 1 (max 15)
[PSYoungGen: 9344K->176K(9728K)] 15392K->6272K(23040K), 0.0029067 secs] [Times: user=0.01 sys=0.00, real=0.00 secs] 
Heap after GC invocations=285 (full 2):
 PSYoungGen      total 9728K, used 176K [0x00000000ff600000, 0x0000000100000000, 0x0000000100000000)
  eden space 9216K, 0% used [0x00000000ff600000,0x00000000ff600000,0x00000000fff00000)
  from space 512K, 34% used [0x00000000fff00000,0x00000000fff2c010,0x00000000fff80000)
  to   space 512K, 0% used [0x00000000fff80000,0x00000000fff80000,0x0000000100000000)
 ParOldGen       total 13312K, used 6096K [0x00000000fe200000, 0x00000000fef00000, 0x00000000ff600000)
  object space 13312K, 45% used [0x00000000fe200000,0x00000000fe7f4138,0x00000000fef00000)
 Metaspace       used 15447K, capacity 19834K, committed 25256K, reserved 1064960K
  class space    used 3763K, capacity 4704K, committed 9904K, reserved 1048576K
}
2025-06-20T08:00:42.082+0300: 6.392: Total time for which application threads were stopped: 0.0030117 seconds, Stopping threads took: 0.0000194 seconds
{Heap before GC invocations=286 (full 2):
 PSYoungGen      total 9728K, used 9392K [0x00000000ff600000, 0x0000000100000000, 0x0000000100000000)
  eden space 9216K, 100% used [0x00000000ff600000,0x00000000fff00000,0x00000000fff00000)
  from space 512K, 34% used [0x00000000fff00000,0x00000000fff2c010,0x00000000fff80000)
  to   space 512K, 0% used [0x00000000fff80000,0x00000000fff80000,0x0000000100000000)
 ParOldGen       total 13312K, used 6096K [0x00000000fe200000, 0x00000000fef00000, 0x00000000ff600000)
  object space 13312K, 45% used [0x00000000fe200000,0x00000000fe7f4138,0x00000000fef00000)
 Metaspace       used 15565K, capacity 20026K, committed 25256K, reserved 1064960K
  class space    used 3811K, capacity 4768K, committed 9904K, reserved 1048576K
2025-06-20T08:00:42.098+0300: 6.408: [GC (Allocation Failure) 
Desired survivor size 524288 bytes, new threshold 1 (max 15)
[PSYoungGen: 9392K->128K(9728K)] 15488K->6272K(23040K), 0.0023560 secs] [Times: user=0.01 sys=0.00, real=0.00 secs] 
Heap after GC invocations=286 (full 2):
 PSYoungGen      total 9728K, used 128K [0x00000000ff600000, 0x0000000100000000, 0x0000000100000000)
  eden space 9216K, 0% used [0x00000000ff600000,0x00000000ff600000,0x00000000fff00000)
  from space 512K, 25% used [0x00000000fff80000,0x00000000fffa0000,0x0000000100000000)
  to   space 512K, 0% used [0x00000000fff00000,0x00000000fff00000,0x00000000fff80000)
 ParOldGen       total 13312K, used 6144K [0x00000000fe200000, 0x00000000fef00000, 0x00000000ff600000)
  object space 13312K, 46% used [0x00000000fe200000,0x00000000fe800138,0x00000000fef00000)
 Metaspace       used 15565K, capacity 20026K, committed 25256K, reserved 1064960K
  class space    used 3811K, capacity 4768K, committed 9904K, reserved 1048576K
}
2025-06-20T08:00:42.100+0300: 6.411: Total time for which application threads were stopped: 0.0024431 seconds, Stopping threads took: 0.0000187 seconds
{Heap before GC invocations=287 (full 2):
 PSYoungGen      total 9728K, used 9344K [0x00000000ff600000, 0x0000000100000000, 0x0000000100000000)
  eden space 9216K, 100% used [0x00000000ff600000,0x00000000fff00000,0x00000000fff00000)
  from space 512K, 25% used [0x00000000fff80000,0x00000000fffa0000,0x0000000100000000)
  to   space 512K, 0% used [0x00000000fff00000,0x00000000fff00000,0x00000000fff80000)
 ParOldGen       total 13312K, used 6144K [0x00000000fe200000, 0x00000000fef00000, 0x00000000ff600000)
  object space 13312K, 46% used [0x00000000fe200000,0x00000000fe800138,0x00000000fef00000)
 Metaspace       used 15679K, capacity 20212K, committed 25512K, reserved 1064960K
  class space    used 3858K, capacity 4830K, committed 9904K, reserved 1048576K
2025-06-20T08:00:42.116+0300: 6.426: [GC (Allocation Failure) 
Desired survivor size 524288 bytes, new threshold 1 (max 15)
[PSYoungGen: 9344K->128K(9728K)] 15488K->6328K(23040K), 0.0021537 secs] [Times: user=0.01 sys=0.00, real=0.01 secs] 
Heap after GC invocations=287 (full 2):
 PSYoungGen      total 9728K, used 128K [0x00000000ff600000, 0x0000000100000000, 0x0000000100000000)
  eden space 9216K, 0% used [0x00000000ff600000,0x00000000ff600000,0x00000000fff00000)
  from space 512K, 25% used [0x00000000fff00000,0x00000000fff20000,0x00000000fff80000)
  to   space 512K, 0% used [0x00000000fff80000,0x00000000fff80000,0x0000000100000000)
 ParOldGen       total 13312K, used 6200K [0x00000000fe200000, 0x00000000fef00000, 0x00000000ff600000)
  object space 13312K, 46% used [0x00000000fe200000,0x00000000fe80e138,0x00000000fef00000)
 Metaspace       used 15679K, capacity 20212K, committed 25512K, reserved 1064960K
  class space    used 3858K, capacity 4830K, committed 9904K, reserved 1048576K
}
2025-06-20T08:00:42.118+0300: 6.428: Total time for which application threads were stopped: 0.0022399 seconds, Stopping threads took: 0.0000190 seconds
{Heap before GC invocations=288 (full 2):
 PSYoungGen      total 9728K, used 9344K [0x00000000ff600000, 0x0000000100000000, 0x0000000100000000)
  eden space 9216K, 100% used [0x00000000ff600000,0x00000000fff00000,0x00000000fff00000)
  from space 512K, 25% used [0x00000000fff00000,0x00000000fff20000,0x00000000fff80000)
  to   space 512K, 0% used [0x00000000fff80000,0x00000000fff80000,0x0000000100000000)
 ParOldGen       total 13312K, used 6200K [0x00000000fe200000, 0x00000000fef00000, 0x00000000ff600000)
  object space 13312K, 46% used [0x00000000fe200000,0x00000000fe80e138,0x00000000fef00000)
 Metaspace       used 15793K, capacity 20398K, committed 25512K, reserved 1064960K
  class space    used 3905K, capacity 4892K, committed 9904K, reserved 1048576K
2025-06-20T08:00:42.134+0300: 6.444: [GC (Allocation Failure) 
Desired survivor size 524288 bytes, new threshold 1 (max 15)
[PSYoungGen: 9344K->224K(9728K)] 15544K->6480K(23040K), 0.0011068 secs] [Times: user=0.00 sys=0.00, real=0.00 secs] 
Heap after GC invocations=288 (full 2):
 PSYoungGen      total 9728K, used 224K [0x00000000ff600000, 0x0000000100000000, 0x0000000100000000)
  eden space 9216K, 0% used [0x00000000ff600000,0x00000000ff600000,0x00000000fff00000)
  from space 512K, 43% used [0x00000000fff80000,0x00000000fffb8000,0x0000000100000000)
  to   space 512K, 0% used [0x00000000fff00000,0x00000000fff00000,0x00000000fff80000)
 ParOldGen       total 13312K, used 6256K [0x00000000fe200000, 0x00000000fef00000, 0x00000000ff600000)
  object space 13312K, 46% used [0x00000000fe200000,0x00000000fe81c138,0x00000000fef00000)
 Metaspace       used 15793K, capacity 20398K, committed 25512K, reserved 1064960K
  class space    used 3905K, capacity 4892K, committed 9904K, reserved 1048576K
}
2025-06-20T08:00:42.135+0300: 6.445: Total time for which application threads were stopped: 0.0011928 seconds, Stopping threads took: 0.0000163 seconds
{Heap before GC invocations=289 (full 2):
 PSYoungGen      total 9728K, used 9440K [0x00000000ff600000, 0x0000000100000000, 0x0000000100000000)
  eden space 9216K, 100% used [0x00000000ff600000,0x00000000fff00000,0x00000000fff00000)
  from space 512K, 43% used [0x00000000fff80000,0x00000000fffb8000,0x0000000100000000)
  to   space 512K, 0% used [0x00000000fff00000,0x00000000fff00000,0x00000000fff80000)
 ParOldGen       total 13312K, used 6256K [0x00000000fe200000, 0x00000000fef00000, 0x00000000ff600000)
  object space 13312K, 46% used [0x00000000fe200000,0x00000000fe81c138,0x00000000fef00000)
 Metaspace       used 15911K, capacity 20590K, committed 25768K, reserved 1064960K
  class space    used 3953K, capacity 4956K, committed 9904K, reserved 1048576K
2025-06-20T08:00:42.151+0300: 6.462: [GC (Allocation Failure) 
Desired survivor size 524288 bytes, new threshold 1 (max 15)
[PSYoungGen: 9440K->128K(9728K)] 15696K->6432K(23040K), 0.0017252 secs] [Times: user=0.01 sys=0.00, real=0.00 secs] 
Heap after GC invocations=289 (full 2):
 PSYoungGen      total 9728K, used 128K [0x00000000ff600000, 0x0000000100000000, 0x0000000100000000)
  eden space 9216K, 0% used [0x00000000ff600000,0x00000000ff600000,0x00000000fff00000)
  from space 512K, 25% used [0x00000000fff00000,0x00000000fff20000,0x00000000fff80000)
  to   space 512K, 0% used [0x00000000fff80000,0x00000000fff80000,0x0000000100000000)
 ParOldGen       total 13312K, used 6304K [0x00000000fe200000, 0x00000000fef00000, 0x00000000ff600000)
  object space 13312K, 47% used [0x00000000fe200000,0x00000000fe828138,0x00000000fef00000)
 Metaspace       used 15911K, capacity 20590K, committed 25768K, reserved 1064960K
  class space    used 3953K, capacity 4956K, committed 9904K, reserved 1048576K
}
2025-06-20T08:00:42.153+0300: 6.463: Total time for which application threads were stopped: 0.0018128 seconds, Stopping threads took: 0.0000177 seconds
{Heap before GC invocations=290 (full 2):
 PSYoungGen      total 9728K, used 9344K [0x00000000ff600000, 0x0000000100000000, 0x0000000100000000)
  eden space 9216K, 100% used [0x00000000ff600000,0x00000000fff00000,0x00000000fff00000)
  from space 512K, 25% used [0x00000000fff00000,0x00000000fff20000,0x00000000fff80000)
  to   space 512K, 0% used [0x00000000fff80000,0x00000000fff80000,0x0000000100000000)
 ParOldGen       total 13312K, used 6304K [0x00000000fe200000, 0x00000000fef00000, 0x00000000ff600000)
  object space 13312K, 47% used [0x00000000fe200000,0x00000000fe828138,0x00000000fef00000)
 Metaspace       used 16026K, capacity 20776K, committed 25768K, reserved 1064960K
  class space    used 4000K, capacity 5018K, committed 9904K, reserved 1048576K
2025-06-20T08:00:42.169+0300: 6.479: [GC (Allocation Failure) 
Desired survivor size 524288 bytes, new threshold 1 (max 15)
[PSYoungGen: 9344K->128K(9728K)] 15648K->6480K(23040K), 0.0016743 secs] [Times: user=0.01 sys=0.00, real=0.00 secs] 
Heap after GC invocations=290 (full 2):
 PSYoungGen      total 9728K, used 128K [0x00000000ff600000, 0x0000000100000000, 0x0000000100000000)
  eden space 9216K, 0% used [0x00000000ff600000,0x00000000ff600000,0x00000000fff00000)
  from space 512K, 25% used [0x00000000fff80000,0x00000000fffa0000,0x0000000100000000)
  to   space 512K, 0% used [0x00000000fff00000,0x00000000fff00000,0x00000000fff80000)
 ParOldGen       total 13312K, used 6352K [0x00000000fe200000, 0x00000000fef00000, 0x00000000ff600000)
  object space 13312K, 47% used [0x00000000fe200000,0x00000000fe834138,0x00000000fef00000)
 Metaspace       used 16026K, capacity 20776K, committed 25768K, reserved 1064960K
  class space    used 4000K, capacity 5018K, committed 9904K, reserved 1048576K
}
2025-06-20T08:00:42.171+0300: 6.481: Total time for which application threads were stopped: 0.0017557 seconds, Stopping threads took: 0.0000153 seconds
{Heap before GC invocations=291 (full 2):
 PSYoungGen      total 9728K, used 9344K [0x00000000ff600000, 0x0000000100000000, 0x0000000100000000)
  eden space 9216K, 100% used [0x00000000ff600000,0x00000000fff00000,0x00000000fff00000)
  from space 512K, 25% used [0x00000000fff80000,0x00000000fffa0000,0x0000000100000000)
  to   space 512K, 0% used [0x00000000fff00000,0x00000000fff00000,0x00000000fff80000)
 ParOldGen       total 13312K, used 6352K [0x00000000fe200000, 0x00000000fef00000, 0x00000000ff600000)
  object space 13312K, 47% used [0x00000000fe200000,0x00000000fe834138,0x00000000fef00000)
 Metaspace       used 16140K, capacity 20962K, committed 26024K, reserved 1064960K
  class space    used 4047K, capacity 5080K, committed 9904K, reserved 1048576K
2025-06-20T08:00:42.187+0300: 6.498: [GC (Allocation Failure) 
Desired survivor size 524288 bytes, new threshold 1 (max 15)
[PSYoungGen: 9344K->192K(9728K)] 15696K->6600K(23040K), 0.0016515 secs] [Times: user=0.01 sys=0.00, real=0.00 secs] 
Heap after GC invocations=291 (full 2):
 PSYoungGen      total 9728K, used 192K [0x00000000ff600000, 0x0000000100000000, 0x0000000100000000)
  eden space 9216K, 0% used [0x00000000ff600000,0x00000000ff600000,0x00000000fff00000)
  from space 512K, 37% used [0x00000000fff00000,0x00000000fff30000,0x00000000fff80000)
  to   space 512K, 0% used [0x00000000fff80000,0x00000000fff80000,0x0000000100000000)
 ParOldGen       total 13312K, used 6408K [0x00000000fe200000, 0x00000000fef00000, 0x00000000ff600000)
  object space 13312K, 48% used [0x00000000fe200000,0x00000000fe842138,0x00000000fef00000)
 Metaspace       used 16140K, capacity 20962K, committed 26024K, reserved 1064960K
  class space    used 4047K, capacity 5080K, committed 9904K, reserved 1048576K
}
2025-06-20T08:00:42.189+0300: 6.500: Total time for which application threads were stopped: 0.0017419 seconds, Stopping threads took: 0.0000188 seconds
{Heap before GC invocations=292 (full 2):
 PSYoungGen      total 9728K, used 9408K [0x00000000ff600000, 0x0000000100000000, 0x0000000100000000)
  eden space 9216K, 100% used [0x00000000ff600000,0x00000000fff00000,0x00000000fff00000)
  from space 512K, 37% used [0x00000000fff00000,0x00000000fff30000,0x00000000fff80000)
  to   space 512K, 0% used [0x00000000fff80000,0x00000000fff80000,0x0000000100000000)
 ParOldGen       total 13312K, used 6408K [0x00000000fe200000, 0x00000000fef00000, 0x00000000ff600000)
  object space 13312K, 48% used [0x00000000fe200000,0x00000000fe842138,0x00000000fef00000)
 Metaspace       used 16258K, capacity 21154K, committed 26024K, reserved 1064960K
  class space    used 4095K, capacity 5144K, committed 9904K, reserved 1048576K
2025-06-20T08:00:42.207+0300: 6.518: [GC (Allocation Failure) 
Desired survivor size 524288 bytes, new threshold 1 (max 15)
[PSYoungGen: 9408K->128K(9728K)] 15816K->6584K(23040K), 0.0022289 secs] [Times: user=0.01 sys=0.00, real=0.00 secs] 
Heap after GC invocations=292 (full 2):
 PSYoungGen      total 9728K, used 128K [0x00000000ff600000, 0x0000000100000000, 0x0000000100000000)
  eden space 9216K, 0% used [0x00000000ff600000,0x00000000ff600000,0x00000000fff00000)
  from space 512K, 25% used [0x00000000fff80000,0x00000000fffa0000,0x0000000100000000)
  to   space 512K, 0% used [0x00000000fff00000,0x00000000fff00000,0x00000000fff80000)
 ParOldGen       total 13312K, used 6456K [0x00000000fe200000, 0x00000000fef00000, 0x00000000ff600000)
  object space 13312K, 48% used [0x00000000fe200000,0x00000000fe84e138,0x00000000fef00000)
 Metaspace       used 16258K, capacity 21154K, committed 26024K, reserved 1064960K
  class space    used 4095K, capacity 5144K, committed 9904K, reserved 1048576K
}
2025-06-20T08:00:42.210+0300: 6.520: Total time for which application threads were stopped: 0.0023281 seconds, Stopping threads took: 0.0000210 seconds
{Heap before GC invocations=293 (full 2):
 PSYoungGen      total 9728K, used 9344K [0x00000000ff600000, 0x0000000100000000, 0x0000000100000000)
  eden space 9216K, 100% used [0x00000000ff600000,0x00000000fff00000,0x00000000fff00000)
  from space 512K, 25% used [0x00000000fff80000,0x00000000fffa0000,0x0000000100000000)
  to   space 512K, 0% used [0x00000000fff00000,0x00000000fff00000,0x00000000fff80000)
 ParOldGen       total 13312K, used 6456K [0x00000000fe200000, 0x00000000fef00000, 0x00000000ff600000)
  object space 13312K, 48% used [0x00000000fe200000,0x00000000fe84e138,0x00000000fef00000)
 Metaspace       used 16372K, capacity 21340K, committed 26280K, reserved 1064960K
  class space    used 4142K, capacity 5206K, committed 9904K, reserved 1048576K
2025-06-20T08:00:42.230+0300: 6.540: [GC (Allocation Failure) 
Desired survivor size 524288 bytes, new threshold 1 (max 15)
[PSYoungGen: 9344K->96K(9728K)] 15800K->6600K(23040K), 0.0039895 secs] [Times: user=0.01 sys=0.00, real=0.00 secs] 
Heap after GC invocations=293 (full 2):
 PSYoungGen      total 9728K, used 96K [0x00000000ff600000, 0x0000000100000000, 0x0000000100000000)
  eden space 9216K, 0% used [0x00000000ff600000,0x00000000ff600000,0x00000000fff00000)
  from space 512K, 18% used [0x00000000fff00000,0x00000000fff18000,0x00000000fff80000)
  to   space 512K, 0% used [0x00000000fff80000,0x00000000fff80000,0x0000000100000000)
 ParOldGen       total 13312K, used 6504K [0x00000000fe200000, 0x00000000fef00000, 0x00000000ff600000)
  object space 13312K, 48% used [0x00000000fe200000,0x00000000fe85a138,0x00000000fef00000)
 Metaspace       used 16372K, capacity 21340K, committed 26280K, reserved 1064960K
  class space    used 4142K, capacity 5206K, committed 9904K, reserved 1048576K
}
2025-06-20T08:00:42.234+0300: 6.545: Total time for which application threads were stopped: 0.0040993 seconds, Stopping threads took: 0.0000195 seconds
{Heap before GC invocations=294 (full 2):
 PSYoungGen      total 9728K, used 9312K [0x00000000ff600000, 0x0000000100000000, 0x0000000100000000)
  eden space 9216K, 100% used [0x00000000ff600000,0x00000000fff00000,0x00000000fff00000)
  from space 512K, 18% used [0x00000000fff00000,0x00000000fff18000,0x00000000fff80000)
  to   space 512K, 0% used [0x00000000fff80000,0x00000000fff80000,0x0000000100000000)
 ParOldGen       total 13312K, used 6504K [0x00000000fe200000, 0x00000000fef00000, 0x00000000ff600000)
  object space 13312K, 48% used [0x00000000fe200000,0x00000000fe85a138,0x00000000fef00000)
 Metaspace       used 16487K, capacity 21526K, committed 26280K, reserved 1064960K
  class space    used 4188K, capacity 5268K, committed 9904K, reserved 1048576K
2025-06-20T08:00:42.253+0300: 6.564: [GC (Allocation Failure) 
Desired survivor size 524288 bytes, new threshold 1 (max 15)
[PSYoungGen: 9312K->160K(9728K)] 15816K->6712K(23040K), 0.0033025 secs] [Times: user=0.01 sys=0.00, real=0.00 secs] 
Heap after GC invocations=294 (full 2):
 PSYoungGen      total 9728K, used 160K [0x00000000ff600000, 0x0000000100000000, 0x0000000100000000)
  eden space 9216K, 0% used [0x00000000ff600000,0x00000000ff600000,0x00000000fff00000)
  from space 512K, 31% used [0x00000000fff80000,0x00000000fffa8000,0x0000000100000000)
  to   space 512K, 0% used [0x00000000fff00000,0x00000000fff00000,0x00000000fff80000)
 ParOldGen       total 13312K, used 6552K [0x00000000fe200000, 0x00000000fef00000, 0x00000000ff600000)
  object space 13312K, 49% used [0x00000000fe200000,0x00000000fe866138,0x00000000fef00000)
 Metaspace       used 16487K, capacity 21526K, committed 26280K, reserved 1064960K
  class space    used 4188K, capacity 5268K, committed 9904K, reserved 1048576K
}
2025-06-20T08:00:42.257+0300: 6.567: Total time for which application threads were stopped: 0.0034073 seconds, Stopping threads took: 0.0000172 seconds
{Heap before GC invocations=295 (full 2):
 PSYoungGen      total 9728K, used 9376K [0x00000000ff600000, 0x0000000100000000, 0x0000000100000000)
  eden space 9216K, 100% used [0x00000000ff600000,0x00000000fff00000,0x00000000fff00000)
  from space 512K, 31% used [0x00000000fff80000,0x00000000fffa8000,0x0000000100000000)
  to   space 512K, 0% used [0x00000000fff00000,0x00000000fff00000,0x00000000fff80000)
 ParOldGen       total 13312K, used 6552K [0x00000000fe200000, 0x00000000fef00000, 0x00000000ff600000)
  object space 13312K, 49% used [0x00000000fe200000,0x00000000fe866138,0x00000000fef00000)
 Metaspace       used 16605K, capacity 21718K, committed 26544K, reserved 1067008K
  class space    used 4237K, capacity 5332K, committed 9904K, reserved 1048576K
2025-06-20T08:00:42.277+0300: 6.588: [GC (Allocation Failure) 
Desired survivor size 524288 bytes, new threshold 1 (max 15)
[PSYoungGen: 9376K->160K(9728K)] 15928K->6760K(23040K), 0.0035310 secs] [Times: user=0.01 sys=0.00, real=0.00 secs] 
Heap after GC invocations=295 (full 2):
 PSYoungGen      total 9728K, used 160K [0x00000000ff600000, 0x0000000100000000, 0x0000000100000000)
  eden space 9216K, 0% used [0x00000000ff600000,0x00000000ff600000,0x00000000fff00000)
  from space 512K, 31% used [0x00000000fff00000,0x00000000fff28000,0x00000000fff80000)
  to   space 512K, 0% used [0x00000000fff80000,0x00000000fff80000,0x0000000100000000)
 ParOldGen       total 13312K, used 6600K [0x00000000fe200000, 0x00000000fef00000, 0x00000000ff600000)
  object space 13312K, 49% used [0x00000000fe200000,0x00000000fe872138,0x00000000fef00000)
 Metaspace       used 16605K, capacity 21718K, committed 26544K, reserved 1067008K
  class space    used 4237K, capacity 5332K, committed 9904K, reserved 1048576K
}
2025-06-20T08:00:42.281+0300: 6.592: Total time for which application threads were stopped: 0.0036416 seconds, Stopping threads took: 0.0000177 seconds
{Heap before GC invocations=296 (full 2):
 PSYoungGen      total 9728K, used 9376K [0x00000000ff600000, 0x0000000100000000, 0x0000000100000000)
  eden space 9216K, 100% used [0x00000000ff600000,0x00000000fff00000,0x00000000fff00000)
  from space 512K, 31% used [0x00000000fff00000,0x00000000fff28000,0x00000000fff80000)
  to   space 512K, 0% used [0x00000000fff80000,0x00000000fff80000,0x0000000100000000)
 ParOldGen       total 13312K, used 6600K [0x00000000fe200000, 0x00000000fef00000, 0x00000000ff600000)
  object space 13312K, 49% used [0x00000000fe200000,0x00000000fe872138,0x00000000fef00000)
 Metaspace       used 16719K, capacity 21904K, committed 26544K, reserved 1067008K
  class space    used 4283K, capacity 5394K, committed 9904K, reserved 1048576K
2025-06-20T08:00:42.303+0300: 6.614: [GC (Allocation Failure) 
Desired survivor size 524288 bytes, new threshold 1 (max 15)
[PSYoungGen: 9376K->128K(9728K)] 15976K->6776K(23040K), 0.0033437 secs] [Times: user=0.01 sys=0.00, real=0.00 secs] 
Heap after GC invocations=296 (full 2):
 PSYoungGen      total 9728K, used 128K [0x00000000ff600000, 0x0000000100000000, 0x0000000100000000)
  eden space 9216K, 0% used [0x00000000ff600000,0x00000000ff600000,0x00000000fff00000)
  from space 512K, 25% used [0x00000000fff80000,0x00000000fffa0000,0x0000000100000000)
  to   space 512K, 0% used [0x00000000fff00000,0x00000000fff00000,0x00000000fff80000)
 ParOldGen       total 13312K, used 6648K [0x00000000fe200000, 0x00000000fef00000, 0x00000000ff600000)
  object space 13312K, 49% used [0x00000000fe200000,0x00000000fe87e138,0x00000000fef00000)
 Metaspace       used 16719K, capacity 21904K, committed 26544K, reserved 1067008K
  class space    used 4283K, capacity 5394K, committed 9904K, reserved 1048576K
}
2025-06-20T08:00:42.306+0300: 6.617: Total time for which application threads were stopped: 0.0034606 seconds, Stopping threads took: 0.0000174 seconds
{Heap before GC invocations=297 (full 2):
 PSYoungGen      total 9728K, used 9344K [0x00000000ff600000, 0x0000000100000000, 0x0000000100000000)
  eden space 9216K, 100% used [0x00000000ff600000,0x00000000fff00000,0x00000000fff00000)
  from space 512K, 25% used [0x00000000fff80000,0x00000000fffa0000,0x0000000100000000)
  to   space 512K, 0% used [0x00000000fff00000,0x00000000fff00000,0x00000000fff80000)
 ParOldGen       total 13312K, used 6648K [0x00000000fe200000, 0x00000000fef00000, 0x00000000ff600000)
  object space 13312K, 49% used [0x00000000fe200000,0x00000000fe87e138,0x00000000fef00000)
 Metaspace       used 16833K, capacity 22090K, committed 26544K, reserved 1067008K
  class space    used 4330K, capacity 5456K, committed 9904K, reserved 1048576K
2025-06-20T08:00:42.327+0300: 6.637: [GC (Allocation Failure) 
Desired survivor size 524288 bytes, new threshold 1 (max 15)
[PSYoungGen: 9344K->192K(9728K)] 15992K->6888K(23040K), 0.0029454 secs] [Times: user=0.02 sys=0.00, real=0.01 secs] 
Heap after GC invocations=297 (full 2):
 PSYoungGen      total 9728K, used 192K [0x00000000ff600000, 0x0000000100000000, 0x0000000100000000)
  eden space 9216K, 0% used [0x00000000ff600000,0x00000000ff600000,0x00000000fff00000)
  from space 512K, 37% used [0x00000000fff00000,0x00000000fff30000,0x00000000fff80000)
  to   space 512K, 0% used [0x00000000fff80000,0x00000000fff80000,0x0000000100000000)
 ParOldGen       total 13312K, used 6696K [0x00000000fe200000, 0x00000000fef00000, 0x00000000ff600000)
  object space 13312K, 50% used [0x00000000fe200000,0x00000000fe88a138,0x00000000fef00000)
 Metaspace       used 16833K, capacity 22090K, committed 26544K, reserved 1067008K
  class space    used 4330K, capacity 5456K, committed 9904K, reserved 1048576K
}
2025-06-20T08:00:42.330+0300: 6.640: Total time for which application threads were stopped: 0.0030579 seconds, Stopping threads took: 0.0000177 seconds
{Heap before GC invocations=298 (full 2):
 PSYoungGen      total 9728K, used 9408K [0x00000000ff600000, 0x0000000100000000, 0x0000000100000000)
  eden space 9216K, 100% used [0x00000000ff600000,0x00000000fff00000,0x00000000fff00000)
  from space 512K, 37% used [0x00000000fff00000,0x00000000fff30000,0x00000000fff80000)
  to   space 512K, 0% used [0x00000000fff80000,0x00000000fff80000,0x0000000100000000)
 ParOldGen       total 13312K, used 6696K [0x00000000fe200000, 0x00000000fef00000, 0x00000000ff600000)
  object space 13312K, 50% used [0x00000000fe200000,0x00000000fe88a138,0x00000000fef00000)
 Metaspace       used 16951K, capacity 22282K, committed 26800K, reserved 1067008K
  class space    used 4378K, capacity 5520K, committed 9904K, reserved 1048576K
2025-06-20T08:00:42.348+0300: 6.659: [GC (Allocation Failure) 
Desired survivor size 524288 bytes, new threshold 1 (max 15)
[PSYoungGen: 9408K->128K(9728K)] 16104K->6872K(23040K), 0.0025865 secs] [Times: user=0.01 sys=0.00, real=0.00 secs] 
Heap after GC invocations=298 (full 2):
 PSYoungGen      total 9728K, used 128K [0x00000000ff600000, 0x0000000100000000, 0x0000000100000000)
  eden space 9216K, 0% used [0x00000000ff600000,0x00000000ff600000,0x00000000fff00000)
  from space 512K, 25% used [0x00000000fff80000,0x00000000fffa0000,0x0000000100000000)
  to   space 512K, 0% used [0x00000000fff00000,0x00000000fff00000,0x00000000fff80000)
 ParOldGen       total 13312K, used 6744K [0x00000000fe200000, 0x00000000fef00000, 0x00000000ff600000)
  object space 13312K, 50% used [0x00000000fe200000,0x00000000fe896138,0x00000000fef00000)
 Metaspace       used 16951K, capacity 22282K, committed 26800K, reserved 1067008K
  class space    used 4378K, capacity 5520K, committed 9904K, reserved 1048576K
}
2025-06-20T08:00:42.351+0300: 6.662: Total time for which application threads were stopped: 0.0027062 seconds, Stopping threads took: 0.0000179 seconds
{Heap before GC invocations=299 (full 2):
 PSYoungGen      total 9728K, used 9344K [0x00000000ff600000, 0x0000000100000000, 0x0000000100000000)
  eden space 9216K, 100% used [0x00000000ff600000,0x00000000fff00000,0x00000000fff00000)
  from space 512K, 25% used [0x00000000fff80000,0x00000000fffa0000,0x0000000100000000)
  to   space 512K, 0% used [0x00000000fff00000,0x00000000fff00000,0x00000000fff80000)
 ParOldGen       total 13312K, used 6744K [0x00000000fe200000, 0x00000000fef00000, 0x00000000ff600000)
  object space 13312K, 50% used [0x00000000fe200000,0x00000000fe896138,0x00000000fef00000)
 Metaspace       used 17065K, capacity 22468K, committed 26800K, reserved 1067008K
  class space    used 4425K, capacity 5582K, committed 9904K, reserved 1048576K
2025-06-20T08:00:42.368+0300: 6.679: [GC (Allocation Failure) 
Desired survivor size 524288 bytes, new threshold 1 (max 15)
[PSYoungGen: 9344K->160K(9728K)] 16088K->6960K(23040K), 0.0013079 secs] [Times: user=0.01 sys=0.00, real=0.00 secs] 
Heap after GC invocations=299 (full 2):
 PSYoungGen      total 9728K, used 160K [0x00000000ff600000, 0x0000000100000000, 0x0000000100000000)
  eden space 9216K, 0% used [0x00000000ff600000,0x00000000ff600000,0x00000000fff00000)
  from space 512K, 31% used [0x00000000fff00000,0x00000000fff28000,0x00000000fff80000)
  to   space 512K, 0% used [0x00000000fff80000,0x00000000fff80000,0x0000000100000000)
 ParOldGen       total 13312K, used 6800K [0x00000000fe200000, 0x00000000fef00000, 0x00000000ff600000)
  object space 13312K, 51% used [0x00000000fe200000,0x00000000fe8a4138,0x00000000fef00000)
 Metaspace       used 17065K, capacity 22468K, committed 26800K, reserved 1067008K
  class space    used 4425K, capacity 5582K, committed 9904K, reserved 1048576K
}
2025-06-20T08:00:42.370+0300: 6.680: Total time for which application threads were stopped: 0.0013989 seconds, Stopping threads took: 0.0000160 seconds
{Heap before GC invocations=300 (full 2):
 PSYoungGen      total 9728K, used 9376K [0x00000000ff600000, 0x0000000100000000, 0x0000000100000000)
  eden space 9216K, 100% used [0x00000000ff600000,0x00000000fff00000,0x00000000fff00000)
  from space 512K, 31% used [0x00000000fff00000,0x00000000fff28000,0x00000000fff80000)
  to   space 512K, 0% used [0x00000000fff80000,0x00000000fff80000,0x0000000100000000)
 ParOldGen       total 13312K, used 6800K [0x00000000fe200000, 0x00000000fef00000, 0x00000000ff600000)
  object space 13312K, 51% used [0x00000000fe200000,0x00000000fe8a4138,0x00000000fef00000)
 Metaspace       used 17180K, capacity 22654K, committed 27056K, reserved 1067008K
  class space    used 4472K, capacity 5644K, committed 9904K, reserved 1048576K
2025-06-20T08:00:42.388+0300: 6.699: [GC (Allocation Failure) 
Desired survivor size 524288 bytes, new threshold 1 (max 15)
[PSYoungGen: 9376K->176K(9728K)] 16176K->7032K(23040K), 0.0026731 secs] [Times: user=0.01 sys=0.00, real=0.00 secs] 
Heap after GC invocations=300 (full 2):
 PSYoungGen      total 9728K, used 176K [0x00000000ff600000, 0x0000000100000000, 0x0000000100000000)
  eden space 9216K, 0% used [0x00000000ff600000,0x00000000ff600000,0x00000000fff00000)
  from space 512K, 34% used [0x00000000fff80000,0x00000000fffac010,0x0000000100000000)
  to   space 512K, 0% used [0x00000000fff00000,0x00000000fff00000,0x00000000fff80000)
 ParOldGen       total 13312K, used 6856K [0x00000000fe200000, 0x00000000fef00000, 0x00000000ff600000)
  object space 13312K, 51% used [0x00000000fe200000,0x00000000fe8b2138,0x00000000fef00000)
 Metaspace       used 17180K, capacity 22654K, committed 27056K, reserved 1067008K
  class space    used 4472K, capacity 5644K, committed 9904K, reserved 1048576K
}
2025-06-20T08:00:42.391+0300: 6.702: Total time for which application threads were stopped: 0.0028009 seconds, Stopping threads took: 0.0000262 seconds
{Heap before GC invocations=301 (full 2):
 PSYoungGen      total 9728K, used 9392K [0x00000000ff600000, 0x0000000100000000, 0x0000000100000000)
  eden space 9216K, 100% used [0x00000000ff600000,0x00000000fff00000,0x00000000fff00000)
  from space 512K, 34% used [0x00000000fff80000,0x00000000fffac010,0x0000000100000000)
  to   space 512K, 0% used [0x00000000fff00000,0x00000000fff00000,0x00000000fff80000)
 ParOldGen       total 13312K, used 6856K [0x00000000fe200000, 0x00000000fef00000, 0x00000000ff600000)
  object space 13312K, 51% used [0x00000000fe200000,0x00000000fe8b2138,0x00000000fef00000)
 Metaspace       used 17298K, capacity 22846K, committed 27056K, reserved 1067008K
  class space    used 4520K, capacity 5708K, committed 9904K, reserved 1048576K
2025-06-20T08:00:42.413+0300: 6.724: [GC (Allocation Failure) 
Desired survivor size 524288 bytes, new threshold 1 (max 15)
[PSYoungGen: 9392K->192K(9728K)] 16248K->7112K(23040K), 0.0017420 secs] [Times: user=0.01 sys=0.01, real=0.00 secs] 
Heap after GC invocations=301 (full 2):
 PSYoungGen      total 9728K, used 192K [0x00000000ff600000, 0x0000000100000000, 0x0000000100000000)
  eden space 9216K, 0% used [0x00000000ff600000,0x00000000ff600000,0x00000000fff00000)
  from space 512K, 37% used [0x00000000fff00000,0x00000000fff30000,0x00000000fff80000)
  to   space 512K, 0% used [0x00000000fff80000,0x00000000fff80000,0x0000000100000000)
 ParOldGen       total 13312K, used 6920K [0x00000000fe200000, 0x00000000fef00000, 0x00000000ff600000)
  object space 13312K, 51% used [0x00000000fe200000,0x00000000fe8c2138,0x00000000fef00000)
 Metaspace       used 17298K, capacity 22846K, committed 27056K, reserved 1067008K
  class space    used 4520K, capacity 5708K, committed 9904K, reserved 1048576K
}
2025-06-20T08:00:42.415+0300: 6.726: Total time for which application threads were stopped: 0.0018632 seconds, Stopping threads took: 0.0000231 seconds
{Heap before GC invocations=302 (full 2):
 PSYoungGen      total 9728K, used 9408K [0x00000000ff600000, 0x0000000100000000, 0x0000000100000000)
  eden space 9216K, 100% used [0x00000000ff600000,0x00000000fff00000,0x00000000fff00000)
  from space 512K, 37% used [0x00000000fff00000,0x00000000fff30000,0x00000000fff80000)
  to   space 512K, 0% used [0x00000000fff80000,0x00000000fff80000,0x0000000100000000)
 ParOldGen       total 13312K, used 6920K [0x00000000fe200000, 0x00000000fef00000, 0x00000000ff600000)
  object space 13312K, 51% used [0x00000000fe200000,0x00000000fe8c2138,0x00000000fef00000)
 Metaspace       used 17412K, capacity 23032K, committed 27312K, reserved 1067008K
  class space    used 4567K, capacity 5770K, committed 9904K, reserved 1048576K
2025-06-20T08:00:42.439+0300: 6.749: [GC (Allocation Failure) 
Desired survivor size 524288 bytes, new threshold 1 (max 15)
[PSYoungGen: 9408K->192K(9728K)] 16328K->7168K(23040K), 0.0019754 secs] [Times: user=0.01 sys=0.00, real=0.00 secs] 
Heap after GC invocations=302 (full 2):
 PSYoungGen      total 9728K, used 192K [0x00000000ff600000, 0x0000000100000000, 0x0000000100000000)
  eden space 9216K, 0% used [0x00000000ff600000,0x00000000ff600000,0x00000000fff00000)
  from space 512K, 37% used [0x00000000fff80000,0x00000000fffb0000,0x0000000100000000)
  to   space 512K, 0% used [0x00000000fff00000,0x00000000fff00000,0x00000000fff80000)
 ParOldGen       total 13312K, used 6976K [0x00000000fe200000, 0x00000000fef00000, 0x00000000ff600000)
  object space 13312K, 52% used [0x00000000fe200000,0x00000000fe8d0138,0x00000000fef00000)
 Metaspace       used 17412K, capacity 23032K, committed 27312K, reserved 1067008K
  class space    used 4567K, capacity 5770K, committed 9904K, reserved 1048576K
}
2025-06-20T08:00:42.441+0300: 6.751: Total time for which application threads were stopped: 0.0020910 seconds, Stopping threads took: 0.0000216 seconds
{Heap before GC invocations=303 (full 2):
 PSYoungGen      total 9728K, used 9408K [0x00000000ff600000, 0x0000000100000000, 0x0000000100000000)
  eden space 9216K, 100% used [0x00000000ff600000,0x00000000fff00000,0x00000000fff00000)
  from space 512K, 37% used [0x00000000fff80000,0x00000000fffb0000,0x0000000100000000)
  to   space 512K, 0% used [0x00000000fff00000,0x00000000fff00000,0x00000000fff80000)
 ParOldGen       total 13312K, used 6976K [0x00000000fe200000, 0x00000000fef00000, 0x00000000ff600000)
  object space 13312K, 52% used [0x00000000fe200000,0x00000000fe8d0138,0x00000000fef00000)
 Metaspace       used 17526K, capacity 23218K, committed 27312K, reserved 1067008K
  class space    used 4614K, capacity 5832K, committed 9904K, reserved 1048576K
2025-06-20T08:00:42.462+0300: 6.773: [GC (Allocation Failure) 
Desired survivor size 524288 bytes, new threshold 1 (max 15)
[PSYoungGen: 9408K->176K(9728K)] 16384K->7200K(23040K), 0.0028263 secs] [Times: user=0.01 sys=0.00, real=0.00 secs] 
Heap after GC invocations=303 (full 2):
 PSYoungGen      total 9728K, used 176K [0x00000000ff600000, 0x0000000100000000, 0x0000000100000000)
  eden space 9216K, 0% used [0x00000000ff600000,0x00000000ff600000,0x00000000fff00000)
  from space 512K, 34% used [0x00000000fff00000,0x00000000fff2c010,0x00000000fff80000)
  to   space 512K, 0% used [0x00000000fff80000,0x00000000fff80000,0x0000000100000000)
 ParOldGen       total 13312K, used 7024K [0x00000000fe200000, 0x00000000fef00000, 0x00000000ff600000)
  object space 13312K, 52% used [0x00000000fe200000,0x00000000fe8dc138,0x00000000fef00000)
 Metaspace       used 17526K, capacity 23218K, committed 27312K, reserved 1067008K
  class space    used 4614K, capacity 5832K, committed 9904K, reserved 1048576K
}
2025-06-20T08:00:42.465+0300: 6.776: Total time for which application threads were stopped: 0.0029351 seconds, Stopping threads took: 0.0000179 seconds
{Heap before GC invocations=304 (full 2):
 PSYoungGen      total 9728K, used 9392K [0x00000000ff600000, 0x0000000100000000, 0x0000000100000000)
  eden space 9216K, 100% used [0x00000000ff600000,0x00000000fff00000,0x00000000fff00000)
  from space 512K, 34% used [0x00000000fff00000,0x00000000fff2c010,0x00000000fff80000)
  to   space 512K, 0% used [0x00000000fff80000,0x00000000fff80000,0x0000000100000000)
 ParOldGen       total 13312K, used 7024K [0x00000000fe200000, 0x00000000fef00000, 0x00000000ff600000)
  object space 13312K, 52% used [0x00000000fe200000,0x00000000fe8dc138,0x00000000fef00000)
 Metaspace       used 17644K, capacity 23410K, committed 27568K, reserved 1067008K
  class space    used 4662K, capacity 5896K, committed 9904K, reserved 1048576K
2025-06-20T08:00:42.484+0300: 6.794: [GC (Allocation Failure) 
Desired survivor size 524288 bytes, new threshold 1 (max 15)
[PSYoungGen: 9392K->160K(9728K)] 16416K->7248K(23040K), 0.0016993 secs] [Times: user=0.01 sys=0.00, real=0.00 secs] 
Heap after GC invocations=304 (full 2):
 PSYoungGen      total 9728K, used 160K [0x00000000ff600000, 0x0000000100000000, 0x0000000100000000)
  eden space 9216K, 0% used [0x00000000ff600000,0x00000000ff600000,0x00000000fff00000)
  from space 512K, 31% used [0x00000000fff80000,0x00000000fffa8000,0x0000000100000000)
  to   space 512K, 0% used [0x00000000fff00000,0x00000000fff00000,0x00000000fff80000)
 ParOldGen       total 13312K, used 7088K [0x00000000fe200000, 0x00000000fef00000, 0x00000000ff600000)
  object space 13312K, 53% used [0x00000000fe200000,0x00000000fe8ec138,0x00000000fef00000)
 Metaspace       used 17644K, capacity 23410K, committed 27568K, reserved 1067008K
  class space    used 4662K, capacity 5896K, committed 9904K, reserved 1048576K
}
2025-06-20T08:00:42.485+0300: 6.796: Total time for which application threads were stopped: 0.0017822 seconds, Stopping threads took: 0.0000185 seconds
{Heap before GC invocations=305 (full 2):
 PSYoungGen      total 9728K, used 9376K [0x00000000ff600000, 0x0000000100000000, 0x0000000100000000)
  eden space 9216K, 100% used [0x00000000ff600000,0x00000000fff00000,0x00000000fff00000)
  from space 512K, 31% used [0x00000000fff80000,0x00000000fffa8000,0x0000000100000000)
  to   space 512K, 0% used [0x00000000fff00000,0x00000000fff00000,0x00000000fff80000)
 ParOldGen       total 13312K, used 7088K [0x00000000fe200000, 0x00000000fef00000, 0x00000000ff600000)
  object space 13312K, 53% used [0x00000000fe200000,0x00000000fe8ec138,0x00000000fef00000)
 Metaspace       used 17759K, capacity 23596K, committed 27568K, reserved 1067008K
  class space    used 4709K, capacity 5958K, committed 9904K, reserved 1048576K
2025-06-20T08:00:42.502+0300: 6.813: [GC (Allocation Failure) 
Desired survivor size 524288 bytes, new threshold 1 (max 15)
[PSYoungGen: 9376K->160K(9728K)] 16464K->7304K(23040K), 0.0012692 secs] [Times: user=0.01 sys=0.00, real=0.00 secs] 
Heap after GC invocations=305 (full 2):
 PSYoungGen      total 9728K, used 160K [0x00000000ff600000, 0x0000000100000000, 0x0000000100000000)
  eden space 9216K, 0% used [0x00000000ff600000,0x00000000ff600000,0x00000000fff00000)
  from space 512K, 31% used [0x00000000fff00000,0x00000000fff28000,0x00000000fff80000)
  to   space 512K, 0% used [0x00000000fff80000,0x00000000fff80000,0x0000000100000000)
 ParOldGen       total 13312K, used 7144K [0x00000000fe200000, 0x00000000fef00000, 0x00000000ff600000)
  object space 13312K, 53% used [0x00000000fe200000,0x00000000fe8fa138,0x00000000fef00000)
 Metaspace       used 17759K, capacity 23596K, committed 27568K, reserved 1067008K
  class space    used 4709K, capacity 5958K, committed 9904K, reserved 1048576K
}
2025-06-20T08:00:42.503+0300: 6.814: Total time for which application threads were stopped: 0.0013643 seconds, Stopping threads took: 0.0000183 seconds
{Heap before GC invocations=306 (full 2):
 PSYoungGen      total 9728K, used 9376K [0x00000000ff600000, 0x0000000100000000, 0x0000000100000000)
  eden space 9216K, 100% used [0x00000000ff600000,0x00000000fff00000,0x00000000fff00000)
  from space 512K, 31% used [0x00000000fff00000,0x00000000fff28000,0x00000000fff80000)
  to   space 512K, 0% used [0x00000000fff80000,0x00000000fff80000,0x0000000100000000)
 ParOldGen       total 13312K, used 7144K [0x00000000fe200000, 0x00000000fef00000, 0x00000000ff600000)
  object space 13312K, 53% used [0x00000000fe200000,0x00000000fe8fa138,0x00000000fef00000)
 Metaspace       used 17873K, capacity 23782K, committed 27824K, reserved 1067008K
  class space    used 4755K, capacity 6020K, committed 9904K, reserved 1048576K
2025-06-20T08:00:42.520+0300: 6.831: [GC (Allocation Failure) 
Desired survivor size 524288 bytes, new threshold 1 (max 15)
[PSYoungGen: 9376K->192K(9728K)] 16520K->7392K(23040K), 0.0015018 secs] [Times: user=0.01 sys=0.00, real=0.00 secs] 
Heap after GC invocations=306 (full 2):
 PSYoungGen      total 9728K, used 192K [0x00000000ff600000, 0x0000000100000000, 0x0000000100000000)
  eden space 9216K, 0% used [0x00000000ff600000,0x00000000ff600000,0x00000000fff00000)
  from space 512K, 37% used [0x00000000fff80000,0x00000000fffb0000,0x0000000100000000)
  to   space 512K, 0% used [0x00000000fff00000,0x00000000fff00000,0x00000000fff80000)
 ParOldGen       total 13312K, used 7200K [0x00000000fe200000, 0x00000000fef00000, 0x00000000ff600000)
  object space 13312K, 54% used [0x00000000fe200000,0x00000000fe908138,0x00000000fef00000)
 Metaspace       used 17873K, capacity 23782K, committed 27824K, reserved 1067008K
  class space    used 4755K, capacity 6020K, committed 9904K, reserved 1048576K
}
2025-06-20T08:00:42.522+0300: 6.832: Total time for which application threads were stopped: 0.0016010 seconds, Stopping threads took: 0.0000196 seconds
{Heap before GC invocations=307 (full 2):
 PSYoungGen      total 9728K, used 9408K [0x00000000ff600000, 0x0000000100000000, 0x0000000100000000)
  eden space 9216K, 100% used [0x00000000ff600000,0x00000000fff00000,0x00000000fff00000)
  from space 512K, 37% used [0x00000000fff80000,0x00000000fffb0000,0x0000000100000000)
  to   space 512K, 0% used [0x00000000fff00000,0x00000000fff00000,0x00000000fff80000)
 ParOldGen       total 13312K, used 7200K [0x00000000fe200000, 0x00000000fef00000, 0x00000000ff600000)
  object space 13312K, 54% used [0x00000000fe200000,0x00000000fe908138,0x00000000fef00000)
 Metaspace       used 17991K, capacity 23974K, committed 27824K, reserved 1067008K
  class space    used 4804K, capacity 6084K, committed 9904K, reserved 1048576K
2025-06-20T08:00:42.538+0300: 6.849: [GC (Allocation Failure) 
Desired survivor size 524288 bytes, new threshold 1 (max 15)
[PSYoungGen: 9408K->128K(9728K)] 16608K->7376K(23040K), 0.0016423 secs] [Times: user=0.00 sys=0.00, real=0.00 secs] 
Heap after GC invocations=307 (full 2):
 PSYoungGen      total 9728K, used 128K [0x00000000ff600000, 0x0000000100000000, 0x0000000100000000)
  eden space 9216K, 0% used [0x00000000ff600000,0x00000000ff600000,0x00000000fff00000)
  from space 512K, 25% used [0x00000000fff00000,0x00000000fff20000,0x00000000fff80000)
  to   space 512K, 0% used [0x00000000fff80000,0x00000000fff80000,0x0000000100000000)
 ParOldGen       total 13312K, used 7248K [0x00000000fe200000, 0x00000000fef00000, 0x00000000ff600000)
  object space 13312K, 54% used [0x00000000fe200000,0x00000000fe914138,0x00000000fef00000)
 Metaspace       used 17991K, capacity 23974K, committed 27824K, reserved 1067008K
  class space    used 4804K, capacity 6084K, committed 9904K, reserved 1048576K
}
2025-06-20T08:00:42.540+0300: 6.851: Total time for which application threads were stopped: 0.0017262 seconds, Stopping threads took: 0.0000180 seconds
{Heap before GC invocations=308 (full 2):
 PSYoungGen      total 9728K, used 9344K [0x00000000ff600000, 0x0000000100000000, 0x0000000100000000)
  eden space 9216K, 100% used [0x00000000ff600000,0x00000000fff00000,0x00000000fff00000)
  from space 512K, 25% used [0x00000000fff00000,0x00000000fff20000,0x00000000fff80000)
  to   space 512K, 0% used [0x00000000fff80000,0x00000000fff80000,0x0000000100000000)
 ParOldGen       total 13312K, used 7248K [0x00000000fe200000, 0x00000000fef00000, 0x00000000ff600000)
  object space 13312K, 54% used [0x00000000fe200000,0x00000000fe914138,0x00000000fef00000)
 Metaspace       used 18105K, capacity 24160K, committed 28080K, reserved 1067008K
  class space    used 4850K, capacity 6146K, committed 9904K, reserved 1048576K
2025-06-20T08:00:42.556+0300: 6.867: [GC (Allocation Failure) 
Desired survivor size 524288 bytes, new threshold 1 (max 15)
[PSYoungGen: 9344K->160K(9728K)] 16592K->7464K(23040K), 0.0011619 secs] [Times: user=0.01 sys=0.00, real=0.01 secs] 
Heap after GC invocations=308 (full 2):
 PSYoungGen      total 9728K, used 160K [0x00000000ff600000, 0x0000000100000000, 0x0000000100000000)
  eden space 9216K, 0% used [0x00000000ff600000,0x00000000ff600000,0x00000000fff00000)
  from space 512K, 31% used [0x00000000fff80000,0x00000000fffa8000,0x0000000100000000)
  to   space 512K, 0% used [0x00000000fff00000,0x00000000fff00000,0x00000000fff80000)
 ParOldGen       total 13312K, used 7304K [0x00000000fe200000, 0x00000000fef00000, 0x00000000ff600000)
  object space 13312K, 54% used [0x00000000fe200000,0x00000000fe922138,0x00000000fef00000)
 Metaspace       used 18105K, capacity 24160K, committed 28080K, reserved 1067008K
  class space    used 4850K, capacity 6146K, committed 9904K, reserved 1048576K
}
2025-06-20T08:00:42.557+0300: 6.868: Total time for which application threads were stopped: 0.0012437 seconds, Stopping threads took: 0.0000154 seconds
{Heap before GC invocations=309 (full 2):
 PSYoungGen      total 9728K, used 9376K [0x00000000ff600000, 0x0000000100000000, 0x0000000100000000)
  eden space 9216K, 100% used [0x00000000ff600000,0x00000000fff00000,0x00000000fff00000)
  from space 512K, 31% used [0x00000000fff80000,0x00000000fffa8000,0x0000000100000000)
  to   space 512K, 0% used [0x00000000fff00000,0x00000000fff00000,0x00000000fff80000)
 ParOldGen       total 13312K, used 7304K [0x00000000fe200000, 0x00000000fef00000, 0x00000000ff600000)
  object space 13312K, 54% used [0x00000000fe200000,0x00000000fe922138,0x00000000fef00000)
 Metaspace       used 18220K, capacity 24346K, committed 28080K, reserved 1067008K
  class space    used 4897K, capacity 6208K, committed 9904K, reserved 1048576K
2025-06-20T08:00:42.574+0300: 6.885: [GC (Allocation Failure) 
Desired survivor size 524288 bytes, new threshold 1 (max 15)
[PSYoungGen: 9376K->208K(9728K)] 16680K->7568K(23040K), 0.0029269 secs] [Times: user=0.01 sys=0.00, real=0.00 secs] 
Heap after GC invocations=309 (full 2):
 PSYoungGen      total 9728K, used 208K [0x00000000ff600000, 0x0000000100000000, 0x0000000100000000)
  eden space 9216K, 0% used [0x00000000ff600000,0x00000000ff600000,0x00000000fff00000)
  from space 512K, 40% used [0x00000000fff00000,0x00000000fff34010,0x00000000fff80000)
  to   space 512K, 0% used [0x00000000fff80000,0x00000000fff80000,0x0000000100000000)
 ParOldGen       total 13312K, used 7360K [0x00000000fe200000, 0x00000000fef00000, 0x00000000ff600000)
  object space 13312K, 55% used [0x00000000fe200000,0x00000000fe930138,0x00000000fef00000)
 Metaspace       used 18220K, capacity 24346K, committed 28080K, reserved 1067008K
  class space    used 4897K, capacity 6208K, committed 9904K, reserved 1048576K
}
2025-06-20T08:00:42.577+0300: 6.888: Total time for which application threads were stopped: 0.0030456 seconds, Stopping threads took: 0.0000236 seconds
{Heap before GC invocations=310 (full 2):
 PSYoungGen      total 9728K, used 9424K [0x00000000ff600000, 0x0000000100000000, 0x0000000100000000)
  eden space 9216K, 100% used [0x00000000ff600000,0x00000000fff00000,0x00000000fff00000)
  from space 512K, 40% used [0x00000000fff00000,0x00000000fff34010,0x00000000fff80000)
  to   space 512K, 0% used [0x00000000fff80000,0x00000000fff80000,0x0000000100000000)
 ParOldGen       total 13312K, used 7360K [0x00000000fe200000, 0x00000000fef00000, 0x00000000ff600000)
  object space 13312K, 55% used [0x00000000fe200000,0x00000000fe930138,0x00000000fef00000)
 Metaspace       used 18338K, capacity 24538K, committed 28336K, reserved 1067008K
  class space    used 4945K, capacity 6272K, committed 9904K, reserved 1048576K
2025-06-20T08:00:42.595+0300: 6.905: [GC (Allocation Failure) 
Desired survivor size 524288 bytes, new threshold 1 (max 15)
[PSYoungGen: 9424K->160K(9728K)] 16784K->7568K(23040K), 0.0016415 secs] [Times: user=0.01 sys=0.00, real=0.00 secs] 
Heap after GC invocations=310 (full 2):
 PSYoungGen      total 9728K, used 160K [0x00000000ff600000, 0x0000000100000000, 0x0000000100000000)
  eden space 9216K, 0% used [0x00000000ff600000,0x00000000ff600000,0x00000000fff00000)
  from space 512K, 31% used [0x00000000fff80000,0x00000000fffa8000,0x0000000100000000)
  to   space 512K, 0% used [0x00000000fff00000,0x00000000fff00000,0x00000000fff80000)
 ParOldGen       total 13312K, used 7408K [0x00000000fe200000, 0x00000000fef00000, 0x00000000ff600000)
  object space 13312K, 55% used [0x00000000fe200000,0x00000000fe93c138,0x00000000fef00000)
 Metaspace       used 18338K, capacity 24538K, committed 28336K, reserved 1067008K
  class space    used 4945K, capacity 6272K, committed 9904K, reserved 1048576K
}
2025-06-20T08:00:42.597+0300: 6.907: Total time for which application threads were stopped: 0.0017360 seconds, Stopping threads took: 0.0000195 seconds
{Heap before GC invocations=311 (full 2):
 PSYoungGen      total 9728K, used 9376K [0x00000000ff600000, 0x0000000100000000, 0x0000000100000000)
  eden space 9216K, 100% used [0x00000000ff600000,0x00000000fff00000,0x00000000fff00000)
  from space 512K, 31% used [0x00000000fff80000,0x00000000fffa8000,0x0000000100000000)
  to   space 512K, 0% used [0x00000000fff00000,0x00000000fff00000,0x00000000fff80000)
 ParOldGen       total 13312K, used 7408K [0x00000000fe200000, 0x00000000fef00000, 0x00000000ff600000)
  object space 13312K, 55% used [0x00000000fe200000,0x00000000fe93c138,0x00000000fef00000)
 Metaspace       used 18452K, capacity 24724K, committed 28336K, reserved 1067008K
  class space    used 4992K, capacity 6334K, committed 9904K, reserved 1048576K
2025-06-20T08:00:42.613+0300: 6.924: [GC (Allocation Failure) 
Desired survivor size 524288 bytes, new threshold 1 (max 15)
[PSYoungGen: 9376K->144K(9728K)] 16784K->7608K(23040K), 0.0015179 secs] [Times: user=0.01 sys=0.00, real=0.00 secs] 
Heap after GC invocations=311 (full 2):
 PSYoungGen      total 9728K, used 144K [0x00000000ff600000, 0x0000000100000000, 0x0000000100000000)
  eden space 9216K, 0% used [0x00000000ff600000,0x00000000ff600000,0x00000000fff00000)
  from space 512K, 28% used [0x00000000fff00000,0x00000000fff24010,0x00000000fff80000)
  to   space 512K, 0% used [0x00000000fff80000,0x00000000fff80000,0x0000000100000000)
 ParOldGen       total 13312K, used 7464K [0x00000000fe200000, 0x00000000fef00000, 0x00000000ff600000)
  object space 13312K, 56% used [0x00000000fe200000,0x00000000fe94a138,0x00000000fef00000)
 Metaspace       used 18452K, capacity 24724K, committed 28336K, reserved 1067008K
  class space    used 4992K, capacity 6334K, committed 9904K, reserved 1048576K
}
2025-06-20T08:00:42.615+0300: 6.926: Total time for which application threads were stopped: 0.0016094 seconds, Stopping threads took: 0.0000186 seconds
{Heap before GC invocations=312 (full 2):
 PSYoungGen      total 9728K, used 9360K [0x00000000ff600000, 0x0000000100000000, 0x0000000100000000)
  eden space 9216K, 100% used [0x00000000ff600000,0x00000000fff00000,0x00000000fff00000)
  from space 512K, 28% used [0x00000000fff00000,0x00000000fff24010,0x00000000fff80000)
  to   space 512K, 0% used [0x00000000fff80000,0x00000000fff80000,0x0000000100000000)
 ParOldGen       total 13312K, used 7464K [0x00000000fe200000, 0x00000000fef00000, 0x00000000ff600000)
  object space 13312K, 56% used [0x00000000fe200000,0x00000000fe94a138,0x00000000fef00000)
 Metaspace       used 18568K, capacity 24910K, committed 28592K, reserved 1069056K
  class space    used 5039K, capacity 6396K, committed 9904K, reserved 1048576K
2025-06-20T08:00:42.633+0300: 6.944: [GC (Allocation Failure) 
Desired survivor size 524288 bytes, new threshold 1 (max 15)
[PSYoungGen: 9360K->224K(9728K)] 16824K->7736K(23040K), 0.0012663 secs] [Times: user=0.01 sys=0.00, real=0.00 secs] 
Heap after GC invocations=312 (full 2):
 PSYoungGen      total 9728K, used 224K [0x00000000ff600000, 0x0000000100000000, 0x0000000100000000)
  eden space 9216K, 0% used [0x00000000ff600000,0x00000000ff600000,0x00000000fff00000)
  from space 512K, 43% used [0x00000000fff80000,0x00000000fffb8000,0x0000000100000000)
  to   space 512K, 0% used [0x00000000fff00000,0x00000000fff00000,0x00000000fff80000)
 ParOldGen       total 13312K, used 7512K [0x00000000fe200000, 0x00000000fef00000, 0x00000000ff600000)
  object space 13312K, 56% used [0x00000000fe200000,0x00000000fe956138,0x00000000fef00000)
 Metaspace       used 18568K, capacity 24910K, committed 28592K, reserved 1069056K
  class space    used 5039K, capacity 6396K, committed 9904K, reserved 1048576K
}
2025-06-20T08:00:42.635+0300: 6.945: Total time for which application threads were stopped: 0.0013596 seconds, Stopping threads took: 0.0000176 seconds
{Heap before GC invocations=313 (full 2):
 PSYoungGen      total 9728K, used 9440K [0x00000000ff600000, 0x0000000100000000, 0x0000000100000000)
  eden space 9216K, 100% used [0x00000000ff600000,0x00000000fff00000,0x00000000fff00000)
  from space 512K, 43% used [0x00000000fff80000,0x00000000fffb8000,0x0000000100000000)
  to   space 512K, 0% used [0x00000000fff00000,0x00000000fff00000,0x00000000fff80000)
 ParOldGen       total 13312K, used 7512K [0x00000000fe200000, 0x00000000fef00000, 0x00000000ff600000)
  object space 13312K, 56% used [0x00000000fe200000,0x00000000fe956138,0x00000000fef00000)
 Metaspace       used 18686K, capacity 25102K, committed 28592K, reserved 1069056K
  class space    used 5088K, capacity 6460K, committed 9904K, reserved 1048576K
2025-06-20T08:00:42.652+0300: 6.963: [GC (Allocation Failure) 
Desired survivor size 524288 bytes, new threshold 1 (max 15)
[PSYoungGen: 9440K->160K(9728K)] 16952K->7728K(23040K), 0.0022605 secs] [Times: user=0.00 sys=0.00, real=0.00 secs] 
Heap after GC invocations=313 (full 2):
 PSYoungGen      total 9728K, used 160K [0x00000000ff600000, 0x0000000100000000, 0x0000000100000000)
  eden space 9216K, 0% used [0x00000000ff600000,0x00000000ff600000,0x00000000fff00000)
  from space 512K, 31% used [0x00000000fff00000,0x00000000fff28000,0x00000000fff80000)
  to   space 512K, 0% used [0x00000000fff80000,0x00000000fff80000,0x0000000100000000)
 ParOldGen       total 13312K, used 7568K [0x00000000fe200000, 0x00000000fef00000, 0x00000000ff600000)
  object space 13312K, 56% used [0x00000000fe200000,0x00000000fe964138,0x00000000fef00000)
 Metaspace       used 18686K, capacity 25102K, committed 28592K, reserved 1069056K
  class space    used 5088K, capacity 6460K, committed 9904K, reserved 1048576K
}
2025-06-20T08:00:42.654+0300: 6.965: Total time for which application threads were stopped: 0.0023644 seconds, Stopping threads took: 0.0000250 seconds
{Heap before GC invocations=314 (full 2):
 PSYoungGen      total 9728K, used 9376K [0x00000000ff600000, 0x0000000100000000, 0x0000000100000000)
  eden space 9216K, 100% used [0x00000000ff600000,0x00000000fff00000,0x00000000fff00000)
  from space 512K, 31% used [0x00000000fff00000,0x00000000fff28000,0x00000000fff80000)
  to   space 512K, 0% used [0x00000000fff80000,0x00000000fff80000,0x0000000100000000)
 ParOldGen       total 13312K, used 7568K [0x00000000fe200000, 0x00000000fef00000, 0x00000000ff600000)
  object space 13312K, 56% used [0x00000000fe200000,0x00000000fe964138,0x00000000fef00000)
 Metaspace       used 18800K, capacity 25288K, committed 28848K, reserved 1069056K
  class space    used 5134K, capacity 6522K, committed 9904K, reserved 1048576K
2025-06-20T08:00:42.672+0300: 6.983: [GC (Allocation Failure) 
Desired survivor size 524288 bytes, new threshold 1 (max 15)
[PSYoungGen: 9376K->192K(9728K)] 16944K->7824K(23040K), 0.0020654 secs] [Times: user=0.01 sys=0.00, real=0.00 secs] 
Heap after GC invocations=314 (full 2):
 PSYoungGen      total 9728K, used 192K [0x00000000ff600000, 0x0000000100000000, 0x0000000100000000)
  eden space 9216K, 0% used [0x00000000ff600000,0x00000000ff600000,0x00000000fff00000)
  from space 512K, 37% used [0x00000000fff80000,0x00000000fffb0000,0x0000000100000000)
  to   space 512K, 0% used [0x00000000fff00000,0x00000000fff00000,0x00000000fff80000)
 ParOldGen       total 13312K, used 7632K [0x00000000fe200000, 0x00000000fef00000, 0x00000000ff600000)
  object space 13312K, 57% used [0x00000000fe200000,0x00000000fe974138,0x00000000fef00000)
 Metaspace       used 18800K, capacity 25288K, committed 28848K, reserved 1069056K
  class space    used 5134K, capacity 6522K, committed 9904K, reserved 1048576K
}
2025-06-20T08:00:42.674+0300: 6.985: Total time for which application threads were stopped: 0.0021648 seconds, Stopping threads took: 0.0000165 seconds
{Heap before GC invocations=315 (full 2):
 PSYoungGen      total 9728K, used 9408K [0x00000000ff600000, 0x0000000100000000, 0x0000000100000000)
  eden space 9216K, 100% used [0x00000000ff600000,0x00000000fff00000,0x00000000fff00000)
  from space 512K, 37% used [0x00000000fff80000,0x00000000fffb0000,0x0000000100000000)
  to   space 512K, 0% used [0x00000000fff00000,0x00000000fff00000,0x00000000fff80000)
 ParOldGen       total 13312K, used 7632K [0x00000000fe200000, 0x00000000fef00000, 0x00000000ff600000)
  object space 13312K, 57% used [0x00000000fe200000,0x00000000fe974138,0x00000000fef00000)
 Metaspace       used 18918K, capacity 25480K, committed 28848K, reserved 1069056K
  class space    used 5183K, capacity 6586K, committed 9904K, reserved 1048576K
2025-06-20T08:00:42.691+0300: 7.001: [GC (Allocation Failure) 
Desired survivor size 524288 bytes, new threshold 1 (max 15)
[PSYoungGen: 9408K->224K(9728K)] 17040K->7912K(23040K), 0.0010504 secs] [Times: user=0.00 sys=0.00, real=0.00 secs] 
Heap after GC invocations=315 (full 2):
 PSYoungGen      total 9728K, used 224K [0x00000000ff600000, 0x0000000100000000, 0x0000000100000000)
  eden space 9216K, 0% used [0x00000000ff600000,0x00000000ff600000,0x00000000fff00000)
  from space 512K, 43% used [0x00000000fff00000,0x00000000fff38000,0x00000000fff80000)
  to   space 512K, 0% used [0x00000000fff80000,0x00000000fff80000,0x0000000100000000)
 ParOldGen       total 13312K, used 7688K [0x00000000fe200000, 0x00000000fef00000, 0x00000000ff600000)
  object space 13312K, 57% used [0x00000000fe200000,0x00000000fe982138,0x00000000fef00000)
 Metaspace       used 18918K, capacity 25480K, committed 28848K, reserved 1069056K
  class space    used 5183K, capacity 6586K, committed 9904K, reserved 1048576K
}
2025-06-20T08:00:42.692+0300: 7.002: Total time for which application threads were stopped: 0.0011392 seconds, Stopping threads took: 0.0000163 seconds
{Heap before GC invocations=316 (full 2):
 PSYoungGen      total 9728K, used 9440K [0x00000000ff600000, 0x0000000100000000, 0x0000000100000000)
  eden space 9216K, 100% used [0x00000000ff600000,0x00000000fff00000,0x00000000fff00000)
  from space 512K, 43% used [0x00000000fff00000,0x00000000fff38000,0x00000000fff80000)
  to   space 512K, 0% used [0x00000000fff80000,0x00000000fff80000,0x0000000100000000)
 ParOldGen       total 13312K, used 7688K [0x00000000fe200000, 0x00000000fef00000, 0x00000000ff600000)
  object space 13312K, 57% used [0x00000000fe200000,0x00000000fe982138,0x00000000fef00000)
 Metaspace       used 19032K, capacity 25666K, committed 29104K, reserved 1069056K
  class space    used 5229K, capacity 6648K, committed 9904K, reserved 1048576K
2025-06-20T08:00:42.708+0300: 7.019: [GC (Allocation Failure) 
Desired survivor size 524288 bytes, new threshold 1 (max 15)
[PSYoungGen: 9440K->160K(9728K)] 17128K->7904K(23040K), 0.0010473 secs] [Times: user=0.00 sys=0.00, real=0.00 secs] 
Heap after GC invocations=316 (full 2):
 PSYoungGen      total 9728K, used 160K [0x00000000ff600000, 0x0000000100000000, 0x0000000100000000)
  eden space 9216K, 0% used [0x00000000ff600000,0x00000000ff600000,0x00000000fff00000)
  from space 512K, 31% used [0x00000000fff80000,0x00000000fffa8000,0x0000000100000000)
  to   space 512K, 0% used [0x00000000fff00000,0x00000000fff00000,0x00000000fff80000)
 ParOldGen       total 13312K, used 7744K [0x00000000fe200000, 0x00000000fef00000, 0x00000000ff600000)
  object space 13312K, 58% used [0x00000000fe200000,0x00000000fe990138,0x00000000fef00000)
 Metaspace       used 19032K, capacity 25666K, committed 29104K, reserved 1069056K
  class space    used 5229K, capacity 6648K, committed 9904K, reserved 1048576K
}
2025-06-20T08:00:42.709+0300: 7.020: Total time for which application threads were stopped: 0.0011287 seconds, Stopping threads took: 0.0000166 seconds
{Heap before GC invocations=317 (full 2):
 PSYoungGen      total 9728K, used 9376K [0x00000000ff600000, 0x0000000100000000, 0x0000000100000000)
  eden space 9216K, 100% used [0x00000000ff600000,0x00000000fff00000,0x00000000fff00000)
  from space 512K, 31% used [0x00000000fff80000,0x00000000fffa8000,0x0000000100000000)
  to   space 512K, 0% used [0x00000000fff00000,0x00000000fff00000,0x00000000fff80000)
 ParOldGen       total 13312K, used 7744K [0x00000000fe200000, 0x00000000fef00000, 0x00000000ff600000)
  object space 13312K, 58% used [0x00000000fe200000,0x00000000fe990138,0x00000000fef00000)
 Metaspace       used 19147K, capacity 25852K, committed 29104K, reserved 1069056K
  class space    used 5276K, capacity 6710K, committed 9904K, reserved 1048576K
2025-06-20T08:00:42.725+0300: 7.036: [GC (Allocation Failure) 
Desired survivor size 524288 bytes, new threshold 1 (max 15)
[PSYoungGen: 9376K->246K(9728K)] 17120K->8047K(23040K), 0.0010360 secs] [Times: user=0.01 sys=0.00, real=0.00 secs] 
Heap after GC invocations=317 (full 2):
 PSYoungGen      total 9728K, used 246K [0x00000000ff600000, 0x0000000100000000, 0x0000000100000000)
  eden space 9216K, 0% used [0x00000000ff600000,0x00000000ff600000,0x00000000fff00000)
  from space 512K, 48% used [0x00000000fff00000,0x00000000fff3dba8,0x00000000fff80000)
  to   space 512K, 0% used [0x00000000fff80000,0x00000000fff80000,0x0000000100000000)
 ParOldGen       total 13312K, used 7800K [0x00000000fe200000, 0x00000000fef00000, 0x00000000ff600000)
  object space 13312K, 58% used [0x00000000fe200000,0x00000000fe99e138,0x00000000fef00000)
 Metaspace       used 19147K, capacity 25852K, committed 29104K, reserved 1069056K
  class space    used 5276K, capacity 6710K, committed 9904K, reserved 1048576K
}
2025-06-20T08:00:42.726+0300: 7.037: Total time for which application threads were stopped: 0.0011174 seconds, Stopping threads took: 0.0000140 seconds
{Heap before GC invocations=318 (full 2):
 PSYoungGen      total 9728K, used 9462K [0x00000000ff600000, 0x0000000100000000, 0x0000000100000000)
  eden space 9216K, 100% used [0x00000000ff600000,0x00000000fff00000,0x00000000fff00000)
  from space 512K, 48% used [0x00000000fff00000,0x00000000fff3dba8,0x00000000fff80000)
  to   space 512K, 0% used [0x00000000fff80000,0x00000000fff80000,0x0000000100000000)
 ParOldGen       total 13312K, used 7800K [0x00000000fe200000, 0x00000000fef00000, 0x00000000ff600000)
  object space 13312K, 58% used [0x00000000fe200000,0x00000000fe99e138,0x00000000fef00000)
 Metaspace       used 19261K, capacity 26038K, committed 29360K, reserved 1069056K
  class space    used 5323K, capacity 6772K, committed 9904K, reserved 1048576K
2025-06-20T08:00:42.742+0300: 7.053: [GC (Allocation Failure) 
Desired survivor size 524288 bytes, new threshold 1 (max 15)
[PSYoungGen: 9462K->192K(9728K)] 17263K->8111K(23040K), 0.0011125 secs] [Times: user=0.00 sys=0.00, real=0.00 secs] 
Heap after GC invocations=318 (full 2):
 PSYoungGen      total 9728K, used 192K [0x00000000ff600000, 0x0000000100000000, 0x0000000100000000)
  eden space 9216K, 0% used [0x00000000ff600000,0x00000000ff600000,0x00000000fff00000)
  from space 512K, 37% used [0x00000000fff80000,0x00000000fffb0000,0x0000000100000000)
  to   space 512K, 0% used [0x00000000fff00000,0x00000000fff00000,0x00000000fff80000)
 ParOldGen       total 13312K, used 7919K [0x00000000fe200000, 0x00000000fef00000, 0x00000000ff600000)
  object space 13312K, 59% used [0x00000000fe200000,0x00000000fe9bbce0,0x00000000fef00000)
 Metaspace       used 19261K, capacity 26038K, committed 29360K, reserved 1069056K
  class space    used 5323K, capacity 6772K, committed 9904K, reserved 1048576K
}
2025-06-20T08:00:42.743+0300: 7.054: Total time for which application threads were stopped: 0.0011968 seconds, Stopping threads took: 0.0000154 seconds
{Heap before GC invocations=319 (full 2):
 PSYoungGen      total 9728K, used 9408K [0x00000000ff600000, 0x0000000100000000, 0x0000000100000000)
  eden space 9216K, 100% used [0x00000000ff600000,0x00000000fff00000,0x00000000fff00000)
  from space 512K, 37% used [0x00000000fff80000,0x00000000fffb0000,0x0000000100000000)
  to   space 512K, 0% used [0x00000000fff00000,0x00000000fff00000,0x00000000fff80000)
 ParOldGen       total 13312K, used 7919K [0x00000000fe200000, 0x00000000fef00000, 0x00000000ff600000)
  object space 13312K, 59% used [0x00000000fe200000,0x00000000fe9bbce0,0x00000000fef00000)
 Metaspace       used 19379K, capacity 26230K, committed 29360K, reserved 1069056K
  class space    used 5371K, capacity 6836K, committed 9904K, reserved 1048576K
2025-06-20T08:00:42.760+0300: 7.070: [GC (Allocation Failure) 
Desired survivor size 524288 bytes, new threshold 1 (max 15)
[PSYoungGen: 9408K->160K(9728K)] 17327K->8135K(23040K), 0.0010673 secs] [Times: user=0.01 sys=0.00, real=0.00 secs] 
Heap after GC invocations=319 (full 2):
 PSYoungGen      total 9728K, used 160K [0x00000000ff600000, 0x0000000100000000, 0x0000000100000000)
  eden space 9216K, 0% used [0x00000000ff600000,0x00000000ff600000,0x00000000fff00000)
  from space 512K, 31% used [0x00000000fff00000,0x00000000fff28000,0x00000000fff80000)
  to   space 512K, 0% used [0x00000000fff80000,0x00000000fff80000,0x0000000100000000)
 ParOldGen       total 13312K, used 7975K [0x00000000fe200000, 0x00000000fef00000, 0x00000000ff600000)
  object space 13312K, 59% used [0x00000000fe200000,0x00000000fe9c9ce0,0x00000000fef00000)
 Metaspace       used 19379K, capacity 26230K, committed 29360K, reserved 1069056K
  class space    used 5371K, capacity 6836K, committed 9904K, reserved 1048576K
}
2025-06-20T08:00:42.761+0300: 7.072: Total time for which application threads were stopped: 0.0011809 seconds, Stopping threads took: 0.0000492 seconds
{Heap before GC invocations=320 (full 2):
 PSYoungGen      total 9728K, used 9376K [0x00000000ff600000, 0x0000000100000000, 0x0000000100000000)
  eden space 9216K, 100% used [0x00000000ff600000,0x00000000fff00000,0x00000000fff00000)
  from space 512K, 31% used [0x00000000fff00000,0x00000000fff28000,0x00000000fff80000)
  to   space 512K, 0% used [0x00000000fff80000,0x00000000fff80000,0x0000000100000000)
 ParOldGen       total 13312K, used 7975K [0x00000000fe200000, 0x00000000fef00000, 0x00000000ff600000)
  object space 13312K, 59% used [0x00000000fe200000,0x00000000fe9c9ce0,0x00000000fef00000)
 Metaspace       used 19493K, capacity 26416K, committed 29616K, reserved 1069056K
  class space    used 5418K, capacity 6898K, committed 9904K, reserved 1048576K
2025-06-20T08:00:42.777+0300: 7.088: [GC (Allocation Failure) 
Desired survivor size 524288 bytes, new threshold 1 (max 15)
[PSYoungGen: 9376K->160K(9728K)] 17351K->8191K(23040K), 0.0010510 secs] [Times: user=0.00 sys=0.00, real=0.00 secs] 
Heap after GC invocations=320 (full 2):
 PSYoungGen      total 9728K, used 160K [0x00000000ff600000, 0x0000000100000000, 0x0000000100000000)
  eden space 9216K, 0% used [0x00000000ff600000,0x00000000ff600000,0x00000000fff00000)
  from space 512K, 31% used [0x00000000fff80000,0x00000000fffa8000,0x0000000100000000)
  to   space 512K, 0% used [0x00000000fff00000,0x00000000fff00000,0x00000000fff80000)
 ParOldGen       total 13312K, used 8031K [0x00000000fe200000, 0x00000000fef00000, 0x00000000ff600000)
  object space 13312K, 60% used [0x00000000fe200000,0x00000000fe9d7ce0,0x00000000fef00000)
 Metaspace       used 19493K, capacity 26416K, committed 29616K, reserved 1069056K
  class space    used 5418K, capacity 6898K, committed 9904K, reserved 1048576K
}
2025-06-20T08:00:42.778+0300: 7.089: Total time for which application threads were stopped: 0.0011388 seconds, Stopping threads took: 0.0000167 seconds
{Heap before GC invocations=321 (full 2):
 PSYoungGen      total 9728K, used 9376K [0x00000000ff600000, 0x0000000100000000, 0x0000000100000000)
  eden space 9216K, 100% used [0x00000000ff600000,0x00000000fff00000,0x00000000fff00000)
  from space 512K, 31% used [0x00000000fff80000,0x00000000fffa8000,0x0000000100000000)
  to   space 512K, 0% used [0x00000000fff00000,0x00000000fff00000,0x00000000fff80000)
 ParOldGen       total 13312K, used 8031K [0x00000000fe200000, 0x00000000fef00000, 0x00000000ff600000)
  object space 13312K, 60% used [0x00000000fe200000,0x00000000fe9d7ce0,0x00000000fef00000)
 Metaspace       used 19608K, capacity 26602K, committed 29616K, reserved 1069056K
  class space    used 5465K, capacity 6960K, committed 9904K, reserved 1048576K
2025-06-20T08:00:42.796+0300: 7.106: [GC (Allocation Failure) 
Desired survivor size 524288 bytes, new threshold 1 (max 15)
[PSYoungGen: 9376K->224K(9728K)] 17407K->8311K(23040K), 0.0013155 secs] [Times: user=0.00 sys=0.00, real=0.01 secs] 
Heap after GC invocations=321 (full 2):
 PSYoungGen      total 9728K, used 224K [0x00000000ff600000, 0x0000000100000000, 0x0000000100000000)
  eden space 9216K, 0% used [0x00000000ff600000,0x00000000ff600000,0x00000000fff00000)
  from space 512K, 43% used [0x00000000fff00000,0x00000000fff38000,0x00000000fff80000)
  to   space 512K, 0% used [0x00000000fff80000,0x00000000fff80000,0x0000000100000000)
 ParOldGen       total 13312K, used 8087K [0x00000000fe200000, 0x00000000fef00000, 0x00000000ff600000)
  object space 13312K, 60% used [0x00000000fe200000,0x00000000fe9e5ce0,0x00000000fef00000)
 Metaspace       used 19608K, capacity 26602K, committed 29616K, reserved 1069056K
  class space    used 5465K, capacity 6960K, committed 9904K, reserved 1048576K
}
2025-06-20T08:00:42.797+0300: 7.108: Total time for which application threads were stopped: 0.0014114 seconds, Stopping threads took: 0.0000170 seconds
{Heap before GC invocations=322 (full 2):
 PSYoungGen      total 9728K, used 9440K [0x00000000ff600000, 0x0000000100000000, 0x0000000100000000)
  eden space 9216K, 100% used [0x00000000ff600000,0x00000000fff00000,0x00000000fff00000)
  from space 512K, 43% used [0x00000000fff00000,0x00000000fff38000,0x00000000fff80000)
  to   space 512K, 0% used [0x00000000fff80000,0x00000000fff80000,0x0000000100000000)
 ParOldGen       total 13312K, used 8087K [0x00000000fe200000, 0x00000000fef00000, 0x00000000ff600000)
  object space 13312K, 60% used [0x00000000fe200000,0x00000000fe9e5ce0,0x00000000fef00000)
 Metaspace       used 19726K, capacity 26794K, committed 29872K, reserved 1069056K
  class space    used 5513K, capacity 7024K, committed 9904K, reserved 1048576K
2025-06-20T08:00:42.814+0300: 7.124: [GC (Allocation Failure) 
Desired survivor size 524288 bytes, new threshold 1 (max 15)
[PSYoungGen: 9440K->160K(9728K)] 17527K->8303K(23040K), 0.0011789 secs] [Times: user=0.00 sys=0.00, real=0.00 secs] 
Heap after GC invocations=322 (full 2):
 PSYoungGen      total 9728K, used 160K [0x00000000ff600000, 0x0000000100000000, 0x0000000100000000)
  eden space 9216K, 0% used [0x00000000ff600000,0x00000000ff600000,0x00000000fff00000)
  from space 512K, 31% used [0x00000000fff80000,0x00000000fffa8000,0x0000000100000000)
  to   space 512K, 0% used [0x00000000fff00000,0x00000000fff00000,0x00000000fff80000)
 ParOldGen       total 13312K, used 8143K [0x00000000fe200000, 0x00000000fef00000, 0x00000000ff600000)
  object space 13312K, 61% used [0x00000000fe200000,0x00000000fe9f3ce0,0x00000000fef00000)
 Metaspace       used 19726K, capacity 26794K, committed 29872K, reserved 1069056K
  class space    used 5513K, capacity 7024K, committed 9904K, reserved 1048576K
}
2025-06-20T08:00:42.815+0300: 7.126: Total time for which application threads were stopped: 0.0012828 seconds, Stopping threads took: 0.0000164 seconds
{Heap before GC invocations=323 (full 2):
 PSYoungGen      total 9728K, used 9376K [0x00000000ff600000, 0x0000000100000000, 0x0000000100000000)
  eden space 9216K, 100% used [0x00000000ff600000,0x00000000fff00000,0x00000000fff00000)
  from space 512K, 31% used [0x00000000fff80000,0x00000000fffa8000,0x0000000100000000)
  to   space 512K, 0% used [0x00000000fff00000,0x00000000fff00000,0x00000000fff80000)
 ParOldGen       total 13312K, used 8143K [0x00000000fe200000, 0x00000000fef00000, 0x00000000ff600000)
  object space 13312K, 61% used [0x00000000fe200000,0x00000000fe9f3ce0,0x00000000fef00000)
 Metaspace       used 19840K, capacity 26980K, committed 29872K, reserved 1069056K
  class space    used 5560K, capacity 7086K, committed 9904K, reserved 1048576K
2025-06-20T08:00:42.832+0300: 7.142: [GC (Allocation Failure) 
Desired survivor size 524288 bytes, new threshold 1 (max 15)
[PSYoungGen: 9376K->160K(9728K)] 17519K->8351K(23040K), 0.0019267 secs] [Times: user=0.01 sys=0.00, real=0.00 secs] 
Heap after GC invocations=323 (full 2):
 PSYoungGen      total 9728K, used 160K [0x00000000ff600000, 0x0000000100000000, 0x0000000100000000)
  eden space 9216K, 0% used [0x00000000ff600000,0x00000000ff600000,0x00000000fff00000)
  from space 512K, 31% used [0x00000000fff00000,0x00000000fff28000,0x00000000fff80000)
  to   space 512K, 0% used [0x00000000fff80000,0x00000000fff80000,0x0000000100000000)
 ParOldGen       total 13312K, used 8191K [0x00000000fe200000, 0x00000000fef00000, 0x00000000ff600000)
  object space 13312K, 61% used [0x00000000fe200000,0x00000000fe9ffce0,0x00000000fef00000)
 Metaspace       used 19840K, capacity 26980K, committed 29872K, reserved 1069056K
  class space    used 5560K, capacity 7086K, committed 9904K, reserved 1048576K
}
2025-06-20T08:00:42.834+0300: 7.144: Total time for which application threads were stopped: 0.0020148 seconds, Stopping threads took: 0.0000173 seconds
{Heap before GC invocations=324 (full 2):
 PSYoungGen      total 9728K, used 9376K [0x00000000ff600000, 0x0000000100000000, 0x0000000100000000)
  eden space 9216K, 100% used [0x00000000ff600000,0x00000000fff00000,0x00000000fff00000)
  from space 512K, 31% used [0x00000000fff00000,0x00000000fff28000,0x00000000fff80000)
  to   space 512K, 0% used [0x00000000fff80000,0x00000000fff80000,0x0000000100000000)
 ParOldGen       total 13312K, used 8191K [0x00000000fe200000, 0x00000000fef00000, 0x00000000ff600000)
  object space 13312K, 61% used [0x00000000fe200000,0x00000000fe9ffce0,0x00000000fef00000)
 Metaspace       used 19958K, capacity 27172K, committed 30128K, reserved 1069056K
  class space    used 5608K, capacity 7150K, committed 9904K, reserved 1048576K
2025-06-20T08:00:42.851+0300: 7.162: [GC (Allocation Failure) 
Desired survivor size 524288 bytes, new threshold 1 (max 15)
[PSYoungGen: 9376K->176K(9728K)] 17567K->8415K(23040K), 0.0014401 secs] [Times: user=0.00 sys=0.00, real=0.00 secs] 
Heap after GC invocations=324 (full 2):
 PSYoungGen      total 9728K, used 176K [0x00000000ff600000, 0x0000000100000000, 0x0000000100000000)
  eden space 9216K, 0% used [0x00000000ff600000,0x00000000ff600000,0x00000000fff00000)
  from space 512K, 34% used [0x00000000fff80000,0x00000000fffac010,0x0000000100000000)
  to   space 512K, 0% used [0x00000000fff00000,0x00000000fff00000,0x00000000fff80000)
 ParOldGen       total 13312K, used 8239K [0x00000000fe200000, 0x00000000fef00000, 0x00000000ff600000)
  object space 13312K, 61% used [0x00000000fe200000,0x00000000fea0bce0,0x00000000fef00000)
 Metaspace       used 19958K, capacity 27172K, committed 30128K, reserved 1069056K
  class space    used 5608K, capacity 7150K, committed 9904K, reserved 1048576K
}
2025-06-20T08:00:42.853+0300: 7.163: Total time for which application threads were stopped: 0.0015427 seconds, Stopping threads took: 0.0000190 seconds
{Heap before GC invocations=325 (full 2):
 PSYoungGen      total 9728K, used 9392K [0x00000000ff600000, 0x0000000100000000, 0x0000000100000000)
  eden space 9216K, 100% used [0x00000000ff600000,0x00000000fff00000,0x00000000fff00000)
  from space 512K, 34% used [0x00000000fff80000,0x00000000fffac010,0x0000000100000000)
  to   space 512K, 0% used [0x00000000fff00000,0x00000000fff00000,0x00000000fff80000)
 ParOldGen       total 13312K, used 8239K [0x00000000fe200000, 0x00000000fef00000, 0x00000000ff600000)
  object space 13312K, 61% used [0x00000000fe200000,0x00000000fea0bce0,0x00000000fef00000)
 Metaspace       used 20072K, capacity 27358K, committed 30128K, reserved 1069056K
  class space    used 5655K, capacity 7212K, committed 9904K, reserved 1048576K
2025-06-20T08:00:42.872+0300: 7.183: [GC (Allocation Failure) 
Desired survivor size 524288 bytes, new threshold 1 (max 15)
[PSYoungGen: 9392K->192K(9728K)] 17631K->8503K(23040K), 0.0010915 secs] [Times: user=0.00 sys=0.00, real=0.00 secs] 
Heap after GC invocations=325 (full 2):
 PSYoungGen      total 9728K, used 192K [0x00000000ff600000, 0x0000000100000000, 0x0000000100000000)
  eden space 9216K, 0% used [0x00000000ff600000,0x00000000ff600000,0x00000000fff00000)
  from space 512K, 37% used [0x00000000fff00000,0x00000000fff30000,0x00000000fff80000)
  to   space 512K, 0% used [0x00000000fff80000,0x00000000fff80000,0x0000000100000000)
 ParOldGen       total 13312K, used 8311K [0x00000000fe200000, 0x00000000fef00000, 0x00000000ff600000)
  object space 13312K, 62% used [0x00000000fe200000,0x00000000fea1dce0,0x00000000fef00000)
 Metaspace       used 20072K, capacity 27358K, committed 30128K, reserved 1069056K
  class space    used 5655K, capacity 7212K, committed 9904K, reserved 1048576K
}
2025-06-20T08:00:42.873+0300: 7.184: Total time for which application threads were stopped: 0.0011842 seconds, Stopping threads took: 0.0000194 seconds
{Heap before GC invocations=326 (full 2):
 PSYoungGen      total 9728K, used 9408K [0x00000000ff600000, 0x0000000100000000, 0x0000000100000000)
  eden space 9216K, 100% used [0x00000000ff600000,0x00000000fff00000,0x00000000fff00000)
  from space 512K, 37% used [0x00000000fff00000,0x00000000fff30000,0x00000000fff80000)
  to   space 512K, 0% used [0x00000000fff80000,0x00000000fff80000,0x0000000100000000)
 ParOldGen       total 13312K, used 8311K [0x00000000fe200000, 0x00000000fef00000, 0x00000000ff600000)
  object space 13312K, 62% used [0x00000000fe200000,0x00000000fea1dce0,0x00000000fef00000)
 Metaspace       used 20187K, capacity 27544K, committed 30384K, reserved 1069056K
  class space    used 5701K, capacity 7274K, committed 9904K, reserved 1048576K
2025-06-20T08:00:42.892+0300: 7.202: [GC (Allocation Failure) 
Desired survivor size 524288 bytes, new threshold 1 (max 15)
[PSYoungGen: 9408K->224K(9728K)] 17719K->8599K(23040K), 0.0012683 secs] [Times: user=0.00 sys=0.00, real=0.00 secs] 
Heap after GC invocations=326 (full 2):
 PSYoungGen      total 9728K, used 224K [0x00000000ff600000, 0x0000000100000000, 0x0000000100000000)
  eden space 9216K, 0% used [0x00000000ff600000,0x00000000ff600000,0x00000000fff00000)
  from space 512K, 43% used [0x00000000fff80000,0x00000000fffb8000,0x0000000100000000)
  to   space 512K, 0% used [0x00000000fff00000,0x00000000fff00000,0x00000000fff80000)
 ParOldGen       total 13312K, used 8375K [0x00000000fe200000, 0x00000000fef00000, 0x00000000ff600000)
  object space 13312K, 62% used [0x00000000fe200000,0x00000000fea2dce0,0x00000000fef00000)
 Metaspace       used 20187K, capacity 27544K, committed 30384K, reserved 1069056K
  class space    used 5701K, capacity 7274K, committed 9904K, reserved 1048576K
}
2025-06-20T08:00:42.893+0300: 7.204: Total time for which application threads were stopped: 0.0013598 seconds, Stopping threads took: 0.0000188 seconds
{Heap before GC invocations=327 (full 2):
 PSYoungGen      total 9728K, used 9440K [0x00000000ff600000, 0x0000000100000000, 0x0000000100000000)
  eden space 9216K, 100% used [0x00000000ff600000,0x00000000fff00000,0x00000000fff00000)
  from space 512K, 43% used [0x00000000fff80000,0x00000000fffb8000,0x0000000100000000)
  to   space 512K, 0% used [0x00000000fff00000,0x00000000fff00000,0x00000000fff80000)
 ParOldGen       total 13312K, used 8375K [0x00000000fe200000, 0x00000000fef00000, 0x00000000ff600000)
  object space 13312K, 62% used [0x00000000fe200000,0x00000000fea2dce0,0x00000000fef00000)
 Metaspace       used 20305K, capacity 27736K, committed 30384K, reserved 1069056K
  class space    used 5750K, capacity 7338K, committed 9904K, reserved 1048576K
2025-06-20T08:00:42.911+0300: 7.221: [GC (Allocation Failure) 
Desired survivor size 524288 bytes, new threshold 1 (max 15)
[PSYoungGen: 9440K->224K(9728K)] 17815K->8655K(23040K), 0.0010441 secs] [Times: user=0.00 sys=0.00, real=0.00 secs] 
Heap after GC invocations=327 (full 2):
 PSYoungGen      total 9728K, used 224K [0x00000000ff600000, 0x0000000100000000, 0x0000000100000000)
  eden space 9216K, 0% used [0x00000000ff600000,0x00000000ff600000,0x00000000fff00000)
  from space 512K, 43% used [0x00000000fff00000,0x00000000fff38000,0x00000000fff80000)
  to   space 512K, 0% used [0x00000000fff80000,0x00000000fff80000,0x0000000100000000)
 ParOldGen       total 13312K, used 8431K [0x00000000fe200000, 0x00000000fef00000, 0x00000000ff600000)
  object space 13312K, 63% used [0x00000000fe200000,0x00000000fea3bce0,0x00000000fef00000)
 Metaspace       used 20305K, capacity 27736K, committed 30384K, reserved 1069056K
  class space    used 5750K, capacity 7338K, committed 9904K, reserved 1048576K
}
2025-06-20T08:00:42.912+0300: 7.222: Total time for which application threads were stopped: 0.0011484 seconds, Stopping threads took: 0.0000185 seconds
{Heap before GC invocations=328 (full 2):
 PSYoungGen      total 9728K, used 9440K [0x00000000ff600000, 0x0000000100000000, 0x0000000100000000)
  eden space 9216K, 100% used [0x00000000ff600000,0x00000000fff00000,0x00000000fff00000)
  from space 512K, 43% used [0x00000000fff00000,0x00000000fff38000,0x00000000fff80000)
  to   space 512K, 0% used [0x00000000fff80000,0x00000000fff80000,0x0000000100000000)
 ParOldGen       total 13312K, used 8431K [0x00000000fe200000, 0x00000000fef00000, 0x00000000ff600000)
  object space 13312K, 63% used [0x00000000fe200000,0x00000000fea3bce0,0x00000000fef00000)
 Metaspace       used 20419K, capacity 27922K, committed 30640K, reserved 1071104K
  class space    used 5796K, capacity 7400K, committed 9904K, reserved 1048576K
2025-06-20T08:00:42.929+0300: 7.240: [GC (Allocation Failure) 
Desired survivor size 524288 bytes, new threshold 1 (max 15)
[PSYoungGen: 9440K->96K(9728K)] 17871K->8575K(23040K), 0.0020102 secs] [Times: user=0.00 sys=0.00, real=0.00 secs] 
Heap after GC invocations=328 (full 2):
 PSYoungGen      total 9728K, used 96K [0x00000000ff600000, 0x0000000100000000, 0x0000000100000000)
  eden space 9216K, 0% used [0x00000000ff600000,0x00000000ff600000,0x00000000fff00000)
  from space 512K, 18% used [0x00000000fff80000,0x00000000fff98000,0x0000000100000000)
  to   space 512K, 0% used [0x00000000fff00000,0x00000000fff00000,0x00000000fff80000)
 ParOldGen       total 13312K, used 8479K [0x00000000fe200000, 0x00000000fef00000, 0x00000000ff600000)
  object space 13312K, 63% used [0x00000000fe200000,0x00000000fea47ce0,0x00000000fef00000)
 Metaspace       used 20419K, capacity 27922K, committed 30640K, reserved 1071104K
  class space    used 5796K, capacity 7400K, committed 9904K, reserved 1048576K
}
2025-06-20T08:00:42.931+0300: 7.242: Total time for which application threads were stopped: 0.0021024 seconds, Stopping threads took: 0.0000193 seconds
{Heap before GC invocations=329 (full 2):
 PSYoungGen      total 9728K, used 9312K [0x00000000ff600000, 0x0000000100000000, 0x0000000100000000)
  eden space 9216K, 100% used [0x00000000ff600000,0x00000000fff00000,0x00000000fff00000)
  from space 512K, 18% used [0x00000000fff80000,0x00000000fff98000,0x0000000100000000)
  to   space 512K, 0% used [0x00000000fff00000,0x00000000fff00000,0x00000000fff80000)
 ParOldGen       total 13312K, used 8479K [0x00000000fe200000, 0x00000000fef00000, 0x00000000ff600000)
  object space 13312K, 63% used [0x00000000fe200000,0x00000000fea47ce0,0x00000000fef00000)
 Metaspace       used 20533K, capacity 28108K, committed 30640K, reserved 1071104K
  class space    used 5843K, capacity 7462K, committed 9904K, reserved 1048576K
2025-06-20T08:00:42.950+0300: 7.260: [GC (Allocation Failure) 
Desired survivor size 524288 bytes, new threshold 1 (max 15)
[PSYoungGen: 9312K->160K(9728K)] 17791K->8687K(23040K), 0.0018297 secs] [Times: user=0.00 sys=0.00, real=0.00 secs] 
Heap after GC invocations=329 (full 2):
 PSYoungGen      total 9728K, used 160K [0x00000000ff600000, 0x0000000100000000, 0x0000000100000000)
  eden space 9216K, 0% used [0x00000000ff600000,0x00000000ff600000,0x00000000fff00000)
  from space 512K, 31% used [0x00000000fff00000,0x00000000fff28000,0x00000000fff80000)
  to   space 512K, 0% used [0x00000000fff80000,0x00000000fff80000,0x0000000100000000)
 ParOldGen       total 13312K, used 8527K [0x00000000fe200000, 0x00000000fef00000, 0x00000000ff600000)
  object space 13312K, 64% used [0x00000000fe200000,0x00000000fea53ce0,0x00000000fef00000)
 Metaspace       used 20533K, capacity 28108K, committed 30640K, reserved 1071104K
  class space    used 5843K, capacity 7462K, committed 9904K, reserved 1048576K
}
2025-06-20T08:00:42.951+0300: 7.262: Total time for which application threads were stopped: 0.0019439 seconds, Stopping threads took: 0.0000202 seconds
{Heap before GC invocations=330 (full 2):
 PSYoungGen      total 9728K, used 9376K [0x00000000ff600000, 0x0000000100000000, 0x0000000100000000)
  eden space 9216K, 100% used [0x00000000ff600000,0x00000000fff00000,0x00000000fff00000)
  from space 512K, 31% used [0x00000000fff00000,0x00000000fff28000,0x00000000fff80000)
  to   space 512K, 0% used [0x00000000fff80000,0x00000000fff80000,0x0000000100000000)
 ParOldGen       total 13312K, used 8527K [0x00000000fe200000, 0x00000000fef00000, 0x00000000ff600000)
  object space 13312K, 64% used [0x00000000fe200000,0x00000000fea53ce0,0x00000000fef00000)
 Metaspace       used 20651K, capacity 28300K, committed 30896K, reserved 1071104K
  class space    used 5891K, capacity 7526K, committed 9904K, reserved 1048576K
2025-06-20T08:00:42.970+0300: 7.280: [GC (Allocation Failure) 
Desired survivor size 524288 bytes, new threshold 1 (max 15)
[PSYoungGen: 9376K->224K(9728K)] 17903K->8807K(23040K), 0.0016873 secs] [Times: user=0.01 sys=0.00, real=0.00 secs] 
Heap after GC invocations=330 (full 2):
 PSYoungGen      total 9728K, used 224K [0x00000000ff600000, 0x0000000100000000, 0x0000000100000000)
  eden space 9216K, 0% used [0x00000000ff600000,0x00000000ff600000,0x00000000fff00000)
  from space 512K, 43% used [0x00000000fff80000,0x00000000fffb8000,0x0000000100000000)
  to   space 512K, 0% used [0x00000000fff00000,0x00000000fff00000,0x00000000fff80000)
 ParOldGen       total 13312K, used 8583K [0x00000000fe200000, 0x00000000fef00000, 0x00000000ff600000)
  object space 13312K, 64% used [0x00000000fe200000,0x00000000fea61ce0,0x00000000fef00000)
 Metaspace       used 20651K, capacity 28300K, committed 30896K, reserved 1071104K
  class space    used 5891K, capacity 7526K, committed 9904K, reserved 1048576K
}
2025-06-20T08:00:42.972+0300: 7.282: Total time for which application threads were stopped: 0.0017895 seconds, Stopping threads took: 0.0000182 seconds
{Heap before GC invocations=331 (full 2):
 PSYoungGen      total 9728K, used 9440K [0x00000000ff600000, 0x0000000100000000, 0x0000000100000000)
  eden space 9216K, 100% used [0x00000000ff600000,0x00000000fff00000,0x00000000fff00000)
  from space 512K, 43% used [0x00000000fff80000,0x00000000fffb8000,0x0000000100000000)
  to   space 512K, 0% used [0x00000000fff00000,0x00000000fff00000,0x00000000fff80000)
 ParOldGen       total 13312K, used 8583K [0x00000000fe200000, 0x00000000fef00000, 0x00000000ff600000)
  object space 13312K, 64% used [0x00000000fe200000,0x00000000fea61ce0,0x00000000fef00000)
 Metaspace       used 20765K, capacity 28486K, committed 30896K, reserved 1071104K
  class space    used 5938K, capacity 7588K, committed 9904K, reserved 1048576K
2025-06-20T08:00:42.990+0300: 7.301: [GC (Allocation Failure) 
Desired survivor size 524288 bytes, new threshold 1 (max 15)
[PSYoungGen: 9440K->160K(9728K)] 18023K->8799K(23040K), 0.0018427 secs] [Times: user=0.01 sys=0.00, real=0.00 secs] 
Heap after GC invocations=331 (full 2):
 PSYoungGen      total 9728K, used 160K [0x00000000ff600000, 0x0000000100000000, 0x0000000100000000)
  eden space 9216K, 0% used [0x00000000ff600000,0x00000000ff600000,0x00000000fff00000)
  from space 512K, 31% used [0x00000000fff00000,0x00000000fff28000,0x00000000fff80000)
  to   space 512K, 0% used [0x00000000fff80000,0x00000000fff80000,0x0000000100000000)
 ParOldGen       total 13312K, used 8639K [0x00000000fe200000, 0x00000000fef00000, 0x00000000ff600000)
  object space 13312K, 64% used [0x00000000fe200000,0x00000000fea6fce0,0x00000000fef00000)
 Metaspace       used 20765K, capacity 28486K, committed 30896K, reserved 1071104K
  class space    used 5938K, capacity 7588K, committed 9904K, reserved 1048576K
}
2025-06-20T08:00:42.992+0300: 7.303: Total time for which application threads were stopped: 0.0019487 seconds, Stopping threads took: 0.0000172 seconds
{Heap before GC invocations=332 (full 2):
 PSYoungGen      total 9728K, used 9376K [0x00000000ff600000, 0x0000000100000000, 0x0000000100000000)
  eden space 9216K, 100% used [0x00000000ff600000,0x00000000fff00000,0x00000000fff00000)
  from space 512K, 31% used [0x00000000fff00000,0x00000000fff28000,0x00000000fff80000)
  to   space 512K, 0% used [0x00000000fff80000,0x00000000fff80000,0x0000000100000000)
 ParOldGen       total 13312K, used 8639K [0x00000000fe200000, 0x00000000fef00000, 0x00000000ff600000)
  object space 13312K, 64% used [0x00000000fe200000,0x00000000fea6fce0,0x00000000fef00000)
 Metaspace       used 20883K, capacity 28678K, committed 31152K, reserved 1071104K
  class space    used 5986K, capacity 7652K, committed 9904K, reserved 1048576K
2025-06-20T08:00:43.010+0300: 7.321: [GC (Allocation Failure) 
Desired survivor size 524288 bytes, new threshold 1 (max 15)
[PSYoungGen: 9376K->224K(9728K)] 18015K->8919K(23040K), 0.0010973 secs] [Times: user=0.00 sys=0.00, real=0.00 secs] 
Heap after GC invocations=332 (full 2):
 PSYoungGen      total 9728K, used 224K [0x00000000ff600000, 0x0000000100000000, 0x0000000100000000)
  eden space 9216K, 0% used [0x00000000ff600000,0x00000000ff600000,0x00000000fff00000)
  from space 512K, 43% used [0x00000000fff80000,0x00000000fffb8000,0x0000000100000000)
  to   space 512K, 0% used [0x00000000fff00000,0x00000000fff00000,0x00000000fff80000)
 ParOldGen       total 13312K, used 8695K [0x00000000fe200000, 0x00000000fef00000, 0x00000000ff600000)
  object space 13312K, 65% used [0x00000000fe200000,0x00000000fea7dce0,0x00000000fef00000)
 Metaspace       used 20883K, capacity 28678K, committed 31152K, reserved 1071104K
  class space    used 5986K, capacity 7652K, committed 9904K, reserved 1048576K
}
2025-06-20T08:00:43.012+0300: 7.322: Total time for which application threads were stopped: 0.0011884 seconds, Stopping threads took: 0.0000177 seconds
{Heap before GC invocations=333 (full 2):
 PSYoungGen      total 9728K, used 9440K [0x00000000ff600000, 0x0000000100000000, 0x0000000100000000)
  eden space 9216K, 100% used [0x00000000ff600000,0x00000000fff00000,0x00000000fff00000)
  from space 512K, 43% used [0x00000000fff80000,0x00000000fffb8000,0x0000000100000000)
  to   space 512K, 0% used [0x00000000fff00000,0x00000000fff00000,0x00000000fff80000)
 ParOldGen       total 13312K, used 8695K [0x00000000fe200000, 0x00000000fef00000, 0x00000000ff600000)
  object space 13312K, 65% used [0x00000000fe200000,0x00000000fea7dce0,0x00000000fef00000)
 Metaspace       used 20998K, capacity 28864K, committed 31152K, reserved 1071104K
  class space    used 6033K, capacity 7714K, committed 9904K, reserved 1048576K
2025-06-20T08:00:43.030+0300: 7.341: [GC (Allocation Failure) 
Desired survivor size 524288 bytes, new threshold 1 (max 15)
[PSYoungGen: 9440K->160K(9728K)] 18135K->8911K(23040K), 0.0011372 secs] [Times: user=0.00 sys=0.00, real=0.00 secs] 
Heap after GC invocations=333 (full 2):
 PSYoungGen      total 9728K, used 160K [0x00000000ff600000, 0x0000000100000000, 0x0000000100000000)
  eden space 9216K, 0% used [0x00000000ff600000,0x00000000ff600000,0x00000000fff00000)
  from space 512K, 31% used [0x00000000fff00000,0x00000000fff28000,0x00000000fff80000)
  to   space 512K, 0% used [0x00000000fff80000,0x00000000fff80000,0x0000000100000000)
 ParOldGen       total 13312K, used 8751K [0x00000000fe200000, 0x00000000fef00000, 0x00000000ff600000)
  object space 13312K, 65% used [0x00000000fe200000,0x00000000fea8bce0,0x00000000fef00000)
 Metaspace       used 20998K, capacity 28864K, committed 31152K, reserved 1071104K
  class space    used 6033K, capacity 7714K, committed 9904K, reserved 1048576K
}
2025-06-20T08:00:43.031+0300: 7.342: Total time for which application threads were stopped: 0.0012275 seconds, Stopping threads took: 0.0000179 seconds
{Heap before GC invocations=334 (full 2):
 PSYoungGen      total 9728K, used 9376K [0x00000000ff600000, 0x0000000100000000, 0x0000000100000000)
  eden space 9216K, 100% used [0x00000000ff600000,0x00000000fff00000,0x00000000fff00000)
  from space 512K, 31% used [0x00000000fff00000,0x00000000fff28000,0x00000000fff80000)
  to   space 512K, 0% used [0x00000000fff80000,0x00000000fff80000,0x0000000100000000)
 ParOldGen       total 13312K, used 8751K [0x00000000fe200000, 0x00000000fef00000, 0x00000000ff600000)
  object space 13312K, 65% used [0x00000000fe200000,0x00000000fea8bce0,0x00000000fef00000)
 Metaspace       used 21112K, capacity 29050K, committed 31408K, reserved 1071104K
  class space    used 6080K, capacity 7776K, committed 9904K, reserved 1048576K
2025-06-20T08:00:43.050+0300: 7.360: [GC (Allocation Failure) 
Desired survivor size 524288 bytes, new threshold 1 (max 15)
[PSYoungGen: 9376K->192K(9728K)] 18127K->8991K(23040K), 0.0014062 secs] [Times: user=0.00 sys=0.00, real=0.00 secs] 
Heap after GC invocations=334 (full 2):
 PSYoungGen      total 9728K, used 192K [0x00000000ff600000, 0x0000000100000000, 0x0000000100000000)
  eden space 9216K, 0% used [0x00000000ff600000,0x00000000ff600000,0x00000000fff00000)
  from space 512K, 37% used [0x00000000fff80000,0x00000000fffb0000,0x0000000100000000)
  to   space 512K, 0% used [0x00000000fff00000,0x00000000fff00000,0x00000000fff80000)
 ParOldGen       total 13312K, used 8799K [0x00000000fe200000, 0x00000000fef00000, 0x00000000ff600000)
  object space 13312K, 66% used [0x00000000fe200000,0x00000000fea97ce0,0x00000000fef00000)
 Metaspace       used 21112K, capacity 29050K, committed 31408K, reserved 1071104K
  class space    used 6080K, capacity 7776K, committed 9904K, reserved 1048576K
}
2025-06-20T08:00:43.051+0300: 7.362: Total time for which application threads were stopped: 0.0015096 seconds, Stopping threads took: 0.0000209 seconds
{Heap before GC invocations=335 (full 2):
 PSYoungGen      total 9728K, used 9408K [0x00000000ff600000, 0x0000000100000000, 0x0000000100000000)
  eden space 9216K, 100% used [0x00000000ff600000,0x00000000fff00000,0x00000000fff00000)
  from space 512K, 37% used [0x00000000fff80000,0x00000000fffb0000,0x0000000100000000)
  to   space 512K, 0% used [0x00000000fff00000,0x00000000fff00000,0x00000000fff80000)
 ParOldGen       total 13312K, used 8799K [0x00000000fe200000, 0x00000000fef00000, 0x00000000ff600000)
  object space 13312K, 66% used [0x00000000fe200000,0x00000000fea97ce0,0x00000000fef00000)
 Metaspace       used 21230K, capacity 29242K, committed 31408K, reserved 1071104K
  class space    used 6128K, capacity 7840K, committed 9904K, reserved 1048576K
2025-06-20T08:00:43.070+0300: 7.381: [GC (Allocation Failure) 
Desired survivor size 524288 bytes, new threshold 1 (max 15)
[PSYoungGen: 9408K->192K(9728K)] 18207K->9047K(23040K), 0.0017299 secs] [Times: user=0.01 sys=0.00, real=0.00 secs] 
Heap after GC invocations=335 (full 2):
 PSYoungGen      total 9728K, used 192K [0x00000000ff600000, 0x0000000100000000, 0x0000000100000000)
  eden space 9216K, 0% used [0x00000000ff600000,0x00000000ff600000,0x00000000fff00000)
  from space 512K, 37% used [0x00000000fff00000,0x00000000fff30000,0x00000000fff80000)
  to   space 512K, 0% used [0x00000000fff80000,0x00000000fff80000,0x0000000100000000)
 ParOldGen       total 13312K, used 8855K [0x00000000fe200000, 0x00000000fef00000, 0x00000000ff600000)
  object space 13312K, 66% used [0x00000000fe200000,0x00000000feaa5ce0,0x00000000fef00000)
 Metaspace       used 21230K, capacity 29242K, committed 31408K, reserved 1071104K
  class space    used 6128K, capacity 7840K, committed 9904K, reserved 1048576K
}
2025-06-20T08:00:43.072+0300: 7.382: Total time for which application threads were stopped: 0.0018220 seconds, Stopping threads took: 0.0000165 seconds
{Heap before GC invocations=336 (full 2):
 PSYoungGen      total 9728K, used 9408K [0x00000000ff600000, 0x0000000100000000, 0x0000000100000000)
  eden space 9216K, 100% used [0x00000000ff600000,0x00000000fff00000,0x00000000fff00000)
  from space 512K, 37% used [0x00000000fff00000,0x00000000fff30000,0x00000000fff80000)
  to   space 512K, 0% used [0x00000000fff80000,0x00000000fff80000,0x0000000100000000)
 ParOldGen       total 13312K, used 8855K [0x00000000fe200000, 0x00000000fef00000, 0x00000000ff600000)
  object space 13312K, 66% used [0x00000000fe200000,0x00000000feaa5ce0,0x00000000fef00000)
 Metaspace       used 21344K, capacity 29428K, committed 31664K, reserved 1071104K
  class space    used 6175K, capacity 7902K, committed 9904K, reserved 1048576K
2025-06-20T08:00:43.090+0300: 7.401: [GC (Allocation Failure) 
Desired survivor size 524288 bytes, new threshold 1 (max 15)
[PSYoungGen: 9408K->160K(9728K)] 18263K->9071K(23040K), 0.0009072 secs] [Times: user=0.01 sys=0.00, real=0.00 secs] 
Heap after GC invocations=336 (full 2):
 PSYoungGen      total 9728K, used 160K [0x00000000ff600000, 0x0000000100000000, 0x0000000100000000)
  eden space 9216K, 0% used [0x00000000ff600000,0x00000000ff600000,0x00000000fff00000)
  from space 512K, 31% used [0x00000000fff80000,0x00000000fffa8000,0x0000000100000000)
  to   space 512K, 0% used [0x00000000fff00000,0x00000000fff00000,0x00000000fff80000)
 ParOldGen       total 13312K, used 8911K [0x00000000fe200000, 0x00000000fef00000, 0x00000000ff600000)
  object space 13312K, 66% used [0x00000000fe200000,0x00000000feab3ce0,0x00000000fef00000)
 Metaspace       used 21344K, capacity 29428K, committed 31664K, reserved 1071104K
  class space    used 6175K, capacity 7902K, committed 9904K, reserved 1048576K
}
2025-06-20T08:00:43.091+0300: 7.402: Total time for which application threads were stopped: 0.0009954 seconds, Stopping threads took: 0.0000175 seconds
{Heap before GC invocations=337 (full 2):
 PSYoungGen      total 9728K, used 9376K [0x00000000ff600000, 0x0000000100000000, 0x0000000100000000)
  eden space 9216K, 100% used [0x00000000ff600000,0x00000000fff00000,0x00000000fff00000)
  from space 512K, 31% used [0x00000000fff80000,0x00000000fffa8000,0x0000000100000000)
  to   space 512K, 0% used [0x00000000fff00000,0x00000000fff00000,0x00000000fff80000)
 ParOldGen       total 13312K, used 8911K [0x00000000fe200000, 0x00000000fef00000, 0x00000000ff600000)
  object space 13312K, 66% used [0x00000000fe200000,0x00000000feab3ce0,0x00000000fef00000)
 Metaspace       used 21459K, capacity 29614K, committed 31664K, reserved 1071104K
  class space    used 6221K, capacity 7964K, committed 9904K, reserved 1048576K
2025-06-20T08:00:43.108+0300: 7.419: [GC (Allocation Failure) 
Desired survivor size 524288 bytes, new threshold 1 (max 15)
[PSYoungGen: 9376K->176K(9728K)] 18287K->9135K(23040K), 0.0019375 secs] [Times: user=0.01 sys=0.00, real=0.00 secs] 
Heap after GC invocations=337 (full 2):
 PSYoungGen      total 9728K, used 176K [0x00000000ff600000, 0x0000000100000000, 0x0000000100000000)
  eden space 9216K, 0% used [0x00000000ff600000,0x00000000ff600000,0x00000000fff00000)
  from space 512K, 34% used [0x00000000fff00000,0x00000000fff2c010,0x00000000fff80000)
  to   space 512K, 0% used [0x00000000fff80000,0x00000000fff80000,0x0000000100000000)
 ParOldGen       total 13312K, used 8959K [0x00000000fe200000, 0x00000000fef00000, 0x00000000ff600000)
  object space 13312K, 67% used [0x00000000fe200000,0x00000000feabfce0,0x00000000fef00000)
 Metaspace       used 21459K, capacity 29614K, committed 31664K, reserved 1071104K
  class space    used 6221K, capacity 7964K, committed 9904K, reserved 1048576K
}
2025-06-20T08:00:43.110+0300: 7.421: Total time for which application threads were stopped: 0.0020436 seconds, Stopping threads took: 0.0000196 seconds
{Heap before GC invocations=338 (full 2):
 PSYoungGen      total 9728K, used 9392K [0x00000000ff600000, 0x0000000100000000, 0x0000000100000000)
  eden space 9216K, 100% used [0x00000000ff600000,0x00000000fff00000,0x00000000fff00000)
  from space 512K, 34% used [0x00000000fff00000,0x00000000fff2c010,0x00000000fff80000)
  to   space 512K, 0% used [0x00000000fff80000,0x00000000fff80000,0x0000000100000000)
 ParOldGen       total 13312K, used 8959K [0x00000000fe200000, 0x00000000fef00000, 0x00000000ff600000)
  object space 13312K, 67% used [0x00000000fe200000,0x00000000feabfce0,0x00000000fef00000)
 Metaspace       used 21577K, capacity 29806K, committed 31920K, reserved 1071104K
  class space    used 6270K, capacity 8028K, committed 9904K, reserved 1048576K
2025-06-20T08:00:43.128+0300: 7.439: [GC (Allocation Failure) 
Desired survivor size 524288 bytes, new threshold 1 (max 15)
[PSYoungGen: 9392K->208K(9728K)] 18351K->9215K(23040K), 0.0014348 secs] [Times: user=0.01 sys=0.00, real=0.00 secs] 
Heap after GC invocations=338 (full 2):
 PSYoungGen      total 9728K, used 208K [0x00000000ff600000, 0x0000000100000000, 0x0000000100000000)
  eden space 9216K, 0% used [0x00000000ff600000,0x00000000ff600000,0x00000000fff00000)
  from space 512K, 40% used [0x00000000fff80000,0x00000000fffb4010,0x0000000100000000)
  to   space 512K, 0% used [0x00000000fff00000,0x00000000fff00000,0x00000000fff80000)
 ParOldGen       total 13312K, used 9007K [0x00000000fe200000, 0x00000000fef00000, 0x00000000ff600000)
  object space 13312K, 67% used [0x00000000fe200000,0x00000000feacbce0,0x00000000fef00000)
 Metaspace       used 21577K, capacity 29806K, committed 31920K, reserved 1071104K
  class space    used 6270K, capacity 8028K, committed 9904K, reserved 1048576K
}
2025-06-20T08:00:43.130+0300: 7.440: Total time for which application threads were stopped: 0.0015276 seconds, Stopping threads took: 0.0000174 seconds
{Heap before GC invocations=339 (full 2):
 PSYoungGen      total 9728K, used 9424K [0x00000000ff600000, 0x0000000100000000, 0x0000000100000000)
  eden space 9216K, 100% used [0x00000000ff600000,0x00000000fff00000,0x00000000fff00000)
  from space 512K, 40% used [0x00000000fff80000,0x00000000fffb4010,0x0000000100000000)
  to   space 512K, 0% used [0x00000000fff00000,0x00000000fff00000,0x00000000fff80000)
 ParOldGen       total 13312K, used 9007K [0x00000000fe200000, 0x00000000fef00000, 0x00000000ff600000)
  object space 13312K, 67% used [0x00000000fe200000,0x00000000feacbce0,0x00000000fef00000)
 Metaspace       used 21691K, capacity 29992K, committed 31920K, reserved 1071104K
  class space    used 6316K, capacity 8090K, committed 9904K, reserved 1048576K
2025-06-20T08:00:43.147+0300: 7.458: [GC (Allocation Failure) 
Desired survivor size 524288 bytes, new threshold 1 (max 15)
[PSYoungGen: 9424K->128K(9728K)] 18431K->9191K(23040K), 0.0013600 secs] [Times: user=0.01 sys=0.00, real=0.00 secs] 
Heap after GC invocations=339 (full 2):
 PSYoungGen      total 9728K, used 128K [0x00000000ff600000, 0x0000000100000000, 0x0000000100000000)
  eden space 9216K, 0% used [0x00000000ff600000,0x00000000ff600000,0x00000000fff00000)
  from space 512K, 25% used [0x00000000fff00000,0x00000000fff20000,0x00000000fff80000)
  to   space 512K, 0% used [0x00000000fff80000,0x00000000fff80000,0x0000000100000000)
 ParOldGen       total 13312K, used 9063K [0x00000000fe200000, 0x00000000fef00000, 0x00000000ff600000)
  object space 13312K, 68% used [0x00000000fe200000,0x00000000fead9ce0,0x00000000fef00000)
 Metaspace       used 21691K, capacity 29992K, committed 31920K, reserved 1071104K
  class space    used 6316K, capacity 8090K, committed 9904K, reserved 1048576K
}
2025-06-20T08:00:43.149+0300: 7.459: Total time for which application threads were stopped: 0.0014581 seconds, Stopping threads took: 0.0000180 seconds
{Heap before GC invocations=340 (full 2):
 PSYoungGen      total 9728K, used 9344K [0x00000000ff600000, 0x0000000100000000, 0x0000000100000000)
  eden space 9216K, 100% used [0x00000000ff600000,0x00000000fff00000,0x00000000fff00000)
  from space 512K, 25% used [0x00000000fff00000,0x00000000fff20000,0x00000000fff80000)
  to   space 512K, 0% used [0x00000000fff80000,0x00000000fff80000,0x0000000100000000)
 ParOldGen       total 13312K, used 9063K [0x00000000fe200000, 0x00000000fef00000, 0x00000000ff600000)
  object space 13312K, 68% used [0x00000000fe200000,0x00000000fead9ce0,0x00000000fef00000)
 Metaspace       used 21805K, capacity 30178K, committed 32176K, reserved 1071104K
  class space    used 6363K, capacity 8152K, committed 9904K, reserved 1048576K
2025-06-20T08:00:43.166+0300: 7.477: [GC (Allocation Failure) 
Desired survivor size 524288 bytes, new threshold 1 (max 15)
[PSYoungGen: 9344K->160K(9728K)] 18407K->9271K(23040K), 0.0021118 secs] [Times: user=0.01 sys=0.00, real=0.01 secs] 
Heap after GC invocations=340 (full 2):
 PSYoungGen      total 9728K, used 160K [0x00000000ff600000, 0x0000000100000000, 0x0000000100000000)
  eden space 9216K, 0% used [0x00000000ff600000,0x00000000ff600000,0x00000000fff00000)
  from space 512K, 31% used [0x00000000fff80000,0x00000000fffa8000,0x0000000100000000)
  to   space 512K, 0% used [0x00000000fff00000,0x00000000fff00000,0x00000000fff80000)
 ParOldGen       total 13312K, used 9111K [0x00000000fe200000, 0x00000000fef00000, 0x00000000ff600000)
  object space 13312K, 68% used [0x00000000fe200000,0x00000000feae5ce0,0x00000000fef00000)
 Metaspace       used 21805K, capacity 30178K, committed 32176K, reserved 1071104K
  class space    used 6363K, capacity 8152K, committed 9904K, reserved 1048576K
}
2025-06-20T08:00:43.168+0300: 7.479: Total time for which application threads were stopped: 0.0022134 seconds, Stopping threads took: 0.0000163 seconds
{Heap before GC invocations=341 (full 2):
 PSYoungGen      total 9728K, used 9376K [0x00000000ff600000, 0x0000000100000000, 0x0000000100000000)
  eden space 9216K, 100% used [0x00000000ff600000,0x00000000fff00000,0x00000000fff00000)
  from space 512K, 31% used [0x00000000fff80000,0x00000000fffa8000,0x0000000100000000)
  to   space 512K, 0% used [0x00000000fff00000,0x00000000fff00000,0x00000000fff80000)
 ParOldGen       total 13312K, used 9111K [0x00000000fe200000, 0x00000000fef00000, 0x00000000ff600000)
  object space 13312K, 68% used [0x00000000fe200000,0x00000000feae5ce0,0x00000000fef00000)
 Metaspace       used 21923K, capacity 30370K, committed 32176K, reserved 1071104K
  class space    used 6411K, capacity 8216K, committed 9904K, reserved 1048576K
2025-06-20T08:00:43.188+0300: 7.498: [GC (Allocation Failure) 
Desired survivor size 524288 bytes, new threshold 1 (max 15)
[PSYoungGen: 9376K->128K(9728K)] 18487K->9287K(23040K), 0.0011564 secs] [Times: user=0.00 sys=0.00, real=0.00 secs] 
Heap after GC invocations=341 (full 2):
 PSYoungGen      total 9728K, used 128K [0x00000000ff600000, 0x0000000100000000, 0x0000000100000000)
  eden space 9216K, 0% used [0x00000000ff600000,0x00000000ff600000,0x00000000fff00000)
  from space 512K, 25% used [0x00000000fff00000,0x00000000fff20000,0x00000000fff80000)
  to   space 512K, 0% used [0x00000000fff80000,0x00000000fff80000,0x0000000100000000)
 ParOldGen       total 13312K, used 9159K [0x00000000fe200000, 0x00000000fef00000, 0x00000000ff600000)
  object space 13312K, 68% used [0x00000000fe200000,0x00000000feaf1ce0,0x00000000fef00000)
 Metaspace       used 21923K, capacity 30370K, committed 32176K, reserved 1071104K
  class space    used 6411K, capacity 8216K, committed 9904K, reserved 1048576K
}
2025-06-20T08:00:43.189+0300: 7.500: Total time for which application threads were stopped: 0.0012431 seconds, Stopping threads took: 0.0000183 seconds
{Heap before GC invocations=342 (full 2):
 PSYoungGen      total 9728K, used 9344K [0x00000000ff600000, 0x0000000100000000, 0x0000000100000000)
  eden space 9216K, 100% used [0x00000000ff600000,0x00000000fff00000,0x00000000fff00000)
  from space 512K, 25% used [0x00000000fff00000,0x00000000fff20000,0x00000000fff80000)
  to   space 512K, 0% used [0x00000000fff80000,0x00000000fff80000,0x0000000100000000)
 ParOldGen       total 13312K, used 9159K [0x00000000fe200000, 0x00000000fef00000, 0x00000000ff600000)
  object space 13312K, 68% used [0x00000000fe200000,0x00000000feaf1ce0,0x00000000fef00000)
 Metaspace       used 22038K, capacity 30556K, committed 32432K, reserved 1071104K
  class space    used 6458K, capacity 8278K, committed 9904K, reserved 1048576K
2025-06-20T08:00:43.208+0300: 7.519: [GC (Allocation Failure) 
Desired survivor size 524288 bytes, new threshold 1 (max 15)
[PSYoungGen: 9344K->160K(9728K)] 18503K->9383K(23040K), 0.0008993 secs] [Times: user=0.00 sys=0.00, real=0.00 secs] 
Heap after GC invocations=342 (full 2):
 PSYoungGen      total 9728K, used 160K [0x00000000ff600000, 0x0000000100000000, 0x0000000100000000)
  eden space 9216K, 0% used [0x00000000ff600000,0x00000000ff600000,0x00000000fff00000)
  from space 512K, 31% used [0x00000000fff80000,0x00000000fffa8000,0x0000000100000000)
  to   space 512K, 0% used [0x00000000fff00000,0x00000000fff00000,0x00000000fff80000)
 ParOldGen       total 13312K, used 9223K [0x00000000fe200000, 0x00000000fef00000, 0x00000000ff600000)
  object space 13312K, 69% used [0x00000000fe200000,0x00000000feb01ce0,0x00000000fef00000)
 Metaspace       used 22038K, capacity 30556K, committed 32432K, reserved 1071104K
  class space    used 6458K, capacity 8278K, committed 9904K, reserved 1048576K
}
2025-06-20T08:00:43.209+0300: 7.520: Total time for which application threads were stopped: 0.0009833 seconds, Stopping threads took: 0.0000173 seconds
{Heap before GC invocations=343 (full 2):
 PSYoungGen      total 9728K, used 9376K [0x00000000ff600000, 0x0000000100000000, 0x0000000100000000)
  eden space 9216K, 100% used [0x00000000ff600000,0x00000000fff00000,0x00000000fff00000)
  from space 512K, 31% used [0x00000000fff80000,0x00000000fffa8000,0x0000000100000000)
  to   space 512K, 0% used [0x00000000fff00000,0x00000000fff00000,0x00000000fff80000)
 ParOldGen       total 13312K, used 9223K [0x00000000fe200000, 0x00000000fef00000, 0x00000000ff600000)
  object space 13312K, 69% used [0x00000000fe200000,0x00000000feb01ce0,0x00000000fef00000)
 Metaspace       used 22152K, capacity 30742K, committed 32432K, reserved 1071104K
  class space    used 6505K, capacity 8340K, committed 9904K, reserved 1048576K
2025-06-20T08:00:43.228+0300: 7.539: [GC (Allocation Failure) 
Desired survivor size 524288 bytes, new threshold 1 (max 15)
[PSYoungGen: 9376K->208K(9728K)] 18599K->9487K(23040K), 0.0015300 secs] [Times: user=0.01 sys=0.00, real=0.00 secs] 
Heap after GC invocations=343 (full 2):
 PSYoungGen      total 9728K, used 208K [0x00000000ff600000, 0x0000000100000000, 0x0000000100000000)
  eden space 9216K, 0% used [0x00000000ff600000,0x00000000ff600000,0x00000000fff00000)
  from space 512K, 40% used [0x00000000fff00000,0x00000000fff34010,0x00000000fff80000)
  to   space 512K, 0% used [0x00000000fff80000,0x00000000fff80000,0x0000000100000000)
 ParOldGen       total 13312K, used 9279K [0x00000000fe200000, 0x00000000fef00000, 0x00000000ff600000)
  object space 13312K, 69% used [0x00000000fe200000,0x00000000feb0fce0,0x00000000fef00000)
 Metaspace       used 22152K, capacity 30742K, committed 32432K, reserved 1071104K
  class space    used 6505K, capacity 8340K, committed 9904K, reserved 1048576K
}
2025-06-20T08:00:43.230+0300: 7.541: Total time for which application threads were stopped: 0.0016375 seconds, Stopping threads took: 0.0000196 seconds
{Heap before GC invocations=344 (full 2):
 PSYoungGen      total 9728K, used 9424K [0x00000000ff600000, 0x0000000100000000, 0x0000000100000000)
  eden space 9216K, 100% used [0x00000000ff600000,0x00000000fff00000,0x00000000fff00000)
  from space 512K, 40% used [0x00000000fff00000,0x00000000fff34010,0x00000000fff80000)
  to   space 512K, 0% used [0x00000000fff80000,0x00000000fff80000,0x0000000100000000)
 ParOldGen       total 13312K, used 9279K [0x00000000fe200000, 0x00000000fef00000, 0x00000000ff600000)
  object space 13312K, 69% used [0x00000000fe200000,0x00000000feb0fce0,0x00000000fef00000)
 Metaspace       used 22270K, capacity 30934K, committed 32688K, reserved 1073152K
  class space    used 6553K, capacity 8404K, committed 9904K, reserved 1048576K
2025-06-20T08:00:43.249+0300: 7.559: [GC (Allocation Failure) 
Desired survivor size 524288 bytes, new threshold 1 (max 15)
[PSYoungGen: 9424K->192K(9728K)] 18703K->9527K(23040K), 0.0013333 secs] [Times: user=0.01 sys=0.00, real=0.00 secs] 
Heap after GC invocations=344 (full 2):
 PSYoungGen      total 9728K, used 192K [0x00000000ff600000, 0x0000000100000000, 0x0000000100000000)
  eden space 9216K, 0% used [0x00000000ff600000,0x00000000ff600000,0x00000000fff00000)
  from space 512K, 37% used [0x00000000fff80000,0x00000000fffb0000,0x0000000100000000)
  to   space 512K, 0% used [0x00000000fff00000,0x00000000fff00000,0x00000000fff80000)
 ParOldGen       total 13312K, used 9335K [0x00000000fe200000, 0x00000000fef00000, 0x00000000ff600000)
  object space 13312K, 70% used [0x00000000fe200000,0x00000000feb1dce0,0x00000000fef00000)
 Metaspace       used 22270K, capacity 30934K, committed 32688K, reserved 1073152K
  class space    used 6553K, capacity 8404K, committed 9904K, reserved 1048576K
}
2025-06-20T08:00:43.250+0300: 7.561: Total time for which application threads were stopped: 0.0014316 seconds, Stopping threads took: 0.0000180 seconds
{Heap before GC invocations=345 (full 2):
 PSYoungGen      total 9728K, used 9408K [0x00000000ff600000, 0x0000000100000000, 0x0000000100000000)
  eden space 9216K, 100% used [0x00000000ff600000,0x00000000fff00000,0x00000000fff00000)
  from space 512K, 37% used [0x00000000fff80000,0x00000000fffb0000,0x0000000100000000)
  to   space 512K, 0% used [0x00000000fff00000,0x00000000fff00000,0x00000000fff80000)
 ParOldGen       total 13312K, used 9335K [0x00000000fe200000, 0x00000000fef00000, 0x00000000ff600000)
  object space 13312K, 70% used [0x00000000fe200000,0x00000000feb1dce0,0x00000000fef00000)
 Metaspace       used 22384K, capacity 31120K, committed 32688K, reserved 1073152K
  class space    used 6600K, capacity 8466K, committed 9904K, reserved 1048576K
2025-06-20T08:00:43.268+0300: 7.579: [GC (Allocation Failure) 
Desired survivor size 524288 bytes, new threshold 1 (max 15)
[PSYoungGen: 9408K->128K(9728K)] 18743K->9519K(23040K), 0.0014817 secs] [Times: user=0.01 sys=0.00, real=0.00 secs] 
Heap after GC invocations=345 (full 2):
 PSYoungGen      total 9728K, used 128K [0x00000000ff600000, 0x0000000100000000, 0x0000000100000000)
  eden space 9216K, 0% used [0x00000000ff600000,0x00000000ff600000,0x00000000fff00000)
  from space 512K, 25% used [0x00000000fff00000,0x00000000fff20000,0x00000000fff80000)
  to   space 512K, 0% used [0x00000000fff80000,0x00000000fff80000,0x0000000100000000)
 ParOldGen       total 13312K, used 9391K [0x00000000fe200000, 0x00000000fef00000, 0x00000000ff600000)
  object space 13312K, 70% used [0x00000000fe200000,0x00000000feb2bce0,0x00000000fef00000)
 Metaspace       used 22384K, capacity 31120K, committed 32688K, reserved 1073152K
  class space    used 6600K, capacity 8466K, committed 9904K, reserved 1048576K
}
2025-06-20T08:00:43.270+0300: 7.581: Total time for which application threads were stopped: 0.0015783 seconds, Stopping threads took: 0.0000197 seconds
{Heap before GC invocations=346 (full 2):
 PSYoungGen      total 9728K, used 9344K [0x00000000ff600000, 0x0000000100000000, 0x0000000100000000)
  eden space 9216K, 100% used [0x00000000ff600000,0x00000000fff00000,0x00000000fff00000)
  from space 512K, 25% used [0x00000000fff00000,0x00000000fff20000,0x00000000fff80000)
  to   space 512K, 0% used [0x00000000fff80000,0x00000000fff80000,0x0000000100000000)
 ParOldGen       total 13312K, used 9391K [0x00000000fe200000, 0x00000000fef00000, 0x00000000ff600000)
  object space 13312K, 70% used [0x00000000fe200000,0x00000000feb2bce0,0x00000000fef00000)
 Metaspace       used 22499K, capacity 31306K, committed 32688K, reserved 1073152K
  class space    used 6647K, capacity 8528K, committed 9904K, reserved 1048576K
2025-06-20T08:00:43.288+0300: 7.598: [GC (Allocation Failure) 
Desired survivor size 524288 bytes, new threshold 1 (max 15)
[PSYoungGen: 9344K->208K(9728K)] 18735K->9655K(23040K), 0.0009768 secs] [Times: user=0.01 sys=0.00, real=0.00 secs] 
Heap after GC invocations=346 (full 2):
 PSYoungGen      total 9728K, used 208K [0x00000000ff600000, 0x0000000100000000, 0x0000000100000000)
  eden space 9216K, 0% used [0x00000000ff600000,0x00000000ff600000,0x00000000fff00000)
  from space 512K, 40% used [0x00000000fff80000,0x00000000fffb4010,0x0000000100000000)
  to   space 512K, 0% used [0x00000000fff00000,0x00000000fff00000,0x00000000fff80000)
 ParOldGen       total 13312K, used 9447K [0x00000000fe200000, 0x00000000fef00000, 0x00000000ff600000)
  object space 13312K, 70% used [0x00000000fe200000,0x00000000feb39ce0,0x00000000fef00000)
 Metaspace       used 22499K, capacity 31306K, committed 32688K, reserved 1073152K
  class space    used 6647K, capacity 8528K, committed 9904K, reserved 1048576K
}
2025-06-20T08:00:43.289+0300: 7.599: Total time for which application threads were stopped: 0.0010635 seconds, Stopping threads took: 0.0000175 seconds
{Heap before GC invocations=347 (full 2):
 PSYoungGen      total 9728K, used 9424K [0x00000000ff600000, 0x0000000100000000, 0x0000000100000000)
  eden space 9216K, 100% used [0x00000000ff600000,0x00000000fff00000,0x00000000fff00000)
  from space 512K, 40% used [0x00000000fff80000,0x00000000fffb4010,0x0000000100000000)
  to   space 512K, 0% used [0x00000000fff00000,0x00000000fff00000,0x00000000fff80000)
 ParOldGen       total 13312K, used 9447K [0x00000000fe200000, 0x00000000fef00000, 0x00000000ff600000)
  object space 13312K, 70% used [0x00000000fe200000,0x00000000feb39ce0,0x00000000fef00000)
 Metaspace       used 22617K, capacity 31498K, committed 32944K, reserved 1073152K
  class space    used 6695K, capacity 8592K, committed 9904K, reserved 1048576K
2025-06-20T08:00:43.306+0300: 7.616: [GC (Allocation Failure) 
Desired survivor size 524288 bytes, new threshold 1 (max 15)
[PSYoungGen: 9424K->192K(9728K)] 18871K->9703K(23040K), 0.0009829 secs] [Times: user=0.01 sys=0.00, real=0.00 secs] 
Heap after GC invocations=347 (full 2):
 PSYoungGen      total 9728K, used 192K [0x00000000ff600000, 0x0000000100000000, 0x0000000100000000)
  eden space 9216K, 0% used [0x00000000ff600000,0x00000000ff600000,0x00000000fff00000)
  from space 512K, 37% used [0x00000000fff00000,0x00000000fff30000,0x00000000fff80000)
  to   space 512K, 0% used [0x00000000fff80000,0x00000000fff80000,0x0000000100000000)
 ParOldGen       total 13312K, used 9511K [0x00000000fe200000, 0x00000000fef00000, 0x00000000ff600000)
  object space 13312K, 71% used [0x00000000fe200000,0x00000000feb49ce0,0x00000000fef00000)
 Metaspace       used 22617K, capacity 31498K, committed 32944K, reserved 1073152K
  class space    used 6695K, capacity 8592K, committed 9904K, reserved 1048576K
}
2025-06-20T08:00:43.307+0300: 7.617: Total time for which application threads were stopped: 0.0010657 seconds, Stopping threads took: 0.0000195 seconds
{Heap before GC invocations=348 (full 2):
 PSYoungGen      total 9728K, used 9408K [0x00000000ff600000, 0x0000000100000000, 0x0000000100000000)
  eden space 9216K, 100% used [0x00000000ff600000,0x00000000fff00000,0x00000000fff00000)
  from space 512K, 37% used [0x00000000fff00000,0x00000000fff30000,0x00000000fff80000)
  to   space 512K, 0% used [0x00000000fff80000,0x00000000fff80000,0x0000000100000000)
 ParOldGen       total 13312K, used 9511K [0x00000000fe200000, 0x00000000fef00000, 0x00000000ff600000)
  object space 13312K, 71% used [0x00000000fe200000,0x00000000feb49ce0,0x00000000fef00000)
 Metaspace       used 22731K, capacity 31684K, committed 32944K, reserved 1073152K
  class space    used 6742K, capacity 8654K, committed 9904K, reserved 1048576K
2025-06-20T08:00:43.324+0300: 7.635: [GC (Allocation Failure) 
Desired survivor size 524288 bytes, new threshold 1 (max 15)
[PSYoungGen: 9408K->160K(9728K)] 18919K->9727K(23040K), 0.0011302 secs] [Times: user=0.01 sys=0.00, real=0.00 secs] 
Heap after GC invocations=348 (full 2):
 PSYoungGen      total 9728K, used 160K [0x00000000ff600000, 0x0000000100000000, 0x0000000100000000)
  eden space 9216K, 0% used [0x00000000ff600000,0x00000000ff600000,0x00000000fff00000)
  from space 512K, 31% used [0x00000000fff80000,0x00000000fffa8000,0x0000000100000000)
  to   space 512K, 0% used [0x00000000fff00000,0x00000000fff00000,0x00000000fff80000)
 ParOldGen       total 13312K, used 9567K [0x00000000fe200000, 0x00000000fef00000, 0x00000000ff600000)
  object space 13312K, 71% used [0x00000000fe200000,0x00000000feb57ce0,0x00000000fef00000)
 Metaspace       used 22731K, capacity 31684K, committed 32944K, reserved 1073152K
  class space    used 6742K, capacity 8654K, committed 9904K, reserved 1048576K
}
2025-06-20T08:00:43.325+0300: 7.636: Total time for which application threads were stopped: 0.0012198 seconds, Stopping threads took: 0.0000170 seconds
{Heap before GC invocations=349 (full 2):
 PSYoungGen      total 9728K, used 9376K [0x00000000ff600000, 0x0000000100000000, 0x0000000100000000)
  eden space 9216K, 100% used [0x00000000ff600000,0x00000000fff00000,0x00000000fff00000)
  from space 512K, 31% used [0x00000000fff80000,0x00000000fffa8000,0x0000000100000000)
  to   space 512K, 0% used [0x00000000fff00000,0x00000000fff00000,0x00000000fff80000)
 ParOldGen       total 13312K, used 9567K [0x00000000fe200000, 0x00000000fef00000, 0x00000000ff600000)
  object space 13312K, 71% used [0x00000000fe200000,0x00000000feb57ce0,0x00000000fef00000)
 Metaspace       used 22845K, capacity 31870K, committed 33200K, reserved 1073152K
  class space    used 6788K, capacity 8716K, committed 9904K, reserved 1048576K
2025-06-20T08:00:43.343+0300: 7.653: [GC (Allocation Failure) 
Desired survivor size 524288 bytes, new threshold 1 (max 15)
[PSYoungGen: 9376K->224K(9728K)] 18943K->9855K(23040K), 0.0010635 secs] [Times: user=0.00 sys=0.00, real=0.00 secs] 
Heap after GC invocations=349 (full 2):
 PSYoungGen      total 9728K, used 224K [0x00000000ff600000, 0x0000000100000000, 0x0000000100000000)
  eden space 9216K, 0% used [0x00000000ff600000,0x00000000ff600000,0x00000000fff00000)
  from space 512K, 43% used [0x00000000fff00000,0x00000000fff38000,0x00000000fff80000)
  to   space 512K, 0% used [0x00000000fff80000,0x00000000fff80000,0x0000000100000000)
 ParOldGen       total 13312K, used 9631K [0x00000000fe200000, 0x00000000fef00000, 0x00000000ff600000)
  object space 13312K, 72% used [0x00000000fe200000,0x00000000feb67ce0,0x00000000fef00000)
 Metaspace       used 22845K, capacity 31870K, committed 33200K, reserved 1073152K
  class space    used 6788K, capacity 8716K, committed 9904K, reserved 1048576K
}
2025-06-20T08:00:43.344+0300: 7.654: Total time for which application threads were stopped: 0.0011511 seconds, Stopping threads took: 0.0000174 seconds
{Heap before GC invocations=350 (full 2):
 PSYoungGen      total 9728K, used 9440K [0x00000000ff600000, 0x0000000100000000, 0x0000000100000000)
  eden space 9216K, 100% used [0x00000000ff600000,0x00000000fff00000,0x00000000fff00000)
  from space 512K, 43% used [0x00000000fff00000,0x00000000fff38000,0x00000000fff80000)
  to   space 512K, 0% used [0x00000000fff80000,0x00000000fff80000,0x0000000100000000)
 ParOldGen       total 13312K, used 9631K [0x00000000fe200000, 0x00000000fef00000, 0x00000000ff600000)
  object space 13312K, 72% used [0x00000000fe200000,0x00000000feb67ce0,0x00000000fef00000)
 Metaspace       used 22963K, capacity 32062K, committed 33200K, reserved 1073152K
  class space    used 6837K, capacity 8780K, committed 9904K, reserved 1048576K
2025-06-20T08:00:43.361+0300: 7.672: [GC (Allocation Failure) 
Desired survivor size 524288 bytes, new threshold 1 (max 15)
[PSYoungGen: 9440K->160K(9728K)] 19071K->9855K(23040K), 0.0010184 secs] [Times: user=0.00 sys=0.00, real=0.00 secs] 
Heap after GC invocations=350 (full 2):
 PSYoungGen      total 9728K, used 160K [0x00000000ff600000, 0x0000000100000000, 0x0000000100000000)
  eden space 9216K, 0% used [0x00000000ff600000,0x00000000ff600000,0x00000000fff00000)
  from space 512K, 31% used [0x00000000fff80000,0x00000000fffa8000,0x0000000100000000)
  to   space 512K, 0% used [0x00000000fff00000,0x00000000fff00000,0x00000000fff80000)
 ParOldGen       total 13312K, used 9695K [0x00000000fe200000, 0x00000000fef00000, 0x00000000ff600000)
  object space 13312K, 72% used [0x00000000fe200000,0x00000000feb77ce0,0x00000000fef00000)
 Metaspace       used 22963K, capacity 32062K, committed 33200K, reserved 1073152K
  class space    used 6837K, capacity 8780K, committed 9904K, reserved 1048576K
}
2025-06-20T08:00:43.362+0300: 7.673: Total time for which application threads were stopped: 0.0011046 seconds, Stopping threads took: 0.0000170 seconds
{Heap before GC invocations=351 (full 2):
 PSYoungGen      total 9728K, used 9376K [0x00000000ff600000, 0x0000000100000000, 0x0000000100000000)
  eden space 9216K, 100% used [0x00000000ff600000,0x00000000fff00000,0x00000000fff00000)
  from space 512K, 31% used [0x00000000fff80000,0x00000000fffa8000,0x0000000100000000)
  to   space 512K, 0% used [0x00000000fff00000,0x00000000fff00000,0x00000000fff80000)
 ParOldGen       total 13312K, used 9695K [0x00000000fe200000, 0x00000000fef00000, 0x00000000ff600000)
  object space 13312K, 72% used [0x00000000fe200000,0x00000000feb77ce0,0x00000000fef00000)
 Metaspace       used 23078K, capacity 32248K, committed 33456K, reserved 1073152K
  class space    used 6883K, capacity 8842K, committed 9904K, reserved 1048576K
2025-06-20T08:00:43.380+0300: 7.690: [GC (Allocation Failure) 
Desired survivor size 524288 bytes, new threshold 1 (max 15)
[PSYoungGen: 9376K->160K(9728K)] 19071K->9911K(23040K), 0.0016165 secs] [Times: user=0.00 sys=0.00, real=0.00 secs] 
Heap after GC invocations=351 (full 2):
 PSYoungGen      total 9728K, used 160K [0x00000000ff600000, 0x0000000100000000, 0x0000000100000000)
  eden space 9216K, 0% used [0x00000000ff600000,0x00000000ff600000,0x00000000fff00000)
  from space 512K, 31% used [0x00000000fff00000,0x00000000fff28000,0x00000000fff80000)
  to   space 512K, 0% used [0x00000000fff80000,0x00000000fff80000,0x0000000100000000)
 ParOldGen       total 13312K, used 9751K [0x00000000fe200000, 0x00000000fef00000, 0x00000000ff600000)
  object space 13312K, 73% used [0x00000000fe200000,0x00000000feb85ce0,0x00000000fef00000)
 Metaspace       used 23078K, capacity 32248K, committed 33456K, reserved 1073152K
  class space    used 6883K, capacity 8842K, committed 9904K, reserved 1048576K
}
2025-06-20T08:00:43.381+0300: 7.692: Total time for which application threads were stopped: 0.0017098 seconds, Stopping threads took: 0.0000176 seconds
{Heap before GC invocations=352 (full 2):
 PSYoungGen      total 9728K, used 9376K [0x00000000ff600000, 0x0000000100000000, 0x0000000100000000)
  eden space 9216K, 100% used [0x00000000ff600000,0x00000000fff00000,0x00000000fff00000)
  from space 512K, 31% used [0x00000000fff00000,0x00000000fff28000,0x00000000fff80000)
  to   space 512K, 0% used [0x00000000fff80000,0x00000000fff80000,0x0000000100000000)
 ParOldGen       total 13312K, used 9751K [0x00000000fe200000, 0x00000000fef00000, 0x00000000ff600000)
  object space 13312K, 73% used [0x00000000fe200000,0x00000000feb85ce0,0x00000000fef00000)
 Metaspace       used 23192K, capacity 32434K, committed 33456K, reserved 1073152K
  class space    used 6930K, capacity 8904K, committed 9904K, reserved 1048576K
2025-06-20T08:00:43.400+0300: 7.710: [GC (Allocation Failure) 
Desired survivor size 524288 bytes, new threshold 1 (max 15)
[PSYoungGen: 9376K->176K(9728K)] 19127K->9975K(23040K), 0.0016317 secs] [Times: user=0.00 sys=0.00, real=0.00 secs] 
Heap after GC invocations=352 (full 2):
 PSYoungGen      total 9728K, used 176K [0x00000000ff600000, 0x0000000100000000, 0x0000000100000000)
  eden space 9216K, 0% used [0x00000000ff600000,0x00000000ff600000,0x00000000fff00000)
  from space 512K, 34% used [0x00000000fff80000,0x00000000fffac010,0x0000000100000000)
  to   space 512K, 0% used [0x00000000fff00000,0x00000000fff00000,0x00000000fff80000)
 ParOldGen       total 13312K, used 9799K [0x00000000fe200000, 0x00000000fef00000, 0x00000000ff600000)
  object space 13312K, 73% used [0x00000000fe200000,0x00000000feb91ce0,0x00000000fef00000)
 Metaspace       used 23192K, capacity 32434K, committed 33456K, reserved 1073152K
  class space    used 6930K, capacity 8904K, committed 9904K, reserved 1048576K
}
2025-06-20T08:00:43.401+0300: 7.712: Total time for which application threads were stopped: 0.0017376 seconds, Stopping threads took: 0.0000205 seconds
{Heap before GC invocations=353 (full 2):
 PSYoungGen      total 9728K, used 9392K [0x00000000ff600000, 0x0000000100000000, 0x0000000100000000)
  eden space 9216K, 100% used [0x00000000ff600000,0x00000000fff00000,0x00000000fff00000)
  from space 512K, 34% used [0x00000000fff80000,0x00000000fffac010,0x0000000100000000)
  to   space 512K, 0% used [0x00000000fff00000,0x00000000fff00000,0x00000000fff80000)
 ParOldGen       total 13312K, used 9799K [0x00000000fe200000, 0x00000000fef00000, 0x00000000ff600000)
  object space 13312K, 73% used [0x00000000fe200000,0x00000000feb91ce0,0x00000000fef00000)
 Metaspace       used 23310K, capacity 32626K, committed 33712K, reserved 1073152K
  class space    used 6978K, capacity 8968K, committed 9904K, reserved 1048576K
2025-06-20T08:00:43.420+0300: 7.730: [GC (Allocation Failure) 
Desired survivor size 524288 bytes, new threshold 1 (max 15)
[PSYoungGen: 9392K->192K(9728K)] 19191K->10055K(23040K), 0.0015736 secs] [Times: user=0.01 sys=0.00, real=0.00 secs] 
Heap after GC invocations=353 (full 2):
 PSYoungGen      total 9728K, used 192K [0x00000000ff600000, 0x0000000100000000, 0x0000000100000000)
  eden space 9216K, 0% used [0x00000000ff600000,0x00000000ff600000,0x00000000fff00000)
  from space 512K, 37% used [0x00000000fff00000,0x00000000fff30000,0x00000000fff80000)
  to   space 512K, 0% used [0x00000000fff80000,0x00000000fff80000,0x0000000100000000)
 ParOldGen       total 13312K, used 9863K [0x00000000fe200000, 0x00000000fef00000, 0x00000000ff600000)
  object space 13312K, 74% used [0x00000000fe200000,0x00000000feba1ce0,0x00000000fef00000)
 Metaspace       used 23310K, capacity 32626K, committed 33712K, reserved 1073152K
  class space    used 6978K, capacity 8968K, committed 9904K, reserved 1048576K
}
2025-06-20T08:00:43.421+0300: 7.732: Total time for which application threads were stopped: 0.0016725 seconds, Stopping threads took: 0.0000208 seconds
{Heap before GC invocations=354 (full 2):
 PSYoungGen      total 9728K, used 9408K [0x00000000ff600000, 0x0000000100000000, 0x0000000100000000)
  eden space 9216K, 100% used [0x00000000ff600000,0x00000000fff00000,0x00000000fff00000)
  from space 512K, 37% used [0x00000000fff00000,0x00000000fff30000,0x00000000fff80000)
  to   space 512K, 0% used [0x00000000fff80000,0x00000000fff80000,0x0000000100000000)
 ParOldGen       total 13312K, used 9863K [0x00000000fe200000, 0x00000000fef00000, 0x00000000ff600000)
  object space 13312K, 74% used [0x00000000fe200000,0x00000000feba1ce0,0x00000000fef00000)
 Metaspace       used 23424K, capacity 32812K, committed 33712K, reserved 1073152K
  class space    used 7025K, capacity 9030K, committed 9904K, reserved 1048576K
2025-06-20T08:00:43.439+0300: 7.750: [GC (Allocation Failure) 
Desired survivor size 524288 bytes, new threshold 1 (max 15)
[PSYoungGen: 9408K->160K(9728K)] 19271K->10087K(23040K), 0.0017809 secs] [Times: user=0.01 sys=0.00, real=0.00 secs] 
Heap after GC invocations=354 (full 2):
 PSYoungGen      total 9728K, used 160K [0x00000000ff600000, 0x0000000100000000, 0x0000000100000000)
  eden space 9216K, 0% used [0x00000000ff600000,0x00000000ff600000,0x00000000fff00000)
  from space 512K, 31% used [0x00000000fff80000,0x00000000fffa8000,0x0000000100000000)
  to   space 512K, 0% used [0x00000000fff00000,0x00000000fff00000,0x00000000fff80000)
 ParOldGen       total 13312K, used 9927K [0x00000000fe200000, 0x00000000fef00000, 0x00000000ff600000)
  object space 13312K, 74% used [0x00000000fe200000,0x00000000febb1ce0,0x00000000fef00000)
 Metaspace       used 23424K, capacity 32812K, committed 33712K, reserved 1073152K
  class space    used 7025K, capacity 9030K, committed 9904K, reserved 1048576K
}
2025-06-20T08:00:43.441+0300: 7.752: Total time for which application threads were stopped: 0.0018774 seconds, Stopping threads took: 0.0000160 seconds
{Heap before GC invocations=355 (full 2):
 PSYoungGen      total 9728K, used 9376K [0x00000000ff600000, 0x0000000100000000, 0x0000000100000000)
  eden space 9216K, 100% used [0x00000000ff600000,0x00000000fff00000,0x00000000fff00000)
  from space 512K, 31% used [0x00000000fff80000,0x00000000fffa8000,0x0000000100000000)
  to   space 512K, 0% used [0x00000000fff00000,0x00000000fff00000,0x00000000fff80000)
 ParOldGen       total 13312K, used 9927K [0x00000000fe200000, 0x00000000fef00000, 0x00000000ff600000)
  object space 13312K, 74% used [0x00000000fe200000,0x00000000febb1ce0,0x00000000fef00000)
 Metaspace       used 23538K, capacity 32998K, committed 33968K, reserved 1073152K
  class space    used 7072K, capacity 9092K, committed 9904K, reserved 1048576K
2025-06-20T08:00:43.460+0300: 7.770: [GC (Allocation Failure) 
Desired survivor size 524288 bytes, new threshold 1 (max 15)
[PSYoungGen: 9376K->240K(9728K)] 19303K->10223K(23040K), 0.0011256 secs] [Times: user=0.01 sys=0.00, real=0.00 secs] 
Heap after GC invocations=355 (full 2):
 PSYoungGen      total 9728K, used 240K [0x00000000ff600000, 0x0000000100000000, 0x0000000100000000)
  eden space 9216K, 0% used [0x00000000ff600000,0x00000000ff600000,0x00000000fff00000)
  from space 512K, 46% used [0x00000000fff00000,0x00000000fff3c010,0x00000000fff80000)
  to   space 512K, 0% used [0x00000000fff80000,0x00000000fff80000,0x0000000100000000)
 ParOldGen       total 13312K, used 9983K [0x00000000fe200000, 0x00000000fef00000, 0x00000000ff600000)
  object space 13312K, 74% used [0x00000000fe200000,0x00000000febbfce0,0x00000000fef00000)
 Metaspace       used 23538K, capacity 32998K, committed 33968K, reserved 1073152K
  class space    used 7072K, capacity 9092K, committed 9904K, reserved 1048576K
}
2025-06-20T08:00:43.461+0300: 7.771: Total time for which application threads were stopped: 0.0012301 seconds, Stopping threads took: 0.0000168 seconds
{Heap before GC invocations=356 (full 2):
 PSYoungGen      total 9728K, used 9456K [0x00000000ff600000, 0x0000000100000000, 0x0000000100000000)
  eden space 9216K, 100% used [0x00000000ff600000,0x00000000fff00000,0x00000000fff00000)
  from space 512K, 46% used [0x00000000fff00000,0x00000000fff3c010,0x00000000fff80000)
  to   space 512K, 0% used [0x00000000fff80000,0x00000000fff80000,0x0000000100000000)
 ParOldGen       total 13312K, used 9983K [0x00000000fe200000, 0x00000000fef00000, 0x00000000ff600000)
  object space 13312K, 74% used [0x00000000fe200000,0x00000000febbfce0,0x00000000fef00000)
 Metaspace       used 23656K, capacity 33190K, committed 33968K, reserved 1073152K
  class space    used 7120K, capacity 9156K, committed 9904K, reserved 1048576K
2025-06-20T08:00:43.479+0300: 7.789: [GC (Allocation Failure) 
Desired survivor size 524288 bytes, new threshold 1 (max 15)
[PSYoungGen: 9456K->160K(9728K)] 19439K->10207K(23040K), 0.0012924 secs] [Times: user=0.01 sys=0.00, real=0.00 secs] 
Heap after GC invocations=356 (full 2):
 PSYoungGen      total 9728K, used 160K [0x00000000ff600000, 0x0000000100000000, 0x0000000100000000)
  eden space 9216K, 0% used [0x00000000ff600000,0x00000000ff600000,0x00000000fff00000)
  from space 512K, 31% used [0x00000000fff80000,0x00000000fffa8000,0x0000000100000000)
  to   space 512K, 0% used [0x00000000fff00000,0x00000000fff00000,0x00000000fff80000)
 ParOldGen       total 13312K, used 10047K [0x00000000fe200000, 0x00000000fef00000, 0x00000000ff600000)
  object space 13312K, 75% used [0x00000000fe200000,0x00000000febcfce0,0x00000000fef00000)
 Metaspace       used 23656K, capacity 33190K, committed 33968K, reserved 1073152K
  class space    used 7120K, capacity 9156K, committed 9904K, reserved 1048576K
}
2025-06-20T08:00:43.480+0300: 7.791: Total time for which application threads were stopped: 0.0013824 seconds, Stopping threads took: 0.0000174 seconds
{Heap before GC invocations=357 (full 2):
 PSYoungGen      total 9728K, used 9376K [0x00000000ff600000, 0x0000000100000000, 0x0000000100000000)
  eden space 9216K, 100% used [0x00000000ff600000,0x00000000fff00000,0x00000000fff00000)
  from space 512K, 31% used [0x00000000fff80000,0x00000000fffa8000,0x0000000100000000)
  to   space 512K, 0% used [0x00000000fff00000,0x00000000fff00000,0x00000000fff80000)
 ParOldGen       total 13312K, used 10047K [0x00000000fe200000, 0x00000000fef00000, 0x00000000ff600000)
  object space 13312K, 75% used [0x00000000fe200000,0x00000000febcfce0,0x00000000fef00000)
 Metaspace       used 23771K, capacity 33376K, committed 34224K, reserved 1073152K
  class space    used 7167K, capacity 9218K, committed 9904K, reserved 1048576K
2025-06-20T08:00:43.498+0300: 7.809: [GC (Allocation Failure) 
Desired survivor size 524288 bytes, new threshold 1 (max 15)
[PSYoungGen: 9376K->160K(9728K)] 19423K->10263K(23040K), 0.0010310 secs] [Times: user=0.01 sys=0.00, real=0.00 secs] 
Heap after GC invocations=357 (full 2):
 PSYoungGen      total 9728K, used 160K [0x00000000ff600000, 0x0000000100000000, 0x0000000100000000)
  eden space 9216K, 0% used [0x00000000ff600000,0x00000000ff600000,0x00000000fff00000)
  from space 512K, 31% used [0x00000000fff00000,0x00000000fff28000,0x00000000fff80000)
  to   space 512K, 0% used [0x00000000fff80000,0x00000000fff80000,0x0000000100000000)
 ParOldGen       total 13312K, used 10103K [0x00000000fe200000, 0x00000000fef00000, 0x00000000ff600000)
  object space 13312K, 75% used [0x00000000fe200000,0x00000000febddce0,0x00000000fef00000)
 Metaspace       used 23771K, capacity 33376K, committed 34224K, reserved 1073152K
  class space    used 7167K, capacity 9218K, committed 9904K, reserved 1048576K
}
2025-06-20T08:00:43.499+0300: 7.810: Total time for which application threads were stopped: 0.0011237 seconds, Stopping threads took: 0.0000161 seconds
{Heap before GC invocations=358 (full 2):
 PSYoungGen      total 9728K, used 9376K [0x00000000ff600000, 0x0000000100000000, 0x0000000100000000)
  eden space 9216K, 100% used [0x00000000ff600000,0x00000000fff00000,0x00000000fff00000)
  from space 512K, 31% used [0x00000000fff00000,0x00000000fff28000,0x00000000fff80000)
  to   space 512K, 0% used [0x00000000fff80000,0x00000000fff80000,0x0000000100000000)
 ParOldGen       total 13312K, used 10103K [0x00000000fe200000, 0x00000000fef00000, 0x00000000ff600000)
  object space 13312K, 75% used [0x00000000fe200000,0x00000000febddce0,0x00000000fef00000)
 Metaspace       used 23885K, capacity 33562K, committed 34224K, reserved 1073152K
  class space    used 7214K, capacity 9280K, committed 9904K, reserved 1048576K
2025-06-20T08:00:43.516+0300: 7.827: [GC (Allocation Failure) 
Desired survivor size 524288 bytes, new threshold 1 (max 15)
[PSYoungGen: 9376K->176K(9728K)] 19479K->10335K(23040K), 0.0016616 secs] [Times: user=0.01 sys=0.00, real=0.01 secs] 
Heap after GC invocations=358 (full 2):
 PSYoungGen      total 9728K, used 176K [0x00000000ff600000, 0x0000000100000000, 0x0000000100000000)
  eden space 9216K, 0% used [0x00000000ff600000,0x00000000ff600000,0x00000000fff00000)
  from space 512K, 34% used [0x00000000fff80000,0x00000000fffac010,0x0000000100000000)
  to   space 512K, 0% used [0x00000000fff00000,0x00000000fff00000,0x00000000fff80000)
 ParOldGen       total 13312K, used 10159K [0x00000000fe200000, 0x00000000fef00000, 0x00000000ff600000)
  object space 13312K, 76% used [0x00000000fe200000,0x00000000febebce0,0x00000000fef00000)
 Metaspace       used 23885K, capacity 33562K, committed 34224K, reserved 1073152K
  class space    used 7214K, capacity 9280K, committed 9904K, reserved 1048576K
}
2025-06-20T08:00:43.518+0300: 7.829: Total time for which application threads were stopped: 0.0017602 seconds, Stopping threads took: 0.0000188 seconds
{Heap before GC invocations=359 (full 2):
 PSYoungGen      total 9728K, used 9392K [0x00000000ff600000, 0x0000000100000000, 0x0000000100000000)
  eden space 9216K, 100% used [0x00000000ff600000,0x00000000fff00000,0x00000000fff00000)
  from space 512K, 34% used [0x00000000fff80000,0x00000000fffac010,0x0000000100000000)
  to   space 512K, 0% used [0x00000000fff00000,0x00000000fff00000,0x00000000fff80000)
 ParOldGen       total 13312K, used 10159K [0x00000000fe200000, 0x00000000fef00000, 0x00000000ff600000)
  object space 13312K, 76% used [0x00000000fe200000,0x00000000febebce0,0x00000000fef00000)
 Metaspace       used 24003K, capacity 33754K, committed 34480K, reserved 1073152K
  class space    used 7262K, capacity 9344K, committed 9904K, reserved 1048576K
2025-06-20T08:00:43.535+0300: 7.846: [GC (Allocation Failure) 
Desired survivor size 524288 bytes, new threshold 1 (max 15)
[PSYoungGen: 9392K->192K(9728K)] 19551K->10415K(23040K), 0.0009871 secs] [Times: user=0.00 sys=0.01, real=0.00 secs] 
Heap after GC invocations=359 (full 2):
 PSYoungGen      total 9728K, used 192K [0x00000000ff600000, 0x0000000100000000, 0x0000000100000000)
  eden space 9216K, 0% used [0x00000000ff600000,0x00000000ff600000,0x00000000fff00000)
  from space 512K, 37% used [0x00000000fff00000,0x00000000fff30000,0x00000000fff80000)
  to   space 512K, 0% used [0x00000000fff80000,0x00000000fff80000,0x0000000100000000)
 ParOldGen       total 13312K, used 10223K [0x00000000fe200000, 0x00000000fef00000, 0x00000000ff600000)
  object space 13312K, 76% used [0x00000000fe200000,0x00000000febfbce0,0x00000000fef00000)
 Metaspace       used 24003K, capacity 33754K, committed 34480K, reserved 1073152K
  class space    used 7262K, capacity 9344K, committed 9904K, reserved 1048576K
}
2025-06-20T08:00:43.536+0300: 7.847: Total time for which application threads were stopped: 0.0010724 seconds, Stopping threads took: 0.0000185 seconds
{Heap before GC invocations=360 (full 2):
 PSYoungGen      total 9728K, used 9408K [0x00000000ff600000, 0x0000000100000000, 0x0000000100000000)
  eden space 9216K, 100% used [0x00000000ff600000,0x00000000fff00000,0x00000000fff00000)
  from space 512K, 37% used [0x00000000fff00000,0x00000000fff30000,0x00000000fff80000)
  to   space 512K, 0% used [0x00000000fff80000,0x00000000fff80000,0x0000000100000000)
 ParOldGen       total 13312K, used 10223K [0x00000000fe200000, 0x00000000fef00000, 0x00000000ff600000)
  object space 13312K, 76% used [0x00000000fe200000,0x00000000febfbce0,0x00000000fef00000)
 Metaspace       used 24117K, capacity 33940K, committed 34480K, reserved 1073152K
  class space    used 7309K, capacity 9406K, committed 9904K, reserved 1048576K
2025-06-20T08:00:43.553+0300: 7.863: [GC (Allocation Failure) 
Desired survivor size 524288 bytes, new threshold 1 (max 15)
[PSYoungGen: 9408K->192K(9728K)] 19631K->10487K(23040K), 0.0012370 secs] [Times: user=0.00 sys=0.00, real=0.00 secs] 
Heap after GC invocations=360 (full 2):
 PSYoungGen      total 9728K, used 192K [0x00000000ff600000, 0x0000000100000000, 0x0000000100000000)
  eden space 9216K, 0% used [0x00000000ff600000,0x00000000ff600000,0x00000000fff00000)
  from space 512K, 37% used [0x00000000fff80000,0x00000000fffb0000,0x0000000100000000)
  to   space 512K, 0% used [0x00000000fff00000,0x00000000fff00000,0x00000000fff80000)
 ParOldGen       total 13312K, used 10295K [0x00000000fe200000, 0x00000000fef00000, 0x00000000ff600000)
  object space 13312K, 77% used [0x00000000fe200000,0x00000000fec0dce0,0x00000000fef00000)
 Metaspace       used 24117K, capacity 33940K, committed 34480K, reserved 1073152K
  class space    used 7309K, capacity 9406K, committed 9904K, reserved 1048576K
}
2025-06-20T08:00:43.554+0300: 7.865: Total time for which application threads were stopped: 0.0013365 seconds, Stopping threads took: 0.0000163 seconds
{Heap before GC invocations=361 (full 2):
 PSYoungGen      total 9728K, used 9408K [0x00000000ff600000, 0x0000000100000000, 0x0000000100000000)
  eden space 9216K, 100% used [0x00000000ff600000,0x00000000fff00000,0x00000000fff00000)
  from space 512K, 37% used [0x00000000fff80000,0x00000000fffb0000,0x0000000100000000)
  to   space 512K, 0% used [0x00000000fff00000,0x00000000fff00000,0x00000000fff80000)
 ParOldGen       total 13312K, used 10295K [0x00000000fe200000, 0x00000000fef00000, 0x00000000ff600000)
  object space 13312K, 77% used [0x00000000fe200000,0x00000000fec0dce0,0x00000000fef00000)
 Metaspace       used 24232K, capacity 34126K, committed 34736K, reserved 1075200K
  class space    used 7355K, capacity 9468K, committed 9904K, reserved 1048576K
2025-06-20T08:00:43.572+0300: 7.882: [GC (Allocation Failure) 
Desired survivor size 524288 bytes, new threshold 1 (max 15)
[PSYoungGen: 9408K->240K(9728K)] 19703K->10599K(23040K), 0.0015904 secs] [Times: user=0.01 sys=0.00, real=0.00 secs] 
Heap after GC invocations=361 (full 2):
 PSYoungGen      total 9728K, used 240K [0x00000000ff600000, 0x0000000100000000, 0x0000000100000000)
  eden space 9216K, 0% used [0x00000000ff600000,0x00000000ff600000,0x00000000fff00000)
  from space 512K, 46% used [0x00000000fff00000,0x00000000fff3c010,0x00000000fff80000)
  to   space 512K, 0% used [0x00000000fff80000,0x00000000fff80000,0x0000000100000000)
 ParOldGen       total 13312K, used 10359K [0x00000000fe200000, 0x00000000fef00000, 0x00000000ff600000)
  object space 13312K, 77% used [0x00000000fe200000,0x00000000fec1dce0,0x00000000fef00000)
 Metaspace       used 24232K, capacity 34126K, committed 34736K, reserved 1075200K
  class space    used 7355K, capacity 9468K, committed 9904K, reserved 1048576K
}
2025-06-20T08:00:43.573+0300: 7.884: Total time for which application threads were stopped: 0.0016934 seconds, Stopping threads took: 0.0000177 seconds
{Heap before GC invocations=362 (full 2):
 PSYoungGen      total 9728K, used 9456K [0x00000000ff600000, 0x0000000100000000, 0x0000000100000000)
  eden space 9216K, 100% used [0x00000000ff600000,0x00000000fff00000,0x00000000fff00000)
  from space 512K, 46% used [0x00000000fff00000,0x00000000fff3c010,0x00000000fff80000)
  to   space 512K, 0% used [0x00000000fff80000,0x00000000fff80000,0x0000000100000000)
 ParOldGen       total 13312K, used 10359K [0x00000000fe200000, 0x00000000fef00000, 0x00000000ff600000)
  object space 13312K, 77% used [0x00000000fe200000,0x00000000fec1dce0,0x00000000fef00000)
 Metaspace       used 24350K, capacity 34318K, committed 34736K, reserved 1075200K
  class space    used 7404K, capacity 9532K, committed 9904K, reserved 1048576K
2025-06-20T08:00:43.592+0300: 7.903: [GC (Allocation Failure) 
Desired survivor size 524288 bytes, new threshold 1 (max 15)
[PSYoungGen: 9456K->192K(9728K)] 19815K->10607K(23040K), 0.0011463 secs] [Times: user=0.01 sys=0.00, real=0.00 secs] 
Heap after GC invocations=362 (full 2):
 PSYoungGen      total 9728K, used 192K [0x00000000ff600000, 0x0000000100000000, 0x0000000100000000)
  eden space 9216K, 0% used [0x00000000ff600000,0x00000000ff600000,0x00000000fff00000)
  from space 512K, 37% used [0x00000000fff80000,0x00000000fffb0000,0x0000000100000000)
  to   space 512K, 0% used [0x00000000fff00000,0x00000000fff00000,0x00000000fff80000)
 ParOldGen       total 13312K, used 10415K [0x00000000fe200000, 0x00000000fef00000, 0x00000000ff600000)
  object space 13312K, 78% used [0x00000000fe200000,0x00000000fec2bce0,0x00000000fef00000)
 Metaspace       used 24350K, capacity 34318K, committed 34736K, reserved 1075200K
  class space    used 7404K, capacity 9532K, committed 9904K, reserved 1048576K
}
2025-06-20T08:00:43.593+0300: 7.904: Total time for which application threads were stopped: 0.0012465 seconds, Stopping threads took: 0.0000191 seconds
{Heap before GC invocations=363 (full 2):
 PSYoungGen      total 9728K, used 9408K [0x00000000ff600000, 0x0000000100000000, 0x0000000100000000)
  eden space 9216K, 100% used [0x00000000ff600000,0x00000000fff00000,0x00000000fff00000)
  from space 512K, 37% used [0x00000000fff80000,0x00000000fffb0000,0x0000000100000000)
  to   space 512K, 0% used [0x00000000fff00000,0x00000000fff00000,0x00000000fff80000)
 ParOldGen       total 13312K, used 10415K [0x00000000fe200000, 0x00000000fef00000, 0x00000000ff600000)
  object space 13312K, 78% used [0x00000000fe200000,0x00000000fec2bce0,0x00000000fef00000)
 Metaspace       used 24464K, capacity 34504K, committed 34992K, reserved 1075200K
  class space    used 7450K, capacity 9594K, committed 9904K, reserved 1048576K
2025-06-20T08:00:43.612+0300: 7.922: [GC (Allocation Failure) 
Desired survivor size 524288 bytes, new threshold 1 (max 15)
[PSYoungGen: 9408K->192K(9728K)] 19823K->10663K(23040K), 0.0018726 secs] [Times: user=0.01 sys=0.00, real=0.00 secs] 
Heap after GC invocations=363 (full 2):
 PSYoungGen      total 9728K, used 192K [0x00000000ff600000, 0x0000000100000000, 0x0000000100000000)
  eden space 9216K, 0% used [0x00000000ff600000,0x00000000ff600000,0x00000000fff00000)
  from space 512K, 37% used [0x00000000fff00000,0x00000000fff30000,0x00000000fff80000)
  to   space 512K, 0% used [0x00000000fff80000,0x00000000fff80000,0x0000000100000000)
 ParOldGen       total 13312K, used 10471K [0x00000000fe200000, 0x00000000fef00000, 0x00000000ff600000)
  object space 13312K, 78% used [0x00000000fe200000,0x00000000fec39ce0,0x00000000fef00000)
 Metaspace       used 24464K, capacity 34504K, committed 34992K, reserved 1075200K
  class space    used 7450K, capacity 9594K, committed 9904K, reserved 1048576K
}
2025-06-20T08:00:43.613+0300: 7.924: Total time for which application threads were stopped: 0.0019768 seconds, Stopping threads took: 0.0000174 seconds
{Heap before GC invocations=364 (full 2):
 PSYoungGen      total 9728K, used 9408K [0x00000000ff600000, 0x0000000100000000, 0x0000000100000000)
  eden space 9216K, 100% used [0x00000000ff600000,0x00000000fff00000,0x00000000fff00000)
  from space 512K, 37% used [0x00000000fff00000,0x00000000fff30000,0x00000000fff80000)
  to   space 512K, 0% used [0x00000000fff80000,0x00000000fff80000,0x0000000100000000)
 ParOldGen       total 13312K, used 10471K [0x00000000fe200000, 0x00000000fef00000, 0x00000000ff600000)
  object space 13312K, 78% used [0x00000000fe200000,0x00000000fec39ce0,0x00000000fef00000)
 Metaspace       used 24582K, capacity 34696K, committed 34992K, reserved 1075200K
  class space    used 7499K, capacity 9658K, committed 9904K, reserved 1048576K
2025-06-20T08:00:43.632+0300: 7.943: [GC (Allocation Failure) 
Desired survivor size 524288 bytes, new threshold 1 (max 15)
[PSYoungGen: 9408K->256K(9728K)] 19879K->10791K(23040K), 0.0019328 secs] [Times: user=0.01 sys=0.00, real=0.00 secs] 
Heap after GC invocations=364 (full 2):
 PSYoungGen      total 9728K, used 256K [0x00000000ff600000, 0x0000000100000000, 0x0000000100000000)
  eden space 9216K, 0% used [0x00000000ff600000,0x00000000ff600000,0x00000000fff00000)
  from space 512K, 50% used [0x00000000fff80000,0x00000000fffc0000,0x0000000100000000)
  to   space 512K, 0% used [0x00000000fff00000,0x00000000fff00000,0x00000000fff80000)
 ParOldGen       total 13312K, used 10535K [0x00000000fe200000, 0x00000000fef00000, 0x00000000ff600000)
  object space 13312K, 79% used [0x00000000fe200000,0x00000000fec49ce0,0x00000000fef00000)
 Metaspace       used 24582K, capacity 34696K, committed 34992K, reserved 1075200K
  class space    used 7499K, capacity 9658K, committed 9904K, reserved 1048576K
}
2025-06-20T08:00:43.634+0300: 7.944: Total time for which application threads were stopped: 0.0020303 seconds, Stopping threads took: 0.0000174 seconds
{Heap before GC invocations=365 (full 2):
 PSYoungGen      total 9728K, used 9472K [0x00000000ff600000, 0x0000000100000000, 0x0000000100000000)
  eden space 9216K, 100% used [0x00000000ff600000,0x00000000fff00000,0x00000000fff00000)
  from space 512K, 50% used [0x00000000fff80000,0x00000000fffc0000,0x0000000100000000)
  to   space 512K, 0% used [0x00000000fff00000,0x00000000fff00000,0x00000000fff80000)
 ParOldGen       total 13312K, used 10535K [0x00000000fe200000, 0x00000000fef00000, 0x00000000ff600000)
  object space 13312K, 79% used [0x00000000fe200000,0x00000000fec49ce0,0x00000000fef00000)
 Metaspace       used 24696K, capacity 34882K, committed 35248K, reserved 1075200K
  class space    used 7545K, capacity 9720K, committed 9904K, reserved 1048576K
2025-06-20T08:00:43.652+0300: 7.963: [GC (Allocation Failure) 
Desired survivor size 524288 bytes, new threshold 1 (max 15)
[PSYoungGen: 9472K->192K(9728K)] 20007K->10783K(23040K), 0.0011066 secs] [Times: user=0.00 sys=0.00, real=0.00 secs] 
Heap after GC invocations=365 (full 2):
 PSYoungGen      total 9728K, used 192K [0x00000000ff600000, 0x0000000100000000, 0x0000000100000000)
  eden space 9216K, 0% used [0x00000000ff600000,0x00000000ff600000,0x00000000fff00000)
  from space 512K, 37% used [0x00000000fff00000,0x00000000fff30000,0x00000000fff80000)
  to   space 512K, 0% used [0x00000000fff80000,0x00000000fff80000,0x0000000100000000)
 ParOldGen       total 13312K, used 10591K [0x00000000fe200000, 0x00000000fef00000, 0x00000000ff600000)
  object space 13312K, 79% used [0x00000000fe200000,0x00000000fec57ce0,0x00000000fef00000)
 Metaspace       used 24696K, capacity 34882K, committed 35248K, reserved 1075200K
  class space    used 7545K, capacity 9720K, committed 9904K, reserved 1048576K
}
2025-06-20T08:00:43.653+0300: 7.964: Total time for which application threads were stopped: 0.0012003 seconds, Stopping threads took: 0.0000158 seconds
{Heap before GC invocations=366 (full 2):
 PSYoungGen      total 9728K, used 9408K [0x00000000ff600000, 0x0000000100000000, 0x0000000100000000)
  eden space 9216K, 100% used [0x00000000ff600000,0x00000000fff00000,0x00000000fff00000)
  from space 512K, 37% used [0x00000000fff00000,0x00000000fff30000,0x00000000fff80000)
  to   space 512K, 0% used [0x00000000fff80000,0x00000000fff80000,0x0000000100000000)
 ParOldGen       total 13312K, used 10591K [0x00000000fe200000, 0x00000000fef00000, 0x00000000ff600000)
  object space 13312K, 79% used [0x00000000fe200000,0x00000000fec57ce0,0x00000000fef00000)
 Metaspace       used 24811K, capacity 35068K, committed 35248K, reserved 1075200K
  class space    used 7592K, capacity 9782K, committed 9904K, reserved 1048576K
2025-06-20T08:00:43.671+0300: 7.982: [GC (Allocation Failure) 
Desired survivor size 524288 bytes, new threshold 1 (max 15)
[PSYoungGen: 9408K->192K(9728K)] 19999K->10847K(23040K), 0.0021229 secs] [Times: user=0.01 sys=0.00, real=0.00 secs] 
Heap after GC invocations=366 (full 2):
 PSYoungGen      total 9728K, used 192K [0x00000000ff600000, 0x0000000100000000, 0x0000000100000000)
  eden space 9216K, 0% used [0x00000000ff600000,0x00000000ff600000,0x00000000fff00000)
  from space 512K, 37% used [0x00000000fff80000,0x00000000fffb0000,0x0000000100000000)
  to   space 512K, 0% used [0x00000000fff00000,0x00000000fff00000,0x00000000fff80000)
 ParOldGen       total 13312K, used 10655K [0x00000000fe200000, 0x00000000fef00000, 0x00000000ff600000)
  object space 13312K, 80% used [0x00000000fe200000,0x00000000fec67ce0,0x00000000fef00000)
 Metaspace       used 24811K, capacity 35068K, committed 35248K, reserved 1075200K
  class space    used 7592K, capacity 9782K, committed 9904K, reserved 1048576K
}
2025-06-20T08:00:43.673+0300: 7.984: Total time for which application threads were stopped: 0.0022159 seconds, Stopping threads took: 0.0000167 seconds
{Heap before GC invocations=367 (full 2):
 PSYoungGen      total 9728K, used 9408K [0x00000000ff600000, 0x0000000100000000, 0x0000000100000000)
  eden space 9216K, 100% used [0x00000000ff600000,0x00000000fff00000,0x00000000fff00000)
  from space 512K, 37% used [0x00000000fff80000,0x00000000fffb0000,0x0000000100000000)
  to   space 512K, 0% used [0x00000000fff00000,0x00000000fff00000,0x00000000fff80000)
 ParOldGen       total 13312K, used 10655K [0x00000000fe200000, 0x00000000fef00000, 0x00000000ff600000)
  object space 13312K, 80% used [0x00000000fe200000,0x00000000fec67ce0,0x00000000fef00000)
 Metaspace       used 24929K, capacity 35260K, committed 35504K, reserved 1075200K
  class space    used 7640K, capacity 9846K, committed 9904K, reserved 1048576K
2025-06-20T08:00:43.692+0300: 8.002: [GC (Allocation Failure) 
Desired survivor size 524288 bytes, new threshold 1 (max 15)
[PSYoungGen: 9408K->192K(9728K)] 20063K->10903K(23040K), 0.0014899 secs] [Times: user=0.01 sys=0.00, real=0.00 secs] 
Heap after GC invocations=367 (full 2):
 PSYoungGen      total 9728K, used 192K [0x00000000ff600000, 0x0000000100000000, 0x0000000100000000)
  eden space 9216K, 0% used [0x00000000ff600000,0x00000000ff600000,0x00000000fff00000)
  from space 512K, 37% used [0x00000000fff00000,0x00000000fff30000,0x00000000fff80000)
  to   space 512K, 0% used [0x00000000fff80000,0x00000000fff80000,0x0000000100000000)
 ParOldGen       total 13312K, used 10711K [0x00000000fe200000, 0x00000000fef00000, 0x00000000ff600000)
  object space 13312K, 80% used [0x00000000fe200000,0x00000000fec75ce0,0x00000000fef00000)
 Metaspace       used 24929K, capacity 35260K, committed 35504K, reserved 1075200K
  class space    used 7640K, capacity 9846K, committed 9904K, reserved 1048576K
}
2025-06-20T08:00:43.693+0300: 8.004: Total time for which application threads were stopped: 0.0015826 seconds, Stopping threads took: 0.0000177 seconds
{Heap before GC invocations=368 (full 2):
 PSYoungGen      total 9728K, used 9408K [0x00000000ff600000, 0x0000000100000000, 0x0000000100000000)
  eden space 9216K, 100% used [0x00000000ff600000,0x00000000fff00000,0x00000000fff00000)
  from space 512K, 37% used [0x00000000fff00000,0x00000000fff30000,0x00000000fff80000)
  to   space 512K, 0% used [0x00000000fff80000,0x00000000fff80000,0x0000000100000000)
 ParOldGen       total 13312K, used 10711K [0x00000000fe200000, 0x00000000fef00000, 0x00000000ff600000)
  object space 13312K, 80% used [0x00000000fe200000,0x00000000fec75ce0,0x00000000fef00000)
 Metaspace       used 25043K, capacity 35446K, committed 35632K, reserved 1075200K
  class space    used 7687K, capacity 9908K, committed 10032K, reserved 1048576K
2025-06-20T08:00:43.711+0300: 8.022: [GC (Allocation Failure) 
Desired survivor size 524288 bytes, new threshold 1 (max 15)
[PSYoungGen: 9408K->128K(9728K)] 20119K->10895K(23040K), 0.0015821 secs] [Times: user=0.01 sys=0.00, real=0.00 secs] 
Heap after GC invocations=368 (full 2):
 PSYoungGen      total 9728K, used 128K [0x00000000ff600000, 0x0000000100000000, 0x0000000100000000)
  eden space 9216K, 0% used [0x00000000ff600000,0x00000000ff600000,0x00000000fff00000)
  from space 512K, 25% used [0x00000000fff80000,0x00000000fffa0000,0x0000000100000000)
  to   space 512K, 0% used [0x00000000fff00000,0x00000000fff00000,0x00000000fff80000)
 ParOldGen       total 13312K, used 10767K [0x00000000fe200000, 0x00000000fef00000, 0x00000000ff600000)
  object space 13312K, 80% used [0x00000000fe200000,0x00000000fec83ce0,0x00000000fef00000)
 Metaspace       used 25043K, capacity 35446K, committed 35632K, reserved 1075200K
  class space    used 7687K, capacity 9908K, committed 10032K, reserved 1048576K
}
2025-06-20T08:00:43.713+0300: 8.023: Total time for which application threads were stopped: 0.0016875 seconds, Stopping threads took: 0.0000191 seconds
{Heap before GC invocations=369 (full 2):
 PSYoungGen      total 9728K, used 9344K [0x00000000ff600000, 0x0000000100000000, 0x0000000100000000)
  eden space 9216K, 100% used [0x00000000ff600000,0x00000000fff00000,0x00000000fff00000)
  from space 512K, 25% used [0x00000000fff80000,0x00000000fffa0000,0x0000000100000000)
  to   space 512K, 0% used [0x00000000fff00000,0x00000000fff00000,0x00000000fff80000)
 ParOldGen       total 13312K, used 10767K [0x00000000fe200000, 0x00000000fef00000, 0x00000000ff600000)
  object space 13312K, 80% used [0x00000000fe200000,0x00000000fec83ce0,0x00000000fef00000)
 Metaspace       used 25157K, capacity 35632K, committed 35888K, reserved 1075200K
  class space    used 7734K, capacity 9970K, committed 10032K, reserved 1048576K
2025-06-20T08:00:43.730+0300: 8.041: [GC (Allocation Failure) 
Desired survivor size 524288 bytes, new threshold 1 (max 15)
[PSYoungGen: 9344K->192K(9728K)] 20111K->11015K(23040K), 0.0018405 secs] [Times: user=0.01 sys=0.00, real=0.00 secs] 
Heap after GC invocations=369 (full 2):
 PSYoungGen      total 9728K, used 192K [0x00000000ff600000, 0x0000000100000000, 0x0000000100000000)
  eden space 9216K, 0% used [0x00000000ff600000,0x00000000ff600000,0x00000000fff00000)
  from space 512K, 37% used [0x00000000fff00000,0x00000000fff30000,0x00000000fff80000)
  to   space 512K, 0% used [0x00000000fff80000,0x00000000fff80000,0x0000000100000000)
 ParOldGen       total 13312K, used 10823K [0x00000000fe200000, 0x00000000fef00000, 0x00000000ff600000)
  object space 13312K, 81% used [0x00000000fe200000,0x00000000fec91ce0,0x00000000fef00000)
 Metaspace       used 25157K, capacity 35632K, committed 35888K, reserved 1075200K
  class space    used 7734K, capacity 9970K, committed 10032K, reserved 1048576K
}
2025-06-20T08:00:43.732+0300: 8.043: Total time for which application threads were stopped: 0.0019405 seconds, Stopping threads took: 0.0000173 seconds
{Heap before GC invocations=370 (full 2):
 PSYoungGen      total 9728K, used 9408K [0x00000000ff600000, 0x0000000100000000, 0x0000000100000000)
  eden space 9216K, 100% used [0x00000000ff600000,0x00000000fff00000,0x00000000fff00000)
  from space 512K, 37% used [0x00000000fff00000,0x00000000fff30000,0x00000000fff80000)
  to   space 512K, 0% used [0x00000000fff80000,0x00000000fff80000,0x0000000100000000)
 ParOldGen       total 13312K, used 10823K [0x00000000fe200000, 0x00000000fef00000, 0x00000000ff600000)
  object space 13312K, 81% used [0x00000000fe200000,0x00000000fec91ce0,0x00000000fef00000)
 Metaspace       used 25275K, capacity 35824K, committed 36016K, reserved 1075200K
  class space    used 7782K, capacity 10034K, committed 10160K, reserved 1048576K
2025-06-20T08:00:43.751+0300: 8.062: [GC (Allocation Failure) 
Desired survivor size 524288 bytes, new threshold 1 (max 15)
[PSYoungGen: 9408K->208K(9728K)] 20231K->11095K(23040K), 0.0009713 secs] [Times: user=0.00 sys=0.00, real=0.00 secs] 
Heap after GC invocations=370 (full 2):
 PSYoungGen      total 9728K, used 208K [0x00000000ff600000, 0x0000000100000000, 0x0000000100000000)
  eden space 9216K, 0% used [0x00000000ff600000,0x00000000ff600000,0x00000000fff00000)
  from space 512K, 40% used [0x00000000fff80000,0x00000000fffb4010,0x0000000100000000)
  to   space 512K, 0% used [0x00000000fff00000,0x00000000fff00000,0x00000000fff80000)
 ParOldGen       total 13312K, used 10887K [0x00000000fe200000, 0x00000000fef00000, 0x00000000ff600000)
  object space 13312K, 81% used [0x00000000fe200000,0x00000000feca1ce0,0x00000000fef00000)
 Metaspace       used 25275K, capacity 35824K, committed 36016K, reserved 1075200K
  class space    used 7782K, capacity 10034K, committed 10160K, reserved 1048576K
}
2025-06-20T08:00:43.752+0300: 8.063: Total time for which application threads were stopped: 0.0010772 seconds, Stopping threads took: 0.0000167 seconds
{Heap before GC invocations=371 (full 2):
 PSYoungGen      total 9728K, used 9424K [0x00000000ff600000, 0x0000000100000000, 0x0000000100000000)
  eden space 9216K, 100% used [0x00000000ff600000,0x00000000fff00000,0x00000000fff00000)
  from space 512K, 40% used [0x00000000fff80000,0x00000000fffb4010,0x0000000100000000)
  to   space 512K, 0% used [0x00000000fff00000,0x00000000fff00000,0x00000000fff80000)
 ParOldGen       total 13312K, used 10887K [0x00000000fe200000, 0x00000000fef00000, 0x00000000ff600000)
  object space 13312K, 81% used [0x00000000fe200000,0x00000000feca1ce0,0x00000000fef00000)
 Metaspace       used 25390K, capacity 36010K, committed 36272K, reserved 1075200K
  class space    used 7829K, capacity 10096K, committed 10160K, reserved 1048576K
2025-06-20T08:00:43.770+0300: 8.080: [GC (Allocation Failure) 
Desired survivor size 524288 bytes, new threshold 1 (max 15)
[PSYoungGen: 9424K->160K(9728K)] 20311K->11103K(23040K), 0.0009463 secs] [Times: user=0.00 sys=0.00, real=0.00 secs] 
Heap after GC invocations=371 (full 2):
 PSYoungGen      total 9728K, used 160K [0x00000000ff600000, 0x0000000100000000, 0x0000000100000000)
  eden space 9216K, 0% used [0x00000000ff600000,0x00000000ff600000,0x00000000fff00000)
  from space 512K, 31% used [0x00000000fff00000,0x00000000fff28000,0x00000000fff80000)
  to   space 512K, 0% used [0x00000000fff80000,0x00000000fff80000,0x0000000100000000)
 ParOldGen       total 13312K, used 10943K [0x00000000fe200000, 0x00000000fef00000, 0x00000000ff600000)
  object space 13312K, 82% used [0x00000000fe200000,0x00000000fecafce0,0x00000000fef00000)
 Metaspace       used 25390K, capacity 36010K, committed 36272K, reserved 1075200K
  class space    used 7829K, capacity 10096K, committed 10160K, reserved 1048576K
}
2025-06-20T08:00:43.771+0300: 8.081: Total time for which application threads were stopped: 0.0010637 seconds, Stopping threads took: 0.0000497 seconds
{Heap before GC invocations=372 (full 2):
 PSYoungGen      total 9728K, used 9376K [0x00000000ff600000, 0x0000000100000000, 0x0000000100000000)
  eden space 9216K, 100% used [0x00000000ff600000,0x00000000fff00000,0x00000000fff00000)
  from space 512K, 31% used [0x00000000fff00000,0x00000000fff28000,0x00000000fff80000)
  to   space 512K, 0% used [0x00000000fff80000,0x00000000fff80000,0x0000000100000000)
 ParOldGen       total 13312K, used 10943K [0x00000000fe200000, 0x00000000fef00000, 0x00000000ff600000)
  object space 13312K, 82% used [0x00000000fe200000,0x00000000fecafce0,0x00000000fef00000)
 Metaspace       used 25504K, capacity 36196K, committed 36272K, reserved 1075200K
  class space    used 7876K, capacity 10158K, committed 10160K, reserved 1048576K
2025-06-20T08:00:43.788+0300: 8.099: [GC (Allocation Failure) 
Desired survivor size 524288 bytes, new threshold 1 (max 15)
[PSYoungGen: 9376K->144K(9728K)] 20319K->11135K(23040K), 0.0018860 secs] [Times: user=0.00 sys=0.00, real=0.00 secs] 
Heap after GC invocations=372 (full 2):
 PSYoungGen      total 9728K, used 144K [0x00000000ff600000, 0x0000000100000000, 0x0000000100000000)
  eden space 9216K, 0% used [0x00000000ff600000,0x00000000ff600000,0x00000000fff00000)
  from space 512K, 28% used [0x00000000fff80000,0x00000000fffa4010,0x0000000100000000)
  to   space 512K, 0% used [0x00000000fff00000,0x00000000fff00000,0x00000000fff80000)
 ParOldGen       total 13312K, used 10991K [0x00000000fe200000, 0x00000000fef00000, 0x00000000ff600000)
  object space 13312K, 82% used [0x00000000fe200000,0x00000000fecbbce0,0x00000000fef00000)
 Metaspace       used 25504K, capacity 36196K, committed 36272K, reserved 1075200K
  class space    used 7876K, capacity 10158K, committed 10160K, reserved 1048576K
}
2025-06-20T08:00:43.790+0300: 8.101: Total time for which application threads were stopped: 0.0019800 seconds, Stopping threads took: 0.0000172 seconds
{Heap before GC invocations=373 (full 2):
 PSYoungGen      total 9728K, used 9360K [0x00000000ff600000, 0x0000000100000000, 0x0000000100000000)
  eden space 9216K, 100% used [0x00000000ff600000,0x00000000fff00000,0x00000000fff00000)
  from space 512K, 28% used [0x00000000fff80000,0x00000000fffa4010,0x0000000100000000)
  to   space 512K, 0% used [0x00000000fff00000,0x00000000fff00000,0x00000000fff80000)
 ParOldGen       total 13312K, used 10991K [0x00000000fe200000, 0x00000000fef00000, 0x00000000ff600000)
  object space 13312K, 82% used [0x00000000fe200000,0x00000000fecbbce0,0x00000000fef00000)
 Metaspace       used 25622K, capacity 36388K, committed 36656K, reserved 1075200K
  class space    used 7924K, capacity 10222K, committed 10288K, reserved 1048576K
2025-06-20T08:00:43.809+0300: 8.120: [GC (Allocation Failure) 
Desired survivor size 524288 bytes, new threshold 1 (max 15)
[PSYoungGen: 9360K->208K(9728K)] 20351K->11263K(23040K), 0.0015691 secs] [Times: user=0.00 sys=0.00, real=0.00 secs] 
Heap after GC invocations=373 (full 2):
 PSYoungGen      total 9728K, used 208K [0x00000000ff600000, 0x0000000100000000, 0x0000000100000000)
  eden space 9216K, 0% used [0x00000000ff600000,0x00000000ff600000,0x00000000fff00000)
  from space 512K, 40% used [0x00000000fff00000,0x00000000fff34010,0x00000000fff80000)
  to   space 512K, 0% used [0x00000000fff80000,0x00000000fff80000,0x0000000100000000)
 ParOldGen       total 13312K, used 11055K [0x00000000fe200000, 0x00000000fef00000, 0x00000000ff600000)
  object space 13312K, 83% used [0x00000000fe200000,0x00000000feccbce0,0x00000000fef00000)
 Metaspace       used 25622K, capacity 36388K, committed 36656K, reserved 1075200K
  class space    used 7924K, capacity 10222K, committed 10288K, reserved 1048576K
}
2025-06-20T08:00:43.811+0300: 8.121: Total time for which application threads were stopped: 0.0016750 seconds, Stopping threads took: 0.0000201 seconds
{Heap before GC invocations=374 (full 2):
 PSYoungGen      total 9728K, used 9424K [0x00000000ff600000, 0x0000000100000000, 0x0000000100000000)
  eden space 9216K, 100% used [0x00000000ff600000,0x00000000fff00000,0x00000000fff00000)
  from space 512K, 40% used [0x00000000fff00000,0x00000000fff34010,0x00000000fff80000)
  to   space 512K, 0% used [0x00000000fff80000,0x00000000fff80000,0x0000000100000000)
 ParOldGen       total 13312K, used 11055K [0x00000000fe200000, 0x00000000fef00000, 0x00000000ff600000)
  object space 13312K, 83% used [0x00000000fe200000,0x00000000feccbce0,0x00000000fef00000)
 Metaspace       used 25736K, capacity 36574K, committed 36656K, reserved 1075200K
  class space    used 7971K, capacity 10284K, committed 10288K, reserved 1048576K
2025-06-20T08:00:43.830+0300: 8.141: [GC (Allocation Failure) 
Desired survivor size 524288 bytes, new threshold 1 (max 15)
[PSYoungGen: 9424K->160K(9728K)] 20479K->11279K(23040K), 0.0009554 secs] [Times: user=0.01 sys=0.00, real=0.00 secs] 
Heap after GC invocations=374 (full 2):
 PSYoungGen      total 9728K, used 160K [0x00000000ff600000, 0x0000000100000000, 0x0000000100000000)
  eden space 9216K, 0% used [0x00000000ff600000,0x00000000ff600000,0x00000000fff00000)
  from space 512K, 31% used [0x00000000fff80000,0x00000000fffa8000,0x0000000100000000)
  to   space 512K, 0% used [0x00000000fff00000,0x00000000fff00000,0x00000000fff80000)
 ParOldGen       total 13312K, used 11119K [0x00000000fe200000, 0x00000000fef00000, 0x00000000ff600000)
  object space 13312K, 83% used [0x00000000fe200000,0x00000000fecdbce0,0x00000000fef00000)
 Metaspace       used 25736K, capacity 36574K, committed 36656K, reserved 1075200K
  class space    used 7971K, capacity 10284K, committed 10288K, reserved 1048576K
}
2025-06-20T08:00:43.831+0300: 8.142: Total time for which application threads were stopped: 0.0010357 seconds, Stopping threads took: 0.0000188 seconds
{Heap before GC invocations=375 (full 2):
 PSYoungGen      total 9728K, used 9376K [0x00000000ff600000, 0x0000000100000000, 0x0000000100000000)
  eden space 9216K, 100% used [0x00000000ff600000,0x00000000fff00000,0x00000000fff00000)
  from space 512K, 31% used [0x00000000fff80000,0x00000000fffa8000,0x0000000100000000)
  to   space 512K, 0% used [0x00000000fff00000,0x00000000fff00000,0x00000000fff80000)
 ParOldGen       total 13312K, used 11119K [0x00000000fe200000, 0x00000000fef00000, 0x00000000ff600000)
  object space 13312K, 83% used [0x00000000fe200000,0x00000000fecdbce0,0x00000000fef00000)
 Metaspace       used 25851K, capacity 36760K, committed 37040K, reserved 1075200K
  class space    used 8017K, capacity 10346K, committed 10416K, reserved 1048576K
2025-06-20T08:00:43.851+0300: 8.162: [GC (Allocation Failure) 
Desired survivor size 524288 bytes, new threshold 1 (max 15)
[PSYoungGen: 9376K->256K(9728K)] 20495K->11439K(23040K), 0.0009610 secs] [Times: user=0.00 sys=0.00, real=0.00 secs] 
Heap after GC invocations=375 (full 2):
 PSYoungGen      total 9728K, used 256K [0x00000000ff600000, 0x0000000100000000, 0x0000000100000000)
  eden space 9216K, 0% used [0x00000000ff600000,0x00000000ff600000,0x00000000fff00000)
  from space 512K, 50% used [0x00000000fff00000,0x00000000fff40000,0x00000000fff80000)
  to   space 512K, 0% used [0x00000000fff80000,0x00000000fff80000,0x0000000100000000)
 ParOldGen       total 13312K, used 11183K [0x00000000fe200000, 0x00000000fef00000, 0x00000000ff600000)
  object space 13312K, 84% used [0x00000000fe200000,0x00000000fecebce0,0x00000000fef00000)
 Metaspace       used 25851K, capacity 36760K, committed 37040K, reserved 1075200K
  class space    used 8017K, capacity 10346K, committed 10416K, reserved 1048576K
}
2025-06-20T08:00:43.852+0300: 8.163: Total time for which application threads were stopped: 0.0010474 seconds, Stopping threads took: 0.0000180 seconds
{Heap before GC invocations=376 (full 2):
 PSYoungGen      total 9728K, used 9472K [0x00000000ff600000, 0x0000000100000000, 0x0000000100000000)
  eden space 9216K, 100% used [0x00000000ff600000,0x00000000fff00000,0x00000000fff00000)
  from space 512K, 50% used [0x00000000fff00000,0x00000000fff40000,0x00000000fff80000)
  to   space 512K, 0% used [0x00000000fff80000,0x00000000fff80000,0x0000000100000000)
 ParOldGen       total 13312K, used 11183K [0x00000000fe200000, 0x00000000fef00000, 0x00000000ff600000)
  object space 13312K, 84% used [0x00000000fe200000,0x00000000fecebce0,0x00000000fef00000)
 Metaspace       used 25969K, capacity 36952K, committed 37040K, reserved 1075200K
  class space    used 8066K, capacity 10410K, committed 10416K, reserved 1048576K
2025-06-20T08:00:43.872+0300: 8.182: [GC (Allocation Failure) 
Desired survivor size 524288 bytes, new threshold 1 (max 15)
[PSYoungGen: 9472K->192K(9728K)] 20655K->11439K(23040K), 0.0009640 secs] [Times: user=0.00 sys=0.00, real=0.00 secs] 
Heap after GC invocations=376 (full 2):
 PSYoungGen      total 9728K, used 192K [0x00000000ff600000, 0x0000000100000000, 0x0000000100000000)
  eden space 9216K, 0% used [0x00000000ff600000,0x00000000ff600000,0x00000000fff00000)
  from space 512K, 37% used [0x00000000fff80000,0x00000000fffb0000,0x0000000100000000)
  to   space 512K, 0% used [0x00000000fff00000,0x00000000fff00000,0x00000000fff80000)
 ParOldGen       total 13312K, used 11247K [0x00000000fe200000, 0x00000000fef00000, 0x00000000ff600000)
  object space 13312K, 84% used [0x00000000fe200000,0x00000000fecfbce0,0x00000000fef00000)
 Metaspace       used 25969K, capacity 36952K, committed 37040K, reserved 1075200K
  class space    used 8066K, capacity 10410K, committed 10416K, reserved 1048576K
}
2025-06-20T08:00:43.873+0300: 8.183: Total time for which application threads were stopped: 0.0010483 seconds, Stopping threads took: 0.0000180 seconds
{Heap before GC invocations=377 (full 2):
 PSYoungGen      total 9728K, used 9408K [0x00000000ff600000, 0x0000000100000000, 0x0000000100000000)
  eden space 9216K, 100% used [0x00000000ff600000,0x00000000fff00000,0x00000000fff00000)
  from space 512K, 37% used [0x00000000fff80000,0x00000000fffb0000,0x0000000100000000)
  to   space 512K, 0% used [0x00000000fff00000,0x00000000fff00000,0x00000000fff80000)
 ParOldGen       total 13312K, used 11247K [0x00000000fe200000, 0x00000000fef00000, 0x00000000ff600000)
  object space 13312K, 84% used [0x00000000fe200000,0x00000000fecfbce0,0x00000000fef00000)
 Metaspace       used 26083K, capacity 37138K, committed 37424K, reserved 1077248K
  class space    used 8112K, capacity 10472K, committed 10544K, reserved 1048576K
2025-06-20T08:00:43.891+0300: 8.202: [GC (Allocation Failure) 
Desired survivor size 524288 bytes, new threshold 1 (max 15)
[PSYoungGen: 9408K->224K(9728K)] 20655K->11527K(23040K), 0.0011734 secs] [Times: user=0.01 sys=0.00, real=0.00 secs] 
Heap after GC invocations=377 (full 2):
 PSYoungGen      total 9728K, used 224K [0x00000000ff600000, 0x0000000100000000, 0x0000000100000000)
  eden space 9216K, 0% used [0x00000000ff600000,0x00000000ff600000,0x00000000fff00000)
  from space 512K, 43% used [0x00000000fff00000,0x00000000fff38000,0x00000000fff80000)
  to   space 512K, 0% used [0x00000000fff80000,0x00000000fff80000,0x0000000100000000)
 ParOldGen       total 13312K, used 11303K [0x00000000fe200000, 0x00000000fef00000, 0x00000000ff600000)
  object space 13312K, 84% used [0x00000000fe200000,0x00000000fed09ce0,0x00000000fef00000)
 Metaspace       used 26083K, capacity 37138K, committed 37424K, reserved 1077248K
  class space    used 8112K, capacity 10472K, committed 10544K, reserved 1048576K
}
2025-06-20T08:00:43.893+0300: 8.203: Total time for which application threads were stopped: 0.0012663 seconds, Stopping threads took: 0.0000170 seconds
{Heap before GC invocations=378 (full 2):
 PSYoungGen      total 9728K, used 9440K [0x00000000ff600000, 0x0000000100000000, 0x0000000100000000)
  eden space 9216K, 100% used [0x00000000ff600000,0x00000000fff00000,0x00000000fff00000)
  from space 512K, 43% used [0x00000000fff00000,0x00000000fff38000,0x00000000fff80000)
  to   space 512K, 0% used [0x00000000fff80000,0x00000000fff80000,0x0000000100000000)
 ParOldGen       total 13312K, used 11303K [0x00000000fe200000, 0x00000000fef00000, 0x00000000ff600000)
  object space 13312K, 84% used [0x00000000fe200000,0x00000000fed09ce0,0x00000000fef00000)
 Metaspace       used 26201K, capacity 37330K, committed 37424K, reserved 1077248K
  class space    used 8161K, capacity 10536K, committed 10544K, reserved 1048576K
2025-06-20T08:00:43.911+0300: 8.222: [GC (Allocation Failure) 
Desired survivor size 524288 bytes, new threshold 1 (max 15)
[PSYoungGen: 9440K->240K(9728K)] 20743K->11607K(23040K), 0.0011025 secs] [Times: user=0.01 sys=0.00, real=0.00 secs] 
Heap after GC invocations=378 (full 2):
 PSYoungGen      total 9728K, used 240K [0x00000000ff600000, 0x0000000100000000, 0x0000000100000000)
  eden space 9216K, 0% used [0x00000000ff600000,0x00000000ff600000,0x00000000fff00000)
  from space 512K, 46% used [0x00000000fff80000,0x00000000fffbc010,0x0000000100000000)
  to   space 512K, 0% used [0x00000000fff00000,0x00000000fff00000,0x00000000fff80000)
 ParOldGen       total 13312K, used 11367K [0x00000000fe200000, 0x00000000fef00000, 0x00000000ff600000)
  object space 13312K, 85% used [0x00000000fe200000,0x00000000fed19ce0,0x00000000fef00000)
 Metaspace       used 26201K, capacity 37330K, committed 37424K, reserved 1077248K
  class space    used 8161K, capacity 10536K, committed 10544K, reserved 1048576K
}
2025-06-20T08:00:43.912+0300: 8.223: Total time for which application threads were stopped: 0.0012015 seconds, Stopping threads took: 0.0000174 seconds
{Heap before GC invocations=379 (full 2):
 PSYoungGen      total 9728K, used 9456K [0x00000000ff600000, 0x0000000100000000, 0x0000000100000000)
  eden space 9216K, 100% used [0x00000000ff600000,0x00000000fff00000,0x00000000fff00000)
  from space 512K, 46% used [0x00000000fff80000,0x00000000fffbc010,0x0000000100000000)
  to   space 512K, 0% used [0x00000000fff00000,0x00000000fff00000,0x00000000fff80000)
 ParOldGen       total 13312K, used 11367K [0x00000000fe200000, 0x00000000fef00000, 0x00000000ff600000)
  object space 13312K, 85% used [0x00000000fe200000,0x00000000fed19ce0,0x00000000fef00000)
 Metaspace       used 26315K, capacity 37516K, committed 37808K, reserved 1077248K
  class space    used 8207K, capacity 10598K, committed 10672K, reserved 1048576K
2025-06-20T08:00:43.931+0300: 8.241: [GC (Allocation Failure) 
Desired survivor size 524288 bytes, new threshold 1 (max 15)
[PSYoungGen: 9456K->160K(9728K)] 20823K->11591K(23040K), 0.0009128 secs] [Times: user=0.01 sys=0.00, real=0.00 secs] 
Heap after GC invocations=379 (full 2):
 PSYoungGen      total 9728K, used 160K [0x00000000ff600000, 0x0000000100000000, 0x0000000100000000)
  eden space 9216K, 0% used [0x00000000ff600000,0x00000000ff600000,0x00000000fff00000)
  from space 512K, 31% used [0x00000000fff00000,0x00000000fff28000,0x00000000fff80000)
  to   space 512K, 0% used [0x00000000fff80000,0x00000000fff80000,0x0000000100000000)
 ParOldGen       total 13312K, used 11431K [0x00000000fe200000, 0x00000000fef00000, 0x00000000ff600000)
  object space 13312K, 85% used [0x00000000fe200000,0x00000000fed29ce0,0x00000000fef00000)
 Metaspace       used 26315K, capacity 37516K, committed 37808K, reserved 1077248K
  class space    used 8207K, capacity 10598K, committed 10672K, reserved 1048576K
}
2025-06-20T08:00:43.932+0300: 8.242: Total time for which application threads were stopped: 0.0009928 seconds, Stopping threads took: 0.0000142 seconds
{Heap before GC invocations=380 (full 2):
 PSYoungGen      total 9728K, used 9376K [0x00000000ff600000, 0x0000000100000000, 0x0000000100000000)
  eden space 9216K, 100% used [0x00000000ff600000,0x00000000fff00000,0x00000000fff00000)
  from space 512K, 31% used [0x00000000fff00000,0x00000000fff28000,0x00000000fff80000)
  to   space 512K, 0% used [0x00000000fff80000,0x00000000fff80000,0x0000000100000000)
 ParOldGen       total 13312K, used 11431K [0x00000000fe200000, 0x00000000fef00000, 0x00000000ff600000)
  object space 13312K, 85% used [0x00000000fe200000,0x00000000fed29ce0,0x00000000fef00000)
 Metaspace       used 26429K, capacity 37702K, committed 37808K, reserved 1077248K
  class space    used 8254K, capacity 10660K, committed 10672K, reserved 1048576K
2025-06-20T08:00:43.949+0300: 8.260: [GC (Allocation Failure) 
Desired survivor size 524288 bytes, new threshold 1 (max 15)
[PSYoungGen: 9376K->256K(9728K)] 20807K->11743K(23040K), 0.0009653 secs] [Times: user=0.01 sys=0.00, real=0.00 secs] 
Heap after GC invocations=380 (full 2):
 PSYoungGen      total 9728K, used 256K [0x00000000ff600000, 0x0000000100000000, 0x0000000100000000)
  eden space 9216K, 0% used [0x00000000ff600000,0x00000000ff600000,0x00000000fff00000)
  from space 512K, 50% used [0x00000000fff80000,0x00000000fffc0000,0x0000000100000000)
  to   space 512K, 0% used [0x00000000fff00000,0x00000000fff00000,0x00000000fff80000)
 ParOldGen       total 13312K, used 11487K [0x00000000fe200000, 0x00000000fef00000, 0x00000000ff600000)
  object space 13312K, 86% used [0x00000000fe200000,0x00000000fed37ce0,0x00000000fef00000)
 Metaspace       used 26429K, capacity 37702K, committed 37808K, reserved 1077248K
  class space    used 8254K, capacity 10660K, committed 10672K, reserved 1048576K
}
2025-06-20T08:00:43.950+0300: 8.261: Total time for which application threads were stopped: 0.0010470 seconds, Stopping threads took: 0.0000146 seconds
{Heap before GC invocations=381 (full 2):
 PSYoungGen      total 9728K, used 9472K [0x00000000ff600000, 0x0000000100000000, 0x0000000100000000)
  eden space 9216K, 100% used [0x00000000ff600000,0x00000000fff00000,0x00000000fff00000)
  from space 512K, 50% used [0x00000000fff80000,0x00000000fffc0000,0x0000000100000000)
  to   space 512K, 0% used [0x00000000fff00000,0x00000000fff00000,0x00000000fff80000)
 ParOldGen       total 13312K, used 11487K [0x00000000fe200000, 0x00000000fef00000, 0x00000000ff600000)
  object space 13312K, 86% used [0x00000000fe200000,0x00000000fed37ce0,0x00000000fef00000)
 Metaspace       used 26547K, capacity 37894K, committed 38192K, reserved 1077248K
  class space    used 8302K, capacity 10724K, committed 10800K, reserved 1048576K
2025-06-20T08:00:43.968+0300: 8.278: [GC (Allocation Failure) 
Desired survivor size 524288 bytes, new threshold 1 (max 15)
[PSYoungGen: 9472K->272K(9728K)] 20959K->11823K(23040K), 0.0010359 secs] [Times: user=0.00 sys=0.00, real=0.00 secs] 
Heap after GC invocations=381 (full 2):
 PSYoungGen      total 9728K, used 272K [0x00000000ff600000, 0x0000000100000000, 0x0000000100000000)
  eden space 9216K, 0% used [0x00000000ff600000,0x00000000ff600000,0x00000000fff00000)
  from space 512K, 53% used [0x00000000fff00000,0x00000000fff44010,0x00000000fff80000)
  to   space 512K, 0% used [0x00000000fff80000,0x00000000fff80000,0x0000000100000000)
 ParOldGen       total 13312K, used 11551K [0x00000000fe200000, 0x00000000fef00000, 0x00000000ff600000)
  object space 13312K, 86% used [0x00000000fe200000,0x00000000fed47ce0,0x00000000fef00000)
 Metaspace       used 26547K, capacity 37894K, committed 38192K, reserved 1077248K
  class space    used 8302K, capacity 10724K, committed 10800K, reserved 1048576K
}
2025-06-20T08:00:43.969+0300: 8.280: Total time for which application threads were stopped: 0.0011198 seconds, Stopping threads took: 0.0000136 seconds
{Heap before GC invocations=382 (full 2):
 PSYoungGen      total 9728K, used 9488K [0x00000000ff600000, 0x0000000100000000, 0x0000000100000000)
  eden space 9216K, 100% used [0x00000000ff600000,0x00000000fff00000,0x00000000fff00000)
  from space 512K, 53% used [0x00000000fff00000,0x00000000fff44010,0x00000000fff80000)
  to   space 512K, 0% used [0x00000000fff80000,0x00000000fff80000,0x0000000100000000)
 ParOldGen       total 13312K, used 11551K [0x00000000fe200000, 0x00000000fef00000, 0x00000000ff600000)
  object space 13312K, 86% used [0x00000000fe200000,0x00000000fed47ce0,0x00000000fef00000)
 Metaspace       used 26662K, capacity 38080K, committed 38192K, reserved 1077248K
  class space    used 8349K, capacity 10786K, committed 10800K, reserved 1048576K
2025-06-20T08:00:43.986+0300: 8.297: [GC (Allocation Failure) 
Desired survivor size 524288 bytes, new threshold 1 (max 15)
[PSYoungGen: 9488K->160K(9728K)] 21039K->11767K(23040K), 0.0019899 secs] [Times: user=0.00 sys=0.00, real=0.01 secs] 
Heap after GC invocations=382 (full 2):
 PSYoungGen      total 9728K, used 160K [0x00000000ff600000, 0x0000000100000000, 0x0000000100000000)
  eden space 9216K, 0% used [0x00000000ff600000,0x00000000ff600000,0x00000000fff00000)
  from space 512K, 31% used [0x00000000fff80000,0x00000000fffa8000,0x0000000100000000)
  to   space 512K, 0% used [0x00000000fff00000,0x00000000fff00000,0x00000000fff80000)
 ParOldGen       total 13312K, used 11607K [0x00000000fe200000, 0x00000000fef00000, 0x00000000ff600000)
  object space 13312K, 87% used [0x00000000fe200000,0x00000000fed55ce0,0x00000000fef00000)
 Metaspace       used 26662K, capacity 38080K, committed 38192K, reserved 1077248K
  class space    used 8349K, capacity 10786K, committed 10800K, reserved 1048576K
}
2025-06-20T08:00:43.988+0300: 8.299: Total time for which application threads were stopped: 0.0020798 seconds, Stopping threads took: 0.0000147 seconds
{Heap before GC invocations=383 (full 2):
 PSYoungGen      total 9728K, used 9376K [0x00000000ff600000, 0x0000000100000000, 0x0000000100000000)
  eden space 9216K, 100% used [0x00000000ff600000,0x00000000fff00000,0x00000000fff00000)
  from space 512K, 31% used [0x00000000fff80000,0x00000000fffa8000,0x0000000100000000)
  to   space 512K, 0% used [0x00000000fff00000,0x00000000fff00000,0x00000000fff80000)
 ParOldGen       total 13312K, used 11607K [0x00000000fe200000, 0x00000000fef00000, 0x00000000ff600000)
  object space 13312K, 87% used [0x00000000fe200000,0x00000000fed55ce0,0x00000000fef00000)
 Metaspace       used 26776K, capacity 38266K, committed 38576K, reserved 1077248K
  class space    used 8396K, capacity 10848K, committed 10928K, reserved 1048576K
2025-06-20T08:00:44.007+0300: 8.318: [GC (Allocation Failure) 
Desired survivor size 524288 bytes, new threshold 1 (max 15)
[PSYoungGen: 9376K->240K(9728K)] 20983K->11903K(23040K), 0.0012116 secs] [Times: user=0.00 sys=0.00, real=0.01 secs] 
Heap after GC invocations=383 (full 2):
 PSYoungGen      total 9728K, used 240K [0x00000000ff600000, 0x0000000100000000, 0x0000000100000000)
  eden space 9216K, 0% used [0x00000000ff600000,0x00000000ff600000,0x00000000fff00000)
  from space 512K, 46% used [0x00000000fff00000,0x00000000fff3c010,0x00000000fff80000)
  to   space 512K, 0% used [0x00000000fff80000,0x00000000fff80000,0x0000000100000000)
 ParOldGen       total 13312K, used 11663K [0x00000000fe200000, 0x00000000fef00000, 0x00000000ff600000)
  object space 13312K, 87% used [0x00000000fe200000,0x00000000fed63ce0,0x00000000fef00000)
 Metaspace       used 26776K, capacity 38266K, committed 38576K, reserved 1077248K
  class space    used 8396K, capacity 10848K, committed 10928K, reserved 1048576K
}
2025-06-20T08:00:44.008+0300: 8.319: Total time for which application threads were stopped: 0.0013142 seconds, Stopping threads took: 0.0000126 seconds
Heap
 PSYoungGen      total 9728K, used 8557K [0x00000000ff600000, 0x0000000100000000, 0x0000000100000000)
  eden space 9216K, 90% used [0x00000000ff600000,0x00000000ffe1f6b0,0x00000000fff00000)
  from space 512K, 46% used [0x00000000fff00000,0x00000000fff3c010,0x00000000fff80000)
  to   space 512K, 0% used [0x00000000fff80000,0x00000000fff80000,0x0000000100000000)
 ParOldGen       total 13312K, used 11663K [0x00000000fe200000, 0x00000000fef00000, 0x00000000ff600000)
  object space 13312K, 87% used [0x00000000fe200000,0x00000000fed63ce0,0x00000000fef00000)
 Metaspace       used 26887K, capacity 38434K, committed 38576K, reserved 1077248K
  class space    used 8439K, capacity 10904K, committed 10928K, reserved 1048576K
